Archive member included to satisfy reference by file (symbol)

C:/Users/Ignasi/Desktop/SDK_NintendoDS_VSCode_Mini-IDE/ndside/msys64/opt/devkitpro/libnds/lib\libnds9.a(touch.o)
                              main.o (touchRead)
C:/Users/Ignasi/Desktop/SDK_NintendoDS_VSCode_Mini-IDE/ndside/msys64/opt/devkitpro/libnds/lib\libnds9.a(console.o)
                              main.o (consoleDemoInit)
C:/Users/Ignasi/Desktop/SDK_NintendoDS_VSCode_Mini-IDE/ndside/msys64/opt/devkitpro/libnds/lib\libnds9.a(keys.o)
                              main.o (scanKeys)
C:/Users/Ignasi/Desktop/SDK_NintendoDS_VSCode_Mini-IDE/ndside/msys64/opt/devkitpro/libnds/lib\libnds9.a(initSystem.o)
                              c:/users/ignasi/desktop/sdk_nintendods_vscode_mini-ide/ndside/msys64/opt/devkitpro/devkitarm/bin/../lib/gcc/arm-none-eabi/8.3.0/../../../../arm-none-eabi/lib/thumb/ds_arm9_crt0.o (initSystem)
C:/Users/Ignasi/Desktop/SDK_NintendoDS_VSCode_Mini-IDE/ndside/msys64/opt/devkitpro/libnds/lib\libnds9.a(timeSupport.o)
                              C:/Users/Ignasi/Desktop/SDK_NintendoDS_VSCode_Mini-IDE/ndside/msys64/opt/devkitpro/libnds/lib\libnds9.a(initSystem.o) (__libnds_gtod)
C:/Users/Ignasi/Desktop/SDK_NintendoDS_VSCode_Mini-IDE/ndside/msys64/opt/devkitpro/libnds/lib\libnds9.a(securearea.o)
                              c:/users/ignasi/desktop/sdk_nintendods_vscode_mini-ide/ndside/msys64/opt/devkitpro/devkitarm/bin/../lib/gcc/arm-none-eabi/8.3.0/../../../../arm-none-eabi/lib/thumb/ds_arm9_crt0.o (__secure_area__)
C:/Users/Ignasi/Desktop/SDK_NintendoDS_VSCode_Mini-IDE/ndside/msys64/opt/devkitpro/libnds/lib\libnds9.a(interrupts.o)
                              C:/Users/Ignasi/Desktop/SDK_NintendoDS_VSCode_Mini-IDE/ndside/msys64/opt/devkitpro/libnds/lib\libnds9.a(initSystem.o) (irqInit)
C:/Users/Ignasi/Desktop/SDK_NintendoDS_VSCode_Mini-IDE/ndside/msys64/opt/devkitpro/libnds/lib\libnds9.a(libnds_exit.arm.o)
                              c:/users/ignasi/desktop/sdk_nintendods_vscode_mini-ide/ndside/msys64/opt/devkitpro/devkitarm/bin/../lib/gcc/arm-none-eabi/8.3.0/../../../../arm-none-eabi/lib/thumb/ds_arm9_crt0.o (__libnds_exit)
C:/Users/Ignasi/Desktop/SDK_NintendoDS_VSCode_Mini-IDE/ndside/msys64/opt/devkitpro/libnds/lib\libnds9.a(fifosystem.o)
                              C:/Users/Ignasi/Desktop/SDK_NintendoDS_VSCode_Mini-IDE/ndside/msys64/opt/devkitpro/libnds/lib\libnds9.a(initSystem.o) (fifoSetValue32Handler)
C:/Users/Ignasi/Desktop/SDK_NintendoDS_VSCode_Mini-IDE/ndside/msys64/opt/devkitpro/libnds/lib\libnds9.a(mpu_setup.o)
                              c:/users/ignasi/desktop/sdk_nintendods_vscode_mini-ide/ndside/msys64/opt/devkitpro/devkitarm/bin/../lib/gcc/arm-none-eabi/8.3.0/../../../../arm-none-eabi/lib/thumb/ds_arm9_crt0.o (__libnds_mpu_setup)
C:/Users/Ignasi/Desktop/SDK_NintendoDS_VSCode_Mini-IDE/ndside/msys64/opt/devkitpro/libnds/lib\libnds9.a(IntrWait.o)
                              main.o (swiWaitForVBlank)
C:/Users/Ignasi/Desktop/SDK_NintendoDS_VSCode_Mini-IDE/ndside/msys64/opt/devkitpro/libnds/lib\libnds9.a(cpu_clock.o)
                              C:/Users/Ignasi/Desktop/SDK_NintendoDS_VSCode_Mini-IDE/ndside/msys64/opt/devkitpro/libnds/lib\libnds9.a(initSystem.o) (setCpuClock)
C:/Users/Ignasi/Desktop/SDK_NintendoDS_VSCode_Mini-IDE/ndside/msys64/opt/devkitpro/libnds/lib\libnds9.a(interruptDispatcher.o)
                              C:/Users/Ignasi/Desktop/SDK_NintendoDS_VSCode_Mini-IDE/ndside/msys64/opt/devkitpro/libnds/lib\libnds9.a(interrupts.o) (IntrMain)
C:/Users/Ignasi/Desktop/SDK_NintendoDS_VSCode_Mini-IDE/ndside/msys64/opt/devkitpro/libnds/lib\libnds9.a(debugprint.o)
                              C:/Users/Ignasi/Desktop/SDK_NintendoDS_VSCode_Mini-IDE/ndside/msys64/opt/devkitpro/libnds/lib\libnds9.a(console.o) (nocashWrite)
C:/Users/Ignasi/Desktop/SDK_NintendoDS_VSCode_Mini-IDE/ndside/msys64/opt/devkitpro/libnds/lib\libnds9.a(swiSoftReset.o)
                              C:/Users/Ignasi/Desktop/SDK_NintendoDS_VSCode_Mini-IDE/ndside/msys64/opt/devkitpro/libnds/lib\libnds9.a(fifosystem.o) (swiSoftReset)
C:/Users/Ignasi/Desktop/SDK_NintendoDS_VSCode_Mini-IDE/ndside/msys64/opt/devkitpro/libnds/lib\libnds9.a(default_font.bin.o)
                              C:/Users/Ignasi/Desktop/SDK_NintendoDS_VSCode_Mini-IDE/ndside/msys64/opt/devkitpro/libnds/lib\libnds9.a(console.o) (default_font_bin)
C:/Users/Ignasi/Desktop/SDK_NintendoDS_VSCode_Mini-IDE/ndside/msys64/opt/devkitpro/libnds/lib\libnds9.a(background.o)
                              C:/Users/Ignasi/Desktop/SDK_NintendoDS_VSCode_Mini-IDE/ndside/msys64/opt/devkitpro/libnds/lib\libnds9.a(console.o) (bgState)
C:/Users/Ignasi/Desktop/SDK_NintendoDS_VSCode_Mini-IDE/ndside/msys64/opt/devkitpro/libnds/lib\libnds9.a(video.o)
                              C:/Users/Ignasi/Desktop/SDK_NintendoDS_VSCode_Mini-IDE/ndside/msys64/opt/devkitpro/libnds/lib\libnds9.a(initSystem.o) (vramDefault)
[...]
Memory Configuration

Name             Origin             Length             Attributes
ewram            0x0000000002000000 0x0000000000380000
dtcm             0x000000000b000000 0x0000000000004000
vectors          0x0000000001000000 0x0000000000000100
itcm             0x0000000001000100 0x0000000000007f00
*default*        0x0000000000000000 0xffffffffffffffff

Linker script and memory map

                0x0000000002380000                __ewram_end = (ORIGIN (ewram) + LENGTH (ewram))
                0x0000000002380000                __eheap_end = (ORIGIN (ewram) + LENGTH (ewram))
                0x000000000b004000                __dtcm_top = (ORIGIN (dtcm) + LENGTH (dtcm))
                0x000000000b003ff8                __irq_flags = (__dtcm_top - 0x8)
                0x000000000b003ffc                __irq_vector = (__dtcm_top - 0x4)
                0x000000000b003f00                __sp_svc = (__dtcm_top - 0x100)
                0x000000000b003e00                __sp_irq = (__sp_svc - 0x100)
                0x000000000b003d00                __sp_usr = (__sp_irq - 0x100)

.secure         0x0000000002000000      0x800
 *(.secure)
 .secure        0x0000000002000000      0x800 C:/Users/Ignasi/Desktop/SDK_NintendoDS_VSCode_Mini-IDE/ndside/msys64/opt/devkitpro/libnds/lib\libnds9.a(securearea.o)
                0x0000000002000000                __secure_area__

.crt0           0x0000000002000800      0x300
                0x0000000002000800                __text_start = .
 *(.crt0)
 .crt0          0x0000000002000800      0x300 c:/users/ignasi/desktop/sdk_nintendods_vscode_mini-ide/ndside/msys64/opt/devkitpro/devkitarm/bin/../lib/gcc/arm-none-eabi/8.3.0/../../../../arm-none-eabi/lib/thumb/ds_arm9_crt0.o
                0x0000000002000800                _start
                0x0000000002000b00                . = ALIGN (0x4)

.plt
 *(.plt)

.init           0x0000000002000b00        0xc
 *(SORT_NONE(.init))
 .init          0x0000000002000b00        0x4 c:/users/ignasi/desktop/sdk_nintendods_vscode_mini-ide/ndside/msys64/opt/devkitpro/devkitarm/bin/../lib/gcc/arm-none-eabi/8.3.0/thumb/crti.o
                0x0000000002000b00                _init
 .init          0x0000000002000b04        0x8 c:/users/ignasi/desktop/sdk_nintendods_vscode_mini-ide/ndside/msys64/opt/devkitpro/devkitarm/bin/../lib/gcc/arm-none-eabi/8.3.0/thumb/crtn.o

.text           0x0000000002000b10     0x90c8
 *(EXCLUDE_FILE(*.twl* *.vectors* *.itcm*) .text)
 .text          0x0000000002000b10       0x64 main.o
                0x0000000002000b10                init()
                0x0000000002000b24                quit()
                0x0000000002000b28                step()
 .text          0x0000000002000b74      0x150 c:/users/ignasi/desktop/sdk_nintendods_vscode_mini-ide/ndside/msys64/opt/devkitpro/devkitarm/bin/../lib/gcc/arm-none-eabi/8.3.0/thumb\libgcc.a(_divsi3.o)
                0x0000000002000b74                __divsi3
                0x0000000002000b74                __aeabi_idiv
                0x0000000002000ca4                __aeabi_idivmod
 .text          0x0000000002000cc4        0x4 c:/users/ignasi/desktop/sdk_nintendods_vscode_mini-ide/ndside/msys64/opt/devkitpro/devkitarm/bin/../lib/gcc/arm-none-eabi/8.3.0/thumb\libgcc.a(_dvmd_tls.o)
                0x0000000002000cc4                __aeabi_idiv0
                0x0000000002000cc4                __aeabi_ldiv0
 .text          0x0000000002000cc8      0x224 c:/users/ignasi/desktop/sdk_nintendods_vscode_mini-ide/ndside/msys64/opt/devkitpro/devkitarm/bin/../lib/gcc/arm-none-eabi/8.3.0/../../../../arm-none-eabi/lib/thumb\libg.a(lib_a-strcmp.o)
                0x0000000002000cc8                strcmp
 .text          0x0000000002000eec       0x14 c:/users/ignasi/desktop/sdk_nintendods_vscode_mini-ide/ndside/msys64/opt/devkitpro/devkitarm/bin/../lib/gcc/arm-none-eabi/8.3.0/thumb\libgcc.a(_thumb1_case_uqi.o)
                0x0000000002000eec                __gnu_thumb1_case_uqi
 .text          0x0000000002000f00       0x14 c:/users/ignasi/desktop/sdk_nintendods_vscode_mini-ide/ndside/msys64/opt/devkitpro/devkitarm/bin/../lib/gcc/arm-none-eabi/8.3.0/thumb\libgcc.a(_thumb1_case_uhi.o)
                0x0000000002000f00                __gnu_thumb1_case_uhi
 .text          0x0000000002000f14      0x11c c:/users/ignasi/desktop/sdk_nintendods_vscode_mini-ide/ndside/msys64/opt/devkitpro/devkitarm/bin/../lib/gcc/arm-none-eabi/8.3.0/thumb\libgcc.a(_udivsi3.o)
                0x0000000002000f14                __aeabi_uidiv
                0x0000000002000f14                __udivsi3
                0x0000000002001010                __aeabi_uidivmod
 .text          0x0000000002001030       0x3c c:/users/ignasi/desktop/sdk_nintendods_vscode_mini-ide/ndside/msys64/opt/devkitpro/devkitarm/bin/../lib/gcc/arm-none-eabi/8.3.0/thumb\libgcc.a(_aeabi_uldivmod.o)
                0x0000000002001030                __aeabi_uldivmod
 .text          0x000000000200106c       0x28 c:/users/ignasi/desktop/sdk_nintendods_vscode_mini-ide/ndside/msys64/opt/devkitpro/devkitarm/bin/../lib/gcc/arm-none-eabi/8.3.0/thumb\libgcc.a(_clzdi2.o)
                0x000000000200106c                __clzdi2
 .text          0x0000000002001094       0x48 c:/users/ignasi/desktop/sdk_nintendods_vscode_mini-ide/ndside/msys64/opt/devkitpro/devkitarm/bin/../lib/gcc/arm-none-eabi/8.3.0/thumb\libgcc.a(_clzsi2.o)
                0x0000000002001094                __clzsi2
 *(EXCLUDE_FILE(*.twl* *.vectors* *.itcm*) .stub)
 *(EXCLUDE_FILE(*.twl* *.vectors* *.itcm*) .text.*)
 .text.deregister_tm_clones
                0x00000000020010dc       0x2c c:/users/ignasi/desktop/sdk_nintendods_vscode_mini-ide/ndside/msys64/opt/devkitpro/devkitarm/bin/../lib/gcc/arm-none-eabi/8.3.0/thumb/crtbegin.o
 .text.register_tm_clones
                0x0000000002001108       0x34 c:/users/ignasi/desktop/sdk_nintendods_vscode_mini-ide/ndside/msys64/opt/devkitpro/devkitarm/bin/../lib/gcc/arm-none-eabi/8.3.0/thumb/crtbegin.o
 .text.__do_global_dtors_aux
                0x000000000200113c       0x30 c:/users/ignasi/desktop/sdk_nintendods_vscode_mini-ide/ndside/msys64/opt/devkitpro/devkitarm/bin/../lib/gcc/arm-none-eabi/8.3.0/thumb/crtbegin.o
 .text.frame_dummy
                0x000000000200116c       0x28 c:/users/ignasi/desktop/sdk_nintendods_vscode_mini-ide/ndside/msys64/opt/devkitpro/devkitarm/bin/../lib/gcc/arm-none-eabi/8.3.0/thumb/crtbegin.o
 .text.startup  0x0000000002001194       0x20 main.o
                0x0000000002001194                main
 .text.touchRead
                0x00000000020011b4       0x24 C:/Users/Ignasi/Desktop/SDK_NintendoDS_VSCode_Mini-IDE/ndside/msys64/opt/devkitpro/libnds/lib\libnds9.a(touch.o)
                0x00000000020011b4                touchRead
 .text.newRow   0x00000000020011d8       0xb4 C:/Users/Ignasi/Desktop/SDK_NintendoDS_VSCode_Mini-IDE/ndside/msys64/opt/devkitpro/libnds/lib\libnds9.a(console.o)
 .text.consolePrintChar
                0x000000000200128c       0xec C:/Users/Ignasi/Desktop/SDK_NintendoDS_VSCode_Mini-IDE/ndside/msys64/opt/devkitpro/libnds/lib\libnds9.a(console.o)
                0x000000000200128c                consolePrintChar
 .text.consoleCls
                0x0000000002001378       0xe0 C:/Users/Ignasi/Desktop/SDK_NintendoDS_VSCode_Mini-IDE/ndside/msys64/opt/devkitpro/libnds/lib\libnds9.a(console.o)
 .text.consoleLoadFont
                0x0000000002001458      0x280 C:/Users/Ignasi/Desktop/SDK_NintendoDS_VSCode_Mini-IDE/ndside/msys64/opt/devkitpro/libnds/lib\libnds9.a(console.o)
                0x0000000002001458                consoleLoadFont
 .text.consoleInit
                0x00000000020016d8      0x15c C:/Users/Ignasi/Desktop/SDK_NintendoDS_VSCode_Mini-IDE/ndside/msys64/opt/devkitpro/libnds/lib\libnds9.a(console.o)
                0x00000000020016d8                consoleInit
 .text.consoleDemoInit
                0x0000000002001834       0x40 C:/Users/Ignasi/Desktop/SDK_NintendoDS_VSCode_Mini-IDE/ndside/msys64/opt/devkitpro/libnds/lib\libnds9.a(console.o)
                0x0000000002001834                consoleDemoInit
 .text.con_write
                0x0000000002001874      0x27c C:/Users/Ignasi/Desktop/SDK_NintendoDS_VSCode_Mini-IDE/ndside/msys64/opt/devkitpro/libnds/lib\libnds9.a(console.o)
                0x0000000002001874                con_write
 .text.scanKeys
                0x0000000002001af0       0x8c C:/Users/Ignasi/Desktop/SDK_NintendoDS_VSCode_Mini-IDE/ndside/msys64/opt/devkitpro/libnds/lib\libnds9.a(keys.o)
                0x0000000002001af0                scanKeys
 .text.keysHeld
                0x0000000002001b7c        0xc C:/Users/Ignasi/Desktop/SDK_NintendoDS_VSCode_Mini-IDE/ndside/msys64/opt/devkitpro/libnds/lib\libnds9.a(keys.o)
                0x0000000002001b7c                keysHeld
 .text.initSystem
                0x0000000002001b88      0x198 C:/Users/Ignasi/Desktop/SDK_NintendoDS_VSCode_Mini-IDE/ndside/msys64/opt/devkitpro/libnds/lib\libnds9.a(initSystem.o)
                0x0000000002001b88                initSystem
 .text.__libnds_gtod
                0x0000000002001d20       0x28 C:/Users/Ignasi/Desktop/SDK_NintendoDS_VSCode_Mini-IDE/ndside/msys64/opt/devkitpro/libnds/lib\libnds9.a(timeSupport.o)
                0x0000000002001d20                __libnds_gtod
 .text.irqDummy
                0x0000000002001d48        0x4 C:/Users/Ignasi/Desktop/SDK_NintendoDS_VSCode_Mini-IDE/ndside/msys64/opt/devkitpro/libnds/lib\libnds9.a(interrupts.o)
                0x0000000002001d48                irqDummy
 .text.irqSet   0x0000000002001d4c       0x6c C:/Users/Ignasi/Desktop/SDK_NintendoDS_VSCode_Mini-IDE/ndside/msys64/opt/devkitpro/libnds/lib\libnds9.a(interrupts.o)
                0x0000000002001d4c                irqSet
 .text.irqInit  0x0000000002001db8       0x50 C:/Users/Ignasi/Desktop/SDK_NintendoDS_VSCode_Mini-IDE/ndside/msys64/opt/devkitpro/libnds/lib\libnds9.a(interrupts.o)
                0x0000000002001db8                irqInit
 .text.irqEnable
                0x0000000002001e08       0x64 C:/Users/Ignasi/Desktop/SDK_NintendoDS_VSCode_Mini-IDE/ndside/msys64/opt/devkitpro/libnds/lib\libnds9.a(interrupts.o)
                0x0000000002001e08                irqEnable
 .text.systemErrorExit
                0x0000000002001e6c        0x4 C:/Users/Ignasi/Desktop/SDK_NintendoDS_VSCode_Mini-IDE/ndside/msys64/opt/devkitpro/libnds/lib\libnds9.a(libnds_exit.arm.o)
                0x0000000002001e6c                systemErrorExit
 .text.__libnds_exit
                0x0000000002001e70       0x5c C:/Users/Ignasi/Desktop/SDK_NintendoDS_VSCode_Mini-IDE/ndside/msys64/opt/devkitpro/libnds/lib\libnds9.a(libnds_exit.arm.o)
                0x0000000002001e70                __libnds_exit
 .text.fifo_waitBlock
                0x0000000002001ecc       0x80 C:/Users/Ignasi/Desktop/SDK_NintendoDS_VSCode_Mini-IDE/ndside/msys64/opt/devkitpro/libnds/lib\libnds9.a(fifosystem.o)
 .text.fifo_queueBlock
                0x0000000002001f4c       0x40 C:/Users/Ignasi/Desktop/SDK_NintendoDS_VSCode_Mini-IDE/ndside/msys64/opt/devkitpro/libnds/lib\libnds9.a(fifosystem.o)
 .text.fifoInternalSendInterrupt
                0x0000000002001f8c       0xac C:/Users/Ignasi/Desktop/SDK_NintendoDS_VSCode_Mini-IDE/ndside/msys64/opt/devkitpro/libnds/lib\libnds9.a(fifosystem.o)
 .text.fifoInternalSend.part.2
                0x0000000002002038       0xd4 C:/Users/Ignasi/Desktop/SDK_NintendoDS_VSCode_Mini-IDE/ndside/msys64/opt/devkitpro/libnds/lib\libnds9.a(fifosystem.o)
 .text.fifoGetValue32.part.3
                0x000000000200210c       0x74 C:/Users/Ignasi/Desktop/SDK_NintendoDS_VSCode_Mini-IDE/ndside/msys64/opt/devkitpro/libnds/lib\libnds9.a(fifosystem.o)
 .text.fifoSetValue32Handler
                0x0000000002002180       0x78 C:/Users/Ignasi/Desktop/SDK_NintendoDS_VSCode_Mini-IDE/ndside/msys64/opt/devkitpro/libnds/lib\libnds9.a(fifosystem.o)
                0x0000000002002180                fifoSetValue32Handler
 .text.fifoSendValue32
                0x00000000020021f8       0x4c C:/Users/Ignasi/Desktop/SDK_NintendoDS_VSCode_Mini-IDE/ndside/msys64/opt/devkitpro/libnds/lib\libnds9.a(fifosystem.o)
                0x00000000020021f8                fifoSendValue32
 .text.fifoGetDatamsg
                0x0000000002002244      0x138 C:/Users/Ignasi/Desktop/SDK_NintendoDS_VSCode_Mini-IDE/ndside/msys64/opt/devkitpro/libnds/lib\libnds9.a(fifosystem.o)
                0x0000000002002244                fifoGetDatamsg
 .text.fifoInternalRecvInterrupt
                0x000000000200237c      0x3dc C:/Users/Ignasi/Desktop/SDK_NintendoDS_VSCode_Mini-IDE/ndside/msys64/opt/devkitpro/libnds/lib\libnds9.a(fifosystem.o)
 .text.fifoSetDatamsgHandler
                0x0000000002002758       0x9c C:/Users/Ignasi/Desktop/SDK_NintendoDS_VSCode_Mini-IDE/ndside/msys64/opt/devkitpro/libnds/lib\libnds9.a(fifosystem.o)
                0x0000000002002758                fifoSetDatamsgHandler
 .text.fifoInit
                0x00000000020027f4      0x104 C:/Users/Ignasi/Desktop/SDK_NintendoDS_VSCode_Mini-IDE/ndside/msys64/opt/devkitpro/libnds/lib\libnds9.a(fifosystem.o)
                0x00000000020027f4                fifoInit
 .text.__libnds_mpu_setup
                0x00000000020028f8      0x174 C:/Users/Ignasi/Desktop/SDK_NintendoDS_VSCode_Mini-IDE/ndside/msys64/opt/devkitpro/libnds/lib\libnds9.a(mpu_setup.o)
                0x00000000020028f8                __libnds_mpu_setup
 .text.memUncached
                0x0000000002002a6c       0x20 C:/Users/Ignasi/Desktop/SDK_NintendoDS_VSCode_Mini-IDE/ndside/msys64/opt/devkitpro/libnds/lib\libnds9.a(mpu_setup.o)
                0x0000000002002a6c                memUncached
 .text.swiWaitForVBlank
                0x0000000002002a8c        0x8 C:/Users/Ignasi/Desktop/SDK_NintendoDS_VSCode_Mini-IDE/ndside/msys64/opt/devkitpro/libnds/lib\libnds9.a(IntrWait.o)
                0x0000000002002a8c                swiWaitForVBlank
 .text.swiIntrWait
                0x0000000002002a94       0x70 C:/Users/Ignasi/Desktop/SDK_NintendoDS_VSCode_Mini-IDE/ndside/msys64/opt/devkitpro/libnds/lib\libnds9.a(IntrWait.o)
                0x0000000002002a94                swiIntrWait
 .text.setCpuClock
                0x0000000002002b04       0x50 C:/Users/Ignasi/Desktop/SDK_NintendoDS_VSCode_Mini-IDE/ndside/msys64/opt/devkitpro/libnds/lib\libnds9.a(cpu_clock.o)
                0x0000000002002b04                setCpuClock
 .text.swiSoftReset
                0x0000000002002b54       0x2c C:/Users/Ignasi/Desktop/SDK_NintendoDS_VSCode_Mini-IDE/ndside/msys64/opt/devkitpro/libnds/lib\libnds9.a(swiSoftReset.o)
                0x0000000002002b54                swiSoftReset
 .text.checkIfText.part.0
                0x0000000002002b80       0x40 C:/Users/Ignasi/Desktop/SDK_NintendoDS_VSCode_Mini-IDE/ndside/msys64/opt/devkitpro/libnds/lib\libnds9.a(background.o)
 .text.bgUpdate
                0x0000000002002bc0      0x104 C:/Users/Ignasi/Desktop/SDK_NintendoDS_VSCode_Mini-IDE/ndside/msys64/opt/devkitpro/libnds/lib\libnds9.a(background.o)
                0x0000000002002bc0                bgUpdate
 .text.bgInit_call
                0x0000000002002cc4      0x110 C:/Users/Ignasi/Desktop/SDK_NintendoDS_VSCode_Mini-IDE/ndside/msys64/opt/devkitpro/libnds/lib\libnds9.a(background.o)
                0x0000000002002cc4                bgInit_call
 .text.bgInitSub_call
                0x0000000002002dd4       0xf4 C:/Users/Ignasi/Desktop/SDK_NintendoDS_VSCode_Mini-IDE/ndside/msys64/opt/devkitpro/libnds/lib\libnds9.a(background.o)
                0x0000000002002dd4                bgInitSub_call
 .text.vramDefault
                0x0000000002002ec8       0xd0 C:/Users/Ignasi/Desktop/SDK_NintendoDS_VSCode_Mini-IDE/ndside/msys64/opt/devkitpro/libnds/lib\libnds9.a(video.o)
                0x0000000002002ec8                vramDefault
 .text.systemValueHandler
                0x0000000002002f98       0x48 C:/Users/Ignasi/Desktop/SDK_NintendoDS_VSCode_Mini-IDE/ndside/msys64/opt/devkitpro/libnds/lib\libnds9.a(system.o)
                0x0000000002002f98                systemValueHandler
 .text.systemMsgHandler
                0x0000000002002fe0       0x5c C:/Users/Ignasi/Desktop/SDK_NintendoDS_VSCode_Mini-IDE/ndside/msys64/opt/devkitpro/libnds/lib\libnds9.a(system.o)
                0x0000000002002fe0                systemMsgHandler
 .text.powerOn  0x000000000200303c       0x2c C:/Users/Ignasi/Desktop/SDK_NintendoDS_VSCode_Mini-IDE/ndside/msys64/opt/devkitpro/libnds/lib\libnds9.a(system.o)
                0x000000000200303c                powerOn
 .text.sinLutLookup
                0x0000000002003068       0x3c C:/Users/Ignasi/Desktop/SDK_NintendoDS_VSCode_Mini-IDE/ndside/msys64/opt/devkitpro/libnds/lib\libnds9.a(trig.o)
                0x0000000002003068                sinLutLookup
 .text.sinLerp  0x00000000020030a4       0x44 C:/Users/Ignasi/Desktop/SDK_NintendoDS_VSCode_Mini-IDE/ndside/msys64/opt/devkitpro/libnds/lib\libnds9.a(trig.o)
                0x00000000020030a4                sinLerp
 .text.cosLerp  0x00000000020030e8       0x14 C:/Users/Ignasi/Desktop/SDK_NintendoDS_VSCode_Mini-IDE/ndside/msys64/opt/devkitpro/libnds/lib\libnds9.a(trig.o)
                0x00000000020030e8                cosLerp
 .text.swiDelay
                0x00000000020030fc        0x4 C:/Users/Ignasi/Desktop/SDK_NintendoDS_VSCode_Mini-IDE/ndside/msys64/opt/devkitpro/libnds/lib\libnds9.a(biosCalls.o)
                0x00000000020030fc                swiDelay
 .text.__libc_init_array
                0x0000000002003100       0x50 c:/users/ignasi/desktop/sdk_nintendods_vscode_mini-ide/ndside/msys64/opt/devkitpro/devkitarm/bin/../lib/gcc/arm-none-eabi/8.3.0/../../../../arm-none-eabi/lib/thumb\libg.a(lib_a-init.o)
                0x0000000002003100                __libc_init_array
 .text.iprintf  0x0000000002003150       0x24 c:/users/ignasi/desktop/sdk_nintendods_vscode_mini-ide/ndside/msys64/opt/devkitpro/devkitarm/bin/../lib/gcc/arm-none-eabi/8.3.0/../../../../arm-none-eabi/lib/thumb\libg.a(lib_a-iprintf.o)
                0x0000000002003150                iprintf
 .text.memcpy   0x0000000002003174       0xac c:/users/ignasi/desktop/sdk_nintendods_vscode_mini-ide/ndside/msys64/opt/devkitpro/devkitarm/bin/../lib/gcc/arm-none-eabi/8.3.0/../../../../arm-none-eabi/lib/thumb\libg.a(lib_a-memcpy-stub.o)
                0x0000000002003174                memcpy
 .text.memset   0x0000000002003220       0xb0 c:/users/ignasi/desktop/sdk_nintendods_vscode_mini-ide/ndside/msys64/opt/devkitpro/devkitarm/bin/../lib/gcc/arm-none-eabi/8.3.0/../../../../arm-none-eabi/lib/thumb\libg.a(lib_a-memset.o)
                0x0000000002003220                memset
 .text.setvbuf  0x00000000020032d0      0x1a0 c:/users/ignasi/desktop/sdk_nintendods_vscode_mini-ide/ndside/msys64/opt/devkitpro/devkitarm/bin/../lib/gcc/arm-none-eabi/8.3.0/../../../../arm-none-eabi/lib/thumb\libg.a(lib_a-setvbuf.o)
                0x00000000020032d0                setvbuf
 .text.siscanf  0x0000000002003470       0x4c c:/users/ignasi/desktop/sdk_nintendods_vscode_mini-ide/ndside/msys64/opt/devkitpro/devkitarm/bin/../lib/gcc/arm-none-eabi/8.3.0/../../../../arm-none-eabi/lib/thumb\libg.a(lib_a-siscanf.o)
                0x0000000002003470                siscanf
 .text.__sread  0x00000000020034bc       0x34 c:/users/ignasi/desktop/sdk_nintendods_vscode_mini-ide/ndside/msys64/opt/devkitpro/devkitarm/bin/../lib/gcc/arm-none-eabi/8.3.0/../../../../arm-none-eabi/lib/thumb\libg.a(lib_a-stdio.o)
                0x00000000020034bc                __sread
 .text.__seofread
                0x00000000020034f0        0x4 c:/users/ignasi/desktop/sdk_nintendods_vscode_mini-ide/ndside/msys64/opt/devkitpro/devkitarm/bin/../lib/gcc/arm-none-eabi/8.3.0/../../../../arm-none-eabi/lib/thumb\libg.a(lib_a-stdio.o)
                0x00000000020034f0                __seofread
 .text.__swrite
                0x00000000020034f4       0x4c c:/users/ignasi/desktop/sdk_nintendods_vscode_mini-ide/ndside/msys64/opt/devkitpro/devkitarm/bin/../lib/gcc/arm-none-eabi/8.3.0/../../../../arm-none-eabi/lib/thumb\libg.a(lib_a-stdio.o)
                0x00000000020034f4                __swrite
 .text.__sseek  0x0000000002003540       0x40 c:/users/ignasi/desktop/sdk_nintendods_vscode_mini-ide/ndside/msys64/opt/devkitpro/devkitarm/bin/../lib/gcc/arm-none-eabi/8.3.0/../../../../arm-none-eabi/lib/thumb\libg.a(lib_a-stdio.o)
                0x0000000002003540                __sseek
 .text.__sclose
                0x0000000002003580       0x10 c:/users/ignasi/desktop/sdk_nintendods_vscode_mini-ide/ndside/msys64/opt/devkitpro/devkitarm/bin/../lib/gcc/arm-none-eabi/8.3.0/../../../../arm-none-eabi/lib/thumb\libg.a(lib_a-stdio.o)
                0x0000000002003580                __sclose
 .text.strlen   0x0000000002003590       0x6c c:/users/ignasi/desktop/sdk_nintendods_vscode_mini-ide/ndside/msys64/opt/devkitpro/devkitarm/bin/../lib/gcc/arm-none-eabi/8.3.0/../../../../arm-none-eabi/lib/thumb\libg.a(lib_a-strlen-stub.o)
                0x0000000002003590                strlen
 .text.get_arg  0x00000000020035fc       0x24 c:/users/ignasi/desktop/sdk_nintendods_vscode_mini-ide/ndside/msys64/opt/devkitpro/devkitarm/bin/../lib/gcc/arm-none-eabi/8.3.0/../../../../arm-none-eabi/lib/thumb\libg.a(lib_a-svfiscanf.o)
 .text._sungetc_r
                0x0000000002003620       0x7e c:/users/ignasi/desktop/sdk_nintendods_vscode_mini-ide/ndside/msys64/opt/devkitpro/devkitarm/bin/../lib/gcc/arm-none-eabi/8.3.0/../../../../arm-none-eabi/lib/thumb\libg.a(lib_a-svfiscanf.o)
                0x0000000002003620                _sungetc_r
 .text.__ssrefill_r
                0x000000000200369e       0x42 c:/users/ignasi/desktop/sdk_nintendods_vscode_mini-ide/ndside/msys64/opt/devkitpro/devkitarm/bin/../lib/gcc/arm-none-eabi/8.3.0/../../../../arm-none-eabi/lib/thumb\libg.a(lib_a-svfiscanf.o)
                0x000000000200369e                __ssrefill_r
 .text._sfread_r
                0x00000000020036e0       0x8a c:/users/ignasi/desktop/sdk_nintendods_vscode_mini-ide/ndside/msys64/opt/devkitpro/devkitarm/bin/../lib/gcc/arm-none-eabi/8.3.0/../../../../arm-none-eabi/lib/thumb\libg.a(lib_a-svfiscanf.o)
                0x00000000020036e0                _sfread_r
 *fill*         0x000000000200376a        0x2 ff
 .text.__ssvfiscanf_r
                0x000000000200376c     0x1b24 c:/users/ignasi/desktop/sdk_nintendods_vscode_mini-ide/ndside/msys64/opt/devkitpro/devkitarm/bin/../lib/gcc/arm-none-eabi/8.3.0/../../../../arm-none-eabi/lib/thumb\libg.a(lib_a-svfiscanf.o)
                0x000000000200376c                __ssvfiscanf_r
 .text.__submore
                0x0000000002005290       0x88 c:/users/ignasi/desktop/sdk_nintendods_vscode_mini-ide/ndside/msys64/opt/devkitpro/devkitarm/bin/../lib/gcc/arm-none-eabi/8.3.0/../../../../arm-none-eabi/lib/thumb\libg.a(lib_a-ungetc.o)
                0x0000000002005290                __submore
 .text.get_arg  0x0000000002005318      0x3c0 c:/users/ignasi/desktop/sdk_nintendods_vscode_mini-ide/ndside/msys64/opt/devkitpro/devkitarm/bin/../lib/gcc/arm-none-eabi/8.3.0/../../../../arm-none-eabi/lib/thumb\libg.a(lib_a-vfiprintf.o)
 .text.__sprint_r
                0x00000000020056d8       0x20 c:/users/ignasi/desktop/sdk_nintendods_vscode_mini-ide/ndside/msys64/opt/devkitpro/devkitarm/bin/../lib/gcc/arm-none-eabi/8.3.0/../../../../arm-none-eabi/lib/thumb\libg.a(lib_a-vfiprintf.o)
                0x00000000020056d8                __sprint_r
 .text._vfiprintf_r
                0x00000000020056f8     0x17e8 c:/users/ignasi/desktop/sdk_nintendods_vscode_mini-ide/ndside/msys64/opt/devkitpro/devkitarm/bin/../lib/gcc/arm-none-eabi/8.3.0/../../../../arm-none-eabi/lib/thumb\libg.a(lib_a-vfiprintf.o)
                0x00000000020056f8                _vfiprintf_r
 .text.__sbprintf
                0x0000000002006ee0       0x8c c:/users/ignasi/desktop/sdk_nintendods_vscode_mini-ide/ndside/msys64/opt/devkitpro/devkitarm/bin/../lib/gcc/arm-none-eabi/8.3.0/../../../../arm-none-eabi/lib/thumb\libg.a(lib_a-vfiprintf.o)
 .text._wcrtomb_r
                0x0000000002006f6c       0x5c c:/users/ignasi/desktop/sdk_nintendods_vscode_mini-ide/ndside/msys64/opt/devkitpro/devkitarm/bin/../lib/gcc/arm-none-eabi/8.3.0/../../../../arm-none-eabi/lib/thumb\libg.a(lib_a-wcrtomb.o)
                0x0000000002006f6c                _wcrtomb_r
 .text._wcsrtombs_r
                0x0000000002006fc8       0x1c c:/users/ignasi/desktop/sdk_nintendods_vscode_mini-ide/ndside/msys64/opt/devkitpro/devkitarm/bin/../lib/gcc/arm-none-eabi/8.3.0/../../../../arm-none-eabi/lib/thumb\libg.a(lib_a-wcsrtombs.o)
                0x0000000002006fc8                _wcsrtombs_r
 .text.__swsetup_r
                0x0000000002006fe4       0xe0 c:/users/ignasi/desktop/sdk_nintendods_vscode_mini-ide/ndside/msys64/opt/devkitpro/devkitarm/bin/../lib/gcc/arm-none-eabi/8.3.0/../../../../arm-none-eabi/lib/thumb\libg.a(lib_a-wsetup.o)
                0x0000000002006fe4                __swsetup_r
 .text.__sflush_r
                0x00000000020070c4      0x1b8 c:/users/ignasi/desktop/sdk_nintendods_vscode_mini-ide/ndside/msys64/opt/devkitpro/devkitarm/bin/../lib/gcc/arm-none-eabi/8.3.0/../../../../arm-none-eabi/lib/thumb\libg.a(lib_a-fflush.o)
                0x00000000020070c4                __sflush_r
 .text._fflush_r
                0x000000000200727c       0x70 c:/users/ignasi/desktop/sdk_nintendods_vscode_mini-ide/ndside/msys64/opt/devkitpro/devkitarm/bin/../lib/gcc/arm-none-eabi/8.3.0/../../../../arm-none-eabi/lib/thumb\libg.a(lib_a-fflush.o)
                0x000000000200727c                _fflush_r
 .text.std      0x00000000020072ec       0x54 c:/users/ignasi/desktop/sdk_nintendods_vscode_mini-ide/ndside/msys64/opt/devkitpro/devkitarm/bin/../lib/gcc/arm-none-eabi/8.3.0/../../../../arm-none-eabi/lib/thumb\libg.a(lib_a-findfp.o)
 .text._cleanup_r
                0x0000000002007340       0x14 c:/users/ignasi/desktop/sdk_nintendods_vscode_mini-ide/ndside/msys64/opt/devkitpro/devkitarm/bin/../lib/gcc/arm-none-eabi/8.3.0/../../../../arm-none-eabi/lib/thumb\libg.a(lib_a-findfp.o)
                0x0000000002007340                _cleanup_r
 .text.__sinit  0x0000000002007354       0x64 c:/users/ignasi/desktop/sdk_nintendods_vscode_mini-ide/ndside/msys64/opt/devkitpro/devkitarm/bin/../lib/gcc/arm-none-eabi/8.3.0/../../../../arm-none-eabi/lib/thumb\libg.a(lib_a-findfp.o)
                0x0000000002007354                __sinit
 .text.__sfp_lock_acquire
                0x00000000020073b8       0x14 c:/users/ignasi/desktop/sdk_nintendods_vscode_mini-ide/ndside/msys64/opt/devkitpro/devkitarm/bin/../lib/gcc/arm-none-eabi/8.3.0/../../../../arm-none-eabi/lib/thumb\libg.a(lib_a-findfp.o)
                0x00000000020073b8                __sfp_lock_acquire
 .text.__sfp_lock_release
                0x00000000020073cc       0x14 c:/users/ignasi/desktop/sdk_nintendods_vscode_mini-ide/ndside/msys64/opt/devkitpro/devkitarm/bin/../lib/gcc/arm-none-eabi/8.3.0/../../../../arm-none-eabi/lib/thumb\libg.a(lib_a-findfp.o)
                0x00000000020073cc                __sfp_lock_release
 .text._malloc_trim_r
                0x00000000020073e0       0xa4 c:/users/ignasi/desktop/sdk_nintendods_vscode_mini-ide/ndside/msys64/opt/devkitpro/devkitarm/bin/../lib/gcc/arm-none-eabi/8.3.0/../../../../arm-none-eabi/lib/thumb\libg.a(lib_a-freer.o)
                0x00000000020073e0                _malloc_trim_r
 .text._free_r  0x0000000002007484      0x1e0 c:/users/ignasi/desktop/sdk_nintendods_vscode_mini-ide/ndside/msys64/opt/devkitpro/devkitarm/bin/../lib/gcc/arm-none-eabi/8.3.0/../../../../arm-none-eabi/lib/thumb\libg.a(lib_a-freer.o)
                0x0000000002007484                _free_r
 .text.__sfvwrite_r
                0x0000000002007664      0x348 c:/users/ignasi/desktop/sdk_nintendods_vscode_mini-ide/ndside/msys64/opt/devkitpro/devkitarm/bin/../lib/gcc/arm-none-eabi/8.3.0/../../../../arm-none-eabi/lib/thumb\libg.a(lib_a-fvwrite.o)
                0x0000000002007664                __sfvwrite_r
 .text._fwalk_reent
                0x00000000020079ac       0x54 c:/users/ignasi/desktop/sdk_nintendods_vscode_mini-ide/ndside/msys64/opt/devkitpro/devkitarm/bin/../lib/gcc/arm-none-eabi/8.3.0/../../../../arm-none-eabi/lib/thumb\libg.a(lib_a-fwalk.o)
                0x00000000020079ac                _fwalk_reent
 .text.iswspace
                0x0000000002007a00       0x10 c:/users/ignasi/desktop/sdk_nintendods_vscode_mini-ide/ndside/msys64/opt/devkitpro/devkitarm/bin/../lib/gcc/arm-none-eabi/8.3.0/../../../../arm-none-eabi/lib/thumb\libg.a(lib_a-iswspace.o)
                0x0000000002007a00                iswspace
 .text._localeconv_r
                0x0000000002007a10        0x8 c:/users/ignasi/desktop/sdk_nintendods_vscode_mini-ide/ndside/msys64/opt/devkitpro/devkitarm/bin/../lib/gcc/arm-none-eabi/8.3.0/../../../../arm-none-eabi/lib/thumb\libg.a(lib_a-localeconv.o)
                0x0000000002007a10                _localeconv_r
 .text.__locale_mb_cur_max
                0x0000000002007a18       0x10 c:/users/ignasi/desktop/sdk_nintendods_vscode_mini-ide/ndside/msys64/opt/devkitpro/devkitarm/bin/../lib/gcc/arm-none-eabi/8.3.0/../../../../arm-none-eabi/lib/thumb\libg.a(lib_a-locale.o)
                0x0000000002007a18                __locale_mb_cur_max
 .text.__swhatbuf_r
                0x0000000002007a28       0x64 c:/users/ignasi/desktop/sdk_nintendods_vscode_mini-ide/ndside/msys64/opt/devkitpro/devkitarm/bin/../lib/gcc/arm-none-eabi/8.3.0/../../../../arm-none-eabi/lib/thumb\libg.a(lib_a-makebuf.o)
                0x0000000002007a28                __swhatbuf_r
 .text.__smakebuf_r
                0x0000000002007a8c       0x98 c:/users/ignasi/desktop/sdk_nintendods_vscode_mini-ide/ndside/msys64/opt/devkitpro/devkitarm/bin/../lib/gcc/arm-none-eabi/8.3.0/../../../../arm-none-eabi/lib/thumb\libg.a(lib_a-makebuf.o)
                0x0000000002007a8c                __smakebuf_r
 .text.malloc   0x0000000002007b24       0x14 c:/users/ignasi/desktop/sdk_nintendods_vscode_mini-ide/ndside/msys64/opt/devkitpro/devkitarm/bin/../lib/gcc/arm-none-eabi/8.3.0/../../../../arm-none-eabi/lib/thumb\libg.a(lib_a-malloc.o)
                0x0000000002007b24                malloc
 .text.free     0x0000000002007b38       0x14 c:/users/ignasi/desktop/sdk_nintendods_vscode_mini-ide/ndside/msys64/opt/devkitpro/devkitarm/bin/../lib/gcc/arm-none-eabi/8.3.0/../../../../arm-none-eabi/lib/thumb\libg.a(lib_a-malloc.o)
                0x0000000002007b38                free
 .text._malloc_r
                0x0000000002007b4c      0x594 c:/users/ignasi/desktop/sdk_nintendods_vscode_mini-ide/ndside/msys64/opt/devkitpro/devkitarm/bin/../lib/gcc/arm-none-eabi/8.3.0/../../../../arm-none-eabi/lib/thumb\libg.a(lib_a-mallocr.o)
                0x0000000002007b4c                _malloc_r
 .text._mbrtowc_r
                0x00000000020080e0       0x60 c:/users/ignasi/desktop/sdk_nintendods_vscode_mini-ide/ndside/msys64/opt/devkitpro/devkitarm/bin/../lib/gcc/arm-none-eabi/8.3.0/../../../../arm-none-eabi/lib/thumb\libg.a(lib_a-mbrtowc.o)
                0x00000000020080e0                _mbrtowc_r
 .text.__utf8_mbtowc
                0x0000000002008140      0x294 c:/users/ignasi/desktop/sdk_nintendods_vscode_mini-ide/ndside/msys64/opt/devkitpro/devkitarm/bin/../lib/gcc/arm-none-eabi/8.3.0/../../../../arm-none-eabi/lib/thumb\libg.a(lib_a-mbtowc_r.o)
                0x0000000002008140                __utf8_mbtowc
 .text.memchr   0x00000000020083d4       0x84 c:/users/ignasi/desktop/sdk_nintendods_vscode_mini-ide/ndside/msys64/opt/devkitpro/devkitarm/bin/../lib/gcc/arm-none-eabi/8.3.0/../../../../arm-none-eabi/lib/thumb\libg.a(lib_a-memchr-stub.o)
                0x00000000020083d4                memchr
 .text.memmove  0x0000000002008458       0xb4 c:/users/ignasi/desktop/sdk_nintendods_vscode_mini-ide/ndside/msys64/opt/devkitpro/devkitarm/bin/../lib/gcc/arm-none-eabi/8.3.0/../../../../arm-none-eabi/lib/thumb\libg.a(lib_a-memmove.o)
                0x0000000002008458                memmove
 .text.__malloc_lock
                0x000000000200850c       0x14 c:/users/ignasi/desktop/sdk_nintendods_vscode_mini-ide/ndside/msys64/opt/devkitpro/devkitarm/bin/../lib/gcc/arm-none-eabi/8.3.0/../../../../arm-none-eabi/lib/thumb\libg.a(lib_a-mlock.o)
                0x000000000200850c                __malloc_lock
 .text.__malloc_unlock
                0x0000000002008520       0x14 c:/users/ignasi/desktop/sdk_nintendods_vscode_mini-ide/ndside/msys64/opt/devkitpro/devkitarm/bin/../lib/gcc/arm-none-eabi/8.3.0/../../../../arm-none-eabi/lib/thumb\libg.a(lib_a-mlock.o)
                0x0000000002008520                __malloc_unlock
 .text.realloc  0x0000000002008534       0x18 c:/users/ignasi/desktop/sdk_nintendods_vscode_mini-ide/ndside/msys64/opt/devkitpro/devkitarm/bin/../lib/gcc/arm-none-eabi/8.3.0/../../../../arm-none-eabi/lib/thumb\libg.a(lib_a-realloc.o)
                0x0000000002008534                realloc
 .text._realloc_r
                0x000000000200854c      0x370 c:/users/ignasi/desktop/sdk_nintendods_vscode_mini-ide/ndside/msys64/opt/devkitpro/devkitarm/bin/../lib/gcc/arm-none-eabi/8.3.0/../../../../arm-none-eabi/lib/thumb\libg.a(lib_a-reallocr.o)
                0x000000000200854c                _realloc_r
 .text.__sccl   0x00000000020088bc       0x78 c:/users/ignasi/desktop/sdk_nintendods_vscode_mini-ide/ndside/msys64/opt/devkitpro/devkitarm/bin/../lib/gcc/arm-none-eabi/8.3.0/../../../../arm-none-eabi/lib/thumb\libg.a(lib_a-sccl.o)
                0x00000000020088bc                __sccl
 .text.strncpy  0x0000000002008934       0x84 c:/users/ignasi/desktop/sdk_nintendods_vscode_mini-ide/ndside/msys64/opt/devkitpro/devkitarm/bin/../lib/gcc/arm-none-eabi/8.3.0/../../../../arm-none-eabi/lib/thumb\libg.a(lib_a-strncpy.o)
                0x0000000002008934                strncpy
 .text._strtoll_l.isra.0
                0x00000000020089b8      0x1b4 c:/users/ignasi/desktop/sdk_nintendods_vscode_mini-ide/ndside/msys64/opt/devkitpro/devkitarm/bin/../lib/gcc/arm-none-eabi/8.3.0/../../../../arm-none-eabi/lib/thumb\libg.a(lib_a-strtoll.o)
 .text._strtoll_r
                0x0000000002008b6c        0xc c:/users/ignasi/desktop/sdk_nintendods_vscode_mini-ide/ndside/msys64/opt/devkitpro/devkitarm/bin/../lib/gcc/arm-none-eabi/8.3.0/../../../../arm-none-eabi/lib/thumb\libg.a(lib_a-strtoll.o)
                0x0000000002008b6c                _strtoll_r
 .text._strtol_l.isra.0
                0x0000000002008b78      0x13c c:/users/ignasi/desktop/sdk_nintendods_vscode_mini-ide/ndside/msys64/opt/devkitpro/devkitarm/bin/../lib/gcc/arm-none-eabi/8.3.0/../../../../arm-none-eabi/lib/thumb\libg.a(lib_a-strtol.o)
 .text._strtol_r
                0x0000000002008cb4        0xc c:/users/ignasi/desktop/sdk_nintendods_vscode_mini-ide/ndside/msys64/opt/devkitpro/devkitarm/bin/../lib/gcc/arm-none-eabi/8.3.0/../../../../arm-none-eabi/lib/thumb\libg.a(lib_a-strtol.o)
                0x0000000002008cb4                _strtol_r
 .text._strtoull_l.isra.0
                0x0000000002008cc0      0x1c8 c:/users/ignasi/desktop/sdk_nintendods_vscode_mini-ide/ndside/msys64/opt/devkitpro/devkitarm/bin/../lib/gcc/arm-none-eabi/8.3.0/../../../../arm-none-eabi/lib/thumb\libg.a(lib_a-strtoull.o)
 .text._strtoull_r
                0x0000000002008e88        0xc c:/users/ignasi/desktop/sdk_nintendods_vscode_mini-ide/ndside/msys64/opt/devkitpro/devkitarm/bin/../lib/gcc/arm-none-eabi/8.3.0/../../../../arm-none-eabi/lib/thumb\libg.a(lib_a-strtoull.o)
                0x0000000002008e88                _strtoull_r
 .text._strtoul_l.isra.0
                0x0000000002008e94      0x144 c:/users/ignasi/desktop/sdk_nintendods_vscode_mini-ide/ndside/msys64/opt/devkitpro/devkitarm/bin/../lib/gcc/arm-none-eabi/8.3.0/../../../../arm-none-eabi/lib/thumb\libg.a(lib_a-strtoul.o)
 .text._strtoul_r
                0x0000000002008fd8        0xc c:/users/ignasi/desktop/sdk_nintendods_vscode_mini-ide/ndside/msys64/opt/devkitpro/devkitarm/bin/../lib/gcc/arm-none-eabi/8.3.0/../../../../arm-none-eabi/lib/thumb\libg.a(lib_a-strtoul.o)
                0x0000000002008fd8                _strtoul_r
 .text._wcsnrtombs_l
                0x0000000002008fe4      0x134 c:/users/ignasi/desktop/sdk_nintendods_vscode_mini-ide/ndside/msys64/opt/devkitpro/devkitarm/bin/../lib/gcc/arm-none-eabi/8.3.0/../../../../arm-none-eabi/lib/thumb\libg.a(lib_a-wcsnrtombs.o)
                0x0000000002008fe4                _wcsnrtombs_l
 .text._wcsnrtombs_r
                0x0000000002009118       0x30 c:/users/ignasi/desktop/sdk_nintendods_vscode_mini-ide/ndside/msys64/opt/devkitpro/devkitarm/bin/../lib/gcc/arm-none-eabi/8.3.0/../../../../arm-none-eabi/lib/thumb\libg.a(lib_a-wcsnrtombs.o)
                0x0000000002009118                _wcsnrtombs_r
 .text.__utf8_wctomb
                0x0000000002009148       0xbc c:/users/ignasi/desktop/sdk_nintendods_vscode_mini-ide/ndside/msys64/opt/devkitpro/devkitarm/bin/../lib/gcc/arm-none-eabi/8.3.0/../../../../arm-none-eabi/lib/thumb\libg.a(lib_a-wctomb_r.o)
                0x0000000002009148                __utf8_wctomb
 .text._fclose_r
                0x0000000002009204       0xe4 c:/users/ignasi/desktop/sdk_nintendods_vscode_mini-ide/ndside/msys64/opt/devkitpro/devkitarm/bin/../lib/gcc/arm-none-eabi/8.3.0/../../../../arm-none-eabi/lib/thumb\libg.a(lib_a-fclose.o)
                0x0000000002009204                _fclose_r
 .text.iswspace_l
                0x00000000020092e8       0x2c c:/users/ignasi/desktop/sdk_nintendods_vscode_mini-ide/ndside/msys64/opt/devkitpro/devkitarm/bin/../lib/gcc/arm-none-eabi/8.3.0/../../../../arm-none-eabi/lib/thumb\libg.a(lib_a-iswspace_l.o)
                0x00000000020092e8                iswspace_l
 .text.__jp2uc  0x0000000002009314      0x190 c:/users/ignasi/desktop/sdk_nintendods_vscode_mini-ide/ndside/msys64/opt/devkitpro/devkitarm/bin/../lib/gcc/arm-none-eabi/8.3.0/../../../../arm-none-eabi/lib/thumb\libg.a(lib_a-jp2uc.o)
 .text._jp2uc_l
                0x00000000020094a4       0x6c c:/users/ignasi/desktop/sdk_nintendods_vscode_mini-ide/ndside/msys64/opt/devkitpro/devkitarm/bin/../lib/gcc/arm-none-eabi/8.3.0/../../../../arm-none-eabi/lib/thumb\libg.a(lib_a-jp2uc.o)
                0x00000000020094a4                _jp2uc_l
 .text.category
                0x0000000002009510       0x58 c:/users/ignasi/desktop/sdk_nintendods_vscode_mini-ide/ndside/msys64/opt/devkitpro/devkitarm/bin/../lib/gcc/arm-none-eabi/8.3.0/../../../../arm-none-eabi/lib/thumb\libg.a(lib_a-categories.o)
                0x0000000002009510                category
 .text.null_write
                0x0000000002009568        0x4 c:/users/ignasi/desktop/sdk_nintendods_vscode_mini-ide/ndside/msys64/opt/devkitpro/devkitarm/bin/../lib/gcc/arm-none-eabi/8.3.0/../../../../arm-none-eabi/lib/thumb\libsysbase.a(iosupport.o)
 .text._close_r
                0x000000000200956c       0x5c c:/users/ignasi/desktop/sdk_nintendods_vscode_mini-ide/ndside/msys64/opt/devkitpro/devkitarm/bin/../lib/gcc/arm-none-eabi/8.3.0/../../../../arm-none-eabi/lib/thumb\libsysbase.a(close.o)
                0x000000000200956c                _close_r
 .text._fstat_r
                0x00000000020095c8       0x4c c:/users/ignasi/desktop/sdk_nintendods_vscode_mini-ide/ndside/msys64/opt/devkitpro/devkitarm/bin/../lib/gcc/arm-none-eabi/8.3.0/../../../../arm-none-eabi/lib/thumb\libsysbase.a(fstat.o)
                0x00000000020095c8                _fstat_r
 .text._isatty_r
                0x0000000002009614        0x4 c:/users/ignasi/desktop/sdk_nintendods_vscode_mini-ide/ndside/msys64/opt/devkitpro/devkitarm/bin/../lib/gcc/arm-none-eabi/8.3.0/../../../../arm-none-eabi/lib/thumb\libsysbase.a(isatty.o)
                0x0000000002009614                _isatty_r
 .text._lseek_r
                0x0000000002009618       0x5c c:/users/ignasi/desktop/sdk_nintendods_vscode_mini-ide/ndside/msys64/opt/devkitpro/devkitarm/bin/../lib/gcc/arm-none-eabi/8.3.0/../../../../arm-none-eabi/lib/thumb\libsysbase.a(lseek.o)
                0x0000000002009618                _lseek_r
 .text._read_r  0x0000000002009674       0x50 c:/users/ignasi/desktop/sdk_nintendods_vscode_mini-ide/ndside/msys64/opt/devkitpro/devkitarm/bin/../lib/gcc/arm-none-eabi/8.3.0/../../../../arm-none-eabi/lib/thumb\libsysbase.a(read.o)
                0x0000000002009674                _read_r
 .text._sbrk_r  0x00000000020096c4       0x54 c:/users/ignasi/desktop/sdk_nintendods_vscode_mini-ide/ndside/msys64/opt/devkitpro/devkitarm/bin/../lib/gcc/arm-none-eabi/8.3.0/../../../../arm-none-eabi/lib/thumb\libsysbase.a(sbrk.o)
                0x00000000020096c4                _sbrk_r
 .text._write_r
                0x0000000002009718       0x50 c:/users/ignasi/desktop/sdk_nintendods_vscode_mini-ide/ndside/msys64/opt/devkitpro/devkitarm/bin/../lib/gcc/arm-none-eabi/8.3.0/../../../../arm-none-eabi/lib/thumb\libsysbase.a(write.o)
                0x0000000002009718                _write_r
 .text.build_argv
                0x0000000002009768       0x4c c:/users/ignasi/desktop/sdk_nintendods_vscode_mini-ide/ndside/msys64/opt/devkitpro/devkitarm/bin/../lib/gcc/arm-none-eabi/8.3.0/../../../../arm-none-eabi/lib/thumb\libsysbase.a(build_argv.o)
                0x0000000002009768                build_argv
 .text.__flockfile
                0x00000000020097b4       0x10 c:/users/ignasi/desktop/sdk_nintendods_vscode_mini-ide/ndside/msys64/opt/devkitpro/devkitarm/bin/../lib/gcc/arm-none-eabi/8.3.0/../../../../arm-none-eabi/lib/thumb\libsysbase.a(flock.o)
                0x00000000020097b4                __flockfile
 .text.__funlockfile
                0x00000000020097c4       0x10 c:/users/ignasi/desktop/sdk_nintendods_vscode_mini-ide/ndside/msys64/opt/devkitpro/devkitarm/bin/../lib/gcc/arm-none-eabi/8.3.0/../../../../arm-none-eabi/lib/thumb\libsysbase.a(flock.o)
                0x00000000020097c4                __funlockfile
 .text.__libc_lock_acquire
                0x00000000020097d4       0x1c c:/users/ignasi/desktop/sdk_nintendods_vscode_mini-ide/ndside/msys64/opt/devkitpro/devkitarm/bin/../lib/gcc/arm-none-eabi/8.3.0/../../../../arm-none-eabi/lib/thumb\libsysbase.a(syscall_support.o)
                0x00000000020097d4                __libc_lock_acquire
 .text.__libc_lock_release
                0x00000000020097f0       0x1c c:/users/ignasi/desktop/sdk_nintendods_vscode_mini-ide/ndside/msys64/opt/devkitpro/devkitarm/bin/../lib/gcc/arm-none-eabi/8.3.0/../../../../arm-none-eabi/lib/thumb\libsysbase.a(syscall_support.o)
                0x00000000020097f0                __libc_lock_release
 .text.__libc_lock_init_recursive
                0x000000000200980c       0x1c c:/users/ignasi/desktop/sdk_nintendods_vscode_mini-ide/ndside/msys64/opt/devkitpro/devkitarm/bin/../lib/gcc/arm-none-eabi/8.3.0/../../../../arm-none-eabi/lib/thumb\libsysbase.a(syscall_support.o)
                0x000000000200980c                __libc_lock_init_recursive
 .text.__libc_lock_acquire_recursive
                0x0000000002009828       0x1c c:/users/ignasi/desktop/sdk_nintendods_vscode_mini-ide/ndside/msys64/opt/devkitpro/devkitarm/bin/../lib/gcc/arm-none-eabi/8.3.0/../../../../arm-none-eabi/lib/thumb\libsysbase.a(syscall_support.o)
                0x0000000002009828                __libc_lock_acquire_recursive
 .text.__libc_lock_release_recursive
                0x0000000002009844       0x1c c:/users/ignasi/desktop/sdk_nintendods_vscode_mini-ide/ndside/msys64/opt/devkitpro/devkitarm/bin/../lib/gcc/arm-none-eabi/8.3.0/../../../../arm-none-eabi/lib/thumb\libsysbase.a(syscall_support.o)
                0x0000000002009844                __libc_lock_release_recursive
 .text.__libc_lock_close_recursive
                0x0000000002009860       0x1c c:/users/ignasi/desktop/sdk_nintendods_vscode_mini-ide/ndside/msys64/opt/devkitpro/devkitarm/bin/../lib/gcc/arm-none-eabi/8.3.0/../../../../arm-none-eabi/lib/thumb\libsysbase.a(syscall_support.o)
                0x0000000002009860                __libc_lock_close_recursive
 .text.__release_handle
                0x000000000200987c       0x6c c:/users/ignasi/desktop/sdk_nintendods_vscode_mini-ide/ndside/msys64/opt/devkitpro/devkitarm/bin/../lib/gcc/arm-none-eabi/8.3.0/../../../../arm-none-eabi/lib/thumb\libsysbase.a(handle_manager.o)
                0x000000000200987c                __release_handle
 .text.__get_handle
                0x00000000020098e8       0x1c c:/users/ignasi/desktop/sdk_nintendods_vscode_mini-ide/ndside/msys64/opt/devkitpro/devkitarm/bin/../lib/gcc/arm-none-eabi/8.3.0/../../../../arm-none-eabi/lib/thumb\libsysbase.a(handle_manager.o)
                0x00000000020098e8                __get_handle
 .text.__getreent
                0x0000000002009904       0x28 c:/users/ignasi/desktop/sdk_nintendods_vscode_mini-ide/ndside/msys64/opt/devkitpro/devkitarm/bin/../lib/gcc/arm-none-eabi/8.3.0/../../../../arm-none-eabi/lib/thumb\libsysbase.a(getreent.o)
                0x0000000002009904                __getreent
 .text.__muldi3
                0x000000000200992c       0x60 c:/users/ignasi/desktop/sdk_nintendods_vscode_mini-ide/ndside/msys64/opt/devkitpro/devkitarm/bin/../lib/gcc/arm-none-eabi/8.3.0/thumb\libgcc.a(_muldi3.o)
                0x000000000200992c                __muldi3
                0x000000000200992c                __aeabi_lmul
 .text.__udivmoddi4
                0x000000000200998c      0x1a8 c:/users/ignasi/desktop/sdk_nintendods_vscode_mini-ide/ndside/msys64/opt/devkitpro/devkitarm/bin/../lib/gcc/arm-none-eabi/8.3.0/thumb\libgcc.a(_udivmoddi4.o)
                0x000000000200998c                __udivmoddi4
 *fill*         0x0000000002009b34        0x4 ff
 .text.__udivmoddi4.__stub
                0x0000000002009b38       0x90 linker stubs
 *(EXCLUDE_FILE(*.twl*) .gnu.warning)
 *(EXCLUDE_FILE(*.twl*) .gnu.linkonce.t*)
 *(.glue_7)
 .glue_7        0x0000000002009bd8        0x0 linker stubs
 *(.glue_7t)
 .glue_7t       0x0000000002009bd8        0x0 linker stubs
                0x0000000002009bd8                . = ALIGN (0x4)

.vfp11_veneer   0x0000000002009bd8        0x0
 .vfp11_veneer  0x0000000002009bd8        0x0 linker stubs

.v4_bx          0x0000000002009bd8        0x0
 .v4_bx         0x0000000002009bd8        0x0 linker stubs

.iplt           0x0000000002009bd8        0x0
 .iplt          0x0000000002009bd8        0x0 c:/users/ignasi/desktop/sdk_nintendods_vscode_mini-ide/ndside/msys64/opt/devkitpro/devkitarm/bin/../lib/gcc/arm-none-eabi/8.3.0/../../../../arm-none-eabi/lib/thumb/ds_arm9_crt0.o

.fini           0x0000000002009bd8        0xc
 *(.fini)
 .fini          0x0000000002009bd8        0x4 c:/users/ignasi/desktop/sdk_nintendods_vscode_mini-ide/ndside/msys64/opt/devkitpro/devkitarm/bin/../lib/gcc/arm-none-eabi/8.3.0/thumb/crti.o
                0x0000000002009bd8                _fini
 .fini          0x0000000002009bdc        0x8 c:/users/ignasi/desktop/sdk_nintendods_vscode_mini-ide/ndside/msys64/opt/devkitpro/devkitarm/bin/../lib/gcc/arm-none-eabi/8.3.0/thumb/crtn.o
                0x0000000002009be4                __text_end = .

.rodata         0x0000000002009be4     0x8c64
 *(EXCLUDE_FILE(*.twl*) .rodata)
 .rodata        0x0000000002009be4     0x2004 C:/Users/Ignasi/Desktop/SDK_NintendoDS_VSCode_Mini-IDE/ndside/msys64/opt/devkitpro/libnds/lib\libnds9.a(default_font.bin.o)
                0x0000000002009be4                default_font_bin
                0x000000000200bbe4                default_font_bin_size
                0x000000000200bbe4                default_font_bin_end
 *all.rodata*(*)
 *(EXCLUDE_FILE(*.twl*) .roda)
 *(EXCLUDE_FILE(*.twl*) .rodata.*)
 .rodata.str1.4
                0x000000000200bbe8       0x29 main.o
 *fill*         0x000000000200bc11        0x3 ff
 .rodata.con_write
                0x000000000200bc14       0xd4 C:/Users/Ignasi/Desktop/SDK_NintendoDS_VSCode_Mini-IDE/ndside/msys64/opt/devkitpro/libnds/lib\libnds9.a(console.o)
 .rodata.con_write.str1.4
                0x000000000200bce8       0x30 C:/Users/Ignasi/Desktop/SDK_NintendoDS_VSCode_Mini-IDE/ndside/msys64/opt/devkitpro/libnds/lib\libnds9.a(console.o)
 .rodata.dotab_stdout
                0x000000000200bd18       0x70 C:/Users/Ignasi/Desktop/SDK_NintendoDS_VSCode_Mini-IDE/ndside/msys64/opt/devkitpro/libnds/lib\libnds9.a(console.o)
 .rodata.str1.4
                0x000000000200bd88       0x14 C:/Users/Ignasi/Desktop/SDK_NintendoDS_VSCode_Mini-IDE/ndside/msys64/opt/devkitpro/libnds/lib\libnds9.a(console.o)
 .rodata.SIN_LUT
                0x000000000200bd9c      0x102 C:/Users/Ignasi/Desktop/SDK_NintendoDS_VSCode_Mini-IDE/ndside/msys64/opt/devkitpro/libnds/lib\libnds9.a(trig.o)
                0x000000000200bd9c                SIN_LUT
 *fill*         0x000000000200be9e        0x2 ff
 .rodata.basefix.6979
                0x000000000200bea0       0x22 c:/users/ignasi/desktop/sdk_nintendods_vscode_mini-ide/ndside/msys64/opt/devkitpro/devkitarm/bin/../lib/gcc/arm-none-eabi/8.3.0/../../../../arm-none-eabi/lib/thumb\libg.a(lib_a-svfiscanf.o)
 .rodata._vfiprintf_r.str1.1
                0x000000000200bec2       0x29 c:/users/ignasi/desktop/sdk_nintendods_vscode_mini-ide/ndside/msys64/opt/devkitpro/devkitarm/bin/../lib/gcc/arm-none-eabi/8.3.0/../../../../arm-none-eabi/lib/thumb\libg.a(lib_a-vfiprintf.o)
 *fill*         0x000000000200beeb        0x1 ff
 .rodata.blanks.7416
                0x000000000200beec       0x10 c:/users/ignasi/desktop/sdk_nintendods_vscode_mini-ide/ndside/msys64/opt/devkitpro/devkitarm/bin/../lib/gcc/arm-none-eabi/8.3.0/../../../../arm-none-eabi/lib/thumb\libg.a(lib_a-vfiprintf.o)
 .rodata.zeroes.7417
                0x000000000200befc       0x10 c:/users/ignasi/desktop/sdk_nintendods_vscode_mini-ide/ndside/msys64/opt/devkitpro/devkitarm/bin/../lib/gcc/arm-none-eabi/8.3.0/../../../../arm-none-eabi/lib/thumb\libg.a(lib_a-vfiprintf.o)
 .rodata._ctype_
                0x000000000200bf0c      0x101 c:/users/ignasi/desktop/sdk_nintendods_vscode_mini-ide/ndside/msys64/opt/devkitpro/devkitarm/bin/../lib/gcc/arm-none-eabi/8.3.0/../../../../arm-none-eabi/lib/thumb\libg.a(lib_a-ctype_.o)
                0x000000000200bf0c                _ctype_
 *fill*         0x000000000200c00d        0x3 ff
 .rodata.str1.4
                0x000000000200c010       0x48 c:/users/ignasi/desktop/sdk_nintendods_vscode_mini-ide/ndside/msys64/opt/devkitpro/devkitarm/bin/../lib/gcc/arm-none-eabi/8.3.0/../../../../arm-none-eabi/lib/thumb\libg.a(lib_a-locale.o)
                                         0x4c (size before relaxing)
 .rodata._mbrtowc_r.str1.4
                0x000000000200c058        0x1 c:/users/ignasi/desktop/sdk_nintendods_vscode_mini-ide/ndside/msys64/opt/devkitpro/devkitarm/bin/../lib/gcc/arm-none-eabi/8.3.0/../../../../arm-none-eabi/lib/thumb\libg.a(lib_a-mbrtowc.o)
 .rodata.__action_table
                0x000000000200c058       0x6c c:/users/ignasi/desktop/sdk_nintendods_vscode_mini-ide/ndside/msys64/opt/devkitpro/devkitarm/bin/../lib/gcc/arm-none-eabi/8.3.0/../../../../arm-none-eabi/lib/thumb\libg.a(lib_a-svfiprintf.o)
                0x000000000200c058                __action_table
 .rodata.__chclass
                0x000000000200c0c4      0x100 c:/users/ignasi/desktop/sdk_nintendods_vscode_mini-ide/ndside/msys64/opt/devkitpro/devkitarm/bin/../lib/gcc/arm-none-eabi/8.3.0/../../../../arm-none-eabi/lib/thumb\libg.a(lib_a-svfiprintf.o)
                0x000000000200c0c4                __chclass
 .rodata.__state_table
                0x000000000200c1c4       0x6c c:/users/ignasi/desktop/sdk_nintendods_vscode_mini-ide/ndside/msys64/opt/devkitpro/devkitarm/bin/../lib/gcc/arm-none-eabi/8.3.0/../../../../arm-none-eabi/lib/thumb\libg.a(lib_a-svfiprintf.o)
                0x000000000200c1c4                __state_table
 .rodata.__jp2uc
                0x000000000200c230       0x20 c:/users/ignasi/desktop/sdk_nintendods_vscode_mini-ide/ndside/msys64/opt/devkitpro/devkitarm/bin/../lib/gcc/arm-none-eabi/8.3.0/../../../../arm-none-eabi/lib/thumb\libg.a(lib_a-jp2uc.o)
 .rodata._jp2uc_l.str1.4
                0x000000000200c250       0x12 c:/users/ignasi/desktop/sdk_nintendods_vscode_mini-ide/ndside/msys64/opt/devkitpro/devkitarm/bin/../lib/gcc/arm-none-eabi/8.3.0/../../../../arm-none-eabi/lib/thumb\libg.a(lib_a-jp2uc.o)
 *fill*         0x000000000200c262        0x2 ff
 .rodata.a1     0x000000000200c264       0xbc c:/users/ignasi/desktop/sdk_nintendods_vscode_mini-ide/ndside/msys64/opt/devkitpro/devkitarm/bin/../lib/gcc/arm-none-eabi/8.3.0/../../../../arm-none-eabi/lib/thumb\libg.a(lib_a-jp2uc.o)
 .rodata.a2     0x000000000200c320       0xbc c:/users/ignasi/desktop/sdk_nintendods_vscode_mini-ide/ndside/msys64/opt/devkitpro/devkitarm/bin/../lib/gcc/arm-none-eabi/8.3.0/../../../../arm-none-eabi/lib/thumb\libg.a(lib_a-jp2uc.o)
 .rodata.a3     0x000000000200c3dc       0x5b c:/users/ignasi/desktop/sdk_nintendods_vscode_mini-ide/ndside/msys64/opt/devkitpro/devkitarm/bin/../lib/gcc/arm-none-eabi/8.3.0/../../../../arm-none-eabi/lib/thumb\libg.a(lib_a-jp2uc.o)
 *fill*         0x000000000200c437        0x1 ff
 .rodata.a6     0x000000000200c438       0x70 c:/users/ignasi/desktop/sdk_nintendods_vscode_mini-ide/ndside/msys64/opt/devkitpro/devkitarm/bin/../lib/gcc/arm-none-eabi/8.3.0/../../../../arm-none-eabi/lib/thumb\libg.a(lib_a-jp2uc.o)
 .rodata.a7     0x000000000200c4a8       0xa2 c:/users/ignasi/desktop/sdk_nintendods_vscode_mini-ide/ndside/msys64/opt/devkitpro/devkitarm/bin/../lib/gcc/arm-none-eabi/8.3.0/../../../../arm-none-eabi/lib/thumb\libg.a(lib_a-jp2uc.o)
 *fill*         0x000000000200c54a        0x2 ff
 .rodata.a8     0x000000000200c54c       0x40 c:/users/ignasi/desktop/sdk_nintendods_vscode_mini-ide/ndside/msys64/opt/devkitpro/devkitarm/bin/../lib/gcc/arm-none-eabi/8.3.0/../../../../arm-none-eabi/lib/thumb\libg.a(lib_a-jp2uc.o)
 .rodata.b02cf  0x000000000200c58c     0x172a c:/users/ignasi/desktop/sdk_nintendods_vscode_mini-ide/ndside/msys64/opt/devkitpro/devkitarm/bin/../lib/gcc/arm-none-eabi/8.3.0/../../../../arm-none-eabi/lib/thumb\libg.a(lib_a-jp2uc.o)
 *fill*         0x000000000200dcb6        0x2 ff
 .rodata.d02f4  0x000000000200dcb8     0x1a7c c:/users/ignasi/desktop/sdk_nintendods_vscode_mini-ide/ndside/msys64/opt/devkitpro/devkitarm/bin/../lib/gcc/arm-none-eabi/8.3.0/../../../../arm-none-eabi/lib/thumb\libg.a(lib_a-jp2uc.o)
 .rodata.categories
                0x000000000200f734     0x309c c:/users/ignasi/desktop/sdk_nintendods_vscode_mini-ide/ndside/msys64/opt/devkitpro/devkitarm/bin/../lib/gcc/arm-none-eabi/8.3.0/../../../../arm-none-eabi/lib/thumb\libg.a(lib_a-categories.o)
 .rodata.AddDevice.str1.4
                0x00000000020127d0        0x8 c:/users/ignasi/desktop/sdk_nintendods_vscode_mini-ide/ndside/msys64/opt/devkitpro/devkitarm/bin/../lib/gcc/arm-none-eabi/8.3.0/../../../../arm-none-eabi/lib/thumb\libsysbase.a(iosupport.o)
 .rodata.dotab_stdnull
                0x00000000020127d8       0x70 c:/users/ignasi/desktop/sdk_nintendods_vscode_mini-ide/ndside/msys64/opt/devkitpro/devkitarm/bin/../lib/gcc/arm-none-eabi/8.3.0/../../../../arm-none-eabi/lib/thumb\libsysbase.a(iosupport.o)
                0x00000000020127d8                dotab_stdnull
 *(EXCLUDE_FILE(*.twl*) .gnu.linkonce.r*)
                0x0000000002012848                . = ALIGN (0x4)

.ARM.extab
 *(.ARM.extab* .gnu.linkonce.armextab.*)
                0x0000000002012848                __exidx_start = .

ARM.exidx
 *(.ARM.exidx* .gnu.linkonce.armexidx.*)
                0x0000000002012848                __exidx_end = .
                0x0000000002012848                . = ALIGN (0x4)
                0x0000000002012848                PROVIDE (__preinit_array_start = .)

.preinit_array
 *(.preinit_array)
                0x0000000002012848                PROVIDE (__preinit_array_end = .)
                0x0000000002012848                PROVIDE (__init_array_start = .)

.init_array     0x0000000002012848        0x4
 *(SORT_BY_NAME(.init_array.*))
 *(.init_array)
 .init_array    0x0000000002012848        0x4 c:/users/ignasi/desktop/sdk_nintendods_vscode_mini-ide/ndside/msys64/opt/devkitpro/devkitarm/bin/../lib/gcc/arm-none-eabi/8.3.0/thumb/crtbegin.o
                0x000000000201284c                PROVIDE (__init_array_end = .)
                [!provide]                        PROVIDE (__fini_array_start = .)

.fini_array     0x000000000201284c        0x4
 *(.fini_array)
 .fini_array    0x000000000201284c        0x4 c:/users/ignasi/desktop/sdk_nintendods_vscode_mini-ide/ndside/msys64/opt/devkitpro/devkitarm/bin/../lib/gcc/arm-none-eabi/8.3.0/thumb/crtbegin.o
 *(SORT_BY_NAME(.fini_array.*))
                [!provide]                        PROVIDE (__fini_array_end = .)

.ctors          0x0000000002012850        0x0
 *crtbegin.o(.ctors)
 *(EXCLUDE_FILE(*crtend.o) .ctors)
 *(SORT_BY_NAME(.ctors.*))
 *(.ctors)
                0x0000000002012850                . = ALIGN (0x4)

.dtors          0x0000000002012850        0x0
 *crtbegin.o(.dtors)
 *(EXCLUDE_FILE(*crtend.o) .dtors)
 *(SORT_BY_NAME(.dtors.*))
 *(.dtors)
                0x0000000002012850                . = ALIGN (0x4)

.eh_frame       0x0000000002012850        0x4
 *(.eh_frame)
 .eh_frame      0x0000000002012850        0x0 c:/users/ignasi/desktop/sdk_nintendods_vscode_mini-ide/ndside/msys64/opt/devkitpro/devkitarm/bin/../lib/gcc/arm-none-eabi/8.3.0/thumb/crtbegin.o
 .eh_frame      0x0000000002012850        0x4 c:/users/ignasi/desktop/sdk_nintendods_vscode_mini-ide/ndside/msys64/opt/devkitpro/devkitarm/bin/../lib/gcc/arm-none-eabi/8.3.0/thumb/crtend.o
                0x0000000002012854                . = ALIGN (0x4)

.rel.dyn        0x0000000002012854        0x0
 .rel.iplt      0x0000000002012854        0x0 c:/users/ignasi/desktop/sdk_nintendods_vscode_mini-ide/ndside/msys64/opt/devkitpro/devkitarm/bin/../lib/gcc/arm-none-eabi/8.3.0/../../../../arm-none-eabi/lib/thumb/ds_arm9_crt0.o

.gcc_except_table
                0x0000000002012854        0x0
 *(.gcc_except_table)
                0x0000000002012854                . = ALIGN (0x4)

.jcr
 *(.jcr)

.got
 *(.got.plt)
 *(.got)
 *(.rel.got)

.ewram          0x0000000002012854        0x0
                0x0000000002012854                __ewram_start = ABSOLUTE (.)
 *(.ewram)
 *ewram.*(.text)
                0x0000000002012854                . = ALIGN (0x4)

.data           0x0000000002012854     0x1bb8
                0x0000000002012854                __data_start = ABSOLUTE (.)
 *(EXCLUDE_FILE(*.twl*) .data)
 .data          0x0000000002012854       0x28 C:/Users/Ignasi/Desktop/SDK_NintendoDS_VSCode_Mini-IDE/ndside/msys64/opt/devkitpro/libnds/lib\libnds9.a(mpu_setup.o)
 *(EXCLUDE_FILE(*.twl*) .data.*)
 .data.currentConsole
                0x000000000201287c        0x4 C:/Users/Ignasi/Desktop/SDK_NintendoDS_VSCode_Mini-IDE/ndside/msys64/opt/devkitpro/libnds/lib\libnds9.a(console.o)
                0x000000000201287c                currentConsole
 .data.defaultConsole
                0x0000000002012880       0x5c C:/Users/Ignasi/Desktop/SDK_NintendoDS_VSCode_Mini-IDE/ndside/msys64/opt/devkitpro/libnds/lib\libnds9.a(console.o)
                0x0000000002012880                defaultConsole
 .data.firstConsoleInit.6889
                0x00000000020128dc        0x1 C:/Users/Ignasi/Desktop/SDK_NintendoDS_VSCode_Mini-IDE/ndside/msys64/opt/devkitpro/libnds/lib\libnds9.a(console.o)
 .data.count    0x00000000020128dd        0x1 C:/Users/Ignasi/Desktop/SDK_NintendoDS_VSCode_Mini-IDE/ndside/msys64/opt/devkitpro/libnds/lib\libnds9.a(keys.o)
 .data.delay    0x00000000020128de        0x1 C:/Users/Ignasi/Desktop/SDK_NintendoDS_VSCode_Mini-IDE/ndside/msys64/opt/devkitpro/libnds/lib\libnds9.a(keys.o)
 .data.repeat   0x00000000020128df        0x1 C:/Users/Ignasi/Desktop/SDK_NintendoDS_VSCode_Mini-IDE/ndside/msys64/opt/devkitpro/libnds/lib\libnds9.a(keys.o)
 .data.fifo_buffer_free
                0x00000000020128e0        0x4 C:/Users/Ignasi/Desktop/SDK_NintendoDS_VSCode_Mini-IDE/ndside/msys64/opt/devkitpro/libnds/lib\libnds9.a(fifosystem.o)
                0x00000000020128e0                fifo_buffer_free
 .data.fifo_freewords
                0x00000000020128e4        0x4 C:/Users/Ignasi/Desktop/SDK_NintendoDS_VSCode_Mini-IDE/ndside/msys64/opt/devkitpro/libnds/lib\libnds9.a(fifosystem.o)
                0x00000000020128e4                fifo_freewords
 .data.fifo_receive_queue
                0x00000000020128e8        0x4 C:/Users/Ignasi/Desktop/SDK_NintendoDS_VSCode_Mini-IDE/ndside/msys64/opt/devkitpro/libnds/lib\libnds9.a(fifosystem.o)
                0x00000000020128e8                fifo_receive_queue
 .data.fifo_send_queue
                0x00000000020128ec        0x4 C:/Users/Ignasi/Desktop/SDK_NintendoDS_VSCode_Mini-IDE/ndside/msys64/opt/devkitpro/libnds/lib\libnds9.a(fifosystem.o)
                0x00000000020128ec                fifo_send_queue
 .data.bgControl
                0x00000000020128f0       0x20 C:/Users/Ignasi/Desktop/SDK_NintendoDS_VSCode_Mini-IDE/ndside/msys64/opt/devkitpro/libnds/lib\libnds9.a(background.o)
                0x00000000020128f0                bgControl
 .data.bgScrollTable
                0x0000000002012910       0x20 C:/Users/Ignasi/Desktop/SDK_NintendoDS_VSCode_Mini-IDE/ndside/msys64/opt/devkitpro/libnds/lib\libnds9.a(background.o)
                0x0000000002012910                bgScrollTable
 .data.bgTransform
                0x0000000002012930       0x20 C:/Users/Ignasi/Desktop/SDK_NintendoDS_VSCode_Mini-IDE/ndside/msys64/opt/devkitpro/libnds/lib\libnds9.a(background.o)
                0x0000000002012930                bgTransform
 .data.__sfp_recursive_mutex
                0x0000000002012950        0xc c:/users/ignasi/desktop/sdk_nintendods_vscode_mini-ide/ndside/msys64/opt/devkitpro/devkitarm/bin/../lib/gcc/arm-none-eabi/8.3.0/../../../../arm-none-eabi/lib/thumb\libg.a(lib_a-findfp.o)
 .data.__sinit_recursive_mutex
                0x000000000201295c        0xc c:/users/ignasi/desktop/sdk_nintendods_vscode_mini-ide/ndside/msys64/opt/devkitpro/devkitarm/bin/../lib/gcc/arm-none-eabi/8.3.0/../../../../arm-none-eabi/lib/thumb\libg.a(lib_a-findfp.o)
 .data._impure_ptr
                0x0000000002012968        0x4 c:/users/ignasi/desktop/sdk_nintendods_vscode_mini-ide/ndside/msys64/opt/devkitpro/devkitarm/bin/../lib/gcc/arm-none-eabi/8.3.0/../../../../arm-none-eabi/lib/thumb\libg.a(lib_a-impure.o)
                0x0000000002012968                _impure_ptr
 *fill*         0x000000000201296c        0x4 ff
 .data.impure_data
                0x0000000002012970      0x460 c:/users/ignasi/desktop/sdk_nintendods_vscode_mini-ide/ndside/msys64/opt/devkitpro/devkitarm/bin/../lib/gcc/arm-none-eabi/8.3.0/../../../../arm-none-eabi/lib/thumb\libg.a(lib_a-impure.o)
 .data.__global_locale
                0x0000000002012dd0      0x16c c:/users/ignasi/desktop/sdk_nintendods_vscode_mini-ide/ndside/msys64/opt/devkitpro/devkitarm/bin/../lib/gcc/arm-none-eabi/8.3.0/../../../../arm-none-eabi/lib/thumb\libg.a(lib_a-locale.o)
                0x0000000002012dd0                __global_locale
 .data.__malloc_av_
                0x0000000002012f3c      0x408 c:/users/ignasi/desktop/sdk_nintendods_vscode_mini-ide/ndside/msys64/opt/devkitpro/devkitarm/bin/../lib/gcc/arm-none-eabi/8.3.0/../../../../arm-none-eabi/lib/thumb\libg.a(lib_a-mallocr.o)
                0x0000000002012f3c                __malloc_av_
 .data.__malloc_sbrk_base
                0x0000000002013344        0x4 c:/users/ignasi/desktop/sdk_nintendods_vscode_mini-ide/ndside/msys64/opt/devkitpro/devkitarm/bin/../lib/gcc/arm-none-eabi/8.3.0/../../../../arm-none-eabi/lib/thumb\libg.a(lib_a-mallocr.o)
                0x0000000002013344                __malloc_sbrk_base
 .data.__malloc_trim_threshold
                0x0000000002013348        0x4 c:/users/ignasi/desktop/sdk_nintendods_vscode_mini-ide/ndside/msys64/opt/devkitpro/devkitarm/bin/../lib/gcc/arm-none-eabi/8.3.0/../../../../arm-none-eabi/lib/thumb\libg.a(lib_a-mallocr.o)
                0x0000000002013348                __malloc_trim_threshold
 .data.__malloc_recursive_mutex
                0x000000000201334c        0xc c:/users/ignasi/desktop/sdk_nintendods_vscode_mini-ide/ndside/msys64/opt/devkitpro/devkitarm/bin/../lib/gcc/arm-none-eabi/8.3.0/../../../../arm-none-eabi/lib/thumb\libg.a(lib_a-mlock.o)
 .data.devoptab_list
                0x0000000002013358       0x8c c:/users/ignasi/desktop/sdk_nintendods_vscode_mini-ide/ndside/msys64/opt/devkitpro/devkitarm/bin/../lib/gcc/arm-none-eabi/8.3.0/../../../../arm-none-eabi/lib/thumb\libsysbase.a(iosupport.o)
                0x0000000002013358                devoptab_list
 .data.__hndl_lock
                0x00000000020133e4        0x4 c:/users/ignasi/desktop/sdk_nintendods_vscode_mini-ide/ndside/msys64/opt/devkitpro/devkitarm/bin/../lib/gcc/arm-none-eabi/8.3.0/../../../../arm-none-eabi/lib/thumb\libsysbase.a(handle_manager.o)
 .data.__stderr_handle
                0x00000000020133e8        0xc c:/users/ignasi/desktop/sdk_nintendods_vscode_mini-ide/ndside/msys64/opt/devkitpro/devkitarm/bin/../lib/gcc/arm-none-eabi/8.3.0/../../../../arm-none-eabi/lib/thumb\libsysbase.a(handle_manager.o)
 .data.__stdin_handle
                0x00000000020133f4        0xc c:/users/ignasi/desktop/sdk_nintendods_vscode_mini-ide/ndside/msys64/opt/devkitpro/devkitarm/bin/../lib/gcc/arm-none-eabi/8.3.0/../../../../arm-none-eabi/lib/thumb\libsysbase.a(handle_manager.o)
 .data.__stdout_handle
                0x0000000002013400        0xc c:/users/ignasi/desktop/sdk_nintendods_vscode_mini-ide/ndside/msys64/opt/devkitpro/devkitarm/bin/../lib/gcc/arm-none-eabi/8.3.0/../../../../arm-none-eabi/lib/thumb\libsysbase.a(handle_manager.o)
 .data.handles  0x000000000201340c     0x1000 c:/users/ignasi/desktop/sdk_nintendods_vscode_mini-ide/ndside/msys64/opt/devkitpro/devkitarm/bin/../lib/gcc/arm-none-eabi/8.3.0/../../../../arm-none-eabi/lib/thumb\libsysbase.a(handle_manager.o)
 *(EXCLUDE_FILE(*.twl*) .gnu.linkonce.d*)
                0x000000000201440c                . = ALIGN (0x4)
                0x000000000201440c                __data_end = ABSOLUTE (.)
                0x000000000201440c                __bss_vma = .

.igot.plt       0x000000000201440c        0x0
 .igot.plt      0x000000000201440c        0x0 c:/users/ignasi/desktop/sdk_nintendods_vscode_mini-ide/ndside/msys64/opt/devkitpro/devkitarm/bin/../lib/gcc/arm-none-eabi/8.3.0/../../../../arm-none-eabi/lib/thumb/ds_arm9_crt0.o

.tm_clone_table
                0x000000000201440c        0x0
 .tm_clone_table
                0x000000000201440c        0x0 c:/users/ignasi/desktop/sdk_nintendods_vscode_mini-ide/ndside/msys64/opt/devkitpro/devkitarm/bin/../lib/gcc/arm-none-eabi/8.3.0/thumb/crtbegin.o
 .tm_clone_table
                0x000000000201440c        0x0 c:/users/ignasi/desktop/sdk_nintendods_vscode_mini-ide/ndside/msys64/opt/devkitpro/devkitarm/bin/../lib/gcc/arm-none-eabi/8.3.0/thumb/crtend.o

.dtcm           0x000000000b000000        0x0 load address 0x000000000201440c
                0x000000000201440c                __dtcm_lma = LOADADDR (.dtcm)
                0x000000000b000000                __dtcm_start = ABSOLUTE (.)
 *(.dtcm)
 *(.dtcm.*)
                0x000000000b000000                . = ALIGN (0x4)
                0x000000000b000000                __dtcm_end = ABSOLUTE (.)

.itcm           0x0000000001000100      0x194 load address 0x000000000201440c
                0x000000000201440c                __itcm_lma = LOADADDR (.itcm)
                0x0000000001000100                __itcm_start = ABSOLUTE (.)
 *(.itcm)
 .itcm          0x0000000001000100       0xc8 C:/Users/Ignasi/Desktop/SDK_NintendoDS_VSCode_Mini-IDE/ndside/msys64/opt/devkitpro/libnds/lib\libnds9.a(interrupts.o)
                0x0000000001000100                irqTable
 .itcm          0x00000000010001c8       0xcc C:/Users/Ignasi/Desktop/SDK_NintendoDS_VSCode_Mini-IDE/ndside/msys64/opt/devkitpro/libnds/lib\libnds9.a(interruptDispatcher.o)
                0x00000000010001c8                IntrMain
 *.itcm*(.text .stub .text.*)
                0x0000000001000294                . = ALIGN (0x4)
                0x0000000001000294                __itcm_end = ABSOLUTE (.)

.vectors        0x0000000001000000        0x0 load address 0x00000000020145a0
                0x00000000020145a0                __vectors_lma = LOADADDR (.vectors)
                0x0000000001000000                __vectors_start = ABSOLUTE (.)
 *(.vectors .vectors.*)
                0x0000000001000000                . = ALIGN (0x4)
                0x0000000001000000                __vectors_end = ABSOLUTE (.)

.sbss           0x000000000b000000        0x0
                0x000000000b000000                __sbss_start = ABSOLUTE (.)
                0x000000000b000000                __sbss_start__ = ABSOLUTE (.)
 *(.sbss)
                0x000000000b000000                . = ALIGN (0x4)
                0x000000000b000000                __sbss_end = ABSOLUTE (.)

.bss            0x000000000201440c      0xcb0
                0x000000000201440c                __bss_start = ABSOLUTE (.)
                0x000000000201440c                __bss_start__ = ABSOLUTE (.)
 *(EXCLUDE_FILE(*.twl*) .dynbss)
 *(EXCLUDE_FILE(*.twl*) .gnu.linkonce.b*)
 *(EXCLUDE_FILE(*.twl*) .bss*)
 .bss.completed.9044
                0x000000000201440c        0x1 c:/users/ignasi/desktop/sdk_nintendods_vscode_mini-ide/ndside/msys64/opt/devkitpro/devkitarm/bin/../lib/gcc/arm-none-eabi/8.3.0/thumb/crtbegin.o
 *fill*         0x000000000201440d        0x3 
 .bss.object.9049
                0x0000000002014410       0x18 c:/users/ignasi/desktop/sdk_nintendods_vscode_mini-ide/ndside/msys64/opt/devkitpro/devkitarm/bin/../lib/gcc/arm-none-eabi/8.3.0/thumb/crtbegin.o
 .bss           0x0000000002014428       0x10 main.o
                0x0000000002014428                playing
                0x000000000201442c                touch
 .bss.keys      0x0000000002014438        0x2 C:/Users/Ignasi/Desktop/SDK_NintendoDS_VSCode_Mini-IDE/ndside/msys64/opt/devkitpro/libnds/lib\libnds9.a(keys.o)
 .bss.keysold   0x000000000201443a        0x2 C:/Users/Ignasi/Desktop/SDK_NintendoDS_VSCode_Mini-IDE/ndside/msys64/opt/devkitpro/libnds/lib\libnds9.a(keys.o)
 .bss.keysrepeat
                0x000000000201443c        0x2 C:/Users/Ignasi/Desktop/SDK_NintendoDS_VSCode_Mini-IDE/ndside/msys64/opt/devkitpro/libnds/lib\libnds9.a(keys.o)
 *fill*         0x000000000201443e        0x2 
 .bss.processing
                0x0000000002014440        0x4 C:/Users/Ignasi/Desktop/SDK_NintendoDS_VSCode_Mini-IDE/ndside/msys64/opt/devkitpro/libnds/lib\libnds9.a(fifosystem.o)
                0x0000000002014440                processing
 .bss.SDcallback
                0x0000000002014444        0x4 C:/Users/Ignasi/Desktop/SDK_NintendoDS_VSCode_Mini-IDE/ndside/msys64/opt/devkitpro/libnds/lib\libnds9.a(system.o)
 .bss.__malloc_current_mallinfo
                0x0000000002014448       0x28 c:/users/ignasi/desktop/sdk_nintendods_vscode_mini-ide/ndside/msys64/opt/devkitpro/devkitarm/bin/../lib/gcc/arm-none-eabi/8.3.0/../../../../arm-none-eabi/lib/thumb\libg.a(lib_a-mallocr.o)
                0x0000000002014448                __malloc_current_mallinfo
 .bss.__malloc_max_sbrked_mem
                0x0000000002014470        0x4 c:/users/ignasi/desktop/sdk_nintendods_vscode_mini-ide/ndside/msys64/opt/devkitpro/devkitarm/bin/../lib/gcc/arm-none-eabi/8.3.0/../../../../arm-none-eabi/lib/thumb\libg.a(lib_a-mallocr.o)
                0x0000000002014470                __malloc_max_sbrked_mem
 .bss.__malloc_max_total_mem
                0x0000000002014474        0x4 c:/users/ignasi/desktop/sdk_nintendods_vscode_mini-ide/ndside/msys64/opt/devkitpro/devkitarm/bin/../lib/gcc/arm-none-eabi/8.3.0/../../../../arm-none-eabi/lib/thumb\libg.a(lib_a-mallocr.o)
                0x0000000002014474                __malloc_max_total_mem
 .bss.__malloc_top_pad
                0x0000000002014478        0x4 c:/users/ignasi/desktop/sdk_nintendods_vscode_mini-ide/ndside/msys64/opt/devkitpro/devkitarm/bin/../lib/gcc/arm-none-eabi/8.3.0/../../../../arm-none-eabi/lib/thumb\libg.a(lib_a-mallocr.o)
                0x0000000002014478                __malloc_top_pad
 .bss.heap_start.6107
                0x000000000201447c        0x4 c:/users/ignasi/desktop/sdk_nintendods_vscode_mini-ide/ndside/msys64/opt/devkitpro/devkitarm/bin/../lib/gcc/arm-none-eabi/8.3.0/../../../../arm-none-eabi/lib/thumb\libsysbase.a(sbrk.o)
 .bss.fake_heap_end
                0x0000000002014480        0x4 c:/users/ignasi/desktop/sdk_nintendods_vscode_mini-ide/ndside/msys64/opt/devkitpro/devkitarm/bin/../lib/gcc/arm-none-eabi/8.3.0/../../../../arm-none-eabi/lib/thumb\libsysbase.a(malloc_vars.o)
                0x0000000002014480                fake_heap_end
 .bss.fake_heap_start
                0x0000000002014484        0x4 c:/users/ignasi/desktop/sdk_nintendods_vscode_mini-ide/ndside/msys64/opt/devkitpro/devkitarm/bin/../lib/gcc/arm-none-eabi/8.3.0/../../../../arm-none-eabi/lib/thumb\libsysbase.a(malloc_vars.o)
                0x0000000002014484                fake_heap_start
 .bss.__syscalls
                0x0000000002014488       0x48 c:/users/ignasi/desktop/sdk_nintendods_vscode_mini-ide/ndside/msys64/opt/devkitpro/devkitarm/bin/../lib/gcc/arm-none-eabi/8.3.0/../../../../arm-none-eabi/lib/thumb\libsysbase.a(syscall_support.o)
                0x0000000002014488                __syscalls
 *(EXCLUDE_FILE(*.twl*) COMMON)
 COMMON         0x00000000020144d0       0x5c C:/Users/Ignasi/Desktop/SDK_NintendoDS_VSCode_Mini-IDE/ndside/msys64/opt/devkitpro/libnds/lib\libnds9.a(console.o)
                0x00000000020144d0                currentCopy
 COMMON         0x000000000201452c        0x1 C:/Users/Ignasi/Desktop/SDK_NintendoDS_VSCode_Mini-IDE/ndside/msys64/opt/devkitpro/libnds/lib\libnds9.a(initSystem.o)
                0x000000000201452c                __dsimode
 *fill*         0x000000000201452d        0x3 
 COMMON         0x0000000002014530        0x4 C:/Users/Ignasi/Desktop/SDK_NintendoDS_VSCode_Mini-IDE/ndside/msys64/opt/devkitpro/libnds/lib\libnds9.a(timeSupport.o)
                0x0000000002014530                punixTime
 COMMON         0x0000000002014534      0xa40 C:/Users/Ignasi/Desktop/SDK_NintendoDS_VSCode_Mini-IDE/ndside/msys64/opt/devkitpro/libnds/lib\libnds9.a(fifosystem.o)
                0x0000000002014534                fifo_datamsg_data
                0x0000000002014574                fifo_buffer
                0x0000000002014d74                fifo_value32_func
                0x0000000002014db4                fifo_address_func
                0x0000000002014df4                fifo_value32_data
                0x0000000002014e34                fifo_value32_queue
                0x0000000002014e74                fifo_data_queue
                0x0000000002014eb4                fifo_address_data
                0x0000000002014ef4                fifo_datamsg_func
                0x0000000002014f34                fifo_address_queue
 COMMON         0x0000000002014f74      0x148 C:/Users/Ignasi/Desktop/SDK_NintendoDS_VSCode_Mini-IDE/ndside/msys64/opt/devkitpro/libnds/lib\libnds9.a(background.o)
                0x0000000002014f74                bgState
                0x00000000020150b4                bgIsTextLut
                0x00000000020150bc                . = ALIGN (0x4)
                0x00000000020150bc                __bss_end__ = ABSOLUTE (.)
                0x00000000020150bc                __end__ = ABSOLUTE (.)

.twl            0x00000000020150bc        0x0 load address 0x0000000002400000
                0x0000000002400000                __arm9i_lma__ = LOADADDR (.twl)
                0x00000000020150bc                __arm9i_start__ = ABSOLUTE (.)
 *(.twl)
 *.twl*(.text .stub .text.* .gnu.linkonce.t.*)
 *.twl*(.rodata)
 *.twl*(.roda)
 *.twl*(.rodata.*)
 *.twl*(.data)
 *.twl*(.data.*)
 *.twl*(.gnu.linkonce.d*)
                0x00000000020150bc                __arm9i_end__ = ABSOLUTE (.)

.twl_bss        0x00000000020150bc        0x0
                0x00000000020150bc                __twl_bss_start__ = ABSOLUTE (.)
 *(.twl_bss)
 *.twl*(.dynbss)
 *.twl*(.gnu.linkonce.b*)
 *.twl*(.bss*)
 *.twl*(COMMON)
                0x00000000020150bc                . = ALIGN (0x4)
                0x00000000020150bc                __twl_bss_end__ = ABSOLUTE (.)
                0x00000000020150bc                __twl_end__ = ABSOLUTE (.)

.stab
 *(.stab)

.stabstr
 *(.stabstr)

.stab.excl
 *(.stab.excl)

.stab.exclstr
 *(.stab.exclstr)

.stab.index
 *(.stab.index)

.stab.indexstr
 *(.stab.indexstr)

.comment        0x0000000000000000       0x44
 *(.comment)
 .comment       0x0000000000000000       0x22 c:/users/ignasi/desktop/sdk_nintendods_vscode_mini-ide/ndside/msys64/opt/devkitpro/devkitarm/bin/../lib/gcc/arm-none-eabi/8.3.0/thumb/crtbegin.o
                                         0x23 (size before relaxing)
 .comment       0x0000000000000022       0x23 main.o
 .comment       0x0000000000000022       0x22 C:/Users/Ignasi/Desktop/SDK_NintendoDS_VSCode_Mini-IDE/ndside/msys64/opt/devkitpro/libnds/lib\libnds9.a(touch.o)
                                         0x23 (size before relaxing)
 .comment       0x0000000000000044       0x23 C:/Users/Ignasi/Desktop/SDK_NintendoDS_VSCode_Mini-IDE/ndside/msys64/opt/devkitpro/libnds/lib\libnds9.a(console.o)
 .comment       0x0000000000000044       0x23 C:/Users/Ignasi/Desktop/SDK_NintendoDS_VSCode_Mini-IDE/ndside/msys64/opt/devkitpro/libnds/lib\libnds9.a(keys.o)
 .comment       0x0000000000000044       0x23 C:/Users/Ignasi/Desktop/SDK_NintendoDS_VSCode_Mini-IDE/ndside/msys64/opt/devkitpro/libnds/lib\libnds9.a(initSystem.o)
 .comment       0x0000000000000044       0x23 C:/Users/Ignasi/Desktop/SDK_NintendoDS_VSCode_Mini-IDE/ndside/msys64/opt/devkitpro/libnds/lib\libnds9.a(timeSupport.o)
 .comment       0x0000000000000044       0x23 C:/Users/Ignasi/Desktop/SDK_NintendoDS_VSCode_Mini-IDE/ndside/msys64/opt/devkitpro/libnds/lib\libnds9.a(securearea.o)
 .comment       0x0000000000000044       0x23 C:/Users/Ignasi/Desktop/SDK_NintendoDS_VSCode_Mini-IDE/ndside/msys64/opt/devkitpro/libnds/lib\libnds9.a(interrupts.o)
 .comment       0x0000000000000044       0x23 C:/Users/Ignasi/Desktop/SDK_NintendoDS_VSCode_Mini-IDE/ndside/msys64/opt/devkitpro/libnds/lib\libnds9.a(libnds_exit.arm.o)
 .comment       0x0000000000000044       0x23 C:/Users/Ignasi/Desktop/SDK_NintendoDS_VSCode_Mini-IDE/ndside/msys64/opt/devkitpro/libnds/lib\libnds9.a(fifosystem.o)
 .comment       0x0000000000000044       0x23 C:/Users/Ignasi/Desktop/SDK_NintendoDS_VSCode_Mini-IDE/ndside/msys64/opt/devkitpro/libnds/lib\libnds9.a(background.o)
 .comment       0x0000000000000044       0x23 C:/Users/Ignasi/Desktop/SDK_NintendoDS_VSCode_Mini-IDE/ndside/msys64/opt/devkitpro/libnds/lib\libnds9.a(video.o)
 .comment       0x0000000000000044       0x23 C:/Users/Ignasi/Desktop/SDK_NintendoDS_VSCode_Mini-IDE/ndside/msys64/opt/devkitpro/libnds/lib\libnds9.a(system.o)
 .comment       0x0000000000000044       0x23 C:/Users/Ignasi/Desktop/SDK_NintendoDS_VSCode_Mini-IDE/ndside/msys64/opt/devkitpro/libnds/lib\libnds9.a(trig.o)
 .comment       0x0000000000000044       0x23 c:/users/ignasi/desktop/sdk_nintendods_vscode_mini-ide/ndside/msys64/opt/devkitpro/devkitarm/bin/../lib/gcc/arm-none-eabi/8.3.0/../../../../arm-none-eabi/lib/thumb\libg.a(lib_a-init.o)
 .comment       0x0000000000000044       0x23 c:/users/ignasi/desktop/sdk_nintendods_vscode_mini-ide/ndside/msys64/opt/devkitpro/devkitarm/bin/../lib/gcc/arm-none-eabi/8.3.0/../../../../arm-none-eabi/lib/thumb\libg.a(lib_a-iprintf.o)
 .comment       0x0000000000000044       0x23 c:/users/ignasi/desktop/sdk_nintendods_vscode_mini-ide/ndside/msys64/opt/devkitpro/devkitarm/bin/../lib/gcc/arm-none-eabi/8.3.0/../../../../arm-none-eabi/lib/thumb\libg.a(lib_a-memcpy-stub.o)
 .comment       0x0000000000000044       0x23 c:/users/ignasi/desktop/sdk_nintendods_vscode_mini-ide/ndside/msys64/opt/devkitpro/devkitarm/bin/../lib/gcc/arm-none-eabi/8.3.0/../../../../arm-none-eabi/lib/thumb\libg.a(lib_a-memset.o)
 .comment       0x0000000000000044       0x23 c:/users/ignasi/desktop/sdk_nintendods_vscode_mini-ide/ndside/msys64/opt/devkitpro/devkitarm/bin/../lib/gcc/arm-none-eabi/8.3.0/../../../../arm-none-eabi/lib/thumb\libg.a(lib_a-setvbuf.o)
 .comment       0x0000000000000044       0x23 c:/users/ignasi/desktop/sdk_nintendods_vscode_mini-ide/ndside/msys64/opt/devkitpro/devkitarm/bin/../lib/gcc/arm-none-eabi/8.3.0/../../../../arm-none-eabi/lib/thumb\libg.a(lib_a-siscanf.o)
 .comment       0x0000000000000044       0x23 c:/users/ignasi/desktop/sdk_nintendods_vscode_mini-ide/ndside/msys64/opt/devkitpro/devkitarm/bin/../lib/gcc/arm-none-eabi/8.3.0/../../../../arm-none-eabi/lib/thumb\libg.a(lib_a-stdio.o)
 .comment       0x0000000000000044       0x23 c:/users/ignasi/desktop/sdk_nintendods_vscode_mini-ide/ndside/msys64/opt/devkitpro/devkitarm/bin/../lib/gcc/arm-none-eabi/8.3.0/../../../../arm-none-eabi/lib/thumb\libg.a(lib_a-strlen-stub.o)
 .comment       0x0000000000000044       0x23 c:/users/ignasi/desktop/sdk_nintendods_vscode_mini-ide/ndside/msys64/opt/devkitpro/devkitarm/bin/../lib/gcc/arm-none-eabi/8.3.0/../../../../arm-none-eabi/lib/thumb\libg.a(lib_a-svfiscanf.o)
 .comment       0x0000000000000044       0x23 c:/users/ignasi/desktop/sdk_nintendods_vscode_mini-ide/ndside/msys64/opt/devkitpro/devkitarm/bin/../lib/gcc/arm-none-eabi/8.3.0/../../../../arm-none-eabi/lib/thumb\libg.a(lib_a-ungetc.o)
 .comment       0x0000000000000044       0x23 c:/users/ignasi/desktop/sdk_nintendods_vscode_mini-ide/ndside/msys64/opt/devkitpro/devkitarm/bin/../lib/gcc/arm-none-eabi/8.3.0/../../../../arm-none-eabi/lib/thumb\libg.a(lib_a-vfiprintf.o)
 .comment       0x0000000000000044       0x23 c:/users/ignasi/desktop/sdk_nintendods_vscode_mini-ide/ndside/msys64/opt/devkitpro/devkitarm/bin/../lib/gcc/arm-none-eabi/8.3.0/../../../../arm-none-eabi/lib/thumb\libg.a(lib_a-wcrtomb.o)
 .comment       0x0000000000000044       0x23 c:/users/ignasi/desktop/sdk_nintendods_vscode_mini-ide/ndside/msys64/opt/devkitpro/devkitarm/bin/../lib/gcc/arm-none-eabi/8.3.0/../../../../arm-none-eabi/lib/thumb\libg.a(lib_a-wcsrtombs.o)
 .comment       0x0000000000000044       0x23 c:/users/ignasi/desktop/sdk_nintendods_vscode_mini-ide/ndside/msys64/opt/devkitpro/devkitarm/bin/../lib/gcc/arm-none-eabi/8.3.0/../../../../arm-none-eabi/lib/thumb\libg.a(lib_a-wsetup.o)
 .comment       0x0000000000000044       0x23 c:/users/ignasi/desktop/sdk_nintendods_vscode_mini-ide/ndside/msys64/opt/devkitpro/devkitarm/bin/../lib/gcc/arm-none-eabi/8.3.0/../../../../arm-none-eabi/lib/thumb\libg.a(lib_a-ctype_.o)
 .comment       0x0000000000000044       0x23 c:/users/ignasi/desktop/sdk_nintendods_vscode_mini-ide/ndside/msys64/opt/devkitpro/devkitarm/bin/../lib/gcc/arm-none-eabi/8.3.0/../../../../arm-none-eabi/lib/thumb\libg.a(lib_a-fflush.o)
 .comment       0x0000000000000044       0x23 c:/users/ignasi/desktop/sdk_nintendods_vscode_mini-ide/ndside/msys64/opt/devkitpro/devkitarm/bin/../lib/gcc/arm-none-eabi/8.3.0/../../../../arm-none-eabi/lib/thumb\libg.a(lib_a-findfp.o)
 .comment       0x0000000000000044       0x23 c:/users/ignasi/desktop/sdk_nintendods_vscode_mini-ide/ndside/msys64/opt/devkitpro/devkitarm/bin/../lib/gcc/arm-none-eabi/8.3.0/../../../../arm-none-eabi/lib/thumb\libg.a(lib_a-freer.o)
 .comment       0x0000000000000044       0x23 c:/users/ignasi/desktop/sdk_nintendods_vscode_mini-ide/ndside/msys64/opt/devkitpro/devkitarm/bin/../lib/gcc/arm-none-eabi/8.3.0/../../../../arm-none-eabi/lib/thumb\libg.a(lib_a-fvwrite.o)
 .comment       0x0000000000000044       0x23 c:/users/ignasi/desktop/sdk_nintendods_vscode_mini-ide/ndside/msys64/opt/devkitpro/devkitarm/bin/../lib/gcc/arm-none-eabi/8.3.0/../../../../arm-none-eabi/lib/thumb\libg.a(lib_a-fwalk.o)
 .comment       0x0000000000000044       0x23 c:/users/ignasi/desktop/sdk_nintendods_vscode_mini-ide/ndside/msys64/opt/devkitpro/devkitarm/bin/../lib/gcc/arm-none-eabi/8.3.0/../../../../arm-none-eabi/lib/thumb\libg.a(lib_a-impure.o)
 .comment       0x0000000000000044       0x23 c:/users/ignasi/desktop/sdk_nintendods_vscode_mini-ide/ndside/msys64/opt/devkitpro/devkitarm/bin/../lib/gcc/arm-none-eabi/8.3.0/../../../../arm-none-eabi/lib/thumb\libg.a(lib_a-iswspace.o)
 .comment       0x0000000000000044       0x23 c:/users/ignasi/desktop/sdk_nintendods_vscode_mini-ide/ndside/msys64/opt/devkitpro/devkitarm/bin/../lib/gcc/arm-none-eabi/8.3.0/../../../../arm-none-eabi/lib/thumb\libg.a(lib_a-localeconv.o)
 .comment       0x0000000000000044       0x23 c:/users/ignasi/desktop/sdk_nintendods_vscode_mini-ide/ndside/msys64/opt/devkitpro/devkitarm/bin/../lib/gcc/arm-none-eabi/8.3.0/../../../../arm-none-eabi/lib/thumb\libg.a(lib_a-locale.o)
 .comment       0x0000000000000044       0x23 c:/users/ignasi/desktop/sdk_nintendods_vscode_mini-ide/ndside/msys64/opt/devkitpro/devkitarm/bin/../lib/gcc/arm-none-eabi/8.3.0/../../../../arm-none-eabi/lib/thumb\libg.a(lib_a-makebuf.o)
 .comment       0x0000000000000044       0x23 c:/users/ignasi/desktop/sdk_nintendods_vscode_mini-ide/ndside/msys64/opt/devkitpro/devkitarm/bin/../lib/gcc/arm-none-eabi/8.3.0/../../../../arm-none-eabi/lib/thumb\libg.a(lib_a-malloc.o)
 .comment       0x0000000000000044       0x23 c:/users/ignasi/desktop/sdk_nintendods_vscode_mini-ide/ndside/msys64/opt/devkitpro/devkitarm/bin/../lib/gcc/arm-none-eabi/8.3.0/../../../../arm-none-eabi/lib/thumb\libg.a(lib_a-mallocr.o)
 .comment       0x0000000000000044       0x23 c:/users/ignasi/desktop/sdk_nintendods_vscode_mini-ide/ndside/msys64/opt/devkitpro/devkitarm/bin/../lib/gcc/arm-none-eabi/8.3.0/../../../../arm-none-eabi/lib/thumb\libg.a(lib_a-mbrtowc.o)
 .comment       0x0000000000000044       0x23 c:/users/ignasi/desktop/sdk_nintendods_vscode_mini-ide/ndside/msys64/opt/devkitpro/devkitarm/bin/../lib/gcc/arm-none-eabi/8.3.0/../../../../arm-none-eabi/lib/thumb\libg.a(lib_a-mbtowc_r.o)
 .comment       0x0000000000000044       0x23 c:/users/ignasi/desktop/sdk_nintendods_vscode_mini-ide/ndside/msys64/opt/devkitpro/devkitarm/bin/../lib/gcc/arm-none-eabi/8.3.0/../../../../arm-none-eabi/lib/thumb\libg.a(lib_a-memchr-stub.o)
 .comment       0x0000000000000044       0x23 c:/users/ignasi/desktop/sdk_nintendods_vscode_mini-ide/ndside/msys64/opt/devkitpro/devkitarm/bin/../lib/gcc/arm-none-eabi/8.3.0/../../../../arm-none-eabi/lib/thumb\libg.a(lib_a-memmove.o)
 .comment       0x0000000000000044       0x23 c:/users/ignasi/desktop/sdk_nintendods_vscode_mini-ide/ndside/msys64/opt/devkitpro/devkitarm/bin/../lib/gcc/arm-none-eabi/8.3.0/../../../../arm-none-eabi/lib/thumb\libg.a(lib_a-mlock.o)
 .comment       0x0000000000000044       0x23 c:/users/ignasi/desktop/sdk_nintendods_vscode_mini-ide/ndside/msys64/opt/devkitpro/devkitarm/bin/../lib/gcc/arm-none-eabi/8.3.0/../../../../arm-none-eabi/lib/thumb\libg.a(lib_a-realloc.o)
 .comment       0x0000000000000044       0x23 c:/users/ignasi/desktop/sdk_nintendods_vscode_mini-ide/ndside/msys64/opt/devkitpro/devkitarm/bin/../lib/gcc/arm-none-eabi/8.3.0/../../../../arm-none-eabi/lib/thumb\libg.a(lib_a-reallocr.o)
 .comment       0x0000000000000044       0x23 c:/users/ignasi/desktop/sdk_nintendods_vscode_mini-ide/ndside/msys64/opt/devkitpro/devkitarm/bin/../lib/gcc/arm-none-eabi/8.3.0/../../../../arm-none-eabi/lib/thumb\libg.a(lib_a-sccl.o)
 .comment       0x0000000000000044       0x23 c:/users/ignasi/desktop/sdk_nintendods_vscode_mini-ide/ndside/msys64/opt/devkitpro/devkitarm/bin/../lib/gcc/arm-none-eabi/8.3.0/../../../../arm-none-eabi/lib/thumb\libg.a(lib_a-strncpy.o)
 .comment       0x0000000000000044       0x23 c:/users/ignasi/desktop/sdk_nintendods_vscode_mini-ide/ndside/msys64/opt/devkitpro/devkitarm/bin/../lib/gcc/arm-none-eabi/8.3.0/../../../../arm-none-eabi/lib/thumb\libg.a(lib_a-strtoll.o)
 .comment       0x0000000000000044       0x23 c:/users/ignasi/desktop/sdk_nintendods_vscode_mini-ide/ndside/msys64/opt/devkitpro/devkitarm/bin/../lib/gcc/arm-none-eabi/8.3.0/../../../../arm-none-eabi/lib/thumb\libg.a(lib_a-strtol.o)
 .comment       0x0000000000000044       0x23 c:/users/ignasi/desktop/sdk_nintendods_vscode_mini-ide/ndside/msys64/opt/devkitpro/devkitarm/bin/../lib/gcc/arm-none-eabi/8.3.0/../../../../arm-none-eabi/lib/thumb\libg.a(lib_a-strtoull.o)
 .comment       0x0000000000000044       0x23 c:/users/ignasi/desktop/sdk_nintendods_vscode_mini-ide/ndside/msys64/opt/devkitpro/devkitarm/bin/../lib/gcc/arm-none-eabi/8.3.0/../../../../arm-none-eabi/lib/thumb\libg.a(lib_a-strtoul.o)
 .comment       0x0000000000000044       0x23 c:/users/ignasi/desktop/sdk_nintendods_vscode_mini-ide/ndside/msys64/opt/devkitpro/devkitarm/bin/../lib/gcc/arm-none-eabi/8.3.0/../../../../arm-none-eabi/lib/thumb\libg.a(lib_a-svfiprintf.o)
 .comment       0x0000000000000044       0x23 c:/users/ignasi/desktop/sdk_nintendods_vscode_mini-ide/ndside/msys64/opt/devkitpro/devkitarm/bin/../lib/gcc/arm-none-eabi/8.3.0/../../../../arm-none-eabi/lib/thumb\libg.a(lib_a-wcsnrtombs.o)
 .comment       0x0000000000000044       0x23 c:/users/ignasi/desktop/sdk_nintendods_vscode_mini-ide/ndside/msys64/opt/devkitpro/devkitarm/bin/../lib/gcc/arm-none-eabi/8.3.0/../../../../arm-none-eabi/lib/thumb\libg.a(lib_a-wctomb_r.o)
 .comment       0x0000000000000044       0x23 c:/users/ignasi/desktop/sdk_nintendods_vscode_mini-ide/ndside/msys64/opt/devkitpro/devkitarm/bin/../lib/gcc/arm-none-eabi/8.3.0/../../../../arm-none-eabi/lib/thumb\libg.a(lib_a-fclose.o)
 .comment       0x0000000000000044       0x23 c:/users/ignasi/desktop/sdk_nintendods_vscode_mini-ide/ndside/msys64/opt/devkitpro/devkitarm/bin/../lib/gcc/arm-none-eabi/8.3.0/../../../../arm-none-eabi/lib/thumb\libg.a(lib_a-iswspace_l.o)
 .comment       0x0000000000000044       0x23 c:/users/ignasi/desktop/sdk_nintendods_vscode_mini-ide/ndside/msys64/opt/devkitpro/devkitarm/bin/../lib/gcc/arm-none-eabi/8.3.0/../../../../arm-none-eabi/lib/thumb\libg.a(lib_a-jp2uc.o)
 .comment       0x0000000000000044       0x23 c:/users/ignasi/desktop/sdk_nintendods_vscode_mini-ide/ndside/msys64/opt/devkitpro/devkitarm/bin/../lib/gcc/arm-none-eabi/8.3.0/../../../../arm-none-eabi/lib/thumb\libg.a(lib_a-categories.o)
 .comment       0x0000000000000044       0x23 c:/users/ignasi/desktop/sdk_nintendods_vscode_mini-ide/ndside/msys64/opt/devkitpro/devkitarm/bin/../lib/gcc/arm-none-eabi/8.3.0/../../../../arm-none-eabi/lib/thumb\libsysbase.a(iosupport.o)
 .comment       0x0000000000000044       0x23 c:/users/ignasi/desktop/sdk_nintendods_vscode_mini-ide/ndside/msys64/opt/devkitpro/devkitarm/bin/../lib/gcc/arm-none-eabi/8.3.0/../../../../arm-none-eabi/lib/thumb\libsysbase.a(close.o)
 .comment       0x0000000000000044       0x23 c:/users/ignasi/desktop/sdk_nintendods_vscode_mini-ide/ndside/msys64/opt/devkitpro/devkitarm/bin/../lib/gcc/arm-none-eabi/8.3.0/../../../../arm-none-eabi/lib/thumb\libsysbase.a(fstat.o)
 .comment       0x0000000000000044       0x23 c:/users/ignasi/desktop/sdk_nintendods_vscode_mini-ide/ndside/msys64/opt/devkitpro/devkitarm/bin/../lib/gcc/arm-none-eabi/8.3.0/../../../../arm-none-eabi/lib/thumb\libsysbase.a(isatty.o)
 .comment       0x0000000000000044       0x23 c:/users/ignasi/desktop/sdk_nintendods_vscode_mini-ide/ndside/msys64/opt/devkitpro/devkitarm/bin/../lib/gcc/arm-none-eabi/8.3.0/../../../../arm-none-eabi/lib/thumb\libsysbase.a(lseek.o)
 .comment       0x0000000000000044       0x23 c:/users/ignasi/desktop/sdk_nintendods_vscode_mini-ide/ndside/msys64/opt/devkitpro/devkitarm/bin/../lib/gcc/arm-none-eabi/8.3.0/../../../../arm-none-eabi/lib/thumb\libsysbase.a(read.o)
 .comment       0x0000000000000044       0x23 c:/users/ignasi/desktop/sdk_nintendods_vscode_mini-ide/ndside/msys64/opt/devkitpro/devkitarm/bin/../lib/gcc/arm-none-eabi/8.3.0/../../../../arm-none-eabi/lib/thumb\libsysbase.a(sbrk.o)
 .comment       0x0000000000000044       0x23 c:/users/ignasi/desktop/sdk_nintendods_vscode_mini-ide/ndside/msys64/opt/devkitpro/devkitarm/bin/../lib/gcc/arm-none-eabi/8.3.0/../../../../arm-none-eabi/lib/thumb\libsysbase.a(write.o)
 .comment       0x0000000000000044       0x23 c:/users/ignasi/desktop/sdk_nintendods_vscode_mini-ide/ndside/msys64/opt/devkitpro/devkitarm/bin/../lib/gcc/arm-none-eabi/8.3.0/../../../../arm-none-eabi/lib/thumb\libsysbase.a(malloc_vars.o)
 .comment       0x0000000000000044       0x23 c:/users/ignasi/desktop/sdk_nintendods_vscode_mini-ide/ndside/msys64/opt/devkitpro/devkitarm/bin/../lib/gcc/arm-none-eabi/8.3.0/../../../../arm-none-eabi/lib/thumb\libsysbase.a(build_argv.o)
 .comment       0x0000000000000044       0x23 c:/users/ignasi/desktop/sdk_nintendods_vscode_mini-ide/ndside/msys64/opt/devkitpro/devkitarm/bin/../lib/gcc/arm-none-eabi/8.3.0/../../../../arm-none-eabi/lib/thumb\libsysbase.a(flock.o)
 .comment       0x0000000000000044       0x23 c:/users/ignasi/desktop/sdk_nintendods_vscode_mini-ide/ndside/msys64/opt/devkitpro/devkitarm/bin/../lib/gcc/arm-none-eabi/8.3.0/../../../../arm-none-eabi/lib/thumb\libsysbase.a(syscall_support.o)
 .comment       0x0000000000000044       0x23 c:/users/ignasi/desktop/sdk_nintendods_vscode_mini-ide/ndside/msys64/opt/devkitpro/devkitarm/bin/../lib/gcc/arm-none-eabi/8.3.0/../../../../arm-none-eabi/lib/thumb\libsysbase.a(handle_manager.o)
 .comment       0x0000000000000044       0x23 c:/users/ignasi/desktop/sdk_nintendods_vscode_mini-ide/ndside/msys64/opt/devkitpro/devkitarm/bin/../lib/gcc/arm-none-eabi/8.3.0/../../../../arm-none-eabi/lib/thumb\libsysbase.a(getreent.o)
 .comment       0x0000000000000044       0x23 c:/users/ignasi/desktop/sdk_nintendods_vscode_mini-ide/ndside/msys64/opt/devkitpro/devkitarm/bin/../lib/gcc/arm-none-eabi/8.3.0/thumb\libgcc.a(_muldi3.o)
 .comment       0x0000000000000044       0x23 c:/users/ignasi/desktop/sdk_nintendods_vscode_mini-ide/ndside/msys64/opt/devkitpro/devkitarm/bin/../lib/gcc/arm-none-eabi/8.3.0/thumb\libgcc.a(_udivmoddi4.o)
 .comment       0x0000000000000044       0x23 c:/users/ignasi/desktop/sdk_nintendods_vscode_mini-ide/ndside/msys64/opt/devkitpro/devkitarm/bin/../lib/gcc/arm-none-eabi/8.3.0/thumb/crtend.o

.ARM.attributes
                0x0000000000000000       0x2d
 .ARM.attributes
                0x0000000000000000       0x21 c:/users/ignasi/desktop/sdk_nintendods_vscode_mini-ide/ndside/msys64/opt/devkitpro/devkitarm/bin/../lib/gcc/arm-none-eabi/8.3.0/../../../../arm-none-eabi/lib/thumb/ds_arm9_crt0.o
 .ARM.attributes
                0x0000000000000021       0x1c c:/users/ignasi/desktop/sdk_nintendods_vscode_mini-ide/ndside/msys64/opt/devkitpro/devkitarm/bin/../lib/gcc/arm-none-eabi/8.3.0/thumb/crti.o
 .ARM.attributes
                0x000000000000003d       0x2a c:/users/ignasi/desktop/sdk_nintendods_vscode_mini-ide/ndside/msys64/opt/devkitpro/devkitarm/bin/../lib/gcc/arm-none-eabi/8.3.0/thumb/crtbegin.o
 .ARM.attributes
                0x0000000000000067       0x27 main.o
 .ARM.attributes
                0x000000000000008e       0x2b C:/Users/Ignasi/Desktop/SDK_NintendoDS_VSCode_Mini-IDE/ndside/msys64/opt/devkitpro/libnds/lib\libnds9.a(touch.o)
 .ARM.attributes