Archive member included to satisfy reference by file (symbol)

C:/Users/Ignasi/Desktop/SDK_NintendoDS_VSCode_Mini-IDE/ndside/msys64/opt/devkitpro/libnds/lib\libnds9.a(sprite_alloc.o)
                              main.o (oamAllocateGfx)
C:/Users/Ignasi/Desktop/SDK_NintendoDS_VSCode_Mini-IDE/ndside/msys64/opt/devkitpro/libnds/lib\libnds9.a(sprite.o)
                              main.o (oamInit)
C:/Users/Ignasi/Desktop/SDK_NintendoDS_VSCode_Mini-IDE/ndside/msys64/opt/devkitpro/libnds/lib\libnds9.a(keys.o)
                              main.o (scanKeys)
C:/Users/Ignasi/Desktop/SDK_NintendoDS_VSCode_Mini-IDE/ndside/msys64/opt/devkitpro/libnds/lib\libnds9.a(initSystem.o)
                              c:/users/ignasi/desktop/sdk_nintendods_vscode_mini-ide/ndside/msys64/opt/devkitpro/devkitarm/bin/../lib/gcc/arm-none-eabi/8.3.0/../../../../arm-none-eabi/lib/thumb/ds_arm9_crt0.o (initSystem)
C:/Users/Ignasi/Desktop/SDK_NintendoDS_VSCode_Mini-IDE/ndside/msys64/opt/devkitpro/libnds/lib\libnds9.a(timeSupport.o)
                              C:/Users/Ignasi/Desktop/SDK_NintendoDS_VSCode_Mini-IDE/ndside/msys64/opt/devkitpro/libnds/lib\libnds9.a(initSystem.o) (__libnds_gtod)
C:/Users/Ignasi/Desktop/SDK_NintendoDS_VSCode_Mini-IDE/ndside/msys64/opt/devkitpro/libnds/lib\libnds9.a(securearea.o)
                              c:/users/ignasi/desktop/sdk_nintendods_vscode_mini-ide/ndside/msys64/opt/devkitpro/devkitarm/bin/../lib/gcc/arm-none-eabi/8.3.0/../../../../arm-none-eabi/lib/thumb/ds_arm9_crt0.o (__secure_area__)
C:/Users/Ignasi/Desktop/SDK_NintendoDS_VSCode_Mini-IDE/ndside/msys64/opt/devkitpro/libnds/lib\libnds9.a(interrupts.o)
                              C:/Users/Ignasi/Desktop/SDK_NintendoDS_VSCode_Mini-IDE/ndside/msys64/opt/devkitpro/libnds/lib\libnds9.a(initSystem.o) (irqInit)
C:/Users/Ignasi/Desktop/SDK_NintendoDS_VSCode_Mini-IDE/ndside/msys64/opt/devkitpro/libnds/lib\libnds9.a(libnds_exit.arm.o)
                              c:/users/ignasi/desktop/sdk_nintendods_vscode_mini-ide/ndside/msys64/opt/devkitpro/devkitarm/bin/../lib/gcc/arm-none-eabi/8.3.0/../../../../arm-none-eabi/lib/thumb/ds_arm9_crt0.o (__libnds_exit)
C:/Users/Ignasi/Desktop/SDK_NintendoDS_VSCode_Mini-IDE/ndside/msys64/opt/devkitpro/libnds/lib\libnds9.a(fifosystem.o)
                              C:/Users/Ignasi/Desktop/SDK_NintendoDS_VSCode_Mini-IDE/ndside/msys64/opt/devkitpro/libnds/lib\libnds9.a(initSystem.o) (fifoSetValue32Handler)
C:/Users/Ignasi/Desktop/SDK_NintendoDS_VSCode_Mini-IDE/ndside/msys64/opt/devkitpro/libnds/lib\libnds9.a(dcache.o)
                              C:/Users/Ignasi/Desktop/SDK_NintendoDS_VSCode_Mini-IDE/ndside/msys64/opt/devkitpro/libnds/lib\libnds9.a(sprite.o) (DC_FlushRange)
C:/Users/Ignasi/Desktop/SDK_NintendoDS_VSCode_Mini-IDE/ndside/msys64/opt/devkitpro/libnds/lib\libnds9.a(mpu_setup.o)
                              c:/users/ignasi/desktop/sdk_nintendods_vscode_mini-ide/ndside/msys64/opt/devkitpro/devkitarm/bin/../lib/gcc/arm-none-eabi/8.3.0/../../../../arm-none-eabi/lib/thumb/ds_arm9_crt0.o (__libnds_mpu_setup)
C:/Users/Ignasi/Desktop/SDK_NintendoDS_VSCode_Mini-IDE/ndside/msys64/opt/devkitpro/libnds/lib\libnds9.a(IntrWait.o)
                              main.o (swiWaitForVBlank)
C:/Users/Ignasi/Desktop/SDK_NintendoDS_VSCode_Mini-IDE/ndside/msys64/opt/devkitpro/libnds/lib\libnds9.a(cpu_clock.o)
                              C:/Users/Ignasi/Desktop/SDK_NintendoDS_VSCode_Mini-IDE/ndside/msys64/opt/devkitpro/libnds/lib\libnds9.a(initSystem.o) (setCpuClock)
C:/Users/Ignasi/Desktop/SDK_NintendoDS_VSCode_Mini-IDE/ndside/msys64/opt/devkitpro/libnds/lib\libnds9.a(interruptDispatcher.o)
                              C:/Users/Ignasi/Desktop/SDK_NintendoDS_VSCode_Mini-IDE/ndside/msys64/opt/devkitpro/libnds/lib\libnds9.a(interrupts.o) (IntrMain)
C:/Users/Ignasi/Desktop/SDK_NintendoDS_VSCode_Mini-IDE/ndside/msys64/opt/devkitpro/libnds/lib\libnds9.a(swiSoftReset.o)
                              C:/Users/Ignasi/Desktop/SDK_NintendoDS_VSCode_Mini-IDE/ndside/msys64/opt/devkitpro/libnds/lib\libnds9.a(fifosystem.o) (swiSoftReset)
C:/Users/Ignasi/Desktop/SDK_NintendoDS_VSCode_Mini-IDE/ndside/msys64/opt/devkitpro/libnds/lib\libnds9.a(video.o)
                              C:/Users/Ignasi/Desktop/SDK_NintendoDS_VSCode_Mini-IDE/ndside/msys64/opt/devkitpro/libnds/lib\libnds9.a(initSystem.o) (vramDefault)
C:/Users/Ignasi/Desktop/SDK_NintendoDS_VSCode_Mini-IDE/ndside/msys64/opt/devkitpro/libnds/lib\libnds9.a(system.o)
                              C:/Users/Ignasi/Desktop/SDK_NintendoDS_VSCode_Mini-IDE/ndside/msys64/opt/devkitpro/libnds/lib\libnds9.a(initSystem.o) (systemValueHandler)
C:/Users/Ignasi/Desktop/SDK_NintendoDS_VSCode_Mini-IDE/ndside/msys64/opt/devkitpro/libnds/lib\libnds9.a(trig.o)
                              C:/Users/Ignasi/Desktop/SDK_NintendoDS_VSCode_Mini-IDE/ndside/msys64/opt/devkitpro/libnds/lib\libnds9.a(sprite.o) (sinLerp)
[...]
Memory Configuration

Name             Origin             Length             Attributes
ewram            0x0000000002000000 0x0000000000380000
dtcm             0x000000000b000000 0x0000000000004000
vectors          0x0000000001000000 0x0000000000000100
itcm             0x0000000001000100 0x0000000000007f00
*default*        0x0000000000000000 0xffffffffffffffff

Linker script and memory map

                0x0000000002380000                __ewram_end = (ORIGIN (ewram) + LENGTH (ewram))
                0x0000000002380000                __eheap_end = (ORIGIN (ewram) + LENGTH (ewram))
                0x000000000b004000                __dtcm_top = (ORIGIN (dtcm) + LENGTH (dtcm))
                0x000000000b003ff8                __irq_flags = (__dtcm_top - 0x8)
                0x000000000b003ffc                __irq_vector = (__dtcm_top - 0x4)
                0x000000000b003f00                __sp_svc = (__dtcm_top - 0x100)
                0x000000000b003e00                __sp_irq = (__sp_svc - 0x100)
                0x000000000b003d00                __sp_usr = (__sp_irq - 0x100)

.secure         0x0000000002000000      0x800
 *(.secure)
 .secure        0x0000000002000000      0x800 C:/Users/Ignasi/Desktop/SDK_NintendoDS_VSCode_Mini-IDE/ndside/msys64/opt/devkitpro/libnds/lib\libnds9.a(securearea.o)
                0x0000000002000000                __secure_area__

.crt0           0x0000000002000800      0x300
                0x0000000002000800                __text_start = .
 *(.crt0)
 .crt0          0x0000000002000800      0x300 c:/users/ignasi/desktop/sdk_nintendods_vscode_mini-ide/ndside/msys64/opt/devkitpro/devkitarm/bin/../lib/gcc/arm-none-eabi/8.3.0/../../../../arm-none-eabi/lib/thumb/ds_arm9_crt0.o
                0x0000000002000800                _start
                0x0000000002000b00                . = ALIGN (0x4)

.plt
 *(.plt)

.init           0x0000000002000b00        0xc
 *(SORT_NONE(.init))
 .init          0x0000000002000b00        0x4 c:/users/ignasi/desktop/sdk_nintendods_vscode_mini-ide/ndside/msys64/opt/devkitpro/devkitarm/bin/../lib/gcc/arm-none-eabi/8.3.0/thumb/crti.o
                0x0000000002000b00                _init
 .init          0x0000000002000b04        0x8 c:/users/ignasi/desktop/sdk_nintendods_vscode_mini-ide/ndside/msys64/opt/devkitpro/devkitarm/bin/../lib/gcc/arm-none-eabi/8.3.0/thumb/crtn.o

.text           0x0000000002000b10     0x2b88
 *(EXCLUDE_FILE(*.twl* *.vectors* *.itcm*) .text)
 .text          0x0000000002000b10       0xd4 main.o
                0x0000000002000b10                animateMan(Man*)
                0x0000000002000b4c                initMan(Man*, unsigned char*)
                0x0000000002000b6c                animateWoman(Woman*)
                0x0000000002000b7c                initWoman(Woman*, unsigned char*)
 *(EXCLUDE_FILE(*.twl* *.vectors* *.itcm*) .stub)
 *(EXCLUDE_FILE(*.twl* *.vectors* *.itcm*) .text.*)
 .text.deregister_tm_clones
                0x0000000002000be4       0x2c c:/users/ignasi/desktop/sdk_nintendods_vscode_mini-ide/ndside/msys64/opt/devkitpro/devkitarm/bin/../lib/gcc/arm-none-eabi/8.3.0/thumb/crtbegin.o
 .text.register_tm_clones
                0x0000000002000c10       0x34 c:/users/ignasi/desktop/sdk_nintendods_vscode_mini-ide/ndside/msys64/opt/devkitpro/devkitarm/bin/../lib/gcc/arm-none-eabi/8.3.0/thumb/crtbegin.o
 .text.__do_global_dtors_aux
                0x0000000002000c44       0x30 c:/users/ignasi/desktop/sdk_nintendods_vscode_mini-ide/ndside/msys64/opt/devkitpro/devkitarm/bin/../lib/gcc/arm-none-eabi/8.3.0/thumb/crtbegin.o
 .text.frame_dummy
                0x0000000002000c74       0x28 c:/users/ignasi/desktop/sdk_nintendods_vscode_mini-ide/ndside/msys64/opt/devkitpro/devkitarm/bin/../lib/gcc/arm-none-eabi/8.3.0/thumb/crtbegin.o
 .text.startup  0x0000000002000c9c      0x27c main.o
                0x0000000002000c9c                main
 .text.getAllocHeader
                0x0000000002000f18       0x28 C:/Users/Ignasi/Desktop/SDK_NintendoDS_VSCode_Mini-IDE/ndside/msys64/opt/devkitpro/libnds/lib\libnds9.a(sprite_alloc.o)
 .text.oamAllocReset
                0x0000000002000f40       0x1c C:/Users/Ignasi/Desktop/SDK_NintendoDS_VSCode_Mini-IDE/ndside/msys64/opt/devkitpro/libnds/lib\libnds9.a(sprite_alloc.o)
                0x0000000002000f40                oamAllocReset
 .text.oamAllocateGfx
                0x0000000002000f5c      0x224 C:/Users/Ignasi/Desktop/SDK_NintendoDS_VSCode_Mini-IDE/ndside/msys64/opt/devkitpro/libnds/lib\libnds9.a(sprite_alloc.o)
                0x0000000002000f5c                oamAllocateGfx
 .text.oamInit  0x0000000002001180      0x11c C:/Users/Ignasi/Desktop/SDK_NintendoDS_VSCode_Mini-IDE/ndside/msys64/opt/devkitpro/libnds/lib\libnds9.a(sprite.o)
                0x0000000002001180                oamInit
 .text.oamGetGfxPtr
                0x000000000200129c       0x38 C:/Users/Ignasi/Desktop/SDK_NintendoDS_VSCode_Mini-IDE/ndside/msys64/opt/devkitpro/libnds/lib\libnds9.a(sprite.o)
                0x000000000200129c                oamGetGfxPtr
 .text.oamGfxPtrToOffset
                0x00000000020012d4       0x34 C:/Users/Ignasi/Desktop/SDK_NintendoDS_VSCode_Mini-IDE/ndside/msys64/opt/devkitpro/libnds/lib\libnds9.a(sprite.o)
                0x00000000020012d4                oamGfxPtrToOffset
 .text.oamSet   0x0000000002001308      0x148 C:/Users/Ignasi/Desktop/SDK_NintendoDS_VSCode_Mini-IDE/ndside/msys64/opt/devkitpro/libnds/lib\libnds9.a(sprite.o)
                0x0000000002001308                oamSet
 .text.oamUpdate
                0x0000000002001450       0x60 C:/Users/Ignasi/Desktop/SDK_NintendoDS_VSCode_Mini-IDE/ndside/msys64/opt/devkitpro/libnds/lib\libnds9.a(sprite.o)
                0x0000000002001450                oamUpdate
 .text.scanKeys
                0x00000000020014b0       0x8c C:/Users/Ignasi/Desktop/SDK_NintendoDS_VSCode_Mini-IDE/ndside/msys64/opt/devkitpro/libnds/lib\libnds9.a(keys.o)
                0x00000000020014b0                scanKeys
 .text.keysHeld
                0x000000000200153c        0xc C:/Users/Ignasi/Desktop/SDK_NintendoDS_VSCode_Mini-IDE/ndside/msys64/opt/devkitpro/libnds/lib\libnds9.a(keys.o)
                0x000000000200153c                keysHeld
 .text.initSystem
                0x0000000002001548      0x198 C:/Users/Ignasi/Desktop/SDK_NintendoDS_VSCode_Mini-IDE/ndside/msys64/opt/devkitpro/libnds/lib\libnds9.a(initSystem.o)
                0x0000000002001548                initSystem
 .text.__libnds_gtod
                0x00000000020016e0       0x28 C:/Users/Ignasi/Desktop/SDK_NintendoDS_VSCode_Mini-IDE/ndside/msys64/opt/devkitpro/libnds/lib\libnds9.a(timeSupport.o)
                0x00000000020016e0                __libnds_gtod
 .text.irqDummy
                0x0000000002001708        0x4 C:/Users/Ignasi/Desktop/SDK_NintendoDS_VSCode_Mini-IDE/ndside/msys64/opt/devkitpro/libnds/lib\libnds9.a(interrupts.o)
                0x0000000002001708                irqDummy
 .text.irqSet   0x000000000200170c       0x6c C:/Users/Ignasi/Desktop/SDK_NintendoDS_VSCode_Mini-IDE/ndside/msys64/opt/devkitpro/libnds/lib\libnds9.a(interrupts.o)
                0x000000000200170c                irqSet
 .text.irqInit  0x0000000002001778       0x50 C:/Users/Ignasi/Desktop/SDK_NintendoDS_VSCode_Mini-IDE/ndside/msys64/opt/devkitpro/libnds/lib\libnds9.a(interrupts.o)
                0x0000000002001778                irqInit
 .text.irqEnable
                0x00000000020017c8       0x64 C:/Users/Ignasi/Desktop/SDK_NintendoDS_VSCode_Mini-IDE/ndside/msys64/opt/devkitpro/libnds/lib\libnds9.a(interrupts.o)
                0x00000000020017c8                irqEnable
 .text.systemErrorExit
                0x000000000200182c        0x4 C:/Users/Ignasi/Desktop/SDK_NintendoDS_VSCode_Mini-IDE/ndside/msys64/opt/devkitpro/libnds/lib\libnds9.a(libnds_exit.arm.o)
                0x000000000200182c                systemErrorExit
 .text.__libnds_exit
                0x0000000002001830       0x5c C:/Users/Ignasi/Desktop/SDK_NintendoDS_VSCode_Mini-IDE/ndside/msys64/opt/devkitpro/libnds/lib\libnds9.a(libnds_exit.arm.o)
                0x0000000002001830                __libnds_exit
 .text.fifo_waitBlock
                0x000000000200188c       0x80 C:/Users/Ignasi/Desktop/SDK_NintendoDS_VSCode_Mini-IDE/ndside/msys64/opt/devkitpro/libnds/lib\libnds9.a(fifosystem.o)
 .text.fifo_queueBlock
                0x000000000200190c       0x40 C:/Users/Ignasi/Desktop/SDK_NintendoDS_VSCode_Mini-IDE/ndside/msys64/opt/devkitpro/libnds/lib\libnds9.a(fifosystem.o)
 .text.fifoInternalSendInterrupt
                0x000000000200194c       0xac C:/Users/Ignasi/Desktop/SDK_NintendoDS_VSCode_Mini-IDE/ndside/msys64/opt/devkitpro/libnds/lib\libnds9.a(fifosystem.o)
 .text.fifoInternalSend.part.2
                0x00000000020019f8       0xd4 C:/Users/Ignasi/Desktop/SDK_NintendoDS_VSCode_Mini-IDE/ndside/msys64/opt/devkitpro/libnds/lib\libnds9.a(fifosystem.o)
 .text.fifoGetValue32.part.3
                0x0000000002001acc       0x74 C:/Users/Ignasi/Desktop/SDK_NintendoDS_VSCode_Mini-IDE/ndside/msys64/opt/devkitpro/libnds/lib\libnds9.a(fifosystem.o)
 .text.fifoSetValue32Handler
                0x0000000002001b40       0x78 C:/Users/Ignasi/Desktop/SDK_NintendoDS_VSCode_Mini-IDE/ndside/msys64/opt/devkitpro/libnds/lib\libnds9.a(fifosystem.o)
                0x0000000002001b40                fifoSetValue32Handler
 .text.fifoSendValue32
                0x0000000002001bb8       0x4c C:/Users/Ignasi/Desktop/SDK_NintendoDS_VSCode_Mini-IDE/ndside/msys64/opt/devkitpro/libnds/lib\libnds9.a(fifosystem.o)
                0x0000000002001bb8                fifoSendValue32
 .text.fifoGetDatamsg
                0x0000000002001c04      0x138 C:/Users/Ignasi/Desktop/SDK_NintendoDS_VSCode_Mini-IDE/ndside/msys64/opt/devkitpro/libnds/lib\libnds9.a(fifosystem.o)
                0x0000000002001c04                fifoGetDatamsg
 .text.fifoInternalRecvInterrupt
                0x0000000002001d3c      0x3dc C:/Users/Ignasi/Desktop/SDK_NintendoDS_VSCode_Mini-IDE/ndside/msys64/opt/devkitpro/libnds/lib\libnds9.a(fifosystem.o)
 .text.fifoSetDatamsgHandler
                0x0000000002002118       0x9c C:/Users/Ignasi/Desktop/SDK_NintendoDS_VSCode_Mini-IDE/ndside/msys64/opt/devkitpro/libnds/lib\libnds9.a(fifosystem.o)
                0x0000000002002118                fifoSetDatamsgHandler
 .text.fifoInit
                0x00000000020021b4      0x104 C:/Users/Ignasi/Desktop/SDK_NintendoDS_VSCode_Mini-IDE/ndside/msys64/opt/devkitpro/libnds/lib\libnds9.a(fifosystem.o)
                0x00000000020021b4                fifoInit
 .text.DC_FlushRange
                0x00000000020022b8       0x24 C:/Users/Ignasi/Desktop/SDK_NintendoDS_VSCode_Mini-IDE/ndside/msys64/opt/devkitpro/libnds/lib\libnds9.a(dcache.o)
                0x00000000020022b8                DC_FlushRange
 .text.__libnds_mpu_setup
                0x00000000020022dc      0x174 C:/Users/Ignasi/Desktop/SDK_NintendoDS_VSCode_Mini-IDE/ndside/msys64/opt/devkitpro/libnds/lib\libnds9.a(mpu_setup.o)
                0x00000000020022dc                __libnds_mpu_setup
 .text.memUncached
                0x0000000002002450       0x20 C:/Users/Ignasi/Desktop/SDK_NintendoDS_VSCode_Mini-IDE/ndside/msys64/opt/devkitpro/libnds/lib\libnds9.a(mpu_setup.o)
                0x0000000002002450                memUncached
 .text.swiWaitForVBlank
                0x0000000002002470        0x8 C:/Users/Ignasi/Desktop/SDK_NintendoDS_VSCode_Mini-IDE/ndside/msys64/opt/devkitpro/libnds/lib\libnds9.a(IntrWait.o)
                0x0000000002002470                swiWaitForVBlank
 .text.swiIntrWait
                0x0000000002002478       0x70 C:/Users/Ignasi/Desktop/SDK_NintendoDS_VSCode_Mini-IDE/ndside/msys64/opt/devkitpro/libnds/lib\libnds9.a(IntrWait.o)
                0x0000000002002478                swiIntrWait
 .text.setCpuClock
                0x00000000020024e8       0x50 C:/Users/Ignasi/Desktop/SDK_NintendoDS_VSCode_Mini-IDE/ndside/msys64/opt/devkitpro/libnds/lib\libnds9.a(cpu_clock.o)
                0x00000000020024e8                setCpuClock
 .text.swiSoftReset
                0x0000000002002538       0x2c C:/Users/Ignasi/Desktop/SDK_NintendoDS_VSCode_Mini-IDE/ndside/msys64/opt/devkitpro/libnds/lib\libnds9.a(swiSoftReset.o)
                0x0000000002002538                swiSoftReset
 .text.vramDefault
                0x0000000002002564       0xd0 C:/Users/Ignasi/Desktop/SDK_NintendoDS_VSCode_Mini-IDE/ndside/msys64/opt/devkitpro/libnds/lib\libnds9.a(video.o)
                0x0000000002002564                vramDefault
 .text.systemValueHandler
                0x0000000002002634       0x48 C:/Users/Ignasi/Desktop/SDK_NintendoDS_VSCode_Mini-IDE/ndside/msys64/opt/devkitpro/libnds/lib\libnds9.a(system.o)
                0x0000000002002634                systemValueHandler
 .text.systemMsgHandler
                0x000000000200267c       0x5c C:/Users/Ignasi/Desktop/SDK_NintendoDS_VSCode_Mini-IDE/ndside/msys64/opt/devkitpro/libnds/lib\libnds9.a(system.o)
                0x000000000200267c                systemMsgHandler
 .text.powerOn  0x00000000020026d8       0x2c C:/Users/Ignasi/Desktop/SDK_NintendoDS_VSCode_Mini-IDE/ndside/msys64/opt/devkitpro/libnds/lib\libnds9.a(system.o)
                0x00000000020026d8                powerOn
 .text.swiDelay
                0x0000000002002704        0x4 C:/Users/Ignasi/Desktop/SDK_NintendoDS_VSCode_Mini-IDE/ndside/msys64/opt/devkitpro/libnds/lib\libnds9.a(biosCalls.o)
                0x0000000002002704                swiDelay
 .text.__libc_init_array
                0x0000000002002708       0x50 c:/users/ignasi/desktop/sdk_nintendods_vscode_mini-ide/ndside/msys64/opt/devkitpro/devkitarm/bin/../lib/gcc/arm-none-eabi/8.3.0/../../../../arm-none-eabi/lib/thumb\libg.a(lib_a-init.o)
                0x0000000002002708                __libc_init_array
 .text.malloc   0x0000000002002758       0x14 c:/users/ignasi/desktop/sdk_nintendods_vscode_mini-ide/ndside/msys64/opt/devkitpro/devkitarm/bin/../lib/gcc/arm-none-eabi/8.3.0/../../../../arm-none-eabi/lib/thumb\libg.a(lib_a-malloc.o)
                0x0000000002002758                malloc
 .text.free     0x000000000200276c       0x14 c:/users/ignasi/desktop/sdk_nintendods_vscode_mini-ide/ndside/msys64/opt/devkitpro/devkitarm/bin/../lib/gcc/arm-none-eabi/8.3.0/../../../../arm-none-eabi/lib/thumb\libg.a(lib_a-malloc.o)
                0x000000000200276c                free
 .text._malloc_r
                0x0000000002002780      0x594 c:/users/ignasi/desktop/sdk_nintendods_vscode_mini-ide/ndside/msys64/opt/devkitpro/devkitarm/bin/../lib/gcc/arm-none-eabi/8.3.0/../../../../arm-none-eabi/lib/thumb\libg.a(lib_a-mallocr.o)
                0x0000000002002780                _malloc_r
 .text.memcpy   0x0000000002002d14       0xac c:/users/ignasi/desktop/sdk_nintendods_vscode_mini-ide/ndside/msys64/opt/devkitpro/devkitarm/bin/../lib/gcc/arm-none-eabi/8.3.0/../../../../arm-none-eabi/lib/thumb\libg.a(lib_a-memcpy-stub.o)
                0x0000000002002d14                memcpy
 .text.memset   0x0000000002002dc0       0xb0 c:/users/ignasi/desktop/sdk_nintendods_vscode_mini-ide/ndside/msys64/opt/devkitpro/devkitarm/bin/../lib/gcc/arm-none-eabi/8.3.0/../../../../arm-none-eabi/lib/thumb\libg.a(lib_a-memset.o)
                0x0000000002002dc0                memset
 .text.__malloc_lock
                0x0000000002002e70       0x14 c:/users/ignasi/desktop/sdk_nintendods_vscode_mini-ide/ndside/msys64/opt/devkitpro/devkitarm/bin/../lib/gcc/arm-none-eabi/8.3.0/../../../../arm-none-eabi/lib/thumb\libg.a(lib_a-mlock.o)
                0x0000000002002e70                __malloc_lock
 .text.__malloc_unlock
                0x0000000002002e84       0x14 c:/users/ignasi/desktop/sdk_nintendods_vscode_mini-ide/ndside/msys64/opt/devkitpro/devkitarm/bin/../lib/gcc/arm-none-eabi/8.3.0/../../../../arm-none-eabi/lib/thumb\libg.a(lib_a-mlock.o)
                0x0000000002002e84                __malloc_unlock
 .text.realloc  0x0000000002002e98       0x18 c:/users/ignasi/desktop/sdk_nintendods_vscode_mini-ide/ndside/msys64/opt/devkitpro/devkitarm/bin/../lib/gcc/arm-none-eabi/8.3.0/../../../../arm-none-eabi/lib/thumb\libg.a(lib_a-realloc.o)
                0x0000000002002e98                realloc
 .text._realloc_r
                0x0000000002002eb0      0x370 c:/users/ignasi/desktop/sdk_nintendods_vscode_mini-ide/ndside/msys64/opt/devkitpro/devkitarm/bin/../lib/gcc/arm-none-eabi/8.3.0/../../../../arm-none-eabi/lib/thumb\libg.a(lib_a-reallocr.o)
                0x0000000002002eb0                _realloc_r
 .text._malloc_trim_r
                0x0000000002003220       0xa4 c:/users/ignasi/desktop/sdk_nintendods_vscode_mini-ide/ndside/msys64/opt/devkitpro/devkitarm/bin/../lib/gcc/arm-none-eabi/8.3.0/../../../../arm-none-eabi/lib/thumb\libg.a(lib_a-freer.o)
                0x0000000002003220                _malloc_trim_r
 .text._free_r  0x00000000020032c4      0x1e0 c:/users/ignasi/desktop/sdk_nintendods_vscode_mini-ide/ndside/msys64/opt/devkitpro/devkitarm/bin/../lib/gcc/arm-none-eabi/8.3.0/../../../../arm-none-eabi/lib/thumb\libg.a(lib_a-freer.o)
                0x00000000020032c4                _free_r
 .text.memmove  0x00000000020034a4       0xb4 c:/users/ignasi/desktop/sdk_nintendods_vscode_mini-ide/ndside/msys64/opt/devkitpro/devkitarm/bin/../lib/gcc/arm-none-eabi/8.3.0/../../../../arm-none-eabi/lib/thumb\libg.a(lib_a-memmove.o)
                0x00000000020034a4                memmove
 .text._sbrk_r  0x0000000002003558       0x54 c:/users/ignasi/desktop/sdk_nintendods_vscode_mini-ide/ndside/msys64/opt/devkitpro/devkitarm/bin/../lib/gcc/arm-none-eabi/8.3.0/../../../../arm-none-eabi/lib/thumb\libsysbase.a(sbrk.o)
                0x0000000002003558                _sbrk_r
 .text.build_argv
                0x00000000020035ac       0x4c c:/users/ignasi/desktop/sdk_nintendods_vscode_mini-ide/ndside/msys64/opt/devkitpro/devkitarm/bin/../lib/gcc/arm-none-eabi/8.3.0/../../../../arm-none-eabi/lib/thumb\libsysbase.a(build_argv.o)
                0x00000000020035ac                build_argv
 .text.__libc_lock_acquire_recursive
                0x00000000020035f8       0x1c c:/users/ignasi/desktop/sdk_nintendods_vscode_mini-ide/ndside/msys64/opt/devkitpro/devkitarm/bin/../lib/gcc/arm-none-eabi/8.3.0/../../../../arm-none-eabi/lib/thumb\libsysbase.a(syscall_support.o)
                0x00000000020035f8                __libc_lock_acquire_recursive
 .text.__libc_lock_release_recursive
                0x0000000002003614       0x1c c:/users/ignasi/desktop/sdk_nintendods_vscode_mini-ide/ndside/msys64/opt/devkitpro/devkitarm/bin/../lib/gcc/arm-none-eabi/8.3.0/../../../../arm-none-eabi/lib/thumb\libsysbase.a(syscall_support.o)
                0x0000000002003614                __libc_lock_release_recursive
 .text.__getreent
                0x0000000002003630       0x28 c:/users/ignasi/desktop/sdk_nintendods_vscode_mini-ide/ndside/msys64/opt/devkitpro/devkitarm/bin/../lib/gcc/arm-none-eabi/8.3.0/../../../../arm-none-eabi/lib/thumb\libsysbase.a(getreent.o)
                0x0000000002003630                __getreent
 .text.__getreent.__stub
                0x0000000002003658       0x3c linker stubs
 *(EXCLUDE_FILE(*.twl*) .gnu.warning)
 *(EXCLUDE_FILE(*.twl*) .gnu.linkonce.t*)
 *(.glue_7)
 .glue_7        0x0000000002003698        0x0 linker stubs
 *(.glue_7t)
 .glue_7t       0x0000000002003698        0x0 linker stubs
                0x0000000002003698                . = ALIGN (0x4)

.vfp11_veneer   0x0000000002003698        0x0
 .vfp11_veneer  0x0000000002003698        0x0 linker stubs

.v4_bx          0x0000000002003698        0x0
 .v4_bx         0x0000000002003698        0x0 linker stubs

.iplt           0x0000000002003698        0x0
 .iplt          0x0000000002003698        0x0 c:/users/ignasi/desktop/sdk_nintendods_vscode_mini-ide/ndside/msys64/opt/devkitpro/devkitarm/bin/../lib/gcc/arm-none-eabi/8.3.0/../../../../arm-none-eabi/lib/thumb/ds_arm9_crt0.o

.fini           0x0000000002003698        0xc
 *(.fini)
 .fini          0x0000000002003698        0x4 c:/users/ignasi/desktop/sdk_nintendods_vscode_mini-ide/ndside/msys64/opt/devkitpro/devkitarm/bin/../lib/gcc/arm-none-eabi/8.3.0/thumb/crti.o
                0x0000000002003698                _fini
 .fini          0x000000000200369c        0x8 c:/users/ignasi/desktop/sdk_nintendods_vscode_mini-ide/ndside/msys64/opt/devkitpro/devkitarm/bin/../lib/gcc/arm-none-eabi/8.3.0/thumb/crtn.o
                0x00000000020036a4                __text_end = .

.rodata         0x00000000020036a4     0x3200
 *(EXCLUDE_FILE(*.twl*) .rodata)
 .rodata        0x00000000020036a4     0x3200 mole.o
                0x00000000020036a4                moleTiles
                0x00000000020066a4                molePal
 *all.rodata*(*)
 *(EXCLUDE_FILE(*.twl*) .roda)
 *(EXCLUDE_FILE(*.twl*) .rodata.*)
 *(EXCLUDE_FILE(*.twl*) .gnu.linkonce.r*)
                0x00000000020068a4                . = ALIGN (0x4)

.ARM.extab
 *(.ARM.extab* .gnu.linkonce.armextab.*)
                0x00000000020068a4                __exidx_start = .

ARM.exidx
 *(.ARM.exidx* .gnu.linkonce.armexidx.*)
                0x00000000020068a4                __exidx_end = .
                0x00000000020068a4                . = ALIGN (0x4)
                0x00000000020068a4                PROVIDE (__preinit_array_start = .)

.preinit_array
 *(.preinit_array)
                0x00000000020068a4                PROVIDE (__preinit_array_end = .)
                0x00000000020068a4                PROVIDE (__init_array_start = .)

.init_array     0x00000000020068a4        0x4
 *(SORT_BY_NAME(.init_array.*))
 *(.init_array)
 .init_array    0x00000000020068a4        0x4 c:/users/ignasi/desktop/sdk_nintendods_vscode_mini-ide/ndside/msys64/opt/devkitpro/devkitarm/bin/../lib/gcc/arm-none-eabi/8.3.0/thumb/crtbegin.o
                0x00000000020068a8                PROVIDE (__init_array_end = .)
                [!provide]                        PROVIDE (__fini_array_start = .)

.fini_array     0x00000000020068a8        0x4
 *(.fini_array)
 .fini_array    0x00000000020068a8        0x4 c:/users/ignasi/desktop/sdk_nintendods_vscode_mini-ide/ndside/msys64/opt/devkitpro/devkitarm/bin/../lib/gcc/arm-none-eabi/8.3.0/thumb/crtbegin.o
 *(SORT_BY_NAME(.fini_array.*))
                [!provide]                        PROVIDE (__fini_array_end = .)

.ctors          0x00000000020068ac        0x0
 *crtbegin.o(.ctors)
 *(EXCLUDE_FILE(*crtend.o) .ctors)
 *(SORT_BY_NAME(.ctors.*))
 *(.ctors)
                0x00000000020068ac                . = ALIGN (0x4)

.dtors          0x00000000020068ac        0x0
 *crtbegin.o(.dtors)
 *(EXCLUDE_FILE(*crtend.o) .dtors)
 *(SORT_BY_NAME(.dtors.*))
 *(.dtors)
                0x00000000020068ac                . = ALIGN (0x4)

.eh_frame       0x00000000020068ac        0x4
 *(.eh_frame)
 .eh_frame      0x00000000020068ac        0x0 c:/users/ignasi/desktop/sdk_nintendods_vscode_mini-ide/ndside/msys64/opt/devkitpro/devkitarm/bin/../lib/gcc/arm-none-eabi/8.3.0/thumb/crtbegin.o
 .eh_frame      0x00000000020068ac        0x4 c:/users/ignasi/desktop/sdk_nintendods_vscode_mini-ide/ndside/msys64/opt/devkitpro/devkitarm/bin/../lib/gcc/arm-none-eabi/8.3.0/thumb/crtend.o
                0x00000000020068b0                . = ALIGN (0x4)

.rel.dyn        0x00000000020068b0        0x0
 .rel.iplt      0x00000000020068b0        0x0 c:/users/ignasi/desktop/sdk_nintendods_vscode_mini-ide/ndside/msys64/opt/devkitpro/devkitarm/bin/../lib/gcc/arm-none-eabi/8.3.0/../../../../arm-none-eabi/lib/thumb/ds_arm9_crt0.o

.gcc_except_table
                0x00000000020068b0        0x0
 *(.gcc_except_table)
                0x00000000020068b0                . = ALIGN (0x4)

.jcr
 *(.jcr)

.got
 *(.got.plt)
 *(.got)
 *(.rel.got)

.ewram          0x00000000020068b0        0x0
                0x00000000020068b0                __ewram_start = ABSOLUTE (.)
 *(.ewram)
 *ewram.*(.text)
                0x00000000020068b0                . = ALIGN (0x4)

.data           0x00000000020068b0      0x8f0
                0x00000000020068b0                __data_start = ABSOLUTE (.)
 *(EXCLUDE_FILE(*.twl*) .data)
 .data          0x00000000020068b0       0x28 C:/Users/Ignasi/Desktop/SDK_NintendoDS_VSCode_Mini-IDE/ndside/msys64/opt/devkitpro/libnds/lib\libnds9.a(mpu_setup.o)
 *(EXCLUDE_FILE(*.twl*) .data.*)
 .data.oamMain  0x00000000020068d8       0x18 C:/Users/Ignasi/Desktop/SDK_NintendoDS_VSCode_Mini-IDE/ndside/msys64/opt/devkitpro/libnds/lib\libnds9.a(sprite.o)
                0x00000000020068d8                oamMain
 .data.oamSub   0x00000000020068f0       0x18 C:/Users/Ignasi/Desktop/SDK_NintendoDS_VSCode_Mini-IDE/ndside/msys64/opt/devkitpro/libnds/lib\libnds9.a(sprite.o)
                0x00000000020068f0                oamSub
 .data.count    0x0000000002006908        0x1 C:/Users/Ignasi/Desktop/SDK_NintendoDS_VSCode_Mini-IDE/ndside/msys64/opt/devkitpro/libnds/lib\libnds9.a(keys.o)
 .data.delay    0x0000000002006909        0x1 C:/Users/Ignasi/Desktop/SDK_NintendoDS_VSCode_Mini-IDE/ndside/msys64/opt/devkitpro/libnds/lib\libnds9.a(keys.o)
 .data.repeat   0x000000000200690a        0x1 C:/Users/Ignasi/Desktop/SDK_NintendoDS_VSCode_Mini-IDE/ndside/msys64/opt/devkitpro/libnds/lib\libnds9.a(keys.o)
 *fill*         0x000000000200690b        0x1 ff
 .data.fifo_buffer_free
                0x000000000200690c        0x4 C:/Users/Ignasi/Desktop/SDK_NintendoDS_VSCode_Mini-IDE/ndside/msys64/opt/devkitpro/libnds/lib\libnds9.a(fifosystem.o)
                0x000000000200690c                fifo_buffer_free
 .data.fifo_freewords
                0x0000000002006910        0x4 C:/Users/Ignasi/Desktop/SDK_NintendoDS_VSCode_Mini-IDE/ndside/msys64/opt/devkitpro/libnds/lib\libnds9.a(fifosystem.o)
                0x0000000002006910                fifo_freewords
 .data.fifo_receive_queue
                0x0000000002006914        0x4 C:/Users/Ignasi/Desktop/SDK_NintendoDS_VSCode_Mini-IDE/ndside/msys64/opt/devkitpro/libnds/lib\libnds9.a(fifosystem.o)
                0x0000000002006914                fifo_receive_queue
 .data.fifo_send_queue
                0x0000000002006918        0x4 C:/Users/Ignasi/Desktop/SDK_NintendoDS_VSCode_Mini-IDE/ndside/msys64/opt/devkitpro/libnds/lib\libnds9.a(fifosystem.o)
                0x0000000002006918                fifo_send_queue
 .data.__malloc_av_
                0x000000000200691c      0x408 c:/users/ignasi/desktop/sdk_nintendods_vscode_mini-ide/ndside/msys64/opt/devkitpro/devkitarm/bin/../lib/gcc/arm-none-eabi/8.3.0/../../../../arm-none-eabi/lib/thumb\libg.a(lib_a-mallocr.o)
                0x000000000200691c                __malloc_av_
 .data.__malloc_sbrk_base
                0x0000000002006d24        0x4 c:/users/ignasi/desktop/sdk_nintendods_vscode_mini-ide/ndside/msys64/opt/devkitpro/devkitarm/bin/../lib/gcc/arm-none-eabi/8.3.0/../../../../arm-none-eabi/lib/thumb\libg.a(lib_a-mallocr.o)
                0x0000000002006d24                __malloc_sbrk_base
 .data.__malloc_trim_threshold
                0x0000000002006d28        0x4 c:/users/ignasi/desktop/sdk_nintendods_vscode_mini-ide/ndside/msys64/opt/devkitpro/devkitarm/bin/../lib/gcc/arm-none-eabi/8.3.0/../../../../arm-none-eabi/lib/thumb\libg.a(lib_a-mallocr.o)
                0x0000000002006d28                __malloc_trim_threshold
 .data.__malloc_recursive_mutex
                0x0000000002006d2c        0xc c:/users/ignasi/desktop/sdk_nintendods_vscode_mini-ide/ndside/msys64/opt/devkitpro/devkitarm/bin/../lib/gcc/arm-none-eabi/8.3.0/../../../../arm-none-eabi/lib/thumb\libg.a(lib_a-mlock.o)
 .data._impure_ptr
                0x0000000002006d38        0x4 c:/users/ignasi/desktop/sdk_nintendods_vscode_mini-ide/ndside/msys64/opt/devkitpro/devkitarm/bin/../lib/gcc/arm-none-eabi/8.3.0/../../../../arm-none-eabi/lib/thumb\libg.a(lib_a-impure.o)
                0x0000000002006d38                _impure_ptr
 *fill*         0x0000000002006d3c        0x4 ff
 .data.impure_data
                0x0000000002006d40      0x460 c:/users/ignasi/desktop/sdk_nintendods_vscode_mini-ide/ndside/msys64/opt/devkitpro/devkitarm/bin/../lib/gcc/arm-none-eabi/8.3.0/../../../../arm-none-eabi/lib/thumb\libg.a(lib_a-impure.o)
 *(EXCLUDE_FILE(*.twl*) .gnu.linkonce.d*)
                0x00000000020071a0                . = ALIGN (0x4)
                0x00000000020071a0                __data_end = ABSOLUTE (.)
                0x00000000020071a0                __bss_vma = .

.igot.plt       0x00000000020071a0        0x0
 .igot.plt      0x00000000020071a0        0x0 c:/users/ignasi/desktop/sdk_nintendods_vscode_mini-ide/ndside/msys64/opt/devkitpro/devkitarm/bin/../lib/gcc/arm-none-eabi/8.3.0/../../../../arm-none-eabi/lib/thumb/ds_arm9_crt0.o

.tm_clone_table
                0x00000000020071a0        0x0
 .tm_clone_table
                0x00000000020071a0        0x0 c:/users/ignasi/desktop/sdk_nintendods_vscode_mini-ide/ndside/msys64/opt/devkitpro/devkitarm/bin/../lib/gcc/arm-none-eabi/8.3.0/thumb/crtbegin.o
 .tm_clone_table
                0x00000000020071a0        0x0 c:/users/ignasi/desktop/sdk_nintendods_vscode_mini-ide/ndside/msys64/opt/devkitpro/devkitarm/bin/../lib/gcc/arm-none-eabi/8.3.0/thumb/crtend.o

.dtcm           0x000000000b000000        0x0 load address 0x00000000020071a0
                0x00000000020071a0                __dtcm_lma = LOADADDR (.dtcm)
                0x000000000b000000                __dtcm_start = ABSOLUTE (.)
 *(.dtcm)
 *(.dtcm.*)
                0x000000000b000000                . = ALIGN (0x4)
                0x000000000b000000                __dtcm_end = ABSOLUTE (.)

.itcm           0x0000000001000100      0x194 load address 0x00000000020071a0
                0x00000000020071a0                __itcm_lma = LOADADDR (.itcm)
                0x0000000001000100                __itcm_start = ABSOLUTE (.)
 *(.itcm)
 .itcm          0x0000000001000100       0xc8 C:/Users/Ignasi/Desktop/SDK_NintendoDS_VSCode_Mini-IDE/ndside/msys64/opt/devkitpro/libnds/lib\libnds9.a(interrupts.o)
                0x0000000001000100                irqTable
 .itcm          0x00000000010001c8       0xcc C:/Users/Ignasi/Desktop/SDK_NintendoDS_VSCode_Mini-IDE/ndside/msys64/opt/devkitpro/libnds/lib\libnds9.a(interruptDispatcher.o)
                0x00000000010001c8                IntrMain
 *.itcm*(.text .stub .text.*)
                0x0000000001000294                . = ALIGN (0x4)
                0x0000000001000294                __itcm_end = ABSOLUTE (.)

.vectors        0x0000000001000000        0x0 load address 0x0000000002007334
                0x0000000002007334                __vectors_lma = LOADADDR (.vectors)
                0x0000000001000000                __vectors_start = ABSOLUTE (.)
 *(.vectors .vectors.*)
                0x0000000001000000                . = ALIGN (0x4)
                0x0000000001000000                __vectors_end = ABSOLUTE (.)

.sbss           0x000000000b000000        0x0
                0x000000000b000000                __sbss_start = ABSOLUTE (.)
                0x000000000b000000                __sbss_start__ = ABSOLUTE (.)
 *(.sbss)
                0x000000000b000000                . = ALIGN (0x4)
                0x000000000b000000                __sbss_end = ABSOLUTE (.)

.bss            0x00000000020071a0     0x12fc
                0x00000000020071a0                __bss_start = ABSOLUTE (.)
                0x00000000020071a0                __bss_start__ = ABSOLUTE (.)
 *(EXCLUDE_FILE(*.twl*) .dynbss)
 *(EXCLUDE_FILE(*.twl*) .gnu.linkonce.b*)
 *(EXCLUDE_FILE(*.twl*) .bss*)
 .bss.completed.9044
                0x00000000020071a0        0x1 c:/users/ignasi/desktop/sdk_nintendods_vscode_mini-ide/ndside/msys64/opt/devkitpro/devkitarm/bin/../lib/gcc/arm-none-eabi/8.3.0/thumb/crtbegin.o
 *fill*         0x00000000020071a1        0x3 
 .bss.object.9049
                0x00000000020071a4       0x18 c:/users/ignasi/desktop/sdk_nintendods_vscode_mini-ide/ndside/msys64/opt/devkitpro/devkitarm/bin/../lib/gcc/arm-none-eabi/8.3.0/thumb/crtbegin.o
 .bss.keys      0x00000000020071bc        0x2 C:/Users/Ignasi/Desktop/SDK_NintendoDS_VSCode_Mini-IDE/ndside/msys64/opt/devkitpro/libnds/lib\libnds9.a(keys.o)
 .bss.keysold   0x00000000020071be        0x2 C:/Users/Ignasi/Desktop/SDK_NintendoDS_VSCode_Mini-IDE/ndside/msys64/opt/devkitpro/libnds/lib\libnds9.a(keys.o)
 .bss.keysrepeat
                0x00000000020071c0        0x2 C:/Users/Ignasi/Desktop/SDK_NintendoDS_VSCode_Mini-IDE/ndside/msys64/opt/devkitpro/libnds/lib\libnds9.a(keys.o)
 *fill*         0x00000000020071c2        0x2 
 .bss.processing
                0x00000000020071c4        0x4 C:/Users/Ignasi/Desktop/SDK_NintendoDS_VSCode_Mini-IDE/ndside/msys64/opt/devkitpro/libnds/lib\libnds9.a(fifosystem.o)
                0x00000000020071c4                processing
 .bss.SDcallback
                0x00000000020071c8        0x4 C:/Users/Ignasi/Desktop/SDK_NintendoDS_VSCode_Mini-IDE/ndside/msys64/opt/devkitpro/libnds/lib\libnds9.a(system.o)
 .bss.__malloc_current_mallinfo
                0x00000000020071cc       0x28 c:/users/ignasi/desktop/sdk_nintendods_vscode_mini-ide/ndside/msys64/opt/devkitpro/devkitarm/bin/../lib/gcc/arm-none-eabi/8.3.0/../../../../arm-none-eabi/lib/thumb\libg.a(lib_a-mallocr.o)
                0x00000000020071cc                __malloc_current_mallinfo
 .bss.__malloc_max_sbrked_mem
                0x00000000020071f4        0x4 c:/users/ignasi/desktop/sdk_nintendods_vscode_mini-ide/ndside/msys64/opt/devkitpro/devkitarm/bin/../lib/gcc/arm-none-eabi/8.3.0/../../../../arm-none-eabi/lib/thumb\libg.a(lib_a-mallocr.o)
                0x00000000020071f4                __malloc_max_sbrked_mem
 .bss.__malloc_max_total_mem
                0x00000000020071f8        0x4 c:/users/ignasi/desktop/sdk_nintendods_vscode_mini-ide/ndside/msys64/opt/devkitpro/devkitarm/bin/../lib/gcc/arm-none-eabi/8.3.0/../../../../arm-none-eabi/lib/thumb\libg.a(lib_a-mallocr.o)
                0x00000000020071f8                __malloc_max_total_mem
 .bss.__malloc_top_pad
                0x00000000020071fc        0x4 c:/users/ignasi/desktop/sdk_nintendods_vscode_mini-ide/ndside/msys64/opt/devkitpro/devkitarm/bin/../lib/gcc/arm-none-eabi/8.3.0/../../../../arm-none-eabi/lib/thumb\libg.a(lib_a-mallocr.o)
                0x00000000020071fc                __malloc_top_pad
 .bss.heap_start.6107
                0x0000000002007200        0x4 c:/users/ignasi/desktop/sdk_nintendods_vscode_mini-ide/ndside/msys64/opt/devkitpro/devkitarm/bin/../lib/gcc/arm-none-eabi/8.3.0/../../../../arm-none-eabi/lib/thumb\libsysbase.a(sbrk.o)
 .bss.fake_heap_end
                0x0000000002007204        0x4 c:/users/ignasi/desktop/sdk_nintendods_vscode_mini-ide/ndside/msys64/opt/devkitpro/devkitarm/bin/../lib/gcc/arm-none-eabi/8.3.0/../../../../arm-none-eabi/lib/thumb\libsysbase.a(malloc_vars.o)
                0x0000000002007204                fake_heap_end
 .bss.fake_heap_start
                0x0000000002007208        0x4 c:/users/ignasi/desktop/sdk_nintendods_vscode_mini-ide/ndside/msys64/opt/devkitpro/devkitarm/bin/../lib/gcc/arm-none-eabi/8.3.0/../../../../arm-none-eabi/lib/thumb\libsysbase.a(malloc_vars.o)
                0x0000000002007208                fake_heap_start
 .bss.__syscalls
                0x000000000200720c       0x48 c:/users/ignasi/desktop/sdk_nintendods_vscode_mini-ide/ndside/msys64/opt/devkitpro/devkitarm/bin/../lib/gcc/arm-none-eabi/8.3.0/../../../../arm-none-eabi/lib/thumb\libsysbase.a(syscall_support.o)
                0x000000000200720c                __syscalls
 *(EXCLUDE_FILE(*.twl*) COMMON)
 COMMON         0x0000000002007254      0x800 C:/Users/Ignasi/Desktop/SDK_NintendoDS_VSCode_Mini-IDE/ndside/msys64/opt/devkitpro/libnds/lib\libnds9.a(sprite.o)
                0x0000000002007254                OamMemorySub
                0x0000000002007654                OamMemory
 COMMON         0x0000000002007a54        0x1 C:/Users/Ignasi/Desktop/SDK_NintendoDS_VSCode_Mini-IDE/ndside/msys64/opt/devkitpro/libnds/lib\libnds9.a(initSystem.o)
                0x0000000002007a54                __dsimode
 *fill*         0x0000000002007a55        0x3 
 COMMON         0x0000000002007a58        0x4 C:/Users/Ignasi/Desktop/SDK_NintendoDS_VSCode_Mini-IDE/ndside/msys64/opt/devkitpro/libnds/lib\libnds9.a(timeSupport.o)
                0x0000000002007a58                punixTime
 COMMON         0x0000000002007a5c      0xa40 C:/Users/Ignasi/Desktop/SDK_NintendoDS_VSCode_Mini-IDE/ndside/msys64/opt/devkitpro/libnds/lib\libnds9.a(fifosystem.o)
                0x0000000002007a5c                fifo_datamsg_data
                0x0000000002007a9c                fifo_buffer
                0x000000000200829c                fifo_value32_func
                0x00000000020082dc                fifo_address_func
                0x000000000200831c                fifo_value32_data
                0x000000000200835c                fifo_value32_queue
                0x000000000200839c                fifo_data_queue
                0x00000000020083dc                fifo_address_data
                0x000000000200841c                fifo_datamsg_func
                0x000000000200845c                fifo_address_queue
                0x000000000200849c                . = ALIGN (0x4)
                0x000000000200849c                __bss_end__ = ABSOLUTE (.)
                0x000000000200849c                __end__ = ABSOLUTE (.)

.twl            0x000000000200849c        0x0 load address 0x0000000002400000
                0x0000000002400000                __arm9i_lma__ = LOADADDR (.twl)
                0x000000000200849c                __arm9i_start__ = ABSOLUTE (.)
 *(.twl)
 *.twl*(.text .stub .text.* .gnu.linkonce.t.*)
 *.twl*(.rodata)
 *.twl*(.roda)
 *.twl*(.rodata.*)
 *.twl*(.data)
 *.twl*(.data.*)
 *.twl*(.gnu.linkonce.d*)
                0x000000000200849c                __arm9i_end__ = ABSOLUTE (.)

.twl_bss        0x000000000200849c        0x0
                0x000000000200849c                __twl_bss_start__ = ABSOLUTE (.)
 *(.twl_bss)
 *.twl*(.dynbss)
 *.twl*(.gnu.linkonce.b*)
 *.twl*(.bss*)
 *.twl*(COMMON)
                0x000000000200849c                . = ALIGN (0x4)
                0x000000000200849c                __twl_bss_end__ = ABSOLUTE (.)
                0x000000000200849c                __twl_end__ = ABSOLUTE (.)

.stab
 *(.stab)

.stabstr
 *(.stabstr)

.stab.excl
 *(.stab.excl)

.stab.exclstr
 *(.stab.exclstr)

.stab.index
 *(.stab.index)

.stab.indexstr
 *(.stab.indexstr)

.comment        0x0000000000000000       0x44
 *(.comment)
 .comment       0x0000000000000000       0x22 c:/users/ignasi/desktop/sdk_nintendods_vscode_mini-ide/ndside/msys64/opt/devkitpro/devkitarm/bin/../lib/gcc/arm-none-eabi/8.3.0/thumb/crtbegin.o
                                         0x23 (size before relaxing)
 .comment       0x0000000000000022       0x23 main.o
 .comment       0x0000000000000022       0x22 C:/Users/Ignasi/Desktop/SDK_NintendoDS_VSCode_Mini-IDE/ndside/msys64/opt/devkitpro/libnds/lib\libnds9.a(sprite_alloc.o)
                                         0x23 (size before relaxing)
 .comment       0x0000000000000044       0x23 C:/Users/Ignasi/Desktop/SDK_NintendoDS_VSCode_Mini-IDE/ndside/msys64/opt/devkitpro/libnds/lib\libnds9.a(sprite.o)
 .comment       0x0000000000000044       0x23 C:/Users/Ignasi/Desktop/SDK_NintendoDS_VSCode_Mini-IDE/ndside/msys64/opt/devkitpro/libnds/lib\libnds9.a(keys.o)
 .comment       0x0000000000000044       0x23 C:/Users/Ignasi/Desktop/SDK_NintendoDS_VSCode_Mini-IDE/ndside/msys64/opt/devkitpro/libnds/lib\libnds9.a(initSystem.o)
 .comment       0x0000000000000044       0x23 C:/Users/Ignasi/Desktop/SDK_NintendoDS_VSCode_Mini-IDE/ndside/msys64/opt/devkitpro/libnds/lib\libnds9.a(timeSupport.o)
 .comment       0x0000000000000044       0x23 C:/Users/Ignasi/Desktop/SDK_NintendoDS_VSCode_Mini-IDE/ndside/msys64/opt/devkitpro/libnds/lib\libnds9.a(securearea.o)
 .comment       0x0000000000000044       0x23 C:/Users/Ignasi/Desktop/SDK_NintendoDS_VSCode_Mini-IDE/ndside/msys64/opt/devkitpro/libnds/lib\libnds9.a(interrupts.o)
 .comment       0x0000000000000044       0x23 C:/Users/Ignasi/Desktop/SDK_NintendoDS_VSCode_Mini-IDE/ndside/msys64/opt/devkitpro/libnds/lib\libnds9.a(libnds_exit.arm.o)
 .comment       0x0000000000000044       0x23 C:/Users/Ignasi/Desktop/SDK_NintendoDS_VSCode_Mini-IDE/ndside/msys64/opt/devkitpro/libnds/lib\libnds9.a(fifosystem.o)
 .comment       0x0000000000000044       0x23 C:/Users/Ignasi/Desktop/SDK_NintendoDS_VSCode_Mini-IDE/ndside/msys64/opt/devkitpro/libnds/lib\libnds9.a(video.o)
 .comment       0x0000000000000044       0x23 C:/Users/Ignasi/Desktop/SDK_NintendoDS_VSCode_Mini-IDE/ndside/msys64/opt/devkitpro/libnds/lib\libnds9.a(system.o)
 .comment       0x0000000000000044       0x23 c:/users/ignasi/desktop/sdk_nintendods_vscode_mini-ide/ndside/msys64/opt/devkitpro/devkitarm/bin/../lib/gcc/arm-none-eabi/8.3.0/../../../../arm-none-eabi/lib/thumb\libg.a(lib_a-init.o)
 .comment       0x0000000000000044       0x23 c:/users/ignasi/desktop/sdk_nintendods_vscode_mini-ide/ndside/msys64/opt/devkitpro/devkitarm/bin/../lib/gcc/arm-none-eabi/8.3.0/../../../../arm-none-eabi/lib/thumb\libg.a(lib_a-malloc.o)
 .comment       0x0000000000000044       0x23 c:/users/ignasi/desktop/sdk_nintendods_vscode_mini-ide/ndside/msys64/opt/devkitpro/devkitarm/bin/../lib/gcc/arm-none-eabi/8.3.0/../../../../arm-none-eabi/lib/thumb\libg.a(lib_a-mallocr.o)
 .comment       0x0000000000000044       0x23 c:/users/ignasi/desktop/sdk_nintendods_vscode_mini-ide/ndside/msys64/opt/devkitpro/devkitarm/bin/../lib/gcc/arm-none-eabi/8.3.0/../../../../arm-none-eabi/lib/thumb\libg.a(lib_a-memcpy-stub.o)
 .comment       0x0000000000000044       0x23 c:/users/ignasi/desktop/sdk_nintendods_vscode_mini-ide/ndside/msys64/opt/devkitpro/devkitarm/bin/../lib/gcc/arm-none-eabi/8.3.0/../../../../arm-none-eabi/lib/thumb\libg.a(lib_a-memset.o)
 .comment       0x0000000000000044       0x23 c:/users/ignasi/desktop/sdk_nintendods_vscode_mini-ide/ndside/msys64/opt/devkitpro/devkitarm/bin/../lib/gcc/arm-none-eabi/8.3.0/../../../../arm-none-eabi/lib/thumb\libg.a(lib_a-mlock.o)
 .comment       0x0000000000000044       0x23 c:/users/ignasi/desktop/sdk_nintendods_vscode_mini-ide/ndside/msys64/opt/devkitpro/devkitarm/bin/../lib/gcc/arm-none-eabi/8.3.0/../../../../arm-none-eabi/lib/thumb\libg.a(lib_a-realloc.o)
 .comment       0x0000000000000044       0x23 c:/users/ignasi/desktop/sdk_nintendods_vscode_mini-ide/ndside/msys64/opt/devkitpro/devkitarm/bin/../lib/gcc/arm-none-eabi/8.3.0/../../../../arm-none-eabi/lib/thumb\libg.a(lib_a-reallocr.o)
 .comment       0x0000000000000044       0x23 c:/users/ignasi/desktop/sdk_nintendods_vscode_mini-ide/ndside/msys64/opt/devkitpro/devkitarm/bin/../lib/gcc/arm-none-eabi/8.3.0/../../../../arm-none-eabi/lib/thumb\libg.a(lib_a-freer.o)
 .comment       0x0000000000000044       0x23 c:/users/ignasi/desktop/sdk_nintendods_vscode_mini-ide/ndside/msys64/opt/devkitpro/devkitarm/bin/../lib/gcc/arm-none-eabi/8.3.0/../../../../arm-none-eabi/lib/thumb\libg.a(lib_a-memmove.o)
 .comment       0x0000000000000044       0x23 c:/users/ignasi/desktop/sdk_nintendods_vscode_mini-ide/ndside/msys64/opt/devkitpro/devkitarm/bin/../lib/gcc/arm-none-eabi/8.3.0/../../../../arm-none-eabi/lib/thumb\libsysbase.a(sbrk.o)
 .comment       0x0000000000000044       0x23 c:/users/ignasi/desktop/sdk_nintendods_vscode_mini-ide/ndside/msys64/opt/devkitpro/devkitarm/bin/../lib/gcc/arm-none-eabi/8.3.0/../../../../arm-none-eabi/lib/thumb\libsysbase.a(malloc_vars.o)
 .comment       0x0000000000000044       0x23 c:/users/ignasi/desktop/sdk_nintendods_vscode_mini-ide/ndside/msys64/opt/devkitpro/devkitarm/bin/../lib/gcc/arm-none-eabi/8.3.0/../../../../arm-none-eabi/lib/thumb\libsysbase.a(build_argv.o)
 .comment       0x0000000000000044       0x23 c:/users/ignasi/desktop/sdk_nintendods_vscode_mini-ide/ndside/msys64/opt/devkitpro/devkitarm/bin/../lib/gcc/arm-none-eabi/8.3.0/../../../../arm-none-eabi/lib/thumb\libsysbase.a(syscall_support.o)
 .comment       0x0000000000000044       0x23 c:/users/ignasi/desktop/sdk_nintendods_vscode_mini-ide/ndside/msys64/opt/devkitpro/devkitarm/bin/../lib/gcc/arm-none-eabi/8.3.0/../../../../arm-none-eabi/lib/thumb\libsysbase.a(getreent.o)
 .comment       0x0000000000000044       0x23 c:/users/ignasi/desktop/sdk_nintendods_vscode_mini-ide/ndside/msys64/opt/devkitpro/devkitarm/bin/../lib/gcc/arm-none-eabi/8.3.0/../../../../arm-none-eabi/lib/thumb\libg.a(lib_a-impure.o)
 .comment       0x0000000000000044       0x23 c:/users/ignasi/desktop/sdk_nintendods_vscode_mini-ide/ndside/msys64/opt/devkitpro/devkitarm/bin/../lib/gcc/arm-none-eabi/8.3.0/thumb/crtend.o

.ARM.attributes
                0x0000000000000000       0x2d
 .ARM.attributes
                0x0000000000000000       0x21 c:/users/ignasi/desktop/sdk_nintendods_vscode_mini-ide/ndside/msys64/opt/devkitpro/devkitarm/bin/../lib/gcc/arm-none-eabi/8.3.0/../../../../arm-none-eabi/lib/thumb/ds_arm9_crt0.o
 .ARM.attributes
                0x0000000000000021       0x1c c:/users/ignasi/desktop/sdk_nintendods_vscode_mini-ide/ndside/msys64/opt/devkitpro/devkitarm/bin/../lib/gcc/arm-none-eabi/8.3.0/thumb/crti.o
 .ARM.attributes
                0x000000000000003d       0x2a c:/users/ignasi/desktop/sdk_nintendods_vscode_mini-ide/ndside/msys64/opt/devkitpro/devkitarm/bin/../lib/gcc/arm-none-eabi/8.3.0/thumb/crtbegin.o
 .ARM.attributes
                0x0000000000000067       0x1a mole.o
 .ARM.attributes
                0x0000000000000081       0x27 main.o
 .ARM.attributes
                0x00000000000000a8       0x2b C:/Users/Ignasi/Desktop/SDK_NintendoDS_VSCode_Mini-IDE/ndside/msys64/opt/devkitpro/libnds/lib\libnds9.a(sprite_alloc.o)
 .ARM.attributes
                0x00000000000000d3       0x2b C:/Users/Ignasi/Desktop/SDK_NintendoDS_VSCode_Mini-IDE/ndside/msys64/opt/devkitpro/libnds/lib\libnds9.a(sprite.o)
 .ARM.attributes
                0x00000000000000fe       0x2b C:/Users/Ignasi/Desktop/SDK_NintendoDS_VSCode_Mini-IDE/ndside/msys64/opt/devkitpro/libnds/lib\libnds9.a(keys.o)
 .ARM.attributes
                0x0000000000000129       0x2b C:/Users/Ignasi/Desktop/SDK_NintendoDS_VSCode_Mini-IDE/ndside/msys64/opt/devkitpro/libnds/lib\libnds9.a(initSystem.o)
 .ARM.attributes
                0x0000000000000154       0x2b C:/Users/Ignasi/Desktop/SDK_NintendoDS_VSCode_Mini-IDE/ndside/msys64/opt/devkitpro/libnds/lib\libnds9.a(timeSupport.o)
 .ARM.attributes
                0x000000000000017f       0x2b C:/Users/Ignasi/Desktop/SDK_NintendoDS_VSCode_Mini-IDE/ndside/msys64/opt/devkitpro/libnds/lib\libnds9.a(securearea.o)
 .ARM.attributes
                0x00000000000001aa       0x2b C:/Users/Ignasi/Desktop/SDK_NintendoDS_VSCode_Mini-IDE/ndside/msys64/opt/devkitpro/libnds/lib\libnds9.a(interrupts.o)
 .ARM.attributes
                0x00000000000001d5       0x2b C:/Users/Ignasi/Desktop/SDK_NintendoDS_VSCode_Mini-IDE/ndside/msys64/opt/devkitpro/libnds/lib\libnds9.a(libnds_exit.arm.o)
 .ARM.attributes
                0x0000000000000200       0x2b C:/Users/Ignasi/Desktop/SDK_NintendoDS_VSCode_Mini-IDE/ndside/msys64/opt/devkitpro/libnds/lib\libnds9.a(fifosystem.o)
 .ARM.attributes
                0x000000000000022b       0x1b C:/Users/Ignasi/Desktop/SDK_NintendoDS_VSCode_Mini-IDE/ndside/msys64/opt/devkitpro/libnds/lib\libnds9.a(dcache.o)
 .ARM.attributes
                0x0000000000000246       0x21 C:/Users/Ignasi/Desktop/SDK_NintendoDS_VSCode_Mini-IDE/ndside/msys64/opt/devkitpro/libnds/lib\libnds9.a(mpu_setup.o)
 .ARM.attributes
                0x0000000000000267       0x21 C:/Users/Ignasi/Desktop/SDK_NintendoDS_VSCode_Mini-IDE/ndside/msys64/opt/devkitpro/libnds/lib\libnds9.a(IntrWait.o)
 .ARM.attributes
                0x0000000000000288       0x21 C:/Users/Ignasi/Desktop/SDK_NintendoDS_VSCode_Mini-IDE/ndside/msys64/opt/devkitpro/libnds/lib\libnds9.a(cpu_clock.o)
 .ARM.attributes
                0x00000000000002a9       0x1b C:/Users/Ignasi/Desktop/SDK_NintendoDS_VSCode_Mini-IDE/ndside/msys64/opt/devkitpro/libnds/lib\libnds9.a(interruptDispatcher.o)
 .ARM.attributes
                0x00000000000002c4       0x21 C:/Users/Ignasi/Desktop/SDK_NintendoDS_VSCode_Mini-IDE/ndside/msys64/opt/devkitpro/libnds/lib\libnds9.a(swiSoftReset.o)
 .ARM.attributes
                0x00000000000002e5       0x2b C:/Users/Ignasi/Desktop/SDK_NintendoDS_VSCode_Mini-IDE/ndside/msys64/opt/devkitpro/libnds/lib\libnds9.a(video.o)
 .ARM.attributes
                0x0000000000000310       0x2b C:/Users/Ignasi/Desktop/SDK_NintendoDS_VSCode_Mini-IDE/ndside/msys64/opt/devkitpro/libnds/lib\libnds9.a(system.o)
 .ARM.attributes
                0x000000000000033b       0x1b C:/Users/Ignasi/Desktop/SDK_NintendoDS_VSCode_Mini-IDE/ndside/msys64/opt/devkitpro/libnds/lib\libnds9.a(biosCalls.o)
 .ARM.attributes
                0x0000000000000356       0x2a c:/users/ignasi/desktop/sdk_nintendods_vscode_mini-ide/ndside/msys64/opt/devkitpro/devkitarm/bin/../lib/gcc/arm-none-eabi/8.3.0/../../../../arm-none-eabi/lib/thumb\libg.a(lib_a-init.o)
 .ARM.attributes
                0x0000000000000380       0x2a c:/users/ignasi/desktop/sdk_nintendods_vscode_mini-ide/ndside/msys64/opt/devkitpro/devkitarm/bin/../lib/gcc/arm-none-eabi/8.3.0/../../../../arm-none-eabi/lib/thumb\libg.a(lib_a-malloc.o)
 .ARM.attributes
                0x00000000000003aa       0x2a c:/users/ignasi/desktop/sdk_nintendods_vscode_mini-ide/ndside/msys64/opt/devkitpro/devkitarm/bin/../lib/gcc/arm-none-eabi/8.3.0/../../../../arm-none-eabi/lib/thumb\libg.a(lib_a-mallocr.o)
 .ARM.attributes
                0x00000000000003d4       0x2a c:/users/ignasi/desktop/sdk_nintendods_vscode_mini-ide/ndside/msys64/opt/devkitpro/devkitarm/bin/../lib/gcc/arm-none-eabi/8.3.0/../../../../arm-none-eabi/lib/thumb\libg.a(lib_a-memcpy-stub.o)
 .ARM.attributes
                0x00000000000003fe       0x2a c:/users/ignasi/desktop/sdk_nintendods_vscode_mini-ide/ndside/msys64/opt/devkitpro/devkitarm/bin/../lib/gcc/arm-none-eabi/8.3.0/../../../../arm-none-eabi/lib/thumb\libg.a(lib_a-memset.o)
 .ARM.attributes
                0x0000000000000428       0x2a c:/users/ignasi/desktop/sdk_nintendods_vscode_mini-ide/ndside/msys64/opt/devkitpro/devkitarm/bin/../lib/gcc/arm-none-eabi/8.3.0/../../../../arm-none-eabi/lib/thumb\libg.a(lib_a-mlock.o)
 .ARM.attributes
                0x0000000000000452       0x2a c:/users/ignasi/desktop/sdk_nintendods_vscode_mini-ide/ndside/msys64/opt/devkitpro/devkitarm/bin/../lib/gcc/arm-none-eabi/8.3.0/../../../../arm-none-eabi/lib/thumb\libg.a(lib_a-realloc.o)
 .ARM.attributes
                0x000000000000047c       0x2a c:/users/ignasi/desktop/sdk_nintendods_vscode_mini-ide/ndside/msys64/opt/devkitpro/devkitarm/bin/../lib/gcc/arm-none-eabi/8.3.0/../../../../arm-none-eabi/lib/thumb\libg.a(lib_a-reallocr.o)
 .ARM.attributes
                0x00000000000004a6       0x2a c:/users/ignasi/desktop/sdk_nintendods_vscode_mini-ide/ndside/msys64/opt/devkitpro/devkitarm/bin/../lib/gcc/arm-none-eabi/8.3.0/../../../../arm-none-eabi/lib/thumb\libg.a(lib_a-freer.o)
 .ARM.attributes
                0x00000000000004d0       0x2a c:/users/ignasi/desktop/sdk_nintendods_vscode_mini-ide/ndside/msys64/opt/devkitpro/devkitarm/bin/../lib/gcc/arm-none-eabi/8.3.0/../../../../arm-none-eabi/lib/thumb\libg.a(lib_a-memmove.o)
 .ARM.attributes
                0x00000000000004fa       0x2a c:/users/ignasi/desktop/sdk_nintendods_vscode_mini-ide/ndside/msys64/opt/devkitpro/devkitarm/bin/../lib/gcc/arm-none-eabi/8.3.0/../../../../arm-none-eabi/lib/thumb\libsysbase.a(sbrk.o)
 .ARM.attributes
                0x0000000000000524       0x30 c:/users/ignasi/desktop/sdk_nintendods_vscode_mini-ide/ndside/msys64/opt/devkitpro/devkitarm/bin/../lib/gcc/arm-none-eabi/8.3.0/../../../../arm-none-eabi/lib/thumb\libsysbase.a(malloc_vars.o)
 .ARM.attributes
                0x0000000000000554       0x2a c:/users/ignasi/desktop/sdk_nintendods_vscode_mini-ide/ndside/msys64/opt/devkitpro/devkitarm/bin/../lib/gcc/arm-none-eabi/8.3.0/../../../../arm-none-eabi/lib/thumb\libsysbase.a(build_argv.o)
 .ARM.attributes
                0x000000000000057e       0x2a c:/users/ignasi/desktop/sdk_nintendods_vscode_mini-ide/ndside/msys64/opt/devkitpro/devkitarm/bin/../lib/gcc/arm-none-eabi/8.3.0/../../../../arm-none-eabi/lib/thumb\libsysbase.a(syscall_support.o)
 .ARM.attributes
                0x00000000000005a8       0x2a c:/users/ignasi/desktop/sdk_nintendods_vscode_mini-ide/ndside/msys64/opt/devkitpro/devkitarm/bin/../lib/gcc/arm-none-eabi/8.3.0/../../../../arm-none-eabi/lib/thumb\libsysbase.a(getreent.o)
 .ARM.attributes
                0x00000000000005d2       0x30 c:/users/ignasi/desktop/sdk_nintendods_vscode_mini-ide/ndside/msys64/opt/devkitpro/devkitarm/bin/../lib/gcc/arm-none-eabi/8.3.0/../../../../arm-none-eabi/lib/thumb\libg.a(lib_a-impure.o)
 .ARM.attributes
                0x0000000000000602       0x30 c:/users/ignasi/desktop/sdk_nintendods_vscode_mini-ide/ndside/msys64/opt/devkitpro/devkitarm/bin/../lib/gcc/arm-none-eabi/8.3.0/thumb/crtend.o
 .ARM.attributes
                0x0000000000000632       0x1c c:/users/ignasi/desktop/sdk_nintendods_vscode_mini-ide/ndside/msys64/opt/devkitpro/devkitarm/bin/../lib/gcc/arm-none-eabi/8.3.0/thumb/crtn.o

.debug
 *(.debug)

.line
 *(.line)

.debug_srcinfo
 *(.debug_srcinfo)

.debug_sfnames
 *(.debug_sfnames)

.debug_aranges  0x0000000000000000      0x508
 *(.debug_aranges)
 .debug_aranges
                0x0000000000000000       0x28 main.o
 .debug_aranges
                0x0000000000000028       0x40 C:/Users/Ignasi/Desktop/SDK_NintendoDS_VSCode_Mini-IDE/ndside/msys64/opt/devkitpro/libnds/lib\libnds9.a(sprite_alloc.o)
 .debug_aranges
                0x0000000000000068       0x60 C:/Users/Ignasi/Desktop/SDK_NintendoDS_VSCode_Mini-IDE/ndside/msys64/opt/devkitpro/libnds/lib\libnds9.a(sprite.o)
 .debug_aranges
                0x00000000000000c8       0x50 C:/Users/Ignasi/Desktop/SDK_NintendoDS_VSCode_Mini-IDE/ndside/msys64/opt/devkitpro/libnds/lib\libnds9.a(keys.o)
 .debug_aranges
                0x0000000000000118       0x20 C:/Users/Ignasi/Desktop/SDK_NintendoDS_VSCode_Mini-IDE/ndside/msys64/opt/devkitpro/libnds/lib\libnds9.a(initSystem.o)
 .debug_aranges
                0x0000000000000138       0x20 C:/Users/Ignasi/Desktop/SDK_NintendoDS_VSCode_Mini-IDE/ndside/msys64/opt/devkitpro/libnds/lib\libnds9.a(timeSupport.o)
 .debug_aranges
                0x0000000000000158       0x18 C:/Users/Ignasi/Desktop/SDK_NintendoDS_VSCode_Mini-IDE/ndside/msys64/opt/devkitpro/libnds/lib\libnds9.a(securearea.o)
 .debug_aranges
                0x0000000000000170       0x50 C:/Users/Ignasi/Desktop/SDK_NintendoDS_VSCode_Mini-IDE/ndside/msys64/opt/devkitpro/libnds/lib\libnds9.a(interrupts.o)
 .debug_aranges
                0x00000000000001c0       0x28 C:/Users/Ignasi/Desktop/SDK_NintendoDS_VSCode_Mini-IDE/ndside/msys64/opt/devkitpro/libnds/lib\libnds9.a(libnds_exit.arm.o)
 .debug_aranges
                0x00000000000001e8       0xb8 C:/Users/Ignasi/Desktop/SDK_NintendoDS_VSCode_Mini-IDE/ndside/msys64/opt/devkitpro/libnds/lib\libnds9.a(fifosystem.o)
 .debug_aranges
                0x00000000000002a0       0x38 C:/Users/Ignasi/Desktop/SDK_NintendoDS_VSCode_Mini-IDE/ndside/msys64/opt/devkitpro/libnds/lib\libnds9.a(dcache.o)
 .debug_aranges
                0x00000000000002d8       0x30 C:/Users/Ignasi/Desktop/SDK_NintendoDS_VSCode_Mini-IDE/ndside/msys64/opt/devkitpro/libnds/lib\libnds9.a(mpu_setup.o)
 .debug_aranges
                0x0000000000000308       0x28 C:/Users/Ignasi/Desktop/SDK_NintendoDS_VSCode_Mini-IDE/ndside/msys64/opt/devkitpro/libnds/lib\libnds9.a(IntrWait.o)
 .debug_aranges
                0x0000000000000330       0x20 C:/Users/Ignasi/Desktop/SDK_NintendoDS_VSCode_Mini-IDE/ndside/msys64/opt/devkitpro/libnds/lib\libnds9.a(cpu_clock.o)
 .debug_aranges
                0x0000000000000350       0x20 C:/Users/Ignasi/Desktop/SDK_NintendoDS_VSCode_Mini-IDE/ndside/msys64/opt/devkitpro/libnds/lib\libnds9.a(interruptDispatcher.o)
 .debug_aranges
                0x0000000000000370       0x20 C:/Users/Ignasi/Desktop/SDK_NintendoDS_VSCode_Mini-IDE/ndside/msys64/opt/devkitpro/libnds/lib\libnds9.a(swiSoftReset.o)
 .debug_aranges
                0x0000000000000390       0x48 C:/Users/Ignasi/Desktop/SDK_NintendoDS_VSCode_Mini-IDE/ndside/msys64/opt/devkitpro/libnds/lib\libnds9.a(video.o)
 .debug_aranges
                0x00000000000003d8       0x68 C:/Users/Ignasi/Desktop/SDK_NintendoDS_VSCode_Mini-IDE/ndside/msys64/opt/devkitpro/libnds/lib\libnds9.a(system.o)
 .debug_aranges
                0x0000000000000440       0xc8 C:/Users/Ignasi/Desktop/SDK_NintendoDS_VSCode_Mini-IDE/ndside/msys64/opt/devkitpro/libnds/lib\libnds9.a(biosCalls.o)

.debug_pubnames
 *(.debug_pubnames)

.debug_info     0x0000000000000000     0xe615
 *(.debug_info)
 .debug_info    0x0000000000000000     0x2771 main.o
 .debug_info    0x0000000000002771     0x1b96 C:/Users/Ignasi/Desktop/SDK_NintendoDS_VSCode_Mini-IDE/ndside/msys64/opt/devkitpro/libnds/lib\libnds9.a(sprite_alloc.o)
 .debug_info    0x0000000000004307     0x1786 C:/Users/Ignasi/Desktop/SDK_NintendoDS_VSCode_Mini-IDE/ndside/msys64/opt/devkitpro/libnds/lib\libnds9.a(sprite.o)
 .debug_info    0x0000000000005a8d      0xe17 C:/Users/Ignasi/Desktop/SDK_NintendoDS_VSCode_Mini-IDE/ndside/msys64/opt/devkitpro/libnds/lib\libnds9.a(keys.o)
 .debug_info    0x00000000000068a4     0x1f13 C:/Users/Ignasi/Desktop/SDK_NintendoDS_VSCode_Mini-IDE/ndside/msys64/opt/devkitpro/libnds/lib\libnds9.a(initSystem.o)
 .debug_info    0x00000000000087b7      0xab7 C:/Users/Ignasi/Desktop/SDK_NintendoDS_VSCode_Mini-IDE/ndside/msys64/opt/devkitpro/libnds/lib\libnds9.a(timeSupport.o)
 .debug_info    0x000000000000926e       0x59 C:/Users/Ignasi/Desktop/SDK_NintendoDS_VSCode_Mini-IDE/ndside/msys64/opt/devkitpro/libnds/lib\libnds9.a(securearea.o)
 .debug_info    0x00000000000092c7      0x735 C:/Users/Ignasi/Desktop/SDK_NintendoDS_VSCode_Mini-IDE/ndside/msys64/opt/devkitpro/libnds/lib\libnds9.a(interrupts.o)
 .debug_info    0x00000000000099fc      0xd29 C:/Users/Ignasi/Desktop/SDK_NintendoDS_VSCode_Mini-IDE/ndside/msys64/opt/devkitpro/libnds/lib\libnds9.a(libnds_exit.arm.o)
 .debug_info    0x000000000000a725     0x2197 C:/Users/Ignasi/Desktop/SDK_NintendoDS_VSCode_Mini-IDE/ndside/msys64/opt/devkitpro/libnds/lib\libnds9.a(fifosystem.o)
 .debug_info    0x000000000000c8bc       0x22 C:/Users/Ignasi/Desktop/SDK_NintendoDS_VSCode_Mini-IDE/ndside/msys64/opt/devkitpro/libnds/lib\libnds9.a(dcache.o)
 .debug_info    0x000000000000c8de       0x22 C:/Users/Ignasi/Desktop/SDK_NintendoDS_VSCode_Mini-IDE/ndside/msys64/opt/devkitpro/libnds/lib\libnds9.a(mpu_setup.o)
 .debug_info    0x000000000000c900       0x22 C:/Users/Ignasi/Desktop/SDK_NintendoDS_VSCode_Mini-IDE/ndside/msys64/opt/devkitpro/libnds/lib\libnds9.a(IntrWait.o)
 .debug_info    0x000000000000c922       0x26 C:/Users/Ignasi/Desktop/SDK_NintendoDS_VSCode_Mini-IDE/ndside/msys64/opt/devkitpro/libnds/lib\libnds9.a(cpu_clock.o)
 .debug_info    0x000000000000c948       0x26 C:/Users/Ignasi/Desktop/SDK_NintendoDS_VSCode_Mini-IDE/ndside/msys64/opt/devkitpro/libnds/lib\libnds9.a(interruptDispatcher.o)
 .debug_info    0x000000000000c96e       0x26 C:/Users/Ignasi/Desktop/SDK_NintendoDS_VSCode_Mini-IDE/ndside/msys64/opt/devkitpro/libnds/lib\libnds9.a(swiSoftReset.o)
 .debug_info    0x000000000000c994      0x7dd C:/Users/Ignasi/Desktop/SDK_NintendoDS_VSCode_Mini-IDE/ndside/msys64/opt/devkitpro/libnds/lib\libnds9.a(video.o)
 .debug_info    0x000000000000d171     0x1482 C:/Users/Ignasi/Desktop/SDK_NintendoDS_VSCode_Mini-IDE/ndside/msys64/opt/devkitpro/libnds/lib\libnds9.a(system.o)
 .debug_info    0x000000000000e5f3       0x22 C:/Users/Ignasi/Desktop/SDK_NintendoDS_VSCode_Mini-IDE/ndside/msys64/opt/devkitpro/libnds/lib\libnds9.a(biosCalls.o)

.debug_abbrev   0x0000000000000000     0x28f4
 *(.debug_abbrev)
 .debug_abbrev  0x0000000000000000      0x5e8 main.o
 .debug_abbrev  0x00000000000005e8      0x414 C:/Users/Ignasi/Desktop/SDK_NintendoDS_VSCode_Mini-IDE/ndside/msys64/opt/devkitpro/libnds/lib\libnds9.a(sprite_alloc.o)
 .debug_abbrev  0x00000000000009fc      0x428 C:/Users/Ignasi/Desktop/SDK_NintendoDS_VSCode_Mini-IDE/ndside/msys64/opt/devkitpro/libnds/lib\libnds9.a(sprite.o)
 .debug_abbrev  0x0000000000000e24      0x2c8 C:/Users/Ignasi/Desktop/SDK_NintendoDS_VSCode_Mini-IDE/ndside/msys64/opt/devkitpro/libnds/lib\libnds9.a(keys.o)
 .debug_abbrev  0x00000000000010ec      0x3af C:/Users/Ignasi/Desktop/SDK_NintendoDS_VSCode_Mini-IDE/ndside/msys64/opt/devkitpro/libnds/lib\libnds9.a(initSystem.o)
 .debug_abbrev  0x000000000000149b      0x20b C:/Users/Ignasi/Desktop/SDK_NintendoDS_VSCode_Mini-IDE/ndside/msys64/opt/devkitpro/libnds/lib\libnds9.a(timeSupport.o)
 .debug_abbrev  0x00000000000016a6       0x47 C:/Users/Ignasi/Desktop/SDK_NintendoDS_VSCode_Mini-IDE/ndside/msys64/opt/devkitpro/libnds/lib\libnds9.a(securearea.o)
 .debug_abbrev  0x00000000000016ed      0x2f7 C:/Users/Ignasi/Desktop/SDK_NintendoDS_VSCode_Mini-IDE/ndside/msys64/opt/devkitpro/libnds/lib\libnds9.a(interrupts.o)
 .debug_abbrev  0x00000000000019e4      0x2d0 C:/Users/Ignasi/Desktop/SDK_NintendoDS_VSCode_Mini-IDE/ndside/msys64/opt/devkitpro/libnds/lib\libnds9.a(libnds_exit.arm.o)
 .debug_abbrev  0x0000000000001cb4      0x59b C:/Users/Ignasi/Desktop/SDK_NintendoDS_VSCode_Mini-IDE/ndside/msys64/opt/devkitpro/libnds/lib\libnds9.a(fifosystem.o)
 .debug_abbrev  0x000000000000224f       0x12 C:/Users/Ignasi/Desktop/SDK_NintendoDS_VSCode_Mini-IDE/ndside/msys64/opt/devkitpro/libnds/lib\libnds9.a(dcache.o)
 .debug_abbrev  0x0000000000002261       0x12 C:/Users/Ignasi/Desktop/SDK_NintendoDS_VSCode_Mini-IDE/ndside/msys64/opt/devkitpro/libnds/lib\libnds9.a(mpu_setup.o)
 .debug_abbrev  0x0000000000002273       0x12 C:/Users/Ignasi/Desktop/SDK_NintendoDS_VSCode_Mini-IDE/ndside/msys64/opt/devkitpro/libnds/lib\libnds9.a(IntrWait.o)
 .debug_abbrev  0x0000000000002285       0x14 C:/Users/Ignasi/Desktop/SDK_NintendoDS_VSCode_Mini-IDE/ndside/msys64/opt/devkitpro/libnds/lib\libnds9.a(cpu_clock.o)
 .debug_abbrev  0x0000000000002299       0x14 C:/Users/Ignasi/Desktop/SDK_NintendoDS_VSCode_Mini-IDE/ndside/msys64/opt/devkitpro/libnds/lib\libnds9.a(interruptDispatcher.o)
 .debug_abbrev  0x00000000000022ad       0x14 C:/Users/Ignasi/Desktop/SDK_NintendoDS_VSCode_Mini-IDE/ndside/msys64/opt/devkitpro/libnds/lib\libnds9.a(swiSoftReset.o)
 .debug_abbrev  0x00000000000022c1      0x254 C:/Users/Ignasi/Desktop/SDK_NintendoDS_VSCode_Mini-IDE/ndside/msys64/opt/devkitpro/libnds/lib\libnds9.a(video.o)
 .debug_abbrev  0x0000000000002515      0x3cd C:/Users/Ignasi/Desktop/SDK_NintendoDS_VSCode_Mini-IDE/ndside/msys64/opt/devkitpro/libnds/lib\libnds9.a(system.o)
 .debug_abbrev  0x00000000000028e2       0x12 C:/Users/Ignasi/Desktop/SDK_NintendoDS_VSCode_Mini-IDE/ndside/msys64/opt/devkitpro/libnds/lib\libnds9.a(biosCalls.o)

.debug_line     0x0000000000000000     0x5497
 *(.debug_line)
 .debug_line    0x0000000000000000      0xb61 main.o
 .debug_line    0x0000000000000b61      0x821 C:/Users/Ignasi/Desktop/SDK_NintendoDS_VSCode_Mini-IDE/ndside/msys64/opt/devkitpro/libnds/lib\libnds9.a(sprite_alloc.o)
 .debug_line    0x0000000000001382      0x7e8 C:/Users/Ignasi/Desktop/SDK_NintendoDS_VSCode_Mini-IDE/ndside/msys64/opt/devkitpro/libnds/lib\libnds9.a(sprite.o)
 .debug_line    0x0000000000001b6a      0x43c C:/Users/Ignasi/Desktop/SDK_NintendoDS_VSCode_Mini-IDE/ndside/msys64/opt/devkitpro/libnds/lib\libnds9.a(keys.o)
 .debug_line    0x0000000000001fa6      0x57f C:/Users/Ignasi/Desktop/SDK_NintendoDS_VSCode_Mini-IDE/ndside/msys64/opt/devkitpro/libnds/lib\libnds9.a(initSystem.o)
 .debug_line    0x0000000000002525      0x21b C:/Users/Ignasi/Desktop/SDK_NintendoDS_VSCode_Mini-IDE/ndside/msys64/opt/devkitpro/libnds/lib\libnds9.a(timeSupport.o)
 .debug_line    0x0000000000002740       0x82 C:/Users/Ignasi/Desktop/SDK_NintendoDS_VSCode_Mini-IDE/ndside/msys64/opt/devkitpro/libnds/lib\libnds9.a(securearea.o)
 .debug_line    0x00000000000027c2      0x53b C:/Users/Ignasi/Desktop/SDK_NintendoDS_VSCode_Mini-IDE/ndside/msys64/opt/devkitpro/libnds/lib\libnds9.a(interrupts.o)
 .debug_line    0x0000000000002cfd      0x2d0 C:/Users/Ignasi/Desktop/SDK_NintendoDS_VSCode_Mini-IDE/ndside/msys64/opt/devkitpro/libnds/lib\libnds9.a(libnds_exit.arm.o)
 .debug_line    0x0000000000002fcd     0x140d C:/Users/Ignasi/Desktop/SDK_NintendoDS_VSCode_Mini-IDE/ndside/msys64/opt/devkitpro/libnds/lib\libnds9.a(fifosystem.o)
 .debug_line    0x00000000000043da       0xd3 C:/Users/Ignasi/Desktop/SDK_NintendoDS_VSCode_Mini-IDE/ndside/msys64/opt/devkitpro/libnds/lib\libnds9.a(dcache.o)
 .debug_line    0x00000000000044ad      0x12f C:/Users/Ignasi/Desktop/SDK_NintendoDS_VSCode_Mini-IDE/ndside/msys64/opt/devkitpro/libnds/lib\libnds9.a(mpu_setup.o)
 .debug_line    0x00000000000045dc       0xba C:/Users/Ignasi/Desktop/SDK_NintendoDS_VSCode_Mini-IDE/ndside/msys64/opt/devkitpro/libnds/lib\libnds9.a(IntrWait.o)
 .debug_line    0x0000000000004696       0xa3 C:/Users/Ignasi/Desktop/SDK_NintendoDS_VSCode_Mini-IDE/ndside/msys64/opt/devkitpro/libnds/lib\libnds9.a(cpu_clock.o)
 .debug_line    0x0000000000004739       0xcc C:/Users/Ignasi/Desktop/SDK_NintendoDS_VSCode_Mini-IDE/ndside/msys64/opt/devkitpro/libnds/lib\libnds9.a(interruptDispatcher.o)
 .debug_line    0x0000000000004805       0x9c C:/Users/Ignasi/Desktop/SDK_NintendoDS_VSCode_Mini-IDE/ndside/msys64/opt/devkitpro/libnds/lib\libnds9.a(swiSoftReset.o)
 .debug_line    0x00000000000048a1      0x4aa C:/Users/Ignasi/Desktop/SDK_NintendoDS_VSCode_Mini-IDE/ndside/msys64/opt/devkitpro/libnds/lib\libnds9.a(video.o)
 .debug_line    0x0000000000004d4b      0x55a C:/Users/Ignasi/Desktop/SDK_NintendoDS_VSCode_Mini-IDE/ndside/msys64/opt/devkitpro/libnds/lib\libnds9.a(system.o)
 .debug_line    0x00000000000052a5      0x1f2 C:/Users/Ignasi/Desktop/SDK_NintendoDS_VSCode_Mini-IDE/ndside/msys64/opt/devkitpro/libnds/lib\libnds9.a(biosCalls.o)

.debug_frame    0x0000000000000000      0x85c
 *(.debug_frame)
 .debug_frame   0x0000000000000000       0xa0 main.o
 .debug_frame   0x00000000000000a0       0xb4 C:/Users/Ignasi/Desktop/SDK_NintendoDS_VSCode_Mini-IDE/ndside/msys64/opt/devkitpro/libnds/lib\libnds9.a(sprite_alloc.o)
 .debug_frame   0x0000000000000154       0xf4 C:/Users/Ignasi/Desktop/SDK_NintendoDS_VSCode_Mini-IDE/ndside/msys64/opt/devkitpro/libnds/lib\libnds9.a(sprite.o)
 .debug_frame   0x0000000000000248       0x8c C:/Users/Ignasi/Desktop/SDK_NintendoDS_VSCode_Mini-IDE/ndside/msys64/opt/devkitpro/libnds/lib\libnds9.a(keys.o)
 .debug_frame   0x00000000000002d4       0x28 C:/Users/Ignasi/Desktop/SDK_NintendoDS_VSCode_Mini-IDE/ndside/msys64/opt/devkitpro/libnds/lib\libnds9.a(initSystem.o)
 .debug_frame   0x00000000000002fc       0x28 C:/Users/Ignasi/Desktop/SDK_NintendoDS_VSCode_Mini-IDE/ndside/msys64/opt/devkitpro/libnds/lib\libnds9.a(timeSupport.o)
 .debug_frame   0x0000000000000324       0xa4 C:/Users/Ignasi/Desktop/SDK_NintendoDS_VSCode_Mini-IDE/ndside/msys64/opt/devkitpro/libnds/lib\libnds9.a(interrupts.o)
 .debug_frame   0x00000000000003c8       0x3c C:/Users/Ignasi/Desktop/SDK_NintendoDS_VSCode_Mini-IDE/ndside/msys64/opt/devkitpro/libnds/lib\libnds9.a(libnds_exit.arm.o)
 .debug_frame   0x0000000000000404      0x2a8 C:/Users/Ignasi/Desktop/SDK_NintendoDS_VSCode_Mini-IDE/ndside/msys64/opt/devkitpro/libnds/lib\libnds9.a(fifosystem.o)
 .debug_frame   0x00000000000006ac       0xb8 C:/Users/Ignasi/Desktop/SDK_NintendoDS_VSCode_Mini-IDE/ndside/msys64/opt/devkitpro/libnds/lib\libnds9.a(video.o)
 .debug_frame   0x0000000000000764       0xf8 C:/Users/Ignasi/Desktop/SDK_NintendoDS_VSCode_Mini-IDE/ndside/msys64/opt/devkitpro/libnds/lib\libnds9.a(system.o)

.debug_str      0x0000000000000000     0x3757
 *(.debug_str)
 .debug_str     0x0000000000000000     0x14d1 main.o
                                       0x16b9 (size before relaxing)
 .debug_str     0x00000000000014d1      0x21e C:/Users/Ignasi/Desktop/SDK_NintendoDS_VSCode_Mini-IDE/ndside/msys64/opt/devkitpro/libnds/lib\libnds9.a(sprite_alloc.o)
                                        0xd1e (size before relaxing)
 .debug_str     0x00000000000016ef      0x14f C:/Users/Ignasi/Desktop/SDK_NintendoDS_VSCode_Mini-IDE/ndside/msys64/opt/devkitpro/libnds/lib\libnds9.a(sprite.o)
                                        0xd20 (size before relaxing)
 .debug_str     0x000000000000183e      0x197 C:/Users/Ignasi/Desktop/SDK_NintendoDS_VSCode_Mini-IDE/ndside/msys64/opt/devkitpro/libnds/lib\libnds9.a(keys.o)
                                        0x8aa (size before relaxing)
 .debug_str     0x00000000000019d5      0x6ba C:/Users/Ignasi/Desktop/SDK_NintendoDS_VSCode_Mini-IDE/ndside/msys64/opt/devkitpro/libnds/lib\libnds9.a(initSystem.o)
                                       0x12a3 (size before relaxing)
 .debug_str     0x000000000000208f       0x71 C:/Users/Ignasi/Desktop/SDK_NintendoDS_VSCode_Mini-IDE/ndside/msys64/opt/devkitpro/libnds/lib\libnds9.a(timeSupport.o)
                                        0x6a9 (size before relaxing)
 .debug_str     0x0000000000002100       0x72 C:/Users/Ignasi/Desktop/SDK_NintendoDS_VSCode_Mini-IDE/ndside/msys64/opt/devkitpro/libnds/lib\libnds9.a(securearea.o)
                                        0x153 (size before relaxing)
 .debug_str     0x0000000000002172      0x179 C:/Users/Ignasi/Desktop/SDK_NintendoDS_VSCode_Mini-IDE/ndside/msys64/opt/devkitpro/libnds/lib\libnds9.a(interrupts.o)
                                        0x4dd (size before relaxing)
 .debug_str     0x00000000000022eb      0x1cd C:/Users/Ignasi/Desktop/SDK_NintendoDS_VSCode_Mini-IDE/ndside/msys64/opt/devkitpro/libnds/lib\libnds9.a(libnds_exit.arm.o)
                                        0x873 (size before relaxing)
 .debug_str     0x00000000000024b8      0x4a2 C:/Users/Ignasi/Desktop/SDK_NintendoDS_VSCode_Mini-IDE/ndside/msys64/opt/devkitpro/libnds/lib\libnds9.a(fifosystem.o)
                                        0xd27 (size before relaxing)
 .debug_str     0x000000000000295a       0x63 C:/Users/Ignasi/Desktop/SDK_NintendoDS_VSCode_Mini-IDE/ndside/msys64/opt/devkitpro/libnds/lib\libnds9.a(dcache.o)
                                         0xaa (size before relaxing)
 .debug_str     0x00000000000029bd       0x61 C:/Users/Ignasi/Desktop/SDK_NintendoDS_VSCode_Mini-IDE/ndside/msys64/opt/devkitpro/libnds/lib\libnds9.a(mpu_setup.o)
                                         0xb4 (size before relaxing)
 .debug_str     0x0000000000002a1e       0x60 C:/Users/Ignasi/Desktop/SDK_NintendoDS_VSCode_Mini-IDE/ndside/msys64/opt/devkitpro/libnds/lib\libnds9.a(IntrWait.o)
                                         0xb3 (size before relaxing)
 .debug_str     0x0000000000002a7e       0x61 C:/Users/Ignasi/Desktop/SDK_NintendoDS_VSCode_Mini-IDE/ndside/msys64/opt/devkitpro/libnds/lib\libnds9.a(cpu_clock.o)
                                         0xb4 (size before relaxing)
 .debug_str     0x0000000000002adf       0x66 C:/Users/Ignasi/Desktop/SDK_NintendoDS_VSCode_Mini-IDE/ndside/msys64/opt/devkitpro/libnds/lib\libnds9.a(interruptDispatcher.o)
                                         0xb9 (size before relaxing)
 .debug_str     0x0000000000002b45       0x5f C:/Users/Ignasi/Desktop/SDK_NintendoDS_VSCode_Mini-IDE/ndside/msys64/opt/devkitpro/libnds/lib\libnds9.a(swiSoftReset.o)
                                         0xb2 (size before relaxing)
 .debug_str     0x0000000000002ba4      0x7da C:/Users/Ignasi/Desktop/SDK_NintendoDS_VSCode_Mini-IDE/ndside/msys64/opt/devkitpro/libnds/lib\libnds9.a(video.o)
                                        0xc55 (size before relaxing)
 .debug_str     0x000000000000337e      0x37d C:/Users/Ignasi/Desktop/SDK_NintendoDS_VSCode_Mini-IDE/ndside/msys64/opt/devkitpro/libnds/lib\libnds9.a(system.o)
                                        0xc41 (size before relaxing)
 .debug_str     0x00000000000036fb       0x5c C:/Users/Ignasi/Desktop/SDK_NintendoDS_VSCode_Mini-IDE/ndside/msys64/opt/devkitpro/libnds/lib\libnds9.a(biosCalls.o)
                                         0xaf (size before relaxing)

.debug_loc      0x0000000000000000     0x38c0
 *(.debug_loc)
 .debug_loc     0x0000000000000000      0x792 main.o
 .debug_loc     0x0000000000000792      0x7fe C:/Users/Ignasi/Desktop/SDK_NintendoDS_VSCode_Mini-IDE/ndside/msys64/opt/devkitpro/libnds/lib\libnds9.a(sprite_alloc.o)
 .debug_loc     0x0000000000000f90      0x902 C:/Users/Ignasi/Desktop/SDK_NintendoDS_VSCode_Mini-IDE/ndside/msys64/opt/devkitpro/libnds/lib\libnds9.a(sprite.o)
 .debug_loc     0x0000000000001892       0x15 C:/Users/Ignasi/Desktop/SDK_NintendoDS_VSCode_Mini-IDE/ndside/msys64/opt/devkitpro/libnds/lib\libnds9.a(keys.o)
 .debug_loc     0x00000000000018a7       0xf0 C:/Users/Ignasi/Desktop/SDK_NintendoDS_VSCode_Mini-IDE/ndside/msys64/opt/devkitpro/libnds/lib\libnds9.a(initSystem.o)
 .debug_loc     0x0000000000001997       0x25 C:/Users/Ignasi/Desktop/SDK_NintendoDS_VSCode_Mini-IDE/ndside/msys64/opt/devkitpro/libnds/lib\libnds9.a(timeSupport.o)
 .debug_loc     0x00000000000019bc      0x26c C:/Users/Ignasi/Desktop/SDK_NintendoDS_VSCode_Mini-IDE/ndside/msys64/opt/devkitpro/libnds/lib\libnds9.a(interrupts.o)
 .debug_loc     0x0000000000001c28       0x64 C:/Users/Ignasi/Desktop/SDK_NintendoDS_VSCode_Mini-IDE/ndside/msys64/opt/devkitpro/libnds/lib\libnds9.a(libnds_exit.arm.o)
 .debug_loc     0x0000000000001c8c     0x1710 C:/Users/Ignasi/Desktop/SDK_NintendoDS_VSCode_Mini-IDE/ndside/msys64/opt/devkitpro/libnds/lib\libnds9.a(fifosystem.o)
 .debug_loc     0x000000000000339c      0x2e5 C:/Users/Ignasi/Desktop/SDK_NintendoDS_VSCode_Mini-IDE/ndside/msys64/opt/devkitpro/libnds/lib\libnds9.a(video.o)
 .debug_loc     0x0000000000003681      0x23f C:/Users/Ignasi/Desktop/SDK_NintendoDS_VSCode_Mini-IDE/ndside/msys64/opt/devkitpro/libnds/lib\libnds9.a(system.o)

.debug_macinfo
 *(.debug_macinfo)

.debug_weaknames
 *(.debug_weaknames)

.debug_funcnames
 *(.debug_funcnames)

.debug_typenames
 *(.debug_typenames)

.debug_varnames
 *(.debug_varnames)

.stack          0x0000000000080000        0x0
                0x0000000000080000                _stack = .
 *(.stack)
LOAD c:/users/ignasi/desktop/sdk_nintendods_vscode_mini-ide/ndside/msys64/opt/devkitpro/devkitarm/bin/../lib/gcc/arm-none-eabi/8.3.0/../../../../arm-none-eabi/lib/thumb/ds_arm9_crt0.o
LOAD c:/users/ignasi/desktop/sdk_nintendods_vscode_mini-ide/ndside/msys64/opt/devkitpro/devkitarm/bin/../lib/gcc/arm-none-eabi/8.3.0/thumb/crti.o
LOAD c:/users/ignasi/desktop/sdk_nintendods_vscode_mini-ide/ndside/msys64/opt/devkitpro/devkitarm/bin/../lib/gcc/arm-none-eabi/8.3.0/thumb/crtbegin.o
LOAD mole.o
LOAD main.o
LOAD C:/Users/Ignasi/Desktop/SDK_NintendoDS_VSCode_Mini-IDE/ndside/msys64/opt/devkitpro/libnds/lib\libnds9.a
LOAD c:/users/ignasi/desktop/sdk_nintendods_vscode_mini-ide/ndside/msys64/opt/devkitpro/devkitarm/bin/../lib/gcc/arm-none-eabi/8.3.0/../../../../arm-none-eabi/lib/thumb\libstdc++.a
LOAD c:/users/ignasi/desktop/sdk_nintendods_vscode_mini-ide/ndside/msys64/opt/devkitpro/devkitarm/bin/../lib/gcc/arm-none-eabi/8.3.0/../../../../arm-none-eabi/lib/thumb\libm.a
START GROUP
LOAD c:/users/ignasi/desktop/sdk_nintendods_vscode_mini-ide/ndside/msys64/opt/devkitpro/devkitarm/bin/../lib/gcc/arm-none-eabi/8.3.0/thumb\libgcc.a
LOAD c:/users/ignasi/desktop/sdk_nintendods_vscode_mini-ide/ndside/msys64/opt/devkitpro/devkitarm/bin/../lib/gcc/arm-none-eabi/8.3.0/../../../../arm-none-eabi/lib/thumb\libg.a
LOAD c:/users/ignasi/desktop/sdk_nintendods_vscode_mini-ide/ndside/msys64/opt/devkitpro/devkitarm/bin/../lib/gcc/arm-none-eabi/8.3.0/../../../../arm-none-eabi/lib/thumb\libc.a
LOAD c:/users/ignasi/desktop/sdk_nintendods_vscode_mini-ide/ndside/msys64/opt/devkitpro/devkitarm/bin/../lib/gcc/arm-none-eabi/8.3.0/../../../../arm-none-eabi/lib/thumb\libsysbase.a
END GROUP
LOAD c:/users/ignasi/desktop/sdk_nintendods_vscode_mini-ide/ndside/msys64/opt/devkitpro/devkitarm/bin/../lib/gcc/arm-none-eabi/8.3.0/thumb/crtend.o
LOAD c:/users/ignasi/desktop/sdk_nintendods_vscode_mini-ide/ndside/msys64/opt/devkitpro/devkitarm/bin/../lib/gcc/arm-none-eabi/8.3.0/thumb/crtn.o
OUTPUT(C:/Users/Ignasi/Desktop/SDK_NintendoDS_VSCode_Mini-IDE/ndside/ProgramacioConsolesDS/mole_killer/mole_killer.elf elf32-littlearm)

.debug_ranges   0x0000000000000000      0x9e8
 .debug_ranges  0x0000000000000000       0xf0 main.o
 .debug_ranges  0x00000000000000f0       0x98 C:/Users/Ignasi/Desktop/SDK_NintendoDS_VSCode_Mini-IDE/ndside/msys64/opt/devkitpro/libnds/lib\libnds9.a(sprite_alloc.o)
 .debug_ranges  0x0000000000000188       0xb0 C:/Users/Ignasi/Desktop/SDK_NintendoDS_VSCode_Mini-IDE/ndside/msys64/opt/devkitpro/libnds/lib\libnds9.a(sprite.o)
 .debug_ranges  0x0000000000000238       0x58 C:/Users/Ignasi/Desktop/SDK_NintendoDS_VSCode_Mini-IDE/ndside/msys64/opt/devkitpro/libnds/lib\libnds9.a(keys.o)
 .debug_ranges  0x0000000000000290       0x10 C:/Users/Ignasi/Desktop/SDK_NintendoDS_VSCode_Mini-IDE/ndside/msys64/opt/devkitpro/libnds/lib\libnds9.a(initSystem.o)
 .debug_ranges  0x00000000000002a0       0x10 C:/Users/Ignasi/Desktop/SDK_NintendoDS_VSCode_Mini-IDE/ndside/msys64/opt/devkitpro/libnds/lib\libnds9.a(timeSupport.o)
 .debug_ranges  0x00000000000002b0      0x100 C:/Users/Ignasi/Desktop/SDK_NintendoDS_VSCode_Mini-IDE/ndside/msys64/opt/devkitpro/libnds/lib\libnds9.a(interrupts.o)
 .debug_ranges  0x00000000000003b0       0x18 C:/Users/Ignasi/Desktop/SDK_NintendoDS_VSCode_Mini-IDE/ndside/msys64/opt/devkitpro/libnds/lib\libnds9.a(libnds_exit.arm.o)
 .debug_ranges  0x00000000000003c8      0x440 C:/Users/Ignasi/Desktop/SDK_NintendoDS_VSCode_Mini-IDE/ndside/msys64/opt/devkitpro/libnds/lib\libnds9.a(fifosystem.o)
 .debug_ranges  0x0000000000000808       0x30 C:/Users/Ignasi/Desktop/SDK_NintendoDS_VSCode_Mini-IDE/ndside/msys64/opt/devkitpro/libnds/lib\libnds9.a(dcache.o)
 .debug_ranges  0x0000000000000838       0x28 C:/Users/Ignasi/Desktop/SDK_NintendoDS_VSCode_Mini-IDE/ndside/msys64/opt/devkitpro/libnds/lib\libnds9.a(mpu_setup.o)
 .debug_ranges  0x0000000000000860       0x20 C:/Users/Ignasi/Desktop/SDK_NintendoDS_VSCode_Mini-IDE/ndside/msys64/opt/devkitpro/libnds/lib\libnds9.a(IntrWait.o)
 .debug_ranges  0x0000000000000880       0x50 C:/Users/Ignasi/Desktop/SDK_NintendoDS_VSCode_Mini-IDE/ndside/msys64/opt/devkitpro/libnds/lib\libnds9.a(video.o)
 .debug_ranges  0x00000000000008d0       0x58 C:/Users/Ignasi/Desktop/SDK_NintendoDS_VSCode_Mini-IDE/ndside/msys64/opt/devkitpro/libnds/lib\libnds9.a(system.o)
 .debug_ranges  0x0000000000000928       0xc0 C:/Users/Ignasi/Desktop/SDK_NintendoDS_VSCode_Mini-IDE/ndside/msys64/opt/devkitpro/libnds/lib\libnds9.a(biosCalls.o)
