Archive member included to satisfy reference by file (symbol)

C:/Users/Ignasi/Desktop/SDK_NintendoDS_VSCode_Mini-IDE/ndside/msys64/opt/devkitpro/libnds/lib\libnds9.a(background.o)
                              main.o (bgState)
C:/Users/Ignasi/Desktop/SDK_NintendoDS_VSCode_Mini-IDE/ndside/msys64/opt/devkitpro/libnds/lib\libnds9.a(touch.o)
                              main.o (touchRead)
C:/Users/Ignasi/Desktop/SDK_NintendoDS_VSCode_Mini-IDE/ndside/msys64/opt/devkitpro/libnds/lib\libnds9.a(sprite_alloc.o)
                              main.o (oamAllocateGfx)
C:/Users/Ignasi/Desktop/SDK_NintendoDS_VSCode_Mini-IDE/ndside/msys64/opt/devkitpro/libnds/lib\libnds9.a(trig.o)
                              C:/Users/Ignasi/Desktop/SDK_NintendoDS_VSCode_Mini-IDE/ndside/msys64/opt/devkitpro/libnds/lib\libnds9.a(background.o) (sinLerp)
C:/Users/Ignasi/Desktop/SDK_NintendoDS_VSCode_Mini-IDE/ndside/msys64/opt/devkitpro/libnds/lib\libnds9.a(sprite.o)
                              main.o (oamInit)
C:/Users/Ignasi/Desktop/SDK_NintendoDS_VSCode_Mini-IDE/ndside/msys64/opt/devkitpro/libnds/lib\libnds9.a(keys.o)
                              main.o (scanKeys)
C:/Users/Ignasi/Desktop/SDK_NintendoDS_VSCode_Mini-IDE/ndside/msys64/opt/devkitpro/libnds/lib\libnds9.a(initSystem.o)
                              c:/users/ignasi/desktop/sdk_nintendods_vscode_mini-ide/ndside/msys64/opt/devkitpro/devkitarm/bin/../lib/gcc/arm-none-eabi/8.3.0/../../../../arm-none-eabi/lib/thumb/ds_arm9_crt0.o (initSystem)
C:/Users/Ignasi/Desktop/SDK_NintendoDS_VSCode_Mini-IDE/ndside/msys64/opt/devkitpro/libnds/lib\libnds9.a(timeSupport.o)
                              C:/Users/Ignasi/Desktop/SDK_NintendoDS_VSCode_Mini-IDE/ndside/msys64/opt/devkitpro/libnds/lib\libnds9.a(initSystem.o) (__libnds_gtod)
C:/Users/Ignasi/Desktop/SDK_NintendoDS_VSCode_Mini-IDE/ndside/msys64/opt/devkitpro/libnds/lib\libnds9.a(securearea.o)
                              c:/users/ignasi/desktop/sdk_nintendods_vscode_mini-ide/ndside/msys64/opt/devkitpro/devkitarm/bin/../lib/gcc/arm-none-eabi/8.3.0/../../../../arm-none-eabi/lib/thumb/ds_arm9_crt0.o (__secure_area__)
C:/Users/Ignasi/Desktop/SDK_NintendoDS_VSCode_Mini-IDE/ndside/msys64/opt/devkitpro/libnds/lib\libnds9.a(interrupts.o)
                              C:/Users/Ignasi/Desktop/SDK_NintendoDS_VSCode_Mini-IDE/ndside/msys64/opt/devkitpro/libnds/lib\libnds9.a(initSystem.o) (irqInit)
C:/Users/Ignasi/Desktop/SDK_NintendoDS_VSCode_Mini-IDE/ndside/msys64/opt/devkitpro/libnds/lib\libnds9.a(libnds_exit.arm.o)
                              c:/users/ignasi/desktop/sdk_nintendods_vscode_mini-ide/ndside/msys64/opt/devkitpro/devkitarm/bin/../lib/gcc/arm-none-eabi/8.3.0/../../../../arm-none-eabi/lib/thumb/ds_arm9_crt0.o (__libnds_exit)
C:/Users/Ignasi/Desktop/SDK_NintendoDS_VSCode_Mini-IDE/ndside/msys64/opt/devkitpro/libnds/lib\libnds9.a(fifosystem.o)
                              C:/Users/Ignasi/Desktop/SDK_NintendoDS_VSCode_Mini-IDE/ndside/msys64/opt/devkitpro/libnds/lib\libnds9.a(initSystem.o) (fifoSetValue32Handler)
C:/Users/Ignasi/Desktop/SDK_NintendoDS_VSCode_Mini-IDE/ndside/msys64/opt/devkitpro/libnds/lib\libnds9.a(dcache.o)
                              C:/Users/Ignasi/Desktop/SDK_NintendoDS_VSCode_Mini-IDE/ndside/msys64/opt/devkitpro/libnds/lib\libnds9.a(sprite.o) (DC_FlushRange)
C:/Users/Ignasi/Desktop/SDK_NintendoDS_VSCode_Mini-IDE/ndside/msys64/opt/devkitpro/libnds/lib\libnds9.a(mpu_setup.o)
                              c:/users/ignasi/desktop/sdk_nintendods_vscode_mini-ide/ndside/msys64/opt/devkitpro/devkitarm/bin/../lib/gcc/arm-none-eabi/8.3.0/../../../../arm-none-eabi/lib/thumb/ds_arm9_crt0.o (__libnds_mpu_setup)
C:/Users/Ignasi/Desktop/SDK_NintendoDS_VSCode_Mini-IDE/ndside/msys64/opt/devkitpro/libnds/lib\libnds9.a(IntrWait.o)
                              main.o (swiWaitForVBlank)
C:/Users/Ignasi/Desktop/SDK_NintendoDS_VSCode_Mini-IDE/ndside/msys64/opt/devkitpro/libnds/lib\libnds9.a(cpu_clock.o)
                              C:/Users/Ignasi/Desktop/SDK_NintendoDS_VSCode_Mini-IDE/ndside/msys64/opt/devkitpro/libnds/lib\libnds9.a(initSystem.o) (setCpuClock)
C:/Users/Ignasi/Desktop/SDK_NintendoDS_VSCode_Mini-IDE/ndside/msys64/opt/devkitpro/libnds/lib\libnds9.a(interruptDispatcher.o)
                              C:/Users/Ignasi/Desktop/SDK_NintendoDS_VSCode_Mini-IDE/ndside/msys64/opt/devkitpro/libnds/lib\libnds9.a(interrupts.o) (IntrMain)
C:/Users/Ignasi/Desktop/SDK_NintendoDS_VSCode_Mini-IDE/ndside/msys64/opt/devkitpro/libnds/lib\libnds9.a(swiSoftReset.o)
                              C:/Users/Ignasi/Desktop/SDK_NintendoDS_VSCode_Mini-IDE/ndside/msys64/opt/devkitpro/libnds/lib\libnds9.a(fifosystem.o) (swiSoftReset)
C:/Users/Ignasi/Desktop/SDK_NintendoDS_VSCode_Mini-IDE/ndside/msys64/opt/devkitpro/libnds/lib\libnds9.a(video.o)
                              C:/Users/Ignasi/Desktop/SDK_NintendoDS_VSCode_Mini-IDE/ndside/msys64/opt/devkitpro/libnds/lib\libnds9.a(initSystem.o) (vramDefault)
[...]
Memory Configuration

Name             Origin             Length             Attributes
ewram            0x0000000002000000 0x0000000000380000
dtcm             0x000000000b000000 0x0000000000004000
vectors          0x0000000001000000 0x0000000000000100
itcm             0x0000000001000100 0x0000000000007f00
*default*        0x0000000000000000 0xffffffffffffffff

Linker script and memory map

                0x0000000002380000                __ewram_end = (ORIGIN (ewram) + LENGTH (ewram))
                0x0000000002380000                __eheap_end = (ORIGIN (ewram) + LENGTH (ewram))
                0x000000000b004000                __dtcm_top = (ORIGIN (dtcm) + LENGTH (dtcm))
                0x000000000b003ff8                __irq_flags = (__dtcm_top - 0x8)
                0x000000000b003ffc                __irq_vector = (__dtcm_top - 0x4)
                0x000000000b003f00                __sp_svc = (__dtcm_top - 0x100)
                0x000000000b003e00                __sp_irq = (__sp_svc - 0x100)
                0x000000000b003d00                __sp_usr = (__sp_irq - 0x100)

.secure         0x0000000002000000      0x800
 *(.secure)
 .secure        0x0000000002000000      0x800 C:/Users/Ignasi/Desktop/SDK_NintendoDS_VSCode_Mini-IDE/ndside/msys64/opt/devkitpro/libnds/lib\libnds9.a(securearea.o)
                0x0000000002000000                __secure_area__

.crt0           0x0000000002000800      0x300
                0x0000000002000800                __text_start = .
 *(.crt0)
 .crt0          0x0000000002000800      0x300 c:/users/ignasi/desktop/sdk_nintendods_vscode_mini-ide/ndside/msys64/opt/devkitpro/devkitarm/bin/../lib/gcc/arm-none-eabi/8.3.0/../../../../arm-none-eabi/lib/thumb/ds_arm9_crt0.o
                0x0000000002000800                _start
                0x0000000002000b00                . = ALIGN (0x4)

.plt
 *(.plt)

.init           0x0000000002000b00        0xc
 *(SORT_NONE(.init))
 .init          0x0000000002000b00        0x4 c:/users/ignasi/desktop/sdk_nintendods_vscode_mini-ide/ndside/msys64/opt/devkitpro/devkitarm/bin/../lib/gcc/arm-none-eabi/8.3.0/thumb/crti.o
                0x0000000002000b00                _init
 .init          0x0000000002000b04        0x8 c:/users/ignasi/desktop/sdk_nintendods_vscode_mini-ide/ndside/msys64/opt/devkitpro/devkitarm/bin/../lib/gcc/arm-none-eabi/8.3.0/thumb/crtn.o

.text           0x0000000002000b10     0x6238
 *(EXCLUDE_FILE(*.twl* *.vectors* *.itcm*) .text)
 .text          0x0000000002000b10      0x294 main.o
                0x0000000002000b10                init()
                0x0000000002000c70                initMole(Mole*, unsigned char*)
                0x0000000002000c90                animateMole(Mole*)
                0x0000000002000ccc                quit()
                0x0000000002000cd0                step()
 .text          0x0000000002000da4       0x14 c:/users/ignasi/desktop/sdk_nintendods_vscode_mini-ide/ndside/msys64/opt/devkitpro/devkitarm/bin/../lib/gcc/arm-none-eabi/8.3.0/thumb\libgcc.a(_thumb1_case_uqi.o)
                0x0000000002000da4                __gnu_thumb1_case_uqi
 .text          0x0000000002000db8       0x14 c:/users/ignasi/desktop/sdk_nintendods_vscode_mini-ide/ndside/msys64/opt/devkitpro/devkitarm/bin/../lib/gcc/arm-none-eabi/8.3.0/thumb\libgcc.a(_thumb1_case_uhi.o)
                0x0000000002000db8                __gnu_thumb1_case_uhi
 .text          0x0000000002000dcc      0x150 c:/users/ignasi/desktop/sdk_nintendods_vscode_mini-ide/ndside/msys64/opt/devkitpro/devkitarm/bin/../lib/gcc/arm-none-eabi/8.3.0/thumb\libgcc.a(_divsi3.o)
                0x0000000002000dcc                __divsi3
                0x0000000002000dcc                __aeabi_idiv
                0x0000000002000efc                __aeabi_idivmod
 .text          0x0000000002000f1c        0x4 c:/users/ignasi/desktop/sdk_nintendods_vscode_mini-ide/ndside/msys64/opt/devkitpro/devkitarm/bin/../lib/gcc/arm-none-eabi/8.3.0/thumb\libgcc.a(_dvmd_tls.o)
                0x0000000002000f1c                __aeabi_idiv0
                0x0000000002000f1c                __aeabi_ldiv0
 .text          0x0000000002000f20       0x3c c:/users/ignasi/desktop/sdk_nintendods_vscode_mini-ide/ndside/msys64/opt/devkitpro/devkitarm/bin/../lib/gcc/arm-none-eabi/8.3.0/thumb\libgcc.a(_aeabi_uldivmod.o)
                0x0000000002000f20                __aeabi_uldivmod
 .text          0x0000000002000f5c       0x28 c:/users/ignasi/desktop/sdk_nintendods_vscode_mini-ide/ndside/msys64/opt/devkitpro/devkitarm/bin/../lib/gcc/arm-none-eabi/8.3.0/thumb\libgcc.a(_clzdi2.o)
                0x0000000002000f5c                __clzdi2
 .text          0x0000000002000f84       0x48 c:/users/ignasi/desktop/sdk_nintendods_vscode_mini-ide/ndside/msys64/opt/devkitpro/devkitarm/bin/../lib/gcc/arm-none-eabi/8.3.0/thumb\libgcc.a(_clzsi2.o)
                0x0000000002000f84                __clzsi2
 *(EXCLUDE_FILE(*.twl* *.vectors* *.itcm*) .stub)
 *(EXCLUDE_FILE(*.twl* *.vectors* *.itcm*) .text.*)
 .text.deregister_tm_clones
                0x0000000002000fcc       0x2c c:/users/ignasi/desktop/sdk_nintendods_vscode_mini-ide/ndside/msys64/opt/devkitpro/devkitarm/bin/../lib/gcc/arm-none-eabi/8.3.0/thumb/crtbegin.o
 .text.register_tm_clones
                0x0000000002000ff8       0x34 c:/users/ignasi/desktop/sdk_nintendods_vscode_mini-ide/ndside/msys64/opt/devkitpro/devkitarm/bin/../lib/gcc/arm-none-eabi/8.3.0/thumb/crtbegin.o
 .text.__do_global_dtors_aux
                0x000000000200102c       0x30 c:/users/ignasi/desktop/sdk_nintendods_vscode_mini-ide/ndside/msys64/opt/devkitpro/devkitarm/bin/../lib/gcc/arm-none-eabi/8.3.0/thumb/crtbegin.o
 .text.frame_dummy
                0x000000000200105c       0x28 c:/users/ignasi/desktop/sdk_nintendods_vscode_mini-ide/ndside/msys64/opt/devkitpro/devkitarm/bin/../lib/gcc/arm-none-eabi/8.3.0/thumb/crtbegin.o
 .text.startup  0x0000000002001084       0x20 main.o
                0x0000000002001084                main
 .text.checkIfText.part.0
                0x00000000020010a4       0x40 C:/Users/Ignasi/Desktop/SDK_NintendoDS_VSCode_Mini-IDE/ndside/msys64/opt/devkitpro/libnds/lib\libnds9.a(background.o)
 .text.bgUpdate
                0x00000000020010e4      0x104 C:/Users/Ignasi/Desktop/SDK_NintendoDS_VSCode_Mini-IDE/ndside/msys64/opt/devkitpro/libnds/lib\libnds9.a(background.o)
                0x00000000020010e4                bgUpdate
 .text.bgInitSub_call
                0x00000000020011e8       0xf4 C:/Users/Ignasi/Desktop/SDK_NintendoDS_VSCode_Mini-IDE/ndside/msys64/opt/devkitpro/libnds/lib\libnds9.a(background.o)
                0x00000000020011e8                bgInitSub_call
 .text.touchRead
                0x00000000020012dc       0x24 C:/Users/Ignasi/Desktop/SDK_NintendoDS_VSCode_Mini-IDE/ndside/msys64/opt/devkitpro/libnds/lib\libnds9.a(touch.o)
                0x00000000020012dc                touchRead
 .text.getAllocHeader
                0x0000000002001300       0x28 C:/Users/Ignasi/Desktop/SDK_NintendoDS_VSCode_Mini-IDE/ndside/msys64/opt/devkitpro/libnds/lib\libnds9.a(sprite_alloc.o)
 .text.oamAllocReset
                0x0000000002001328       0x1c C:/Users/Ignasi/Desktop/SDK_NintendoDS_VSCode_Mini-IDE/ndside/msys64/opt/devkitpro/libnds/lib\libnds9.a(sprite_alloc.o)
                0x0000000002001328                oamAllocReset
 .text.oamAllocateGfx
                0x0000000002001344      0x224 C:/Users/Ignasi/Desktop/SDK_NintendoDS_VSCode_Mini-IDE/ndside/msys64/opt/devkitpro/libnds/lib\libnds9.a(sprite_alloc.o)
                0x0000000002001344                oamAllocateGfx
 .text.sinLutLookup
                0x0000000002001568       0x3c C:/Users/Ignasi/Desktop/SDK_NintendoDS_VSCode_Mini-IDE/ndside/msys64/opt/devkitpro/libnds/lib\libnds9.a(trig.o)
                0x0000000002001568                sinLutLookup
 .text.sinLerp  0x00000000020015a4       0x44 C:/Users/Ignasi/Desktop/SDK_NintendoDS_VSCode_Mini-IDE/ndside/msys64/opt/devkitpro/libnds/lib\libnds9.a(trig.o)
                0x00000000020015a4                sinLerp
 .text.cosLerp  0x00000000020015e8       0x14 C:/Users/Ignasi/Desktop/SDK_NintendoDS_VSCode_Mini-IDE/ndside/msys64/opt/devkitpro/libnds/lib\libnds9.a(trig.o)
                0x00000000020015e8                cosLerp
 .text.oamInit  0x00000000020015fc      0x11c C:/Users/Ignasi/Desktop/SDK_NintendoDS_VSCode_Mini-IDE/ndside/msys64/opt/devkitpro/libnds/lib\libnds9.a(sprite.o)
                0x00000000020015fc                oamInit
 .text.oamGetGfxPtr
                0x0000000002001718       0x38 C:/Users/Ignasi/Desktop/SDK_NintendoDS_VSCode_Mini-IDE/ndside/msys64/opt/devkitpro/libnds/lib\libnds9.a(sprite.o)
                0x0000000002001718                oamGetGfxPtr
 .text.oamGfxPtrToOffset
                0x0000000002001750       0x34 C:/Users/Ignasi/Desktop/SDK_NintendoDS_VSCode_Mini-IDE/ndside/msys64/opt/devkitpro/libnds/lib\libnds9.a(sprite.o)
                0x0000000002001750                oamGfxPtrToOffset
 .text.oamSet   0x0000000002001784      0x148 C:/Users/Ignasi/Desktop/SDK_NintendoDS_VSCode_Mini-IDE/ndside/msys64/opt/devkitpro/libnds/lib\libnds9.a(sprite.o)
                0x0000000002001784                oamSet
 .text.oamUpdate
                0x00000000020018cc       0x60 C:/Users/Ignasi/Desktop/SDK_NintendoDS_VSCode_Mini-IDE/ndside/msys64/opt/devkitpro/libnds/lib\libnds9.a(sprite.o)
                0x00000000020018cc                oamUpdate
 .text.scanKeys
                0x000000000200192c       0x8c C:/Users/Ignasi/Desktop/SDK_NintendoDS_VSCode_Mini-IDE/ndside/msys64/opt/devkitpro/libnds/lib\libnds9.a(keys.o)
                0x000000000200192c                scanKeys
 .text.keysHeld
                0x00000000020019b8        0xc C:/Users/Ignasi/Desktop/SDK_NintendoDS_VSCode_Mini-IDE/ndside/msys64/opt/devkitpro/libnds/lib\libnds9.a(keys.o)
                0x00000000020019b8                keysHeld
 .text.initSystem
                0x00000000020019c4      0x198 C:/Users/Ignasi/Desktop/SDK_NintendoDS_VSCode_Mini-IDE/ndside/msys64/opt/devkitpro/libnds/lib\libnds9.a(initSystem.o)
                0x00000000020019c4                initSystem
 .text.__libnds_gtod
                0x0000000002001b5c       0x28 C:/Users/Ignasi/Desktop/SDK_NintendoDS_VSCode_Mini-IDE/ndside/msys64/opt/devkitpro/libnds/lib\libnds9.a(timeSupport.o)
                0x0000000002001b5c                __libnds_gtod
 .text.irqDummy
                0x0000000002001b84        0x4 C:/Users/Ignasi/Desktop/SDK_NintendoDS_VSCode_Mini-IDE/ndside/msys64/opt/devkitpro/libnds/lib\libnds9.a(interrupts.o)
                0x0000000002001b84                irqDummy
 .text.irqSet   0x0000000002001b88       0x6c C:/Users/Ignasi/Desktop/SDK_NintendoDS_VSCode_Mini-IDE/ndside/msys64/opt/devkitpro/libnds/lib\libnds9.a(interrupts.o)
                0x0000000002001b88                irqSet
 .text.irqInit  0x0000000002001bf4       0x50 C:/Users/Ignasi/Desktop/SDK_NintendoDS_VSCode_Mini-IDE/ndside/msys64/opt/devkitpro/libnds/lib\libnds9.a(interrupts.o)
                0x0000000002001bf4                irqInit
 .text.irqEnable
                0x0000000002001c44       0x64 C:/Users/Ignasi/Desktop/SDK_NintendoDS_VSCode_Mini-IDE/ndside/msys64/opt/devkitpro/libnds/lib\libnds9.a(interrupts.o)
                0x0000000002001c44                irqEnable
 .text.systemErrorExit
                0x0000000002001ca8        0x4 C:/Users/Ignasi/Desktop/SDK_NintendoDS_VSCode_Mini-IDE/ndside/msys64/opt/devkitpro/libnds/lib\libnds9.a(libnds_exit.arm.o)
                0x0000000002001ca8                systemErrorExit
 *fill*         0x0000000002001cac        0x4 ff
 .text.__libnds_exit
                0x0000000002001cb0       0x5c C:/Users/Ignasi/Desktop/SDK_NintendoDS_VSCode_Mini-IDE/ndside/msys64/opt/devkitpro/libnds/lib\libnds9.a(libnds_exit.arm.o)
                0x0000000002001cb0                __libnds_exit
 .text.fifo_waitBlock
                0x0000000002001d0c       0x80 C:/Users/Ignasi/Desktop/SDK_NintendoDS_VSCode_Mini-IDE/ndside/msys64/opt/devkitpro/libnds/lib\libnds9.a(fifosystem.o)
 .text.fifo_queueBlock
                0x0000000002001d8c       0x40 C:/Users/Ignasi/Desktop/SDK_NintendoDS_VSCode_Mini-IDE/ndside/msys64/opt/devkitpro/libnds/lib\libnds9.a(fifosystem.o)
 .text.fifoInternalSendInterrupt
                0x0000000002001dcc       0xac C:/Users/Ignasi/Desktop/SDK_NintendoDS_VSCode_Mini-IDE/ndside/msys64/opt/devkitpro/libnds/lib\libnds9.a(fifosystem.o)
 .text.fifoInternalSend.part.2
                0x0000000002001e78       0xd4 C:/Users/Ignasi/Desktop/SDK_NintendoDS_VSCode_Mini-IDE/ndside/msys64/opt/devkitpro/libnds/lib\libnds9.a(fifosystem.o)
 .text.fifoGetValue32.part.3
                0x0000000002001f4c       0x74 C:/Users/Ignasi/Desktop/SDK_NintendoDS_VSCode_Mini-IDE/ndside/msys64/opt/devkitpro/libnds/lib\libnds9.a(fifosystem.o)
 .text.fifoSetValue32Handler
                0x0000000002001fc0       0x78 C:/Users/Ignasi/Desktop/SDK_NintendoDS_VSCode_Mini-IDE/ndside/msys64/opt/devkitpro/libnds/lib\libnds9.a(fifosystem.o)
                0x0000000002001fc0                fifoSetValue32Handler
 .text.fifoSendValue32
                0x0000000002002038       0x4c C:/Users/Ignasi/Desktop/SDK_NintendoDS_VSCode_Mini-IDE/ndside/msys64/opt/devkitpro/libnds/lib\libnds9.a(fifosystem.o)
                0x0000000002002038                fifoSendValue32
 .text.fifoGetDatamsg
                0x0000000002002084      0x138 C:/Users/Ignasi/Desktop/SDK_NintendoDS_VSCode_Mini-IDE/ndside/msys64/opt/devkitpro/libnds/lib\libnds9.a(fifosystem.o)
                0x0000000002002084                fifoGetDatamsg
 .text.fifoInternalRecvInterrupt
                0x00000000020021bc      0x3dc C:/Users/Ignasi/Desktop/SDK_NintendoDS_VSCode_Mini-IDE/ndside/msys64/opt/devkitpro/libnds/lib\libnds9.a(fifosystem.o)
 .text.fifoSetDatamsgHandler
                0x0000000002002598       0x9c C:/Users/Ignasi/Desktop/SDK_NintendoDS_VSCode_Mini-IDE/ndside/msys64/opt/devkitpro/libnds/lib\libnds9.a(fifosystem.o)
                0x0000000002002598                fifoSetDatamsgHandler
 .text.fifoInit
                0x0000000002002634      0x104 C:/Users/Ignasi/Desktop/SDK_NintendoDS_VSCode_Mini-IDE/ndside/msys64/opt/devkitpro/libnds/lib\libnds9.a(fifosystem.o)
                0x0000000002002634                fifoInit
 .text.DC_FlushRange
                0x0000000002002738       0x24 C:/Users/Ignasi/Desktop/SDK_NintendoDS_VSCode_Mini-IDE/ndside/msys64/opt/devkitpro/libnds/lib\libnds9.a(dcache.o)
                0x0000000002002738                DC_FlushRange
 .text.__libnds_mpu_setup
                0x000000000200275c      0x174 C:/Users/Ignasi/Desktop/SDK_NintendoDS_VSCode_Mini-IDE/ndside/msys64/opt/devkitpro/libnds/lib\libnds9.a(mpu_setup.o)
                0x000000000200275c                __libnds_mpu_setup
 .text.memUncached
                0x00000000020028d0       0x20 C:/Users/Ignasi/Desktop/SDK_NintendoDS_VSCode_Mini-IDE/ndside/msys64/opt/devkitpro/libnds/lib\libnds9.a(mpu_setup.o)
                0x00000000020028d0                memUncached
 .text.swiWaitForVBlank
                0x00000000020028f0        0x8 C:/Users/Ignasi/Desktop/SDK_NintendoDS_VSCode_Mini-IDE/ndside/msys64/opt/devkitpro/libnds/lib\libnds9.a(IntrWait.o)
                0x00000000020028f0                swiWaitForVBlank
 .text.swiIntrWait
                0x00000000020028f8       0x70 C:/Users/Ignasi/Desktop/SDK_NintendoDS_VSCode_Mini-IDE/ndside/msys64/opt/devkitpro/libnds/lib\libnds9.a(IntrWait.o)
                0x00000000020028f8                swiIntrWait
 .text.setCpuClock
                0x0000000002002968       0x50 C:/Users/Ignasi/Desktop/SDK_NintendoDS_VSCode_Mini-IDE/ndside/msys64/opt/devkitpro/libnds/lib\libnds9.a(cpu_clock.o)
                0x0000000002002968                setCpuClock
 .text.swiSoftReset
                0x00000000020029b8       0x2c C:/Users/Ignasi/Desktop/SDK_NintendoDS_VSCode_Mini-IDE/ndside/msys64/opt/devkitpro/libnds/lib\libnds9.a(swiSoftReset.o)
                0x00000000020029b8                swiSoftReset
 .text.vramDefault
                0x00000000020029e4       0xd0 C:/Users/Ignasi/Desktop/SDK_NintendoDS_VSCode_Mini-IDE/ndside/msys64/opt/devkitpro/libnds/lib\libnds9.a(video.o)
                0x00000000020029e4                vramDefault
 .text.systemValueHandler
                0x0000000002002ab4       0x48 C:/Users/Ignasi/Desktop/SDK_NintendoDS_VSCode_Mini-IDE/ndside/msys64/opt/devkitpro/libnds/lib\libnds9.a(system.o)
                0x0000000002002ab4                systemValueHandler
 .text.systemMsgHandler
                0x0000000002002afc       0x5c C:/Users/Ignasi/Desktop/SDK_NintendoDS_VSCode_Mini-IDE/ndside/msys64/opt/devkitpro/libnds/lib\libnds9.a(system.o)
                0x0000000002002afc                systemMsgHandler
 .text.powerOn  0x0000000002002b58       0x2c C:/Users/Ignasi/Desktop/SDK_NintendoDS_VSCode_Mini-IDE/ndside/msys64/opt/devkitpro/libnds/lib\libnds9.a(system.o)
                0x0000000002002b58                powerOn
 .text.swiDelay
                0x0000000002002b84        0x4 C:/Users/Ignasi/Desktop/SDK_NintendoDS_VSCode_Mini-IDE/ndside/msys64/opt/devkitpro/libnds/lib\libnds9.a(biosCalls.o)
                0x0000000002002b84                swiDelay
 .text.__libc_init_array
                0x0000000002002b88       0x50 c:/users/ignasi/desktop/sdk_nintendods_vscode_mini-ide/ndside/msys64/opt/devkitpro/devkitarm/bin/../lib/gcc/arm-none-eabi/8.3.0/../../../../arm-none-eabi/lib/thumb\libg.a(lib_a-init.o)
                0x0000000002002b88                __libc_init_array
 .text.iprintf  0x0000000002002bd8       0x24 c:/users/ignasi/desktop/sdk_nintendods_vscode_mini-ide/ndside/msys64/opt/devkitpro/devkitarm/bin/../lib/gcc/arm-none-eabi/8.3.0/../../../../arm-none-eabi/lib/thumb\libg.a(lib_a-iprintf.o)
                0x0000000002002bd8                iprintf
 .text.malloc   0x0000000002002bfc       0x14 c:/users/ignasi/desktop/sdk_nintendods_vscode_mini-ide/ndside/msys64/opt/devkitpro/devkitarm/bin/../lib/gcc/arm-none-eabi/8.3.0/../../../../arm-none-eabi/lib/thumb\libg.a(lib_a-malloc.o)
                0x0000000002002bfc                malloc
 .text.free     0x0000000002002c10       0x14 c:/users/ignasi/desktop/sdk_nintendods_vscode_mini-ide/ndside/msys64/opt/devkitpro/devkitarm/bin/../lib/gcc/arm-none-eabi/8.3.0/../../../../arm-none-eabi/lib/thumb\libg.a(lib_a-malloc.o)
                0x0000000002002c10                free
 .text._malloc_r
                0x0000000002002c24      0x594 c:/users/ignasi/desktop/sdk_nintendods_vscode_mini-ide/ndside/msys64/opt/devkitpro/devkitarm/bin/../lib/gcc/arm-none-eabi/8.3.0/../../../../arm-none-eabi/lib/thumb\libg.a(lib_a-mallocr.o)
                0x0000000002002c24                _malloc_r
 .text.memcpy   0x00000000020031b8       0xac c:/users/ignasi/desktop/sdk_nintendods_vscode_mini-ide/ndside/msys64/opt/devkitpro/devkitarm/bin/../lib/gcc/arm-none-eabi/8.3.0/../../../../arm-none-eabi/lib/thumb\libg.a(lib_a-memcpy-stub.o)
                0x00000000020031b8                memcpy
 .text.memset   0x0000000002003264       0xb0 c:/users/ignasi/desktop/sdk_nintendods_vscode_mini-ide/ndside/msys64/opt/devkitpro/devkitarm/bin/../lib/gcc/arm-none-eabi/8.3.0/../../../../arm-none-eabi/lib/thumb\libg.a(lib_a-memset.o)
                0x0000000002003264                memset
 .text.__malloc_lock
                0x0000000002003314       0x14 c:/users/ignasi/desktop/sdk_nintendods_vscode_mini-ide/ndside/msys64/opt/devkitpro/devkitarm/bin/../lib/gcc/arm-none-eabi/8.3.0/../../../../arm-none-eabi/lib/thumb\libg.a(lib_a-mlock.o)
                0x0000000002003314                __malloc_lock
 .text.__malloc_unlock
                0x0000000002003328       0x14 c:/users/ignasi/desktop/sdk_nintendods_vscode_mini-ide/ndside/msys64/opt/devkitpro/devkitarm/bin/../lib/gcc/arm-none-eabi/8.3.0/../../../../arm-none-eabi/lib/thumb\libg.a(lib_a-mlock.o)
                0x0000000002003328                __malloc_unlock
 .text.realloc  0x000000000200333c       0x18 c:/users/ignasi/desktop/sdk_nintendods_vscode_mini-ide/ndside/msys64/opt/devkitpro/devkitarm/bin/../lib/gcc/arm-none-eabi/8.3.0/../../../../arm-none-eabi/lib/thumb\libg.a(lib_a-realloc.o)
                0x000000000200333c                realloc
 .text._realloc_r
                0x0000000002003354      0x370 c:/users/ignasi/desktop/sdk_nintendods_vscode_mini-ide/ndside/msys64/opt/devkitpro/devkitarm/bin/../lib/gcc/arm-none-eabi/8.3.0/../../../../arm-none-eabi/lib/thumb\libg.a(lib_a-reallocr.o)
                0x0000000002003354                _realloc_r
 .text.get_arg  0x00000000020036c4      0x3c0 c:/users/ignasi/desktop/sdk_nintendods_vscode_mini-ide/ndside/msys64/opt/devkitpro/devkitarm/bin/../lib/gcc/arm-none-eabi/8.3.0/../../../../arm-none-eabi/lib/thumb\libg.a(lib_a-vfiprintf.o)
 .text.__sprint_r
                0x0000000002003a84       0x20 c:/users/ignasi/desktop/sdk_nintendods_vscode_mini-ide/ndside/msys64/opt/devkitpro/devkitarm/bin/../lib/gcc/arm-none-eabi/8.3.0/../../../../arm-none-eabi/lib/thumb\libg.a(lib_a-vfiprintf.o)
                0x0000000002003a84                __sprint_r
 .text._vfiprintf_r
                0x0000000002003aa4     0x17e8 c:/users/ignasi/desktop/sdk_nintendods_vscode_mini-ide/ndside/msys64/opt/devkitpro/devkitarm/bin/../lib/gcc/arm-none-eabi/8.3.0/../../../../arm-none-eabi/lib/thumb\libg.a(lib_a-vfiprintf.o)
                0x0000000002003aa4                _vfiprintf_r
 .text.__sbprintf
                0x000000000200528c       0x8c c:/users/ignasi/desktop/sdk_nintendods_vscode_mini-ide/ndside/msys64/opt/devkitpro/devkitarm/bin/../lib/gcc/arm-none-eabi/8.3.0/../../../../arm-none-eabi/lib/thumb\libg.a(lib_a-vfiprintf.o)
 .text._wcrtomb_r
                0x0000000002005318       0x5c c:/users/ignasi/desktop/sdk_nintendods_vscode_mini-ide/ndside/msys64/opt/devkitpro/devkitarm/bin/../lib/gcc/arm-none-eabi/8.3.0/../../../../arm-none-eabi/lib/thumb\libg.a(lib_a-wcrtomb.o)
                0x0000000002005318                _wcrtomb_r
 .text._wcsrtombs_r
                0x0000000002005374       0x1c c:/users/ignasi/desktop/sdk_nintendods_vscode_mini-ide/ndside/msys64/opt/devkitpro/devkitarm/bin/../lib/gcc/arm-none-eabi/8.3.0/../../../../arm-none-eabi/lib/thumb\libg.a(lib_a-wcsrtombs.o)
                0x0000000002005374                _wcsrtombs_r
 .text.__swsetup_r
                0x0000000002005390       0xe0 c:/users/ignasi/desktop/sdk_nintendods_vscode_mini-ide/ndside/msys64/opt/devkitpro/devkitarm/bin/../lib/gcc/arm-none-eabi/8.3.0/../../../../arm-none-eabi/lib/thumb\libg.a(lib_a-wsetup.o)
                0x0000000002005390                __swsetup_r
 .text.__sflush_r
                0x0000000002005470      0x1b8 c:/users/ignasi/desktop/sdk_nintendods_vscode_mini-ide/ndside/msys64/opt/devkitpro/devkitarm/bin/../lib/gcc/arm-none-eabi/8.3.0/../../../../arm-none-eabi/lib/thumb\libg.a(lib_a-fflush.o)
                0x0000000002005470                __sflush_r
 .text._fflush_r
                0x0000000002005628       0x70 c:/users/ignasi/desktop/sdk_nintendods_vscode_mini-ide/ndside/msys64/opt/devkitpro/devkitarm/bin/../lib/gcc/arm-none-eabi/8.3.0/../../../../arm-none-eabi/lib/thumb\libg.a(lib_a-fflush.o)
                0x0000000002005628                _fflush_r
 .text.std      0x0000000002005698       0x54 c:/users/ignasi/desktop/sdk_nintendods_vscode_mini-ide/ndside/msys64/opt/devkitpro/devkitarm/bin/../lib/gcc/arm-none-eabi/8.3.0/../../../../arm-none-eabi/lib/thumb\libg.a(lib_a-findfp.o)
 .text._cleanup_r
                0x00000000020056ec       0x14 c:/users/ignasi/desktop/sdk_nintendods_vscode_mini-ide/ndside/msys64/opt/devkitpro/devkitarm/bin/../lib/gcc/arm-none-eabi/8.3.0/../../../../arm-none-eabi/lib/thumb\libg.a(lib_a-findfp.o)
                0x00000000020056ec                _cleanup_r
 .text.__sinit  0x0000000002005700       0x64 c:/users/ignasi/desktop/sdk_nintendods_vscode_mini-ide/ndside/msys64/opt/devkitpro/devkitarm/bin/../lib/gcc/arm-none-eabi/8.3.0/../../../../arm-none-eabi/lib/thumb\libg.a(lib_a-findfp.o)
                0x0000000002005700                __sinit
 .text.__sfp_lock_acquire
                0x0000000002005764       0x14 c:/users/ignasi/desktop/sdk_nintendods_vscode_mini-ide/ndside/msys64/opt/devkitpro/devkitarm/bin/../lib/gcc/arm-none-eabi/8.3.0/../../../../arm-none-eabi/lib/thumb\libg.a(lib_a-findfp.o)
                0x0000000002005764                __sfp_lock_acquire
 .text.__sfp_lock_release
                0x0000000002005778       0x14 c:/users/ignasi/desktop/sdk_nintendods_vscode_mini-ide/ndside/msys64/opt/devkitpro/devkitarm/bin/../lib/gcc/arm-none-eabi/8.3.0/../../../../arm-none-eabi/lib/thumb\libg.a(lib_a-findfp.o)
                0x0000000002005778                __sfp_lock_release
 .text._malloc_trim_r
                0x000000000200578c       0xa4 c:/users/ignasi/desktop/sdk_nintendods_vscode_mini-ide/ndside/msys64/opt/devkitpro/devkitarm/bin/../lib/gcc/arm-none-eabi/8.3.0/../../../../arm-none-eabi/lib/thumb\libg.a(lib_a-freer.o)
                0x000000000200578c                _malloc_trim_r
 .text._free_r  0x0000000002005830      0x1e0 c:/users/ignasi/desktop/sdk_nintendods_vscode_mini-ide/ndside/msys64/opt/devkitpro/devkitarm/bin/../lib/gcc/arm-none-eabi/8.3.0/../../../../arm-none-eabi/lib/thumb\libg.a(lib_a-freer.o)
                0x0000000002005830                _free_r
 .text.__sfvwrite_r
                0x0000000002005a10      0x348 c:/users/ignasi/desktop/sdk_nintendods_vscode_mini-ide/ndside/msys64/opt/devkitpro/devkitarm/bin/../lib/gcc/arm-none-eabi/8.3.0/../../../../arm-none-eabi/lib/thumb\libg.a(lib_a-fvwrite.o)
                0x0000000002005a10                __sfvwrite_r
 .text._fwalk_reent
                0x0000000002005d58       0x54 c:/users/ignasi/desktop/sdk_nintendods_vscode_mini-ide/ndside/msys64/opt/devkitpro/devkitarm/bin/../lib/gcc/arm-none-eabi/8.3.0/../../../../arm-none-eabi/lib/thumb\libg.a(lib_a-fwalk.o)
                0x0000000002005d58                _fwalk_reent
 .text._localeconv_r
                0x0000000002005dac        0x8 c:/users/ignasi/desktop/sdk_nintendods_vscode_mini-ide/ndside/msys64/opt/devkitpro/devkitarm/bin/../lib/gcc/arm-none-eabi/8.3.0/../../../../arm-none-eabi/lib/thumb\libg.a(lib_a-localeconv.o)
                0x0000000002005dac                _localeconv_r
 .text.__locale_mb_cur_max
                0x0000000002005db4       0x10 c:/users/ignasi/desktop/sdk_nintendods_vscode_mini-ide/ndside/msys64/opt/devkitpro/devkitarm/bin/../lib/gcc/arm-none-eabi/8.3.0/../../../../arm-none-eabi/lib/thumb\libg.a(lib_a-locale.o)
                0x0000000002005db4                __locale_mb_cur_max
 .text.__swhatbuf_r
                0x0000000002005dc4       0x64 c:/users/ignasi/desktop/sdk_nintendods_vscode_mini-ide/ndside/msys64/opt/devkitpro/devkitarm/bin/../lib/gcc/arm-none-eabi/8.3.0/../../../../arm-none-eabi/lib/thumb\libg.a(lib_a-makebuf.o)
                0x0000000002005dc4                __swhatbuf_r
 .text.__smakebuf_r
                0x0000000002005e28       0x98 c:/users/ignasi/desktop/sdk_nintendods_vscode_mini-ide/ndside/msys64/opt/devkitpro/devkitarm/bin/../lib/gcc/arm-none-eabi/8.3.0/../../../../arm-none-eabi/lib/thumb\libg.a(lib_a-makebuf.o)
                0x0000000002005e28                __smakebuf_r
 .text.__utf8_mbtowc
                0x0000000002005ec0      0x294 c:/users/ignasi/desktop/sdk_nintendods_vscode_mini-ide/ndside/msys64/opt/devkitpro/devkitarm/bin/../lib/gcc/arm-none-eabi/8.3.0/../../../../arm-none-eabi/lib/thumb\libg.a(lib_a-mbtowc_r.o)
                0x0000000002005ec0                __utf8_mbtowc
 .text.memchr   0x0000000002006154       0x84 c:/users/ignasi/desktop/sdk_nintendods_vscode_mini-ide/ndside/msys64/opt/devkitpro/devkitarm/bin/../lib/gcc/arm-none-eabi/8.3.0/../../../../arm-none-eabi/lib/thumb\libg.a(lib_a-memchr-stub.o)
                0x0000000002006154                memchr
 .text.memmove  0x00000000020061d8       0xb4 c:/users/ignasi/desktop/sdk_nintendods_vscode_mini-ide/ndside/msys64/opt/devkitpro/devkitarm/bin/../lib/gcc/arm-none-eabi/8.3.0/../../../../arm-none-eabi/lib/thumb\libg.a(lib_a-memmove.o)
                0x00000000020061d8                memmove
 .text.__sread  0x000000000200628c       0x34 c:/users/ignasi/desktop/sdk_nintendods_vscode_mini-ide/ndside/msys64/opt/devkitpro/devkitarm/bin/../lib/gcc/arm-none-eabi/8.3.0/../../../../arm-none-eabi/lib/thumb\libg.a(lib_a-stdio.o)
                0x000000000200628c                __sread
 .text.__swrite
                0x00000000020062c0       0x4c c:/users/ignasi/desktop/sdk_nintendods_vscode_mini-ide/ndside/msys64/opt/devkitpro/devkitarm/bin/../lib/gcc/arm-none-eabi/8.3.0/../../../../arm-none-eabi/lib/thumb\libg.a(lib_a-stdio.o)
                0x00000000020062c0                __swrite
 .text.__sseek  0x000000000200630c       0x40 c:/users/ignasi/desktop/sdk_nintendods_vscode_mini-ide/ndside/msys64/opt/devkitpro/devkitarm/bin/../lib/gcc/arm-none-eabi/8.3.0/../../../../arm-none-eabi/lib/thumb\libg.a(lib_a-stdio.o)
                0x000000000200630c                __sseek
 .text.__sclose
                0x000000000200634c       0x10 c:/users/ignasi/desktop/sdk_nintendods_vscode_mini-ide/ndside/msys64/opt/devkitpro/devkitarm/bin/../lib/gcc/arm-none-eabi/8.3.0/../../../../arm-none-eabi/lib/thumb\libg.a(lib_a-stdio.o)
                0x000000000200634c                __sclose
 .text.strlen   0x000000000200635c       0x6c c:/users/ignasi/desktop/sdk_nintendods_vscode_mini-ide/ndside/msys64/opt/devkitpro/devkitarm/bin/../lib/gcc/arm-none-eabi/8.3.0/../../../../arm-none-eabi/lib/thumb\libg.a(lib_a-strlen-stub.o)
                0x000000000200635c                strlen
 .text.strncpy  0x00000000020063c8       0x84 c:/users/ignasi/desktop/sdk_nintendods_vscode_mini-ide/ndside/msys64/opt/devkitpro/devkitarm/bin/../lib/gcc/arm-none-eabi/8.3.0/../../../../arm-none-eabi/lib/thumb\libg.a(lib_a-strncpy.o)
                0x00000000020063c8                strncpy
 .text._wcsnrtombs_l
                0x000000000200644c      0x134 c:/users/ignasi/desktop/sdk_nintendods_vscode_mini-ide/ndside/msys64/opt/devkitpro/devkitarm/bin/../lib/gcc/arm-none-eabi/8.3.0/../../../../arm-none-eabi/lib/thumb\libg.a(lib_a-wcsnrtombs.o)
                0x000000000200644c                _wcsnrtombs_l
 .text._wcsnrtombs_r
                0x0000000002006580       0x30 c:/users/ignasi/desktop/sdk_nintendods_vscode_mini-ide/ndside/msys64/opt/devkitpro/devkitarm/bin/../lib/gcc/arm-none-eabi/8.3.0/../../../../arm-none-eabi/lib/thumb\libg.a(lib_a-wcsnrtombs.o)
                0x0000000002006580                _wcsnrtombs_r
 .text.__utf8_wctomb
                0x00000000020065b0       0xbc c:/users/ignasi/desktop/sdk_nintendods_vscode_mini-ide/ndside/msys64/opt/devkitpro/devkitarm/bin/../lib/gcc/arm-none-eabi/8.3.0/../../../../arm-none-eabi/lib/thumb\libg.a(lib_a-wctomb_r.o)
                0x00000000020065b0                __utf8_wctomb
 .text._fclose_r
                0x000000000200666c       0xe4 c:/users/ignasi/desktop/sdk_nintendods_vscode_mini-ide/ndside/msys64/opt/devkitpro/devkitarm/bin/../lib/gcc/arm-none-eabi/8.3.0/../../../../arm-none-eabi/lib/thumb\libg.a(lib_a-fclose.o)
                0x000000000200666c                _fclose_r
 .text._close_r
                0x0000000002006750       0x5c c:/users/ignasi/desktop/sdk_nintendods_vscode_mini-ide/ndside/msys64/opt/devkitpro/devkitarm/bin/../lib/gcc/arm-none-eabi/8.3.0/../../../../arm-none-eabi/lib/thumb\libsysbase.a(close.o)
                0x0000000002006750                _close_r
 .text._fstat_r
                0x00000000020067ac       0x4c c:/users/ignasi/desktop/sdk_nintendods_vscode_mini-ide/ndside/msys64/opt/devkitpro/devkitarm/bin/../lib/gcc/arm-none-eabi/8.3.0/../../../../arm-none-eabi/lib/thumb\libsysbase.a(fstat.o)
                0x00000000020067ac                _fstat_r
 .text._isatty_r
                0x00000000020067f8        0x4 c:/users/ignasi/desktop/sdk_nintendods_vscode_mini-ide/ndside/msys64/opt/devkitpro/devkitarm/bin/../lib/gcc/arm-none-eabi/8.3.0/../../../../arm-none-eabi/lib/thumb\libsysbase.a(isatty.o)
                0x00000000020067f8                _isatty_r
 .text._lseek_r
                0x00000000020067fc       0x5c c:/users/ignasi/desktop/sdk_nintendods_vscode_mini-ide/ndside/msys64/opt/devkitpro/devkitarm/bin/../lib/gcc/arm-none-eabi/8.3.0/../../../../arm-none-eabi/lib/thumb\libsysbase.a(lseek.o)
                0x00000000020067fc                _lseek_r
 .text._read_r  0x0000000002006858       0x50 c:/users/ignasi/desktop/sdk_nintendods_vscode_mini-ide/ndside/msys64/opt/devkitpro/devkitarm/bin/../lib/gcc/arm-none-eabi/8.3.0/../../../../arm-none-eabi/lib/thumb\libsysbase.a(read.o)
                0x0000000002006858                _read_r
 .text._sbrk_r  0x00000000020068a8       0x54 c:/users/ignasi/desktop/sdk_nintendods_vscode_mini-ide/ndside/msys64/opt/devkitpro/devkitarm/bin/../lib/gcc/arm-none-eabi/8.3.0/../../../../arm-none-eabi/lib/thumb\libsysbase.a(sbrk.o)
                0x00000000020068a8                _sbrk_r
 .text._write_r
                0x00000000020068fc       0x50 c:/users/ignasi/desktop/sdk_nintendods_vscode_mini-ide/ndside/msys64/opt/devkitpro/devkitarm/bin/../lib/gcc/arm-none-eabi/8.3.0/../../../../arm-none-eabi/lib/thumb\libsysbase.a(write.o)
                0x00000000020068fc                _write_r
 .text.build_argv
                0x000000000200694c       0x4c c:/users/ignasi/desktop/sdk_nintendods_vscode_mini-ide/ndside/msys64/opt/devkitpro/devkitarm/bin/../lib/gcc/arm-none-eabi/8.3.0/../../../../arm-none-eabi/lib/thumb\libsysbase.a(build_argv.o)
                0x000000000200694c                build_argv
 .text.__flockfile
                0x0000000002006998       0x10 c:/users/ignasi/desktop/sdk_nintendods_vscode_mini-ide/ndside/msys64/opt/devkitpro/devkitarm/bin/../lib/gcc/arm-none-eabi/8.3.0/../../../../arm-none-eabi/lib/thumb\libsysbase.a(flock.o)
                0x0000000002006998                __flockfile
 .text.__funlockfile
                0x00000000020069a8       0x10 c:/users/ignasi/desktop/sdk_nintendods_vscode_mini-ide/ndside/msys64/opt/devkitpro/devkitarm/bin/../lib/gcc/arm-none-eabi/8.3.0/../../../../arm-none-eabi/lib/thumb\libsysbase.a(flock.o)
                0x00000000020069a8                __funlockfile
 .text.__libc_lock_acquire
                0x00000000020069b8       0x1c c:/users/ignasi/desktop/sdk_nintendods_vscode_mini-ide/ndside/msys64/opt/devkitpro/devkitarm/bin/../lib/gcc/arm-none-eabi/8.3.0/../../../../arm-none-eabi/lib/thumb\libsysbase.a(syscall_support.o)
                0x00000000020069b8                __libc_lock_acquire
 .text.__libc_lock_release
                0x00000000020069d4       0x1c c:/users/ignasi/desktop/sdk_nintendods_vscode_mini-ide/ndside/msys64/opt/devkitpro/devkitarm/bin/../lib/gcc/arm-none-eabi/8.3.0/../../../../arm-none-eabi/lib/thumb\libsysbase.a(syscall_support.o)
                0x00000000020069d4                __libc_lock_release
 .text.__libc_lock_init_recursive
                0x00000000020069f0       0x1c c:/users/ignasi/desktop/sdk_nintendods_vscode_mini-ide/ndside/msys64/opt/devkitpro/devkitarm/bin/../lib/gcc/arm-none-eabi/8.3.0/../../../../arm-none-eabi/lib/thumb\libsysbase.a(syscall_support.o)
                0x00000000020069f0                __libc_lock_init_recursive
 .text.__libc_lock_acquire_recursive
                0x0000000002006a0c       0x1c c:/users/ignasi/desktop/sdk_nintendods_vscode_mini-ide/ndside/msys64/opt/devkitpro/devkitarm/bin/../lib/gcc/arm-none-eabi/8.3.0/../../../../arm-none-eabi/lib/thumb\libsysbase.a(syscall_support.o)
                0x0000000002006a0c                __libc_lock_acquire_recursive
 .text.__libc_lock_release_recursive
                0x0000000002006a28       0x1c c:/users/ignasi/desktop/sdk_nintendods_vscode_mini-ide/ndside/msys64/opt/devkitpro/devkitarm/bin/../lib/gcc/arm-none-eabi/8.3.0/../../../../arm-none-eabi/lib/thumb\libsysbase.a(syscall_support.o)
                0x0000000002006a28                __libc_lock_release_recursive
 .text.__libc_lock_close_recursive
                0x0000000002006a44       0x1c c:/users/ignasi/desktop/sdk_nintendods_vscode_mini-ide/ndside/msys64/opt/devkitpro/devkitarm/bin/../lib/gcc/arm-none-eabi/8.3.0/../../../../arm-none-eabi/lib/thumb\libsysbase.a(syscall_support.o)
                0x0000000002006a44                __libc_lock_close_recursive
 .text.__release_handle
                0x0000000002006a60       0x6c c:/users/ignasi/desktop/sdk_nintendods_vscode_mini-ide/ndside/msys64/opt/devkitpro/devkitarm/bin/../lib/gcc/arm-none-eabi/8.3.0/../../../../arm-none-eabi/lib/thumb\libsysbase.a(handle_manager.o)
                0x0000000002006a60                __release_handle
 .text.__get_handle
                0x0000000002006acc       0x1c c:/users/ignasi/desktop/sdk_nintendods_vscode_mini-ide/ndside/msys64/opt/devkitpro/devkitarm/bin/../lib/gcc/arm-none-eabi/8.3.0/../../../../arm-none-eabi/lib/thumb\libsysbase.a(handle_manager.o)
                0x0000000002006acc                __get_handle
 .text.__getreent
                0x0000000002006ae8       0x28 c:/users/ignasi/desktop/sdk_nintendods_vscode_mini-ide/ndside/msys64/opt/devkitpro/devkitarm/bin/../lib/gcc/arm-none-eabi/8.3.0/../../../../arm-none-eabi/lib/thumb\libsysbase.a(getreent.o)
                0x0000000002006ae8                __getreent
 .text.null_write
                0x0000000002006b10        0x4 c:/users/ignasi/desktop/sdk_nintendods_vscode_mini-ide/ndside/msys64/opt/devkitpro/devkitarm/bin/../lib/gcc/arm-none-eabi/8.3.0/../../../../arm-none-eabi/lib/thumb\libsysbase.a(iosupport.o)
 .text.__udivmoddi4
                0x0000000002006b14      0x1a8 c:/users/ignasi/desktop/sdk_nintendods_vscode_mini-ide/ndside/msys64/opt/devkitpro/devkitarm/bin/../lib/gcc/arm-none-eabi/8.3.0/thumb\libgcc.a(_udivmoddi4.o)
                0x0000000002006b14                __udivmoddi4
 *fill*         0x0000000002006cbc        0x4 ff
 .text.__udivmoddi4.__stub
                0x0000000002006cc0       0x78 linker stubs
 *(EXCLUDE_FILE(*.twl*) .gnu.warning)
 *(EXCLUDE_FILE(*.twl*) .gnu.linkonce.t*)
 *(.glue_7)
 .glue_7        0x0000000002006d48        0x0 linker stubs
 *(.glue_7t)
 .glue_7t       0x0000000002006d48        0x0 linker stubs
                0x0000000002006d48                . = ALIGN (0x4)

.vfp11_veneer   0x0000000002006d48        0x0
 .vfp11_veneer  0x0000000002006d48        0x0 linker stubs

.v4_bx          0x0000000002006d48        0x0
 .v4_bx         0x0000000002006d48        0x0 linker stubs

.iplt           0x0000000002006d48        0x0
 .iplt          0x0000000002006d48        0x0 c:/users/ignasi/desktop/sdk_nintendods_vscode_mini-ide/ndside/msys64/opt/devkitpro/devkitarm/bin/../lib/gcc/arm-none-eabi/8.3.0/../../../../arm-none-eabi/lib/thumb/ds_arm9_crt0.o

.fini           0x0000000002006d48        0xc
 *(.fini)
 .fini          0x0000000002006d48        0x4 c:/users/ignasi/desktop/sdk_nintendods_vscode_mini-ide/ndside/msys64/opt/devkitpro/devkitarm/bin/../lib/gcc/arm-none-eabi/8.3.0/thumb/crti.o
                0x0000000002006d48                _fini
 .fini          0x0000000002006d4c        0x8 c:/users/ignasi/desktop/sdk_nintendods_vscode_mini-ide/ndside/msys64/opt/devkitpro/devkitarm/bin/../lib/gcc/arm-none-eabi/8.3.0/thumb/crtn.o
                0x0000000002006d54                __text_end = .

.rodata         0x0000000002006d54     0xf914
 *(EXCLUDE_FILE(*.twl*) .rodata)
 .rodata        0x0000000002006d54     0x3200 mole.o
                0x0000000002006d54                moleTiles
                0x0000000002009d54                molePal
 .rodata        0x0000000002009f54     0xc200 background.o
                0x0000000002009f54                backgroundBitmap
                0x0000000002015f54                backgroundPal
 *all.rodata*(*)
 *(EXCLUDE_FILE(*.twl*) .roda)
 *(EXCLUDE_FILE(*.twl*) .rodata.*)
 .rodata.str1.4
                0x0000000002016154       0x29 main.o
 *fill*         0x000000000201617d        0x3 ff
 .rodata.SIN_LUT
                0x0000000002016180      0x102 C:/Users/Ignasi/Desktop/SDK_NintendoDS_VSCode_Mini-IDE/ndside/msys64/opt/devkitpro/libnds/lib\libnds9.a(trig.o)
                0x0000000002016180                SIN_LUT
 .rodata._vfiprintf_r.str1.1
                0x0000000002016282       0x29 c:/users/ignasi/desktop/sdk_nintendods_vscode_mini-ide/ndside/msys64/opt/devkitpro/devkitarm/bin/../lib/gcc/arm-none-eabi/8.3.0/../../../../arm-none-eabi/lib/thumb\libg.a(lib_a-vfiprintf.o)
 *fill*         0x00000000020162ab        0x1 ff
 .rodata.blanks.7416
                0x00000000020162ac       0x10 c:/users/ignasi/desktop/sdk_nintendods_vscode_mini-ide/ndside/msys64/opt/devkitpro/devkitarm/bin/../lib/gcc/arm-none-eabi/8.3.0/../../../../arm-none-eabi/lib/thumb\libg.a(lib_a-vfiprintf.o)
 .rodata.zeroes.7417
                0x00000000020162bc       0x10 c:/users/ignasi/desktop/sdk_nintendods_vscode_mini-ide/ndside/msys64/opt/devkitpro/devkitarm/bin/../lib/gcc/arm-none-eabi/8.3.0/../../../../arm-none-eabi/lib/thumb\libg.a(lib_a-vfiprintf.o)
 .rodata.str1.4
                0x00000000020162cc       0x48 c:/users/ignasi/desktop/sdk_nintendods_vscode_mini-ide/ndside/msys64/opt/devkitpro/devkitarm/bin/../lib/gcc/arm-none-eabi/8.3.0/../../../../arm-none-eabi/lib/thumb\libg.a(lib_a-locale.o)
                                         0x4c (size before relaxing)
 .rodata.__action_table
                0x0000000002016314       0x6c c:/users/ignasi/desktop/sdk_nintendods_vscode_mini-ide/ndside/msys64/opt/devkitpro/devkitarm/bin/../lib/gcc/arm-none-eabi/8.3.0/../../../../arm-none-eabi/lib/thumb\libg.a(lib_a-svfiprintf.o)
                0x0000000002016314                __action_table
 .rodata.__chclass
                0x0000000002016380      0x100 c:/users/ignasi/desktop/sdk_nintendods_vscode_mini-ide/ndside/msys64/opt/devkitpro/devkitarm/bin/../lib/gcc/arm-none-eabi/8.3.0/../../../../arm-none-eabi/lib/thumb\libg.a(lib_a-svfiprintf.o)
                0x0000000002016380                __chclass
 .rodata.__state_table
                0x0000000002016480       0x6c c:/users/ignasi/desktop/sdk_nintendods_vscode_mini-ide/ndside/msys64/opt/devkitpro/devkitarm/bin/../lib/gcc/arm-none-eabi/8.3.0/../../../../arm-none-eabi/lib/thumb\libg.a(lib_a-svfiprintf.o)
                0x0000000002016480                __state_table
 .rodata._ctype_
                0x00000000020164ec      0x101 c:/users/ignasi/desktop/sdk_nintendods_vscode_mini-ide/ndside/msys64/opt/devkitpro/devkitarm/bin/../lib/gcc/arm-none-eabi/8.3.0/../../../../arm-none-eabi/lib/thumb\libg.a(lib_a-ctype_.o)
                0x00000000020164ec                _ctype_
 *fill*         0x00000000020165ed        0x3 ff
 .rodata.AddDevice.str1.4
                0x00000000020165f0        0x8 c:/users/ignasi/desktop/sdk_nintendods_vscode_mini-ide/ndside/msys64/opt/devkitpro/devkitarm/bin/../lib/gcc/arm-none-eabi/8.3.0/../../../../arm-none-eabi/lib/thumb\libsysbase.a(iosupport.o)
 .rodata.dotab_stdnull
                0x00000000020165f8       0x70 c:/users/ignasi/desktop/sdk_nintendods_vscode_mini-ide/ndside/msys64/opt/devkitpro/devkitarm/bin/../lib/gcc/arm-none-eabi/8.3.0/../../../../arm-none-eabi/lib/thumb\libsysbase.a(iosupport.o)
                0x00000000020165f8                dotab_stdnull
 *(EXCLUDE_FILE(*.twl*) .gnu.linkonce.r*)
                0x0000000002016668                . = ALIGN (0x4)

.ARM.extab
 *(.ARM.extab* .gnu.linkonce.armextab.*)
                0x0000000002016668                __exidx_start = .

ARM.exidx
 *(.ARM.exidx* .gnu.linkonce.armexidx.*)
                0x0000000002016668                __exidx_end = .
                0x0000000002016668                . = ALIGN (0x4)
                0x0000000002016668                PROVIDE (__preinit_array_start = .)

.preinit_array
 *(.preinit_array)
                0x0000000002016668                PROVIDE (__preinit_array_end = .)
                0x0000000002016668                PROVIDE (__init_array_start = .)

.init_array     0x0000000002016668        0x4
 *(SORT_BY_NAME(.init_array.*))
 *(.init_array)
 .init_array    0x0000000002016668        0x4 c:/users/ignasi/desktop/sdk_nintendods_vscode_mini-ide/ndside/msys64/opt/devkitpro/devkitarm/bin/../lib/gcc/arm-none-eabi/8.3.0/thumb/crtbegin.o
                0x000000000201666c                PROVIDE (__init_array_end = .)
                [!provide]                        PROVIDE (__fini_array_start = .)

.fini_array     0x000000000201666c        0x4
 *(.fini_array)
 .fini_array    0x000000000201666c        0x4 c:/users/ignasi/desktop/sdk_nintendods_vscode_mini-ide/ndside/msys64/opt/devkitpro/devkitarm/bin/../lib/gcc/arm-none-eabi/8.3.0/thumb/crtbegin.o
 *(SORT_BY_NAME(.fini_array.*))
                [!provide]                        PROVIDE (__fini_array_end = .)

.ctors          0x0000000002016670        0x0
 *crtbegin.o(.ctors)
 *(EXCLUDE_FILE(*crtend.o) .ctors)
 *(SORT_BY_NAME(.ctors.*))
 *(.ctors)
                0x0000000002016670                . = ALIGN (0x4)

.dtors          0x0000000002016670        0x0
 *crtbegin.o(.dtors)
 *(EXCLUDE_FILE(*crtend.o) .dtors)
 *(SORT_BY_NAME(.dtors.*))
 *(.dtors)
                0x0000000002016670                . = ALIGN (0x4)

.eh_frame       0x0000000002016670        0x4
 *(.eh_frame)
 .eh_frame      0x0000000002016670        0x0 c:/users/ignasi/desktop/sdk_nintendods_vscode_mini-ide/ndside/msys64/opt/devkitpro/devkitarm/bin/../lib/gcc/arm-none-eabi/8.3.0/thumb/crtbegin.o
 .eh_frame      0x0000000002016670        0x4 c:/users/ignasi/desktop/sdk_nintendods_vscode_mini-ide/ndside/msys64/opt/devkitpro/devkitarm/bin/../lib/gcc/arm-none-eabi/8.3.0/thumb/crtend.o
                0x0000000002016674                . = ALIGN (0x4)

.rel.dyn        0x0000000002016674        0x0
 .rel.iplt      0x0000000002016674        0x0 c:/users/ignasi/desktop/sdk_nintendods_vscode_mini-ide/ndside/msys64/opt/devkitpro/devkitarm/bin/../lib/gcc/arm-none-eabi/8.3.0/../../../../arm-none-eabi/lib/thumb/ds_arm9_crt0.o

.gcc_except_table
                0x0000000002016674        0x0
 *(.gcc_except_table)
                0x0000000002016674                . = ALIGN (0x4)

.jcr
 *(.jcr)

.got
 *(.got.plt)
 *(.got)
 *(.rel.got)

.ewram          0x0000000002016674        0x0
                0x0000000002016674                __ewram_start = ABSOLUTE (.)
 *(.ewram)
 *ewram.*(.text)
                0x0000000002016674                . = ALIGN (0x4)

.data           0x0000000002016674     0x1b84
                0x0000000002016674                __data_start = ABSOLUTE (.)
 *(EXCLUDE_FILE(*.twl*) .data)
 .data          0x0000000002016674       0x28 C:/Users/Ignasi/Desktop/SDK_NintendoDS_VSCode_Mini-IDE/ndside/msys64/opt/devkitpro/libnds/lib\libnds9.a(mpu_setup.o)
 *(EXCLUDE_FILE(*.twl*) .data.*)
 .data.bgControl
                0x000000000201669c       0x20 C:/Users/Ignasi/Desktop/SDK_NintendoDS_VSCode_Mini-IDE/ndside/msys64/opt/devkitpro/libnds/lib\libnds9.a(background.o)
                0x000000000201669c                bgControl
 .data.bgScrollTable
                0x00000000020166bc       0x20 C:/Users/Ignasi/Desktop/SDK_NintendoDS_VSCode_Mini-IDE/ndside/msys64/opt/devkitpro/libnds/lib\libnds9.a(background.o)
                0x00000000020166bc                bgScrollTable
 .data.bgTransform
                0x00000000020166dc       0x20 C:/Users/Ignasi/Desktop/SDK_NintendoDS_VSCode_Mini-IDE/ndside/msys64/opt/devkitpro/libnds/lib\libnds9.a(background.o)
                0x00000000020166dc                bgTransform
 .data.oamMain  0x00000000020166fc       0x18 C:/Users/Ignasi/Desktop/SDK_NintendoDS_VSCode_Mini-IDE/ndside/msys64/opt/devkitpro/libnds/lib\libnds9.a(sprite.o)
                0x00000000020166fc                oamMain
 .data.oamSub   0x0000000002016714       0x18 C:/Users/Ignasi/Desktop/SDK_NintendoDS_VSCode_Mini-IDE/ndside/msys64/opt/devkitpro/libnds/lib\libnds9.a(sprite.o)
                0x0000000002016714                oamSub
 .data.count    0x000000000201672c        0x1 C:/Users/Ignasi/Desktop/SDK_NintendoDS_VSCode_Mini-IDE/ndside/msys64/opt/devkitpro/libnds/lib\libnds9.a(keys.o)
 .data.delay    0x000000000201672d        0x1 C:/Users/Ignasi/Desktop/SDK_NintendoDS_VSCode_Mini-IDE/ndside/msys64/opt/devkitpro/libnds/lib\libnds9.a(keys.o)
 .data.repeat   0x000000000201672e        0x1 C:/Users/Ignasi/Desktop/SDK_NintendoDS_VSCode_Mini-IDE/ndside/msys64/opt/devkitpro/libnds/lib\libnds9.a(keys.o)
 *fill*         0x000000000201672f        0x1 ff
 .data.fifo_buffer_free
                0x0000000002016730        0x4 C:/Users/Ignasi/Desktop/SDK_NintendoDS_VSCode_Mini-IDE/ndside/msys64/opt/devkitpro/libnds/lib\libnds9.a(fifosystem.o)
                0x0000000002016730                fifo_buffer_free
 .data.fifo_freewords
                0x0000000002016734        0x4 C:/Users/Ignasi/Desktop/SDK_NintendoDS_VSCode_Mini-IDE/ndside/msys64/opt/devkitpro/libnds/lib\libnds9.a(fifosystem.o)
                0x0000000002016734                fifo_freewords
 .data.fifo_receive_queue
                0x0000000002016738        0x4 C:/Users/Ignasi/Desktop/SDK_NintendoDS_VSCode_Mini-IDE/ndside/msys64/opt/devkitpro/libnds/lib\libnds9.a(fifosystem.o)
                0x0000000002016738                fifo_receive_queue
 .data.fifo_send_queue
                0x000000000201673c        0x4 C:/Users/Ignasi/Desktop/SDK_NintendoDS_VSCode_Mini-IDE/ndside/msys64/opt/devkitpro/libnds/lib\libnds9.a(fifosystem.o)
                0x000000000201673c                fifo_send_queue
 .data.__malloc_av_
                0x0000000002016740      0x408 c:/users/ignasi/desktop/sdk_nintendods_vscode_mini-ide/ndside/msys64/opt/devkitpro/devkitarm/bin/../lib/gcc/arm-none-eabi/8.3.0/../../../../arm-none-eabi/lib/thumb\libg.a(lib_a-mallocr.o)
                0x0000000002016740                __malloc_av_
 .data.__malloc_sbrk_base
                0x0000000002016b48        0x4 c:/users/ignasi/desktop/sdk_nintendods_vscode_mini-ide/ndside/msys64/opt/devkitpro/devkitarm/bin/../lib/gcc/arm-none-eabi/8.3.0/../../../../arm-none-eabi/lib/thumb\libg.a(lib_a-mallocr.o)
                0x0000000002016b48                __malloc_sbrk_base
 .data.__malloc_trim_threshold
                0x0000000002016b4c        0x4 c:/users/ignasi/desktop/sdk_nintendods_vscode_mini-ide/ndside/msys64/opt/devkitpro/devkitarm/bin/../lib/gcc/arm-none-eabi/8.3.0/../../../../arm-none-eabi/lib/thumb\libg.a(lib_a-mallocr.o)
                0x0000000002016b4c                __malloc_trim_threshold
 .data.__malloc_recursive_mutex
                0x0000000002016b50        0xc c:/users/ignasi/desktop/sdk_nintendods_vscode_mini-ide/ndside/msys64/opt/devkitpro/devkitarm/bin/../lib/gcc/arm-none-eabi/8.3.0/../../../../arm-none-eabi/lib/thumb\libg.a(lib_a-mlock.o)
 .data.__sfp_recursive_mutex
                0x0000000002016b5c        0xc c:/users/ignasi/desktop/sdk_nintendods_vscode_mini-ide/ndside/msys64/opt/devkitpro/devkitarm/bin/../lib/gcc/arm-none-eabi/8.3.0/../../../../arm-none-eabi/lib/thumb\libg.a(lib_a-findfp.o)
 .data.__sinit_recursive_mutex
                0x0000000002016b68        0xc c:/users/ignasi/desktop/sdk_nintendods_vscode_mini-ide/ndside/msys64/opt/devkitpro/devkitarm/bin/../lib/gcc/arm-none-eabi/8.3.0/../../../../arm-none-eabi/lib/thumb\libg.a(lib_a-findfp.o)
 .data._impure_ptr
                0x0000000002016b74        0x4 c:/users/ignasi/desktop/sdk_nintendods_vscode_mini-ide/ndside/msys64/opt/devkitpro/devkitarm/bin/../lib/gcc/arm-none-eabi/8.3.0/../../../../arm-none-eabi/lib/thumb\libg.a(lib_a-impure.o)
                0x0000000002016b74                _impure_ptr
 *fill*         0x0000000002016b78        0x0 ff
 .data.impure_data
                0x0000000002016b78      0x460 c:/users/ignasi/desktop/sdk_nintendods_vscode_mini-ide/ndside/msys64/opt/devkitpro/devkitarm/bin/../lib/gcc/arm-none-eabi/8.3.0/../../../../arm-none-eabi/lib/thumb\libg.a(lib_a-impure.o)
 .data.__global_locale
                0x0000000002016fd8      0x16c c:/users/ignasi/desktop/sdk_nintendods_vscode_mini-ide/ndside/msys64/opt/devkitpro/devkitarm/bin/../lib/gcc/arm-none-eabi/8.3.0/../../../../arm-none-eabi/lib/thumb\libg.a(lib_a-locale.o)
                0x0000000002016fd8                __global_locale
 .data.__hndl_lock
                0x0000000002017144        0x4 c:/users/ignasi/desktop/sdk_nintendods_vscode_mini-ide/ndside/msys64/opt/devkitpro/devkitarm/bin/../lib/gcc/arm-none-eabi/8.3.0/../../../../arm-none-eabi/lib/thumb\libsysbase.a(handle_manager.o)
 .data.__stderr_handle
                0x0000000002017148        0xc c:/users/ignasi/desktop/sdk_nintendods_vscode_mini-ide/ndside/msys64/opt/devkitpro/devkitarm/bin/../lib/gcc/arm-none-eabi/8.3.0/../../../../arm-none-eabi/lib/thumb\libsysbase.a(handle_manager.o)
 .data.__stdin_handle
                0x0000000002017154        0xc c:/users/ignasi/desktop/sdk_nintendods_vscode_mini-ide/ndside/msys64/opt/devkitpro/devkitarm/bin/../lib/gcc/arm-none-eabi/8.3.0/../../../../arm-none-eabi/lib/thumb\libsysbase.a(handle_manager.o)
 .data.__stdout_handle
                0x0000000002017160        0xc c:/users/ignasi/desktop/sdk_nintendods_vscode_mini-ide/ndside/msys64/opt/devkitpro/devkitarm/bin/../lib/gcc/arm-none-eabi/8.3.0/../../../../arm-none-eabi/lib/thumb\libsysbase.a(handle_manager.o)
 .data.handles  0x000000000201716c     0x1000 c:/users/ignasi/desktop/sdk_nintendods_vscode_mini-ide/ndside/msys64/opt/devkitpro/devkitarm/bin/../lib/gcc/arm-none-eabi/8.3.0/../../../../arm-none-eabi/lib/thumb\libsysbase.a(handle_manager.o)
 .data.devoptab_list
                0x000000000201816c       0x8c c:/users/ignasi/desktop/sdk_nintendods_vscode_mini-ide/ndside/msys64/opt/devkitpro/devkitarm/bin/../lib/gcc/arm-none-eabi/8.3.0/../../../../arm-none-eabi/lib/thumb\libsysbase.a(iosupport.o)
                0x000000000201816c                devoptab_list
 *(EXCLUDE_FILE(*.twl*) .gnu.linkonce.d*)
                0x00000000020181f8                . = ALIGN (0x4)
                0x00000000020181f8                __data_end = ABSOLUTE (.)
                0x00000000020181f8                __bss_vma = .

.igot.plt       0x00000000020181f8        0x0
 .igot.plt      0x00000000020181f8        0x0 c:/users/ignasi/desktop/sdk_nintendods_vscode_mini-ide/ndside/msys64/opt/devkitpro/devkitarm/bin/../lib/gcc/arm-none-eabi/8.3.0/../../../../arm-none-eabi/lib/thumb/ds_arm9_crt0.o

.tm_clone_table
                0x00000000020181f8        0x0
 .tm_clone_table
                0x00000000020181f8        0x0 c:/users/ignasi/desktop/sdk_nintendods_vscode_mini-ide/ndside/msys64/opt/devkitpro/devkitarm/bin/../lib/gcc/arm-none-eabi/8.3.0/thumb/crtbegin.o
 .tm_clone_table
                0x00000000020181f8        0x0 c:/users/ignasi/desktop/sdk_nintendods_vscode_mini-ide/ndside/msys64/opt/devkitpro/devkitarm/bin/../lib/gcc/arm-none-eabi/8.3.0/thumb/crtend.o

.dtcm           0x000000000b000000        0x0 load address 0x00000000020181f8
                0x00000000020181f8                __dtcm_lma = LOADADDR (.dtcm)
                0x000000000b000000                __dtcm_start = ABSOLUTE (.)
 *(.dtcm)
 *(.dtcm.*)
                0x000000000b000000                . = ALIGN (0x4)
                0x000000000b000000                __dtcm_end = ABSOLUTE (.)

.itcm           0x0000000001000100      0x194 load address 0x00000000020181f8
                0x00000000020181f8                __itcm_lma = LOADADDR (.itcm)
                0x0000000001000100                __itcm_start = ABSOLUTE (.)
 *(.itcm)
 .itcm          0x0000000001000100       0xc8 C:/Users/Ignasi/Desktop/SDK_NintendoDS_VSCode_Mini-IDE/ndside/msys64/opt/devkitpro/libnds/lib\libnds9.a(interrupts.o)
                0x0000000001000100                irqTable
 .itcm          0x00000000010001c8       0xcc C:/Users/Ignasi/Desktop/SDK_NintendoDS_VSCode_Mini-IDE/ndside/msys64/opt/devkitpro/libnds/lib\libnds9.a(interruptDispatcher.o)
                0x00000000010001c8                IntrMain
 *.itcm*(.text .stub .text.*)
                0x0000000001000294                . = ALIGN (0x4)
                0x0000000001000294                __itcm_end = ABSOLUTE (.)

.vectors        0x0000000001000000        0x0 load address 0x000000000201838c
                0x000000000201838c                __vectors_lma = LOADADDR (.vectors)
                0x0000000001000000                __vectors_start = ABSOLUTE (.)
 *(.vectors .vectors.*)
                0x0000000001000000                . = ALIGN (0x4)
                0x0000000001000000                __vectors_end = ABSOLUTE (.)

.sbss           0x000000000b000000        0x0
                0x000000000b000000                __sbss_start = ABSOLUTE (.)
                0x000000000b000000                __sbss_start__ = ABSOLUTE (.)
 *(.sbss)
                0x000000000b000000                . = ALIGN (0x4)
                0x000000000b000000                __sbss_end = ABSOLUTE (.)

.bss            0x00000000020181f8     0x146c
                0x00000000020181f8                __bss_start = ABSOLUTE (.)
                0x00000000020181f8                __bss_start__ = ABSOLUTE (.)
 *(EXCLUDE_FILE(*.twl*) .dynbss)
 *(EXCLUDE_FILE(*.twl*) .gnu.linkonce.b*)
 *(EXCLUDE_FILE(*.twl*) .bss*)
 .bss.completed.9044
                0x00000000020181f8        0x1 c:/users/ignasi/desktop/sdk_nintendods_vscode_mini-ide/ndside/msys64/opt/devkitpro/devkitarm/bin/../lib/gcc/arm-none-eabi/8.3.0/thumb/crtbegin.o
 *fill*         0x00000000020181f9        0x3 
 .bss.object.9049
                0x00000000020181fc       0x18 c:/users/ignasi/desktop/sdk_nintendods_vscode_mini-ide/ndside/msys64/opt/devkitpro/devkitarm/bin/../lib/gcc/arm-none-eabi/8.3.0/thumb/crtbegin.o
 .bss           0x0000000002018214       0x28 main.o
                0x0000000002018214                playing
                0x0000000002018218                mole
                0x0000000002018230                touch
 .bss.keys      0x000000000201823c        0x2 C:/Users/Ignasi/Desktop/SDK_NintendoDS_VSCode_Mini-IDE/ndside/msys64/opt/devkitpro/libnds/lib\libnds9.a(keys.o)
 .bss.keysold   0x000000000201823e        0x2 C:/Users/Ignasi/Desktop/SDK_NintendoDS_VSCode_Mini-IDE/ndside/msys64/opt/devkitpro/libnds/lib\libnds9.a(keys.o)
 .bss.keysrepeat
                0x0000000002018240        0x2 C:/Users/Ignasi/Desktop/SDK_NintendoDS_VSCode_Mini-IDE/ndside/msys64/opt/devkitpro/libnds/lib\libnds9.a(keys.o)
 *fill*         0x0000000002018242        0x2 
 .bss.processing
                0x0000000002018244        0x4 C:/Users/Ignasi/Desktop/SDK_NintendoDS_VSCode_Mini-IDE/ndside/msys64/opt/devkitpro/libnds/lib\libnds9.a(fifosystem.o)
                0x0000000002018244                processing
 .bss.SDcallback
                0x0000000002018248        0x4 C:/Users/Ignasi/Desktop/SDK_NintendoDS_VSCode_Mini-IDE/ndside/msys64/opt/devkitpro/libnds/lib\libnds9.a(system.o)
 .bss.__malloc_current_mallinfo
                0x000000000201824c       0x28 c:/users/ignasi/desktop/sdk_nintendods_vscode_mini-ide/ndside/msys64/opt/devkitpro/devkitarm/bin/../lib/gcc/arm-none-eabi/8.3.0/../../../../arm-none-eabi/lib/thumb\libg.a(lib_a-mallocr.o)
                0x000000000201824c                __malloc_current_mallinfo
 .bss.__malloc_max_sbrked_mem
                0x0000000002018274        0x4 c:/users/ignasi/desktop/sdk_nintendods_vscode_mini-ide/ndside/msys64/opt/devkitpro/devkitarm/bin/../lib/gcc/arm-none-eabi/8.3.0/../../../../arm-none-eabi/lib/thumb\libg.a(lib_a-mallocr.o)
                0x0000000002018274                __malloc_max_sbrked_mem
 .bss.__malloc_max_total_mem
                0x0000000002018278        0x4 c:/users/ignasi/desktop/sdk_nintendods_vscode_mini-ide/ndside/msys64/opt/devkitpro/devkitarm/bin/../lib/gcc/arm-none-eabi/8.3.0/../../../../arm-none-eabi/lib/thumb\libg.a(lib_a-mallocr.o)
                0x0000000002018278                __malloc_max_total_mem
 .bss.__malloc_top_pad
                0x000000000201827c        0x4 c:/users/ignasi/desktop/sdk_nintendods_vscode_mini-ide/ndside/msys64/opt/devkitpro/devkitarm/bin/../lib/gcc/arm-none-eabi/8.3.0/../../../../arm-none-eabi/lib/thumb\libg.a(lib_a-mallocr.o)
                0x000000000201827c                __malloc_top_pad
 .bss.heap_start.6107
                0x0000000002018280        0x4 c:/users/ignasi/desktop/sdk_nintendods_vscode_mini-ide/ndside/msys64/opt/devkitpro/devkitarm/bin/../lib/gcc/arm-none-eabi/8.3.0/../../../../arm-none-eabi/lib/thumb\libsysbase.a(sbrk.o)
 .bss.fake_heap_end
                0x0000000002018284        0x4 c:/users/ignasi/desktop/sdk_nintendods_vscode_mini-ide/ndside/msys64/opt/devkitpro/devkitarm/bin/../lib/gcc/arm-none-eabi/8.3.0/../../../../arm-none-eabi/lib/thumb\libsysbase.a(malloc_vars.o)
                0x0000000002018284                fake_heap_end
 .bss.fake_heap_start
                0x0000000002018288        0x4 c:/users/ignasi/desktop/sdk_nintendods_vscode_mini-ide/ndside/msys64/opt/devkitpro/devkitarm/bin/../lib/gcc/arm-none-eabi/8.3.0/../../../../arm-none-eabi/lib/thumb\libsysbase.a(malloc_vars.o)
                0x0000000002018288                fake_heap_start
 .bss.__syscalls
                0x000000000201828c       0x48 c:/users/ignasi/desktop/sdk_nintendods_vscode_mini-ide/ndside/msys64/opt/devkitpro/devkitarm/bin/../lib/gcc/arm-none-eabi/8.3.0/../../../../arm-none-eabi/lib/thumb\libsysbase.a(syscall_support.o)
                0x000000000201828c                __syscalls
 *(EXCLUDE_FILE(*.twl*) COMMON)
 COMMON         0x00000000020182d4      0x148 C:/Users/Ignasi/Desktop/SDK_NintendoDS_VSCode_Mini-IDE/ndside/msys64/opt/devkitpro/libnds/lib\libnds9.a(background.o)
                0x00000000020182d4                bgState
                0x0000000002018414                bgIsTextLut
 COMMON         0x000000000201841c      0x800 C:/Users/Ignasi/Desktop/SDK_NintendoDS_VSCode_Mini-IDE/ndside/msys64/opt/devkitpro/libnds/lib\libnds9.a(sprite.o)
                0x000000000201841c                OamMemorySub
                0x000000000201881c                OamMemory
 COMMON         0x0000000002018c1c        0x1 C:/Users/Ignasi/Desktop/SDK_NintendoDS_VSCode_Mini-IDE/ndside/msys64/opt/devkitpro/libnds/lib\libnds9.a(initSystem.o)
                0x0000000002018c1c                __dsimode
 *fill*         0x0000000002018c1d        0x3 
 COMMON         0x0000000002018c20        0x4 C:/Users/Ignasi/Desktop/SDK_NintendoDS_VSCode_Mini-IDE/ndside/msys64/opt/devkitpro/libnds/lib\libnds9.a(timeSupport.o)
                0x0000000002018c20                punixTime
 COMMON         0x0000000002018c24      0xa40 C:/Users/Ignasi/Desktop/SDK_NintendoDS_VSCode_Mini-IDE/ndside/msys64/opt/devkitpro/libnds/lib\libnds9.a(fifosystem.o)
                0x0000000002018c24                fifo_datamsg_data
                0x0000000002018c64                fifo_buffer
                0x0000000002019464                fifo_value32_func
                0x00000000020194a4                fifo_address_func
                0x00000000020194e4                fifo_value32_data
                0x0000000002019524                fifo_value32_queue
                0x0000000002019564                fifo_data_queue
                0x00000000020195a4                fifo_address_data
                0x00000000020195e4                fifo_datamsg_func
                0x0000000002019624                fifo_address_queue
                0x0000000002019664                . = ALIGN (0x4)
                0x0000000002019664                __bss_end__ = ABSOLUTE (.)
                0x0000000002019664                __end__ = ABSOLUTE (.)

.twl            0x0000000002019664        0x0 load address 0x0000000002400000
                0x0000000002400000                __arm9i_lma__ = LOADADDR (.twl)
                0x0000000002019664                __arm9i_start__ = ABSOLUTE (.)
 *(.twl)
 *.twl*(.text .stub .text.* .gnu.linkonce.t.*)
 *.twl*(.rodata)
 *.twl*(.roda)
 *.twl*(.rodata.*)
 *.twl*(.data)
 *.twl*(.data.*)
 *.twl*(.gnu.linkonce.d*)
                0x0000000002019664                __arm9i_end__ = ABSOLUTE (.)

.twl_bss        0x0000000002019664        0x0
                0x0000000002019664                __twl_bss_start__ = ABSOLUTE (.)
 *(.twl_bss)
 *.twl*(.dynbss)
 *.twl*(.gnu.linkonce.b*)
 *.twl*(.bss*)
 *.twl*(COMMON)
                0x0000000002019664                . = ALIGN (0x4)
                0x0000000002019664                __twl_bss_end__ = ABSOLUTE (.)
                0x0000000002019664                __twl_end__ = ABSOLUTE (.)

.stab
 *(.stab)

.stabstr
 *(.stabstr)

.stab.excl
 *(.stab.excl)

.stab.exclstr
 *(.stab.exclstr)

.stab.index
 *(.stab.index)

.stab.indexstr
 *(.stab.indexstr)

.comment        0x0000000000000000       0x44
 *(.comment)
 .comment       0x0000000000000000       0x22 c:/users/ignasi/desktop/sdk_nintendods_vscode_mini-ide/ndside/msys64/opt/devkitpro/devkitarm/bin/../lib/gcc/arm-none-eabi/8.3.0/thumb/crtbegin.o
                                         0x23 (size before relaxing)
 .comment       0x0000000000000022       0x23 main.o
 .comment       0x0000000000000022       0x22 C:/Users/Ignasi/Desktop/SDK_NintendoDS_VSCode_Mini-IDE/ndside/msys64/opt/devkitpro/libnds/lib\libnds9.a(background.o)
                                         0x23 (size before relaxing)
 .comment       0x0000000000000044       0x23 C:/Users/Ignasi/Desktop/SDK_NintendoDS_VSCode_Mini-IDE/ndside/msys64/opt/devkitpro/libnds/lib\libnds9.a(touch.o)
 .comment       0x0000000000000044       0x23 C:/Users/Ignasi/Desktop/SDK_NintendoDS_VSCode_Mini-IDE/ndside/msys64/opt/devkitpro/libnds/lib\libnds9.a(sprite_alloc.o)
 .comment       0x0000000000000044       0x23 C:/Users/Ignasi/Desktop/SDK_NintendoDS_VSCode_Mini-IDE/ndside/msys64/opt/devkitpro/libnds/lib\libnds9.a(trig.o)
 .comment       0x0000000000000044       0x23 C:/Users/Ignasi/Desktop/SDK_NintendoDS_VSCode_Mini-IDE/ndside/msys64/opt/devkitpro/libnds/lib\libnds9.a(sprite.o)
 .comment       0x0000000000000044       0x23 C:/Users/Ignasi/Desktop/SDK_NintendoDS_VSCode_Mini-IDE/ndside/msys64/opt/devkitpro/libnds/lib\libnds9.a(keys.o)
 .comment       0x0000000000000044       0x23 C:/Users/Ignasi/Desktop/SDK_NintendoDS_VSCode_Mini-IDE/ndside/msys64/opt/devkitpro/libnds/lib\libnds9.a(initSystem.o)
 .comment       0x0000000000000044       0x23 C:/Users/Ignasi/Desktop/SDK_NintendoDS_VSCode_Mini-IDE/ndside/msys64/opt/devkitpro/libnds/lib\libnds9.a(timeSupport.o)
 .comment       0x0000000000000044       0x23 C:/Users/Ignasi/Desktop/SDK_NintendoDS_VSCode_Mini-IDE/ndside/msys64/opt/devkitpro/libnds/lib\libnds9.a(securearea.o)
 .comment       0x0000000000000044       0x23 C:/Users/Ignasi/Desktop/SDK_NintendoDS_VSCode_Mini-IDE/ndside/msys64/opt/devkitpro/libnds/lib\libnds9.a(interrupts.o)
 .comment       0x0000000000000044       0x23 C:/Users/Ignasi/Desktop/SDK_NintendoDS_VSCode_Mini-IDE/ndside/msys64/opt/devkitpro/libnds/lib\libnds9.a(libnds_exit.arm.o)
 .comment       0x0000000000000044       0x23 C:/Users/Ignasi/Desktop/SDK_NintendoDS_VSCode_Mini-IDE/ndside/msys64/opt/devkitpro/libnds/lib\libnds9.a(fifosystem.o)
 .comment       0x0000000000000044       0x23 C:/Users/Ignasi/Desktop/SDK_NintendoDS_VSCode_Mini-IDE/ndside/msys64/opt/devkitpro/libnds/lib\libnds9.a(video.o)
 .comment       0x0000000000000044       0x23 C:/Users/Ignasi/Desktop/SDK_NintendoDS_VSCode_Mini-IDE/ndside/msys64/opt/devkitpro/libnds/lib\libnds9.a(system.o)
 .comment       0x0000000000000044       0x23 c:/users/ignasi/desktop/sdk_nintendods_vscode_mini-ide/ndside/msys64/opt/devkitpro/devkitarm/bin/../lib/gcc/arm-none-eabi/8.3.0/../../../../arm-none-eabi/lib/thumb\libg.a(lib_a-init.o)
 .comment       0x0000000000000044       0x23 c:/users/ignasi/desktop/sdk_nintendods_vscode_mini-ide/ndside/msys64/opt/devkitpro/devkitarm/bin/../lib/gcc/arm-none-eabi/8.3.0/../../../../arm-none-eabi/lib/thumb\libg.a(lib_a-iprintf.o)
 .comment       0x0000000000000044       0x23 c:/users/ignasi/desktop/sdk_nintendods_vscode_mini-ide/ndside/msys64/opt/devkitpro/devkitarm/bin/../lib/gcc/arm-none-eabi/8.3.0/../../../../arm-none-eabi/lib/thumb\libg.a(lib_a-malloc.o)
 .comment       0x0000000000000044       0x23 c:/users/ignasi/desktop/sdk_nintendods_vscode_mini-ide/ndside/msys64/opt/devkitpro/devkitarm/bin/../lib/gcc/arm-none-eabi/8.3.0/../../../../arm-none-eabi/lib/thumb\libg.a(lib_a-mallocr.o)
 .comment       0x0000000000000044       0x23 c:/users/ignasi/desktop/sdk_nintendods_vscode_mini-ide/ndside/msys64/opt/devkitpro/devkitarm/bin/../lib/gcc/arm-none-eabi/8.3.0/../../../../arm-none-eabi/lib/thumb\libg.a(lib_a-memcpy-stub.o)
 .comment       0x0000000000000044       0x23 c:/users/ignasi/desktop/sdk_nintendods_vscode_mini-ide/ndside/msys64/opt/devkitpro/devkitarm/bin/../lib/gcc/arm-none-eabi/8.3.0/../../../../arm-none-eabi/lib/thumb\libg.a(lib_a-memset.o)
 .comment       0x0000000000000044       0x23 c:/users/ignasi/desktop/sdk_nintendods_vscode_mini-ide/ndside/msys64/opt/devkitpro/devkitarm/bin/../lib/gcc/arm-none-eabi/8.3.0/../../../../arm-none-eabi/lib/thumb\libg.a(lib_a-mlock.o)
 .comment       0x0000000000000044       0x23 c:/users/ignasi/desktop/sdk_nintendods_vscode_mini-ide/ndside/msys64/opt/devkitpro/devkitarm/bin/../lib/gcc/arm-none-eabi/8.3.0/../../../../arm-none-eabi/lib/thumb\libg.a(lib_a-realloc.o)
 .comment       0x0000000000000044       0x23 c:/users/ignasi/desktop/sdk_nintendods_vscode_mini-ide/ndside/msys64/opt/devkitpro/devkitarm/bin/../lib/gcc/arm-none-eabi/8.3.0/../../../../arm-none-eabi/lib/thumb\libg.a(lib_a-reallocr.o)
 .comment       0x0000000000000044       0x23 c:/users/ignasi/desktop/sdk_nintendods_vscode_mini-ide/ndside/msys64/opt/devkitpro/devkitarm/bin/../lib/gcc/arm-none-eabi/8.3.0/../../../../arm-none-eabi/lib/thumb\libg.a(lib_a-vfiprintf.o)
 .comment       0x0000000000000044       0x23 c:/users/ignasi/desktop/sdk_nintendods_vscode_mini-ide/ndside/msys64/opt/devkitpro/devkitarm/bin/../lib/gcc/arm-none-eabi/8.3.0/../../../../arm-none-eabi/lib/thumb\libg.a(lib_a-wcrtomb.o)
 .comment       0x0000000000000044       0x23 c:/users/ignasi/desktop/sdk_nintendods_vscode_mini-ide/ndside/msys64/opt/devkitpro/devkitarm/bin/../lib/gcc/arm-none-eabi/8.3.0/../../../../arm-none-eabi/lib/thumb\libg.a(lib_a-wcsrtombs.o)
 .comment       0x0000000000000044       0x23 c:/users/ignasi/desktop/sdk_nintendods_vscode_mini-ide/ndside/msys64/opt/devkitpro/devkitarm/bin/../lib/gcc/arm-none-eabi/8.3.0/../../../../arm-none-eabi/lib/thumb\libg.a(lib_a-wsetup.o)
 .comment       0x0000000000000044       0x23 c:/users/ignasi/desktop/sdk_nintendods_vscode_mini-ide/ndside/msys64/opt/devkitpro/devkitarm/bin/../lib/gcc/arm-none-eabi/8.3.0/../../../../arm-none-eabi/lib/thumb\libg.a(lib_a-fflush.o)
 .comment       0x0000000000000044       0x23 c:/users/ignasi/desktop/sdk_nintendods_vscode_mini-ide/ndside/msys64/opt/devkitpro/devkitarm/bin/../lib/gcc/arm-none-eabi/8.3.0/../../../../arm-none-eabi/lib/thumb\libg.a(lib_a-findfp.o)
 .comment       0x0000000000000044       0x23 c:/users/ignasi/desktop/sdk_nintendods_vscode_mini-ide/ndside/msys64/opt/devkitpro/devkitarm/bin/../lib/gcc/arm-none-eabi/8.3.0/../../../../arm-none-eabi/lib/thumb\libg.a(lib_a-freer.o)
 .comment       0x0000000000000044       0x23 c:/users/ignasi/desktop/sdk_nintendods_vscode_mini-ide/ndside/msys64/opt/devkitpro/devkitarm/bin/../lib/gcc/arm-none-eabi/8.3.0/../../../../arm-none-eabi/lib/thumb\libg.a(lib_a-fvwrite.o)
 .comment       0x0000000000000044       0x23 c:/users/ignasi/desktop/sdk_nintendods_vscode_mini-ide/ndside/msys64/opt/devkitpro/devkitarm/bin/../lib/gcc/arm-none-eabi/8.3.0/../../../../arm-none-eabi/lib/thumb\libg.a(lib_a-fwalk.o)
 .comment       0x0000000000000044       0x23 c:/users/ignasi/desktop/sdk_nintendods_vscode_mini-ide/ndside/msys64/opt/devkitpro/devkitarm/bin/../lib/gcc/arm-none-eabi/8.3.0/../../../../arm-none-eabi/lib/thumb\libg.a(lib_a-impure.o)
 .comment       0x0000000000000044       0x23 c:/users/ignasi/desktop/sdk_nintendods_vscode_mini-ide/ndside/msys64/opt/devkitpro/devkitarm/bin/../lib/gcc/arm-none-eabi/8.3.0/../../../../arm-none-eabi/lib/thumb\libg.a(lib_a-localeconv.o)
 .comment       0x0000000000000044       0x23 c:/users/ignasi/desktop/sdk_nintendods_vscode_mini-ide/ndside/msys64/opt/devkitpro/devkitarm/bin/../lib/gcc/arm-none-eabi/8.3.0/../../../../arm-none-eabi/lib/thumb\libg.a(lib_a-locale.o)
 .comment       0x0000000000000044       0x23 c:/users/ignasi/desktop/sdk_nintendods_vscode_mini-ide/ndside/msys64/opt/devkitpro/devkitarm/bin/../lib/gcc/arm-none-eabi/8.3.0/../../../../arm-none-eabi/lib/thumb\libg.a(lib_a-makebuf.o)
 .comment       0x0000000000000044       0x23 c:/users/ignasi/desktop/sdk_nintendods_vscode_mini-ide/ndside/msys64/opt/devkitpro/devkitarm/bin/../lib/gcc/arm-none-eabi/8.3.0/../../../../arm-none-eabi/lib/thumb\libg.a(lib_a-mbtowc_r.o)
 .comment       0x0000000000000044       0x23 c:/users/ignasi/desktop/sdk_nintendods_vscode_mini-ide/ndside/msys64/opt/devkitpro/devkitarm/bin/../lib/gcc/arm-none-eabi/8.3.0/../../../../arm-none-eabi/lib/thumb\libg.a(lib_a-memchr-stub.o)
 .comment       0x0000000000000044       0x23 c:/users/ignasi/desktop/sdk_nintendods_vscode_mini-ide/ndside/msys64/opt/devkitpro/devkitarm/bin/../lib/gcc/arm-none-eabi/8.3.0/../../../../arm-none-eabi/lib/thumb\libg.a(lib_a-memmove.o)
 .comment       0x0000000000000044       0x23 c:/users/ignasi/desktop/sdk_nintendods_vscode_mini-ide/ndside/msys64/opt/devkitpro/devkitarm/bin/../lib/gcc/arm-none-eabi/8.3.0/../../../../arm-none-eabi/lib/thumb\libg.a(lib_a-stdio.o)
 .comment       0x0000000000000044       0x23 c:/users/ignasi/desktop/sdk_nintendods_vscode_mini-ide/ndside/msys64/opt/devkitpro/devkitarm/bin/../lib/gcc/arm-none-eabi/8.3.0/../../../../arm-none-eabi/lib/thumb\libg.a(lib_a-strlen-stub.o)
 .comment       0x0000000000000044       0x23 c:/users/ignasi/desktop/sdk_nintendods_vscode_mini-ide/ndside/msys64/opt/devkitpro/devkitarm/bin/../lib/gcc/arm-none-eabi/8.3.0/../../../../arm-none-eabi/lib/thumb\libg.a(lib_a-strncpy.o)
 .comment       0x0000000000000044       0x23 c:/users/ignasi/desktop/sdk_nintendods_vscode_mini-ide/ndside/msys64/opt/devkitpro/devkitarm/bin/../lib/gcc/arm-none-eabi/8.3.0/../../../../arm-none-eabi/lib/thumb\libg.a(lib_a-svfiprintf.o)
 .comment       0x0000000000000044       0x23 c:/users/ignasi/desktop/sdk_nintendods_vscode_mini-ide/ndside/msys64/opt/devkitpro/devkitarm/bin/../lib/gcc/arm-none-eabi/8.3.0/../../../../arm-none-eabi/lib/thumb\libg.a(lib_a-wcsnrtombs.o)
 .comment       0x0000000000000044       0x23 c:/users/ignasi/desktop/sdk_nintendods_vscode_mini-ide/ndside/msys64/opt/devkitpro/devkitarm/bin/../lib/gcc/arm-none-eabi/8.3.0/../../../../arm-none-eabi/lib/thumb\libg.a(lib_a-wctomb_r.o)
 .comment       0x0000000000000044       0x23 c:/users/ignasi/desktop/sdk_nintendods_vscode_mini-ide/ndside/msys64/opt/devkitpro/devkitarm/bin/../lib/gcc/arm-none-eabi/8.3.0/../../../../arm-none-eabi/lib/thumb\libg.a(lib_a-ctype_.o)
 .comment       0x0000000000000044       0x23 c:/users/ignasi/desktop/sdk_nintendods_vscode_mini-ide/ndside/msys64/opt/devkitpro/devkitarm/bin/../lib/gcc/arm-none-eabi/8.3.0/../../../../arm-none-eabi/lib/thumb\libg.a(lib_a-fclose.o)
 .comment       0x0000000000000044       0x23 c:/users/ignasi/desktop/sdk_nintendods_vscode_mini-ide/ndside/msys64/opt/devkitpro/devkitarm/bin/../lib/gcc/arm-none-eabi/8.3.0/../../../../arm-none-eabi/lib/thumb\libsysbase.a(close.o)
 .comment       0x0000000000000044       0x23 c:/users/ignasi/desktop/sdk_nintendods_vscode_mini-ide/ndside/msys64/opt/devkitpro/devkitarm/bin/../lib/gcc/arm-none-eabi/8.3.0/../../../../arm-none-eabi/lib/thumb\libsysbase.a(fstat.o)
 .comment       0x0000000000000044       0x23 c:/users/ignasi/desktop/sdk_nintendods_vscode_mini-ide/ndside/msys64/opt/devkitpro/devkitarm/bin/../lib/gcc/arm-none-eabi/8.3.0/../../../../arm-none-eabi/lib/thumb\libsysbase.a(isatty.o)
 .comment       0x0000000000000044       0x23 c:/users/ignasi/desktop/sdk_nintendods_vscode_mini-ide/ndside/msys64/opt/devkitpro/devkitarm/bin/../lib/gcc/arm-none-eabi/8.3.0/../../../../arm-none-eabi/lib/thumb\libsysbase.a(lseek.o)
 .comment       0x0000000000000044       0x23 c:/users/ignasi/desktop/sdk_nintendods_vscode_mini-ide/ndside/msys64/opt/devkitpro/devkitarm/bin/../lib/gcc/arm-none-eabi/8.3.0/../../../../arm-none-eabi/lib/thumb\libsysbase.a(read.o)
 .comment       0x0000000000000044       0x23 c:/users/ignasi/desktop/sdk_nintendods_vscode_mini-ide/ndside/msys64/opt/devkitpro/devkitarm/bin/../lib/gcc/arm-none-eabi/8.3.0/../../../../arm-none-eabi/lib/thumb\libsysbase.a(sbrk.o)
 .comment       0x0000000000000044       0x23 c:/users/ignasi/desktop/sdk_nintendods_vscode_mini-ide/ndside/msys64/opt/devkitpro/devkitarm/bin/../lib/gcc/arm-none-eabi/8.3.0/../../../../arm-none-eabi/lib/thumb\libsysbase.a(write.o)
 .comment       0x0000000000000044       0x23 c:/users/ignasi/desktop/sdk_nintendods_vscode_mini-ide/ndside/msys64/opt/devkitpro/devkitarm/bin/../lib/gcc/arm-none-eabi/8.3.0/../../../../arm-none-eabi/lib/thumb\libsysbase.a(malloc_vars.o)
 .comment       0x0000000000000044       0x23 c:/users/ignasi/desktop/sdk_nintendods_vscode_mini-ide/ndside/msys64/opt/devkitpro/devkitarm/bin/../lib/gcc/arm-none-eabi/8.3.0/../../../../arm-none-eabi/lib/thumb\libsysbase.a(build_argv.o)
 .comment       0x0000000000000044       0x23 c:/users/ignasi/desktop/sdk_nintendods_vscode_mini-ide/ndside/msys64/opt/devkitpro/devkitarm/bin/../lib/gcc/arm-none-eabi/8.3.0/../../../../arm-none-eabi/lib/thumb\libsysbase.a(flock.o)
 .comment       0x0000000000000044       0x23 c:/users/ignasi/desktop/sdk_nintendods_vscode_mini-ide/ndside/msys64/opt/devkitpro/devkitarm/bin/../lib/gcc/arm-none-eabi/8.3.0/../../../../arm-none-eabi/lib/thumb\libsysbase.a(syscall_support.o)
 .comment       0x0000000000000044       0x23 c:/users/ignasi/desktop/sdk_nintendods_vscode_mini-ide/ndside/msys64/opt/devkitpro/devkitarm/bin/../lib/gcc/arm-none-eabi/8.3.0/../../../../arm-none-eabi/lib/thumb\libsysbase.a(handle_manager.o)
 .comment       0x0000000000000044       0x23 c:/users/ignasi/desktop/sdk_nintendods_vscode_mini-ide/ndside/msys64/opt/devkitpro/devkitarm/bin/../lib/gcc/arm-none-eabi/8.3.0/../../../../arm-none-eabi/lib/thumb\libsysbase.a(getreent.o)
 .comment       0x0000000000000044       0x23 c:/users/ignasi/desktop/sdk_nintendods_vscode_mini-ide/ndside/msys64/opt/devkitpro/devkitarm/bin/../lib/gcc/arm-none-eabi/8.3.0/../../../../arm-none-eabi/lib/thumb\libsysbase.a(iosupport.o)
 .comment       0x0000000000000044       0x23 c:/users/ignasi/desktop/sdk_nintendods_vscode_mini-ide/ndside/msys64/opt/devkitpro/devkitarm/bin/../lib/gcc/arm-none-eabi/8.3.0/thumb\libgcc.a(_udivmoddi4.o)
 .comment       0x0000000000000044       0x23 c:/users/ignasi/desktop/sdk_nintendods_vscode_mini-ide/ndside/msys64/opt/devkitpro/devkitarm/bin/../lib/gcc/arm-none-eabi/8.3.0/thumb/crtend.o

.ARM.attributes
                0x0000000000000000       0x2d
 .ARM.attributes
                0x0000000000000000       0x21 c:/users/ignasi/desktop/sdk_nintendods_vscode_mini-ide/ndside/msys64/opt/devkitpro/devkitarm/bin/../lib/gcc/arm-none-eabi/8.3.0/../../../../arm-none-eabi/lib/thumb/ds_arm9_crt0.o
 .ARM.attributes
                0x0000000000000021       0x1c c:/users/ignasi/desktop/sdk_nintendods_vscode_mini-ide/ndside/msys64/opt/devkitpro/devkitarm/bin/../lib/gcc/arm-none-eabi/8.3.0/thumb/crti.o
 .ARM.attributes
                0x000000000000003d       0x2a c:/users/ignasi/desktop/sdk_nintendods_vscode_mini-ide/ndside/msys64/opt/devkitpro/devkitarm/bin/../lib/gcc/arm-none-eabi/8.3.0/thumb/crtbegin.o
 .ARM.attributes
                0x0000000000000067       0x1a mole.o
 .ARM.attributes
                0x0000000000000081       0x1a background.o
 .ARM.attributes
                0x000000000000009b       0x27 main.o
 .ARM.attributes
                0x00000000000000c2       0x2b C:/Users/Ignasi/Desktop/SDK_NintendoDS_VSCode_Mini-IDE/ndside/msys64/opt/devkitpro/libnds/lib\libnds9.a(background.o)
 .ARM.attributes
                0x00000000000000ed       0x2b C:/Users/Ignasi/Desktop/SDK_NintendoDS_VSCode_Mini-IDE/ndside/msys64/opt/devkitpro/libnds/lib\libnds9.a(touch.o)
 .ARM.attributes
                0x0000000000000118       0x2b C:/Users/Ignasi/Desktop/SDK_NintendoDS_VSCode_Mini-IDE/ndside/msys64/opt/devkitpro/libnds/lib\libnds9.a(sprite_alloc.o)
 .ARM.attributes
                0x0000000000000143       0x2b C:/Users/Ignasi/Desktop/SDK_NintendoDS_VSCode_Mini-IDE/ndside/msys64/opt/devkitpro/libnds/lib\libnds9.a(trig.o)
 .ARM.attributes
                0x000000000000016e       0x2b C:/Users/Ignasi/Desktop/SDK_NintendoDS_VSCode_Mini-IDE/ndside/msys64/opt/devkitpro/libnds/lib\libnds9.a(sprite.o)
 .ARM.attributes
                0x0000000000000199       0x2b C:/Users/Ignasi/Desktop/SDK_NintendoDS_VSCode_Mini-IDE/ndside/msys64/opt/devkitpro/libnds/lib\libnds9.a(keys.o)
 .ARM.attributes
                0x00000000000001c4       0x2b C:/Users/Ignasi/Desktop/SDK_NintendoDS_VSCode_Mini-IDE/ndside/msys64/opt/devkitpro/libnds/lib\libnds9.a(initSystem.o)
 .ARM.attributes
                0x00000000000001ef       0x2b C:/Users/Ignasi/Desktop/SDK_NintendoDS_VSCode_Mini-IDE/ndside/msys64/opt/devkitpro/libnds/lib\libnds9.a(timeSupport.o)
 .ARM.attributes
                0x000000000000021a       0x2b C:/Users/Ignasi/Desktop/SDK_NintendoDS_VSCode_Mini-IDE/ndside/msys64/opt/devkitpro/libnds/lib\libnds9.a(securearea.o)
 .ARM.attributes
                0x0000000000000245       0x2b C:/Users/Ignasi/Desktop/SDK_NintendoDS_VSCode_Mini-IDE/ndside/msys64/opt/devkitpro/libnds/lib\libnds9.a(interrupts.o)
 .ARM.attributes
                0x0000000000000270       0x2b C:/Users/Ignasi/Desktop/SDK_NintendoDS_VSCode_Mini-IDE/ndside/msys64/opt/devkitpro/libnds/lib\libnds9.a(libnds_exit.arm.o)
 .ARM.attributes
                0x000000000000029b       0x2b C:/Users/Ignasi/Desktop/SDK_NintendoDS_VSCode_Mini-IDE/ndside/msys64/opt/devkitpro/libnds/lib\libnds9.a(fifosystem.o)
 .ARM.attributes
                0x00000000000002c6       0x1b C:/Users/Ignasi/Desktop/SDK_NintendoDS_VSCode_Mini-IDE/ndside/msys64/opt/devkitpro/libnds/lib\libnds9.a(dcache.o)
 .ARM.attributes
                0x00000000000002e1       0x21 C:/Users/Ignasi/Desktop/SDK_NintendoDS_VSCode_Mini-IDE/ndside/msys64/opt/devkitpro/libnds/lib\libnds9.a(mpu_setup.o)
 .ARM.attributes
                0x0000000000000302       0x21 C:/Users/Ignasi/Desktop/SDK_NintendoDS_VSCode_Mini-IDE/ndside/msys64/opt/devkitpro/libnds/lib\libnds9.a(IntrWait.o)
 .ARM.attributes
                0x0000000000000323       0x21 C:/Users/Ignasi/Desktop/SDK_NintendoDS_VSCode_Mini-IDE/ndside/msys64/opt/devkitpro/libnds/lib\libnds9.a(cpu_clock.o)
 .ARM.attributes
                0x0000000000000344       0x1b C:/Users/Ignasi/Desktop/SDK_NintendoDS_VSCode_Mini-IDE/ndside/msys64/opt/devkitpro/libnds/lib\libnds9.a(interruptDispatcher.o)
 .ARM.attributes
                0x000000000000035f       0x21 C:/Users/Ignasi/Desktop/SDK_NintendoDS_VSCode_Mini-IDE/ndside/msys64/opt/devkitpro/libnds/lib\libnds9.a(swiSoftReset.o)
 .ARM.attributes
                0x0000000000000380       0x2b C:/Users/Ignasi/Desktop/SDK_NintendoDS_VSCode_Mini-IDE/ndside/msys64/opt/devkitpro/libnds/lib\libnds9.a(video.o)
 .ARM.attributes
                0x00000000000003ab       0x2b C:/Users/Ignasi/Desktop/SDK_NintendoDS_VSCode_Mini-IDE/ndside/msys64/opt/devkitpro/libnds/lib\libnds9.a(system.o)
 .ARM.attributes
                0x00000000000003d6       0x1b C:/Users/Ignasi/Desktop/SDK_NintendoDS_VSCode_Mini-IDE/ndside/msys64/opt/devkitpro/libnds/lib\libnds9.a(biosCalls.o)
 .ARM.attributes
                0x00000000000003f1       0x2a c:/users/ignasi/desktop/sdk_nintendods_vscode_mini-ide/ndside/msys64/opt/devkitpro/devkitarm/bin/../lib/gcc/arm-none-eabi/8.3.0/../../../../arm-none-eabi/lib/thumb\libg.a(lib_a-init.o)
 .ARM.attributes
                0x000000000000041b       0x2a c:/users/ignasi/desktop/sdk_nintendods_vscode_mini-ide/ndside/msys64/opt/devkitpro/devkitarm/bin/../lib/gcc/arm-none-eabi/8.3.0/../../../../arm-none-eabi/lib/thumb\libg.a(lib_a-iprintf.o)
 .ARM.attributes
                0x0000000000000445       0x2a c:/users/ignasi/desktop/sdk_nintendods_vscode_mini-ide/ndside/msys64/opt/devkitpro/devkitarm/bin/../lib/gcc/arm-none-eabi/8.3.0/../../../../arm-none-eabi/lib/thumb\libg.a(lib_a-malloc.o)
 .ARM.attributes
                0x000000000000046f       0x2a c:/users/ignasi/desktop/sdk_nintendods_vscode_mini-ide/ndside/msys64/opt/devkitpro/devkitarm/bin/../lib/gcc/arm-none-eabi/8.3.0/../../../../arm-none-eabi/lib/thumb\libg.a(lib_a-mallocr.o)
 .ARM.attributes
                0x0000000000000499       0x2a c:/users/ignasi/desktop/sdk_nintendods_vscode_mini-ide/ndside/msys64/opt/devkitpro/devkitarm/bin/../lib/gcc/arm-none-eabi/8.3.0/../../../../arm-none-eabi/lib/thumb\libg.a(lib_a-memcpy-stub.o)
 .ARM.attributes
                0x00000000000004c3       0x2a c:/users/ignasi/desktop/sdk_nintendods_vscode_mini-ide/ndside/msys64/opt/devkitpro/devkitarm/bin/../lib/gcc/arm-none-eabi/8.3.0/../../../../arm-none-eabi/lib/thumb\libg.a(lib_a-memset.o)
 .ARM.attributes
                0x00000000000004ed       0x2a c:/users/ignasi/desktop/sdk_nintendods_vscode_mini-ide/ndside/msys64/opt/devkitpro/devkitarm/bin/../lib/gcc/arm-none-eabi/8.3.0/../../../../arm-none-eabi/lib/thumb\libg.a(lib_a-mlock.o)
 .ARM.attributes
                0x0000000000000517       0x2a c:/users/ignasi/desktop/sdk_nintendods_vscode_mini-ide/ndside/msys64/opt/devkitpro/devkitarm/bin/../lib/gcc/arm-none-eabi/8.3.0/../../../../arm-none-eabi/lib/thumb\libg.a(lib_a-realloc.o)
 .ARM.attributes
                0x0000000000000541       0x2a c:/users/ignasi/desktop/sdk_nintendods_vscode_mini-ide/ndside/msys64/opt/devkitpro/devkitarm/bin/../lib/gcc/arm-none-eabi/8.3.0/../../../../arm-none-eabi/lib/thumb\libg.a(lib_a-reallocr.o)
 .ARM.attributes
                0x000000000000056b       0x2a c:/users/ignasi/desktop/sdk_nintendods_vscode_mini-ide/ndside/msys64/opt/devkitpro/devkitarm/bin/../lib/gcc/arm-none-eabi/8.3.0/../../../../arm-none-eabi/lib/thumb\libg.a(lib_a-vfiprintf.o)
 .ARM.attributes
                0x0000000000000595       0x2a c:/users/ignasi/desktop/sdk_nintendods_vscode_mini-ide/ndside/msys64/opt/devkitpro/devkitarm/bin/../lib/gcc/arm-none-eabi/8.3.0/../../../../arm-none-eabi/lib/thumb\libg.a(lib_a-wcrtomb.o)
 .ARM.attributes
                0x00000000000005bf       0x2a c:/users/ignasi/desktop/sdk_nintendods_vscode_mini-ide/ndside/msys64/opt/devkitpro/devkitarm/bin/../lib/gcc/arm-none-eabi/8.3.0/../../../../arm-none-eabi/lib/thumb\libg.a(lib_a-wcsrtombs.o)
 .ARM.attributes
                0x00000000000005e9       0x2a c:/users/ignasi/desktop/sdk_nintendods_vscode_mini-ide/ndside/msys64/opt/devkitpro/devkitarm/bin/../lib/gcc/arm-none-eabi/8.3.0/../../../../arm-none-eabi/lib/thumb\libg.a(lib_a-wsetup.o)
 .ARM.attributes
                0x0000000000000613       0x2a c:/users/ignasi/desktop/sdk_nintendods_vscode_mini-ide/ndside/msys64/opt/devkitpro/devkitarm/bin/../lib/gcc/arm-none-eabi/8.3.0/../../../../arm-none-eabi/lib/thumb\libg.a(lib_a-fflush.o)
 .ARM.attributes
                0x000000000000063d       0x2a c:/users/ignasi/desktop/sdk_nintendods_vscode_mini-ide/ndside/msys64/opt/devkitpro/devkitarm/bin/../lib/gcc/arm-none-eabi/8.3.0/../../../../arm-none-eabi/lib/thumb\libg.a(lib_a-findfp.o)
 .ARM.attributes
                0x0000000000000667       0x2a c:/users/ignasi/desktop/sdk_nintendods_vscode_mini-ide/ndside/msys64/opt/devkitpro/devkitarm/bin/../lib/gcc/arm-none-eabi/8.3.0/../../../../arm-none-eabi/lib/thumb\libg.a(lib_a-freer.o)
 .ARM.attributes
                0x0000000000000691       0x2a c:/users/ignasi/desktop/sdk_nintendods_vscode_mini-ide/ndside/msys64/opt/devkitpro/devkitarm/bin/../lib/gcc/arm-none-eabi/8.3.0/../../../../arm-none-eabi/lib/thumb\libg.a(lib_a-fvwrite.o)
 .ARM.attributes
                0x00000000000006bb       0x2a c:/users/ignasi/desktop/sdk_nintendods_vscode_mini-ide/ndside/msys64/opt/devkitpro/devkitarm/bin/../lib/gcc/arm-none-eabi/8.3.0/../../../../arm-none-eabi/lib/thumb\libg.a(lib_a-fwalk.o)
 .ARM.attributes
                0x00000000000006e5       0x30 c:/users/ignasi/desktop/sdk_nintendods_vscode_mini-ide/ndside/msys64/opt/devkitpro/devkitarm/bin/../lib/gcc/arm-none-eabi/8.3.0/../../../../arm-none-eabi/lib/thumb\libg.a(lib_a-impure.o)
 .ARM.attributes
                0x0000000000000715       0x2a c:/users/ignasi/desktop/sdk_nintendods_vscode_mini-ide/ndside/msys64/opt/devkitpro/devkitarm/bin/../lib/gcc/arm-none-eabi/8.3.0/../../../../arm-none-eabi/lib/thumb\libg.a(lib_a-localeconv.o)
 .ARM.attributes
                0x000000000000073f       0x2a c:/users/ignasi/desktop/sdk_nintendods_vscode_mini-ide/ndside/msys64/opt/devkitpro/devkitarm/bin/../lib/gcc/arm-none-eabi/8.3.0/../../../../arm-none-eabi/lib/thumb\libg.a(lib_a-locale.o)
 .ARM.attributes
                0x0000000000000769       0x2a c:/users/ignasi/desktop/sdk_nintendods_vscode_mini-ide/ndside/msys64/opt/devkitpro/devkitarm/bin/../lib/gcc/arm-none-eabi/8.3.0/../../../../arm-none-eabi/lib/thumb\libg.a(lib_a-makebuf.o)
 .ARM.attributes
                0x0000000000000793       0x2a c:/users/ignasi/desktop/sdk_nintendods_vscode_mini-ide/ndside/msys64/opt/devkitpro/devkitarm/bin/../lib/gcc/arm-none-eabi/8.3.0/../../../../arm-none-eabi/lib/thumb\libg.a(lib_a-mbtowc_r.o)
 .ARM.attributes
                0x00000000000007bd       0x2a c:/users/ignasi/desktop/sdk_nintendods_vscode_mini-ide/ndside/msys64/opt/devkitpro/devkitarm/bin/../lib/gcc/arm-none-eabi/8.3.0/../../../../arm-none-eabi/lib/thumb\libg.a(lib_a-memchr-stub.o)
 .ARM.attributes
                0x00000000000007e7       0x2a c:/users/ignasi/desktop/sdk_nintendods_vscode_mini-ide/ndside/msys64/opt/devkitpro/devkitarm/bin/../lib/gcc/arm-none-eabi/8.3.0/../../../../arm-none-eabi/lib/thumb\libg.a(lib_a-memmove.o)
 .ARM.attributes
                0x0000000000000811       0x2a c:/users/ignasi/desktop/sdk_nintendods_vscode_mini-ide/ndside/msys64/opt/devkitpro/devkitarm/bin/../lib/gcc/arm-none-eabi/8.3.0/../../../../arm-none-eabi/lib/thumb\libg.a(lib_a-stdio.o)
 .ARM.attributes
                0x000000000000083b       0x2a c:/users/ignasi/desktop/sdk_nintendods_vscode_mini-ide/ndside/msys64/opt/devkitpro/devkitarm/bin/../lib/gcc/arm-none-eabi/8.3.0/../../../../arm-none-eabi/lib/thumb\libg.a(lib_a-strlen-stub.o)
 .ARM.attributes
                0x0000000000000865       0x2a c:/users/ignasi/desktop/sdk_nintendods_vscode_mini-ide/ndside/msys64/opt/devkitpro/devkitarm/bin/../lib/gcc/arm-none-eabi/8.3.0/../../../../arm-none-eabi/lib/thumb\libg.a(lib_a-strncpy.o)
 .ARM.attributes
                0x000000000000088f       0x2a c:/users/ignasi/desktop/sdk_nintendods_vscode_mini-ide/ndside/msys64/opt/devkitpro/devkitarm/bin/../lib/gcc/arm-none-eabi/8.3.0/../../../../arm-none-eabi/lib/thumb\libg.a(lib_a-svfiprintf.o)
 .ARM.attributes
                0x00000000000008b9       0x2a c:/users/ignasi/desktop/sdk_nintendods_vscode_mini-ide/ndside/msys64/opt/devkitpro/devkitarm/bin/../lib/gcc/arm-none-eabi/8.3.0/../../../../arm-none-eabi/lib/thumb\libg.a(lib_a-wcsnrtombs.o)
 .ARM.attributes
                0x00000000000008e3       0x2a c:/users/ignasi/desktop/sdk_nintendods_vscode_mini-ide/ndside/msys64/opt/devkitpro/devkitarm/bin/../lib/gcc/arm-none-eabi/8.3.0/../../../../arm-none-eabi/lib/thumb\libg.a(lib_a-wctomb_r.o)
 .ARM.attributes
                0x000000000000090d       0x2a c:/users/ignasi/desktop/sdk_nintendods_vscode_mini-ide/ndside/msys64/opt/devkitpro/devkitarm/bin/../lib/gcc/arm-none-eabi/8.3.0/../../../../arm-none-eabi/lib/thumb\libg.a(lib_a-ctype_.o)
 .ARM.attributes
                0x0000000000000937       0x2a c:/users/ignasi/desktop/sdk_nintendods_vscode_mini-ide/ndside/msys64/opt/devkitpro/devkitarm/bin/../lib/gcc/arm-none-eabi/8.3.0/../../../../arm-none-eabi/lib/thumb\libg.a(lib_a-fclose.o)
 .ARM.attributes
                0x0000000000000961       0x2a c:/users/ignasi/desktop/sdk_nintendods_vscode_mini-ide/ndside/msys64/opt/devkitpro/devkitarm/bin/../lib/gcc/arm-none-eabi/8.3.0/../../../../arm-none-eabi/lib/thumb\libsysbase.a(close.o)
 .ARM.attributes
                0x000000000000098b       0x2a c:/users/ignasi/desktop/sdk_nintendods_vscode_mini-ide/ndside/msys64/opt/devkitpro/devkitarm/bin/../lib/gcc/arm-none-eabi/8.3.0/../../../../arm-none-eabi/lib/thumb\libsysbase.a(fstat.o)
 .ARM.attributes
                0x00000000000009b5       0x2a c:/users/ignasi/desktop/sdk_nintendods_vscode_mini-ide/ndside/msys64/opt/devkitpro/devkitarm/bin/../lib/gcc/arm-none-eabi/8.3.0/../../../../arm-none-eabi/lib/thumb\libsysbase.a(isatty.o)
 .ARM.attributes
                0x00000000000009df       0x2a c:/users/ignasi/desktop/sdk_nintendods_vscode_mini-ide/ndside/msys64/opt/devkitpro/devkitarm/bin/../lib/gcc/arm-none-eabi/8.3.0/../../../../arm-none-eabi/lib/thumb\libsysbase.a(lseek.o)
 .ARM.attributes
                0x0000000000000a09       0x2a c:/users/ignasi/desktop/sdk_nintendods_vscode_mini-ide/ndside/msys64/opt/devkitpro/devkitarm/bin/../lib/gcc/arm-none-eabi/8.3.0/../../../../arm-none-eabi/lib/thumb\libsysbase.a(read.o)
 .ARM.attributes
                0x0000000000000a33       0x2a c:/users/ignasi/desktop/sdk_nintendods_vscode_mini-ide/ndside/msys64/opt/devkitpro/devkitarm/bin/../lib/gcc/arm-none-eabi/8.3.0/../../../../arm-none-eabi/lib/thumb\libsysbase.a(sbrk.o)
 .ARM.attributes
                0x0000000000000a5d       0x2a c:/users/ignasi/desktop/sdk_nintendods_vscode_mini-ide/ndside/msys64/opt/devkitpro/devkitarm/bin/../lib/gcc/arm-none-eabi/8.3.0/../../../../arm-none-eabi/lib/thumb\libsysbase.a(write.o)
 .ARM.attributes
                0x0000000000000a87       0x30 c:/users/ignasi/desktop/sdk_nintendods_vscode_mini-ide/ndside/msys64/opt/devkitpro/devkitarm/bin/../lib/gcc/arm-none-eabi/8.3.0/../../../../arm-none-eabi/lib/thumb\libsysbase.a(malloc_vars.o)
 .ARM.attributes
                0x0000000000000ab7       0x2a c:/users/ignasi/desktop/sdk_nintendods_vscode_mini-ide/ndside/msys64/opt/devkitpro/devkitarm/bin/../lib/gcc/arm-none-eabi/8.3.0/../../../../arm-none-eabi/lib/thumb\libsysbase.a(build_argv.o)
 .ARM.attributes
                0x0000000000000ae1       0x2a c:/users/ignasi/desktop/sdk_nintendods_vscode_mini-ide/ndside/msys64/opt/devkitpro/devkitarm/bin/../lib/gcc/arm-none-eabi/8.3.0/../../../../arm-none-eabi/lib/thumb\libsysbase.a(flock.o)
 .ARM.attributes
                0x0000000000000b0b       0x2a c:/users/ignasi/desktop/sdk_nintendods_vscode_mini-ide/ndside/msys64/opt/devkitpro/devkitarm/bin/../lib/gcc/arm-none-eabi/8.3.0/../../../../arm-none-eabi/lib/thumb\libsysbase.a(syscall_support.o)
 .ARM.attributes
                0x0000000000000b35       0x2a c:/users/ignasi/desktop/sdk_nintendods_vscode_mini-ide/ndside/msys64/opt/devkitpro/devkitarm/bin/../lib/gcc/arm-none-eabi/8.3.0/../../../../arm-none-eabi/lib/thumb\libsysbase.a(handle_manager.o)
 .ARM.attributes