Archive member included to satisfy reference by file (symbol)

C:/Users/Ignasi/Desktop/SDK_NintendoDS_VSCode_Mini-IDE/ndside/msys64/opt/devkitpro/libnds/lib\libnds9.a(background.o)
                              main.o (bgState)
C:/Users/Ignasi/Desktop/SDK_NintendoDS_VSCode_Mini-IDE/ndside/msys64/opt/devkitpro/libnds/lib\libnds9.a(sprite_alloc.o)
                              main.o (oamAllocateGfx)
C:/Users/Ignasi/Desktop/SDK_NintendoDS_VSCode_Mini-IDE/ndside/msys64/opt/devkitpro/libnds/lib\libnds9.a(console.o)
                              main.o (consoleDemoInit)
C:/Users/Ignasi/Desktop/SDK_NintendoDS_VSCode_Mini-IDE/ndside/msys64/opt/devkitpro/libnds/lib\libnds9.a(trig.o)
                              C:/Users/Ignasi/Desktop/SDK_NintendoDS_VSCode_Mini-IDE/ndside/msys64/opt/devkitpro/libnds/lib\libnds9.a(background.o) (sinLerp)
C:/Users/Ignasi/Desktop/SDK_NintendoDS_VSCode_Mini-IDE/ndside/msys64/opt/devkitpro/libnds/lib\libnds9.a(sprite.o)
                              main.o (oamInit)
C:/Users/Ignasi/Desktop/SDK_NintendoDS_VSCode_Mini-IDE/ndside/msys64/opt/devkitpro/libnds/lib\libnds9.a(keys.o)
                              main.o (scanKeys)
C:/Users/Ignasi/Desktop/SDK_NintendoDS_VSCode_Mini-IDE/ndside/msys64/opt/devkitpro/libnds/lib\libnds9.a(initSystem.o)
                              c:/users/ignasi/desktop/sdk_nintendods_vscode_mini-ide/ndside/msys64/opt/devkitpro/devkitarm/bin/../lib/gcc/arm-none-eabi/8.3.0/../../../../arm-none-eabi/lib/thumb/ds_arm9_crt0.o (initSystem)
C:/Users/Ignasi/Desktop/SDK_NintendoDS_VSCode_Mini-IDE/ndside/msys64/opt/devkitpro/libnds/lib\libnds9.a(timeSupport.o)
                              C:/Users/Ignasi/Desktop/SDK_NintendoDS_VSCode_Mini-IDE/ndside/msys64/opt/devkitpro/libnds/lib\libnds9.a(initSystem.o) (__libnds_gtod)
C:/Users/Ignasi/Desktop/SDK_NintendoDS_VSCode_Mini-IDE/ndside/msys64/opt/devkitpro/libnds/lib\libnds9.a(securearea.o)
                              c:/users/ignasi/desktop/sdk_nintendods_vscode_mini-ide/ndside/msys64/opt/devkitpro/devkitarm/bin/../lib/gcc/arm-none-eabi/8.3.0/../../../../arm-none-eabi/lib/thumb/ds_arm9_crt0.o (__secure_area__)
C:/Users/Ignasi/Desktop/SDK_NintendoDS_VSCode_Mini-IDE/ndside/msys64/opt/devkitpro/libnds/lib\libnds9.a(interrupts.o)
                              C:/Users/Ignasi/Desktop/SDK_NintendoDS_VSCode_Mini-IDE/ndside/msys64/opt/devkitpro/libnds/lib\libnds9.a(initSystem.o) (irqInit)
C:/Users/Ignasi/Desktop/SDK_NintendoDS_VSCode_Mini-IDE/ndside/msys64/opt/devkitpro/libnds/lib\libnds9.a(libnds_exit.arm.o)
                              c:/users/ignasi/desktop/sdk_nintendods_vscode_mini-ide/ndside/msys64/opt/devkitpro/devkitarm/bin/../lib/gcc/arm-none-eabi/8.3.0/../../../../arm-none-eabi/lib/thumb/ds_arm9_crt0.o (__libnds_exit)
C:/Users/Ignasi/Desktop/SDK_NintendoDS_VSCode_Mini-IDE/ndside/msys64/opt/devkitpro/libnds/lib\libnds9.a(fifosystem.o)
                              C:/Users/Ignasi/Desktop/SDK_NintendoDS_VSCode_Mini-IDE/ndside/msys64/opt/devkitpro/libnds/lib\libnds9.a(initSystem.o) (fifoSetValue32Handler)
C:/Users/Ignasi/Desktop/SDK_NintendoDS_VSCode_Mini-IDE/ndside/msys64/opt/devkitpro/libnds/lib\libnds9.a(dcache.o)
                              C:/Users/Ignasi/Desktop/SDK_NintendoDS_VSCode_Mini-IDE/ndside/msys64/opt/devkitpro/libnds/lib\libnds9.a(sprite.o) (DC_FlushRange)
C:/Users/Ignasi/Desktop/SDK_NintendoDS_VSCode_Mini-IDE/ndside/msys64/opt/devkitpro/libnds/lib\libnds9.a(mpu_setup.o)
                              c:/users/ignasi/desktop/sdk_nintendods_vscode_mini-ide/ndside/msys64/opt/devkitpro/devkitarm/bin/../lib/gcc/arm-none-eabi/8.3.0/../../../../arm-none-eabi/lib/thumb/ds_arm9_crt0.o (__libnds_mpu_setup)
C:/Users/Ignasi/Desktop/SDK_NintendoDS_VSCode_Mini-IDE/ndside/msys64/opt/devkitpro/libnds/lib\libnds9.a(IntrWait.o)
                              main.o (swiWaitForVBlank)
C:/Users/Ignasi/Desktop/SDK_NintendoDS_VSCode_Mini-IDE/ndside/msys64/opt/devkitpro/libnds/lib\libnds9.a(cpu_clock.o)
                              C:/Users/Ignasi/Desktop/SDK_NintendoDS_VSCode_Mini-IDE/ndside/msys64/opt/devkitpro/libnds/lib\libnds9.a(initSystem.o) (setCpuClock)
C:/Users/Ignasi/Desktop/SDK_NintendoDS_VSCode_Mini-IDE/ndside/msys64/opt/devkitpro/libnds/lib\libnds9.a(interruptDispatcher.o)
                              C:/Users/Ignasi/Desktop/SDK_NintendoDS_VSCode_Mini-IDE/ndside/msys64/opt/devkitpro/libnds/lib\libnds9.a(interrupts.o) (IntrMain)
C:/Users/Ignasi/Desktop/SDK_NintendoDS_VSCode_Mini-IDE/ndside/msys64/opt/devkitpro/libnds/lib\libnds9.a(debugprint.o)
                              C:/Users/Ignasi/Desktop/SDK_NintendoDS_VSCode_Mini-IDE/ndside/msys64/opt/devkitpro/libnds/lib\libnds9.a(console.o) (nocashWrite)
C:/Users/Ignasi/Desktop/SDK_NintendoDS_VSCode_Mini-IDE/ndside/msys64/opt/devkitpro/libnds/lib\libnds9.a(swiSoftReset.o)
                              C:/Users/Ignasi/Desktop/SDK_NintendoDS_VSCode_Mini-IDE/ndside/msys64/opt/devkitpro/libnds/lib\libnds9.a(fifosystem.o) (swiSoftReset)
[...]
Memory Configuration

Name             Origin             Length             Attributes
ewram            0x0000000002000000 0x0000000000380000
dtcm             0x000000000b000000 0x0000000000004000
vectors          0x0000000001000000 0x0000000000000100
itcm             0x0000000001000100 0x0000000000007f00
*default*        0x0000000000000000 0xffffffffffffffff

Linker script and memory map

                0x0000000002380000                __ewram_end = (ORIGIN (ewram) + LENGTH (ewram))
                0x0000000002380000                __eheap_end = (ORIGIN (ewram) + LENGTH (ewram))
                0x000000000b004000                __dtcm_top = (ORIGIN (dtcm) + LENGTH (dtcm))
                0x000000000b003ff8                __irq_flags = (__dtcm_top - 0x8)
                0x000000000b003ffc                __irq_vector = (__dtcm_top - 0x4)
                0x000000000b003f00                __sp_svc = (__dtcm_top - 0x100)
                0x000000000b003e00                __sp_irq = (__sp_svc - 0x100)
                0x000000000b003d00                __sp_usr = (__sp_irq - 0x100)

.secure         0x0000000002000000      0x800
 *(.secure)
 .secure        0x0000000002000000      0x800 C:/Users/Ignasi/Desktop/SDK_NintendoDS_VSCode_Mini-IDE/ndside/msys64/opt/devkitpro/libnds/lib\libnds9.a(securearea.o)
                0x0000000002000000                __secure_area__

.crt0           0x0000000002000800      0x300
                0x0000000002000800                __text_start = .
 *(.crt0)
 .crt0          0x0000000002000800      0x300 c:/users/ignasi/desktop/sdk_nintendods_vscode_mini-ide/ndside/msys64/opt/devkitpro/devkitarm/bin/../lib/gcc/arm-none-eabi/8.3.0/../../../../arm-none-eabi/lib/thumb/ds_arm9_crt0.o
                0x0000000002000800                _start
                0x0000000002000b00                . = ALIGN (0x4)

.plt
 *(.plt)

.init           0x0000000002000b00        0xc
 *(SORT_NONE(.init))
 .init          0x0000000002000b00        0x4 c:/users/ignasi/desktop/sdk_nintendods_vscode_mini-ide/ndside/msys64/opt/devkitpro/devkitarm/bin/../lib/gcc/arm-none-eabi/8.3.0/thumb/crti.o
                0x0000000002000b00                _init
 .init          0x0000000002000b04        0x8 c:/users/ignasi/desktop/sdk_nintendods_vscode_mini-ide/ndside/msys64/opt/devkitpro/devkitarm/bin/../lib/gcc/arm-none-eabi/8.3.0/thumb/crtn.o

.text           0x0000000002000b10     0x7588
 *(EXCLUDE_FILE(*.twl* *.vectors* *.itcm*) .text)
 .text          0x0000000002000b10       0xd4 main.o
                0x0000000002000b10                animateMan(Man*)
                0x0000000002000b4c                initMan(Man*, unsigned char*)
                0x0000000002000b6c                animateWoman(Woman*)
                0x0000000002000b7c                initWoman(Woman*, unsigned char*)
 .text          0x0000000002000be4      0x150 c:/users/ignasi/desktop/sdk_nintendods_vscode_mini-ide/ndside/msys64/opt/devkitpro/devkitarm/bin/../lib/gcc/arm-none-eabi/8.3.0/thumb\libgcc.a(_divsi3.o)
                0x0000000002000be4                __divsi3
                0x0000000002000be4                __aeabi_idiv
                0x0000000002000d14                __aeabi_idivmod
 .text          0x0000000002000d34        0x4 c:/users/ignasi/desktop/sdk_nintendods_vscode_mini-ide/ndside/msys64/opt/devkitpro/devkitarm/bin/../lib/gcc/arm-none-eabi/8.3.0/thumb\libgcc.a(_dvmd_tls.o)
                0x0000000002000d34                __aeabi_idiv0
                0x0000000002000d34                __aeabi_ldiv0
 .text          0x0000000002000d38      0x224 c:/users/ignasi/desktop/sdk_nintendods_vscode_mini-ide/ndside/msys64/opt/devkitpro/devkitarm/bin/../lib/gcc/arm-none-eabi/8.3.0/../../../../arm-none-eabi/lib/thumb\libg.a(lib_a-strcmp.o)
                0x0000000002000d38                strcmp
 .text          0x0000000002000f5c      0x11c c:/users/ignasi/desktop/sdk_nintendods_vscode_mini-ide/ndside/msys64/opt/devkitpro/devkitarm/bin/../lib/gcc/arm-none-eabi/8.3.0/thumb\libgcc.a(_udivsi3.o)
                0x0000000002000f5c                __aeabi_uidiv
                0x0000000002000f5c                __udivsi3
                0x0000000002001058                __aeabi_uidivmod
 .text          0x0000000002001078       0x3c c:/users/ignasi/desktop/sdk_nintendods_vscode_mini-ide/ndside/msys64/opt/devkitpro/devkitarm/bin/../lib/gcc/arm-none-eabi/8.3.0/thumb\libgcc.a(_aeabi_uldivmod.o)
                0x0000000002001078                __aeabi_uldivmod
 .text          0x00000000020010b4       0x28 c:/users/ignasi/desktop/sdk_nintendods_vscode_mini-ide/ndside/msys64/opt/devkitpro/devkitarm/bin/../lib/gcc/arm-none-eabi/8.3.0/thumb\libgcc.a(_clzdi2.o)
                0x00000000020010b4                __clzdi2
 .text          0x00000000020010dc       0x48 c:/users/ignasi/desktop/sdk_nintendods_vscode_mini-ide/ndside/msys64/opt/devkitpro/devkitarm/bin/../lib/gcc/arm-none-eabi/8.3.0/thumb\libgcc.a(_clzsi2.o)
                0x00000000020010dc                __clzsi2
 *(EXCLUDE_FILE(*.twl* *.vectors* *.itcm*) .stub)
 *(EXCLUDE_FILE(*.twl* *.vectors* *.itcm*) .text.*)
 .text.deregister_tm_clones
                0x0000000002001124       0x2c c:/users/ignasi/desktop/sdk_nintendods_vscode_mini-ide/ndside/msys64/opt/devkitpro/devkitarm/bin/../lib/gcc/arm-none-eabi/8.3.0/thumb/crtbegin.o
 .text.register_tm_clones
                0x0000000002001150       0x34 c:/users/ignasi/desktop/sdk_nintendods_vscode_mini-ide/ndside/msys64/opt/devkitpro/devkitarm/bin/../lib/gcc/arm-none-eabi/8.3.0/thumb/crtbegin.o
 .text.__do_global_dtors_aux
                0x0000000002001184       0x30 c:/users/ignasi/desktop/sdk_nintendods_vscode_mini-ide/ndside/msys64/opt/devkitpro/devkitarm/bin/../lib/gcc/arm-none-eabi/8.3.0/thumb/crtbegin.o
 .text.frame_dummy
                0x00000000020011b4       0x28 c:/users/ignasi/desktop/sdk_nintendods_vscode_mini-ide/ndside/msys64/opt/devkitpro/devkitarm/bin/../lib/gcc/arm-none-eabi/8.3.0/thumb/crtbegin.o
 .text.startup  0x00000000020011dc      0x324 main.o
                0x00000000020011dc                main
 .text.checkIfText.part.0
                0x0000000002001500       0x40 C:/Users/Ignasi/Desktop/SDK_NintendoDS_VSCode_Mini-IDE/ndside/msys64/opt/devkitpro/libnds/lib\libnds9.a(background.o)
 .text.bgUpdate
                0x0000000002001540      0x104 C:/Users/Ignasi/Desktop/SDK_NintendoDS_VSCode_Mini-IDE/ndside/msys64/opt/devkitpro/libnds/lib\libnds9.a(background.o)
                0x0000000002001540                bgUpdate
 .text.bgInit_call
                0x0000000002001644      0x110 C:/Users/Ignasi/Desktop/SDK_NintendoDS_VSCode_Mini-IDE/ndside/msys64/opt/devkitpro/libnds/lib\libnds9.a(background.o)
                0x0000000002001644                bgInit_call
 .text.bgInitSub_call
                0x0000000002001754       0xf4 C:/Users/Ignasi/Desktop/SDK_NintendoDS_VSCode_Mini-IDE/ndside/msys64/opt/devkitpro/libnds/lib\libnds9.a(background.o)
                0x0000000002001754                bgInitSub_call
 .text.getAllocHeader
                0x0000000002001848       0x28 C:/Users/Ignasi/Desktop/SDK_NintendoDS_VSCode_Mini-IDE/ndside/msys64/opt/devkitpro/libnds/lib\libnds9.a(sprite_alloc.o)
 .text.oamAllocReset
                0x0000000002001870       0x1c C:/Users/Ignasi/Desktop/SDK_NintendoDS_VSCode_Mini-IDE/ndside/msys64/opt/devkitpro/libnds/lib\libnds9.a(sprite_alloc.o)
                0x0000000002001870                oamAllocReset
 .text.oamAllocateGfx
                0x000000000200188c      0x224 C:/Users/Ignasi/Desktop/SDK_NintendoDS_VSCode_Mini-IDE/ndside/msys64/opt/devkitpro/libnds/lib\libnds9.a(sprite_alloc.o)
                0x000000000200188c                oamAllocateGfx
 .text.newRow   0x0000000002001ab0       0xb4 C:/Users/Ignasi/Desktop/SDK_NintendoDS_VSCode_Mini-IDE/ndside/msys64/opt/devkitpro/libnds/lib\libnds9.a(console.o)
 .text.consolePrintChar
                0x0000000002001b64       0xec C:/Users/Ignasi/Desktop/SDK_NintendoDS_VSCode_Mini-IDE/ndside/msys64/opt/devkitpro/libnds/lib\libnds9.a(console.o)
                0x0000000002001b64                consolePrintChar
 .text.consoleCls
                0x0000000002001c50       0xe0 C:/Users/Ignasi/Desktop/SDK_NintendoDS_VSCode_Mini-IDE/ndside/msys64/opt/devkitpro/libnds/lib\libnds9.a(console.o)
 .text.consoleLoadFont
                0x0000000002001d30      0x280 C:/Users/Ignasi/Desktop/SDK_NintendoDS_VSCode_Mini-IDE/ndside/msys64/opt/devkitpro/libnds/lib\libnds9.a(console.o)
                0x0000000002001d30                consoleLoadFont
 .text.consoleInit
                0x0000000002001fb0      0x15c C:/Users/Ignasi/Desktop/SDK_NintendoDS_VSCode_Mini-IDE/ndside/msys64/opt/devkitpro/libnds/lib\libnds9.a(console.o)
                0x0000000002001fb0                consoleInit
 .text.consoleDemoInit
                0x000000000200210c       0x40 C:/Users/Ignasi/Desktop/SDK_NintendoDS_VSCode_Mini-IDE/ndside/msys64/opt/devkitpro/libnds/lib\libnds9.a(console.o)
                0x000000000200210c                consoleDemoInit
 .text.con_write
                0x000000000200214c      0x27c C:/Users/Ignasi/Desktop/SDK_NintendoDS_VSCode_Mini-IDE/ndside/msys64/opt/devkitpro/libnds/lib\libnds9.a(console.o)
                0x000000000200214c                con_write
 .text.sinLutLookup
                0x00000000020023c8       0x3c C:/Users/Ignasi/Desktop/SDK_NintendoDS_VSCode_Mini-IDE/ndside/msys64/opt/devkitpro/libnds/lib\libnds9.a(trig.o)
                0x00000000020023c8                sinLutLookup
 .text.sinLerp  0x0000000002002404       0x44 C:/Users/Ignasi/Desktop/SDK_NintendoDS_VSCode_Mini-IDE/ndside/msys64/opt/devkitpro/libnds/lib\libnds9.a(trig.o)
                0x0000000002002404                sinLerp
 .text.cosLerp  0x0000000002002448       0x14 C:/Users/Ignasi/Desktop/SDK_NintendoDS_VSCode_Mini-IDE/ndside/msys64/opt/devkitpro/libnds/lib\libnds9.a(trig.o)
                0x0000000002002448                cosLerp
 .text.oamInit  0x000000000200245c      0x11c C:/Users/Ignasi/Desktop/SDK_NintendoDS_VSCode_Mini-IDE/ndside/msys64/opt/devkitpro/libnds/lib\libnds9.a(sprite.o)
                0x000000000200245c                oamInit
 .text.oamGetGfxPtr
                0x0000000002002578       0x38 C:/Users/Ignasi/Desktop/SDK_NintendoDS_VSCode_Mini-IDE/ndside/msys64/opt/devkitpro/libnds/lib\libnds9.a(sprite.o)
                0x0000000002002578                oamGetGfxPtr
 .text.oamGfxPtrToOffset
                0x00000000020025b0       0x34 C:/Users/Ignasi/Desktop/SDK_NintendoDS_VSCode_Mini-IDE/ndside/msys64/opt/devkitpro/libnds/lib\libnds9.a(sprite.o)
                0x00000000020025b0                oamGfxPtrToOffset
 .text.oamSet   0x00000000020025e4      0x148 C:/Users/Ignasi/Desktop/SDK_NintendoDS_VSCode_Mini-IDE/ndside/msys64/opt/devkitpro/libnds/lib\libnds9.a(sprite.o)
                0x00000000020025e4                oamSet
 .text.oamUpdate
                0x000000000200272c       0x60 C:/Users/Ignasi/Desktop/SDK_NintendoDS_VSCode_Mini-IDE/ndside/msys64/opt/devkitpro/libnds/lib\libnds9.a(sprite.o)
                0x000000000200272c                oamUpdate
 .text.scanKeys
                0x000000000200278c       0x8c C:/Users/Ignasi/Desktop/SDK_NintendoDS_VSCode_Mini-IDE/ndside/msys64/opt/devkitpro/libnds/lib\libnds9.a(keys.o)
                0x000000000200278c                scanKeys
 .text.keysHeld
                0x0000000002002818        0xc C:/Users/Ignasi/Desktop/SDK_NintendoDS_VSCode_Mini-IDE/ndside/msys64/opt/devkitpro/libnds/lib\libnds9.a(keys.o)
                0x0000000002002818                keysHeld
 .text.initSystem
                0x0000000002002824      0x198 C:/Users/Ignasi/Desktop/SDK_NintendoDS_VSCode_Mini-IDE/ndside/msys64/opt/devkitpro/libnds/lib\libnds9.a(initSystem.o)
                0x0000000002002824                initSystem
 .text.__libnds_gtod
                0x00000000020029bc       0x28 C:/Users/Ignasi/Desktop/SDK_NintendoDS_VSCode_Mini-IDE/ndside/msys64/opt/devkitpro/libnds/lib\libnds9.a(timeSupport.o)
                0x00000000020029bc                __libnds_gtod
 .text.irqDummy
                0x00000000020029e4        0x4 C:/Users/Ignasi/Desktop/SDK_NintendoDS_VSCode_Mini-IDE/ndside/msys64/opt/devkitpro/libnds/lib\libnds9.a(interrupts.o)
                0x00000000020029e4                irqDummy
 .text.irqSet   0x00000000020029e8       0x6c C:/Users/Ignasi/Desktop/SDK_NintendoDS_VSCode_Mini-IDE/ndside/msys64/opt/devkitpro/libnds/lib\libnds9.a(interrupts.o)
                0x00000000020029e8                irqSet
 .text.irqInit  0x0000000002002a54       0x50 C:/Users/Ignasi/Desktop/SDK_NintendoDS_VSCode_Mini-IDE/ndside/msys64/opt/devkitpro/libnds/lib\libnds9.a(interrupts.o)
                0x0000000002002a54                irqInit
 .text.irqEnable
                0x0000000002002aa4       0x64 C:/Users/Ignasi/Desktop/SDK_NintendoDS_VSCode_Mini-IDE/ndside/msys64/opt/devkitpro/libnds/lib\libnds9.a(interrupts.o)
                0x0000000002002aa4                irqEnable
 .text.systemErrorExit
                0x0000000002002b08        0x4 C:/Users/Ignasi/Desktop/SDK_NintendoDS_VSCode_Mini-IDE/ndside/msys64/opt/devkitpro/libnds/lib\libnds9.a(libnds_exit.arm.o)
                0x0000000002002b08                systemErrorExit
 *fill*         0x0000000002002b0c        0x4 ff
 .text.__libnds_exit
                0x0000000002002b10       0x5c C:/Users/Ignasi/Desktop/SDK_NintendoDS_VSCode_Mini-IDE/ndside/msys64/opt/devkitpro/libnds/lib\libnds9.a(libnds_exit.arm.o)
                0x0000000002002b10                __libnds_exit
 .text.fifo_waitBlock
                0x0000000002002b6c       0x80 C:/Users/Ignasi/Desktop/SDK_NintendoDS_VSCode_Mini-IDE/ndside/msys64/opt/devkitpro/libnds/lib\libnds9.a(fifosystem.o)
 .text.fifo_queueBlock
                0x0000000002002bec       0x40 C:/Users/Ignasi/Desktop/SDK_NintendoDS_VSCode_Mini-IDE/ndside/msys64/opt/devkitpro/libnds/lib\libnds9.a(fifosystem.o)
 .text.fifoInternalSendInterrupt
                0x0000000002002c2c       0xac C:/Users/Ignasi/Desktop/SDK_NintendoDS_VSCode_Mini-IDE/ndside/msys64/opt/devkitpro/libnds/lib\libnds9.a(fifosystem.o)
 .text.fifoInternalSend.part.2
                0x0000000002002cd8       0xd4 C:/Users/Ignasi/Desktop/SDK_NintendoDS_VSCode_Mini-IDE/ndside/msys64/opt/devkitpro/libnds/lib\libnds9.a(fifosystem.o)
 .text.fifoGetValue32.part.3
                0x0000000002002dac       0x74 C:/Users/Ignasi/Desktop/SDK_NintendoDS_VSCode_Mini-IDE/ndside/msys64/opt/devkitpro/libnds/lib\libnds9.a(fifosystem.o)
 .text.fifoSetValue32Handler
                0x0000000002002e20       0x78 C:/Users/Ignasi/Desktop/SDK_NintendoDS_VSCode_Mini-IDE/ndside/msys64/opt/devkitpro/libnds/lib\libnds9.a(fifosystem.o)
                0x0000000002002e20                fifoSetValue32Handler
 .text.fifoSendValue32
                0x0000000002002e98       0x4c C:/Users/Ignasi/Desktop/SDK_NintendoDS_VSCode_Mini-IDE/ndside/msys64/opt/devkitpro/libnds/lib\libnds9.a(fifosystem.o)
                0x0000000002002e98                fifoSendValue32
 .text.fifoGetDatamsg
                0x0000000002002ee4      0x138 C:/Users/Ignasi/Desktop/SDK_NintendoDS_VSCode_Mini-IDE/ndside/msys64/opt/devkitpro/libnds/lib\libnds9.a(fifosystem.o)
                0x0000000002002ee4                fifoGetDatamsg
 .text.fifoInternalRecvInterrupt
                0x000000000200301c      0x3dc C:/Users/Ignasi/Desktop/SDK_NintendoDS_VSCode_Mini-IDE/ndside/msys64/opt/devkitpro/libnds/lib\libnds9.a(fifosystem.o)
 .text.fifoSetDatamsgHandler
                0x00000000020033f8       0x9c C:/Users/Ignasi/Desktop/SDK_NintendoDS_VSCode_Mini-IDE/ndside/msys64/opt/devkitpro/libnds/lib\libnds9.a(fifosystem.o)
                0x00000000020033f8                fifoSetDatamsgHandler
 .text.fifoInit
                0x0000000002003494      0x104 C:/Users/Ignasi/Desktop/SDK_NintendoDS_VSCode_Mini-IDE/ndside/msys64/opt/devkitpro/libnds/lib\libnds9.a(fifosystem.o)
                0x0000000002003494                fifoInit
 .text.DC_FlushRange
                0x0000000002003598       0x24 C:/Users/Ignasi/Desktop/SDK_NintendoDS_VSCode_Mini-IDE/ndside/msys64/opt/devkitpro/libnds/lib\libnds9.a(dcache.o)
                0x0000000002003598                DC_FlushRange
 .text.__libnds_mpu_setup
                0x00000000020035bc      0x174 C:/Users/Ignasi/Desktop/SDK_NintendoDS_VSCode_Mini-IDE/ndside/msys64/opt/devkitpro/libnds/lib\libnds9.a(mpu_setup.o)
                0x00000000020035bc                __libnds_mpu_setup
 .text.memUncached
                0x0000000002003730       0x20 C:/Users/Ignasi/Desktop/SDK_NintendoDS_VSCode_Mini-IDE/ndside/msys64/opt/devkitpro/libnds/lib\libnds9.a(mpu_setup.o)
                0x0000000002003730                memUncached
 .text.swiWaitForVBlank
                0x0000000002003750        0x8 C:/Users/Ignasi/Desktop/SDK_NintendoDS_VSCode_Mini-IDE/ndside/msys64/opt/devkitpro/libnds/lib\libnds9.a(IntrWait.o)
                0x0000000002003750                swiWaitForVBlank
 .text.swiIntrWait
                0x0000000002003758       0x70 C:/Users/Ignasi/Desktop/SDK_NintendoDS_VSCode_Mini-IDE/ndside/msys64/opt/devkitpro/libnds/lib\libnds9.a(IntrWait.o)
                0x0000000002003758                swiIntrWait
 .text.setCpuClock
                0x00000000020037c8       0x50 C:/Users/Ignasi/Desktop/SDK_NintendoDS_VSCode_Mini-IDE/ndside/msys64/opt/devkitpro/libnds/lib\libnds9.a(cpu_clock.o)
                0x00000000020037c8                setCpuClock
 .text.swiSoftReset
                0x0000000002003818       0x2c C:/Users/Ignasi/Desktop/SDK_NintendoDS_VSCode_Mini-IDE/ndside/msys64/opt/devkitpro/libnds/lib\libnds9.a(swiSoftReset.o)
                0x0000000002003818                swiSoftReset
 .text.vramDefault
                0x0000000002003844       0xd0 C:/Users/Ignasi/Desktop/SDK_NintendoDS_VSCode_Mini-IDE/ndside/msys64/opt/devkitpro/libnds/lib\libnds9.a(video.o)
                0x0000000002003844                vramDefault
 .text.systemValueHandler
                0x0000000002003914       0x48 C:/Users/Ignasi/Desktop/SDK_NintendoDS_VSCode_Mini-IDE/ndside/msys64/opt/devkitpro/libnds/lib\libnds9.a(system.o)
                0x0000000002003914                systemValueHandler
 .text.systemMsgHandler
                0x000000000200395c       0x5c C:/Users/Ignasi/Desktop/SDK_NintendoDS_VSCode_Mini-IDE/ndside/msys64/opt/devkitpro/libnds/lib\libnds9.a(system.o)
                0x000000000200395c                systemMsgHandler
 .text.powerOn  0x00000000020039b8       0x2c C:/Users/Ignasi/Desktop/SDK_NintendoDS_VSCode_Mini-IDE/ndside/msys64/opt/devkitpro/libnds/lib\libnds9.a(system.o)
                0x00000000020039b8                powerOn
 .text.swiDelay
                0x00000000020039e4        0x4 C:/Users/Ignasi/Desktop/SDK_NintendoDS_VSCode_Mini-IDE/ndside/msys64/opt/devkitpro/libnds/lib\libnds9.a(biosCalls.o)
                0x00000000020039e4                swiDelay
 .text.__libc_init_array
                0x00000000020039e8       0x50 c:/users/ignasi/desktop/sdk_nintendods_vscode_mini-ide/ndside/msys64/opt/devkitpro/devkitarm/bin/../lib/gcc/arm-none-eabi/8.3.0/../../../../arm-none-eabi/lib/thumb\libg.a(lib_a-init.o)
                0x00000000020039e8                __libc_init_array
 .text.malloc   0x0000000002003a38       0x14 c:/users/ignasi/desktop/sdk_nintendods_vscode_mini-ide/ndside/msys64/opt/devkitpro/devkitarm/bin/../lib/gcc/arm-none-eabi/8.3.0/../../../../arm-none-eabi/lib/thumb\libg.a(lib_a-malloc.o)
                0x0000000002003a38                malloc
 .text.free     0x0000000002003a4c       0x14 c:/users/ignasi/desktop/sdk_nintendods_vscode_mini-ide/ndside/msys64/opt/devkitpro/devkitarm/bin/../lib/gcc/arm-none-eabi/8.3.0/../../../../arm-none-eabi/lib/thumb\libg.a(lib_a-malloc.o)
                0x0000000002003a4c                free
 .text._malloc_r
                0x0000000002003a60      0x594 c:/users/ignasi/desktop/sdk_nintendods_vscode_mini-ide/ndside/msys64/opt/devkitpro/devkitarm/bin/../lib/gcc/arm-none-eabi/8.3.0/../../../../arm-none-eabi/lib/thumb\libg.a(lib_a-mallocr.o)
                0x0000000002003a60                _malloc_r
 .text.memcpy   0x0000000002003ff4       0xac c:/users/ignasi/desktop/sdk_nintendods_vscode_mini-ide/ndside/msys64/opt/devkitpro/devkitarm/bin/../lib/gcc/arm-none-eabi/8.3.0/../../../../arm-none-eabi/lib/thumb\libg.a(lib_a-memcpy-stub.o)
                0x0000000002003ff4                memcpy
 .text.memset   0x00000000020040a0       0xb0 c:/users/ignasi/desktop/sdk_nintendods_vscode_mini-ide/ndside/msys64/opt/devkitpro/devkitarm/bin/../lib/gcc/arm-none-eabi/8.3.0/../../../../arm-none-eabi/lib/thumb\libg.a(lib_a-memset.o)
                0x00000000020040a0                memset
 .text.__malloc_lock
                0x0000000002004150       0x14 c:/users/ignasi/desktop/sdk_nintendods_vscode_mini-ide/ndside/msys64/opt/devkitpro/devkitarm/bin/../lib/gcc/arm-none-eabi/8.3.0/../../../../arm-none-eabi/lib/thumb\libg.a(lib_a-mlock.o)
                0x0000000002004150                __malloc_lock
 .text.__malloc_unlock
                0x0000000002004164       0x14 c:/users/ignasi/desktop/sdk_nintendods_vscode_mini-ide/ndside/msys64/opt/devkitpro/devkitarm/bin/../lib/gcc/arm-none-eabi/8.3.0/../../../../arm-none-eabi/lib/thumb\libg.a(lib_a-mlock.o)
                0x0000000002004164                __malloc_unlock
 .text.realloc  0x0000000002004178       0x18 c:/users/ignasi/desktop/sdk_nintendods_vscode_mini-ide/ndside/msys64/opt/devkitpro/devkitarm/bin/../lib/gcc/arm-none-eabi/8.3.0/../../../../arm-none-eabi/lib/thumb\libg.a(lib_a-realloc.o)
                0x0000000002004178                realloc
 .text._realloc_r
                0x0000000002004190      0x370 c:/users/ignasi/desktop/sdk_nintendods_vscode_mini-ide/ndside/msys64/opt/devkitpro/devkitarm/bin/../lib/gcc/arm-none-eabi/8.3.0/../../../../arm-none-eabi/lib/thumb\libg.a(lib_a-reallocr.o)
                0x0000000002004190                _realloc_r
 .text.setvbuf  0x0000000002004500      0x1a0 c:/users/ignasi/desktop/sdk_nintendods_vscode_mini-ide/ndside/msys64/opt/devkitpro/devkitarm/bin/../lib/gcc/arm-none-eabi/8.3.0/../../../../arm-none-eabi/lib/thumb\libg.a(lib_a-setvbuf.o)
                0x0000000002004500                setvbuf
 .text.siscanf  0x00000000020046a0       0x4c c:/users/ignasi/desktop/sdk_nintendods_vscode_mini-ide/ndside/msys64/opt/devkitpro/devkitarm/bin/../lib/gcc/arm-none-eabi/8.3.0/../../../../arm-none-eabi/lib/thumb\libg.a(lib_a-siscanf.o)
                0x00000000020046a0                siscanf
 .text.__sread  0x00000000020046ec       0x34 c:/users/ignasi/desktop/sdk_nintendods_vscode_mini-ide/ndside/msys64/opt/devkitpro/devkitarm/bin/../lib/gcc/arm-none-eabi/8.3.0/../../../../arm-none-eabi/lib/thumb\libg.a(lib_a-stdio.o)
                0x00000000020046ec                __sread
 .text.__seofread
                0x0000000002004720        0x4 c:/users/ignasi/desktop/sdk_nintendods_vscode_mini-ide/ndside/msys64/opt/devkitpro/devkitarm/bin/../lib/gcc/arm-none-eabi/8.3.0/../../../../arm-none-eabi/lib/thumb\libg.a(lib_a-stdio.o)
                0x0000000002004720                __seofread
 .text.__swrite
                0x0000000002004724       0x4c c:/users/ignasi/desktop/sdk_nintendods_vscode_mini-ide/ndside/msys64/opt/devkitpro/devkitarm/bin/../lib/gcc/arm-none-eabi/8.3.0/../../../../arm-none-eabi/lib/thumb\libg.a(lib_a-stdio.o)
                0x0000000002004724                __swrite
 .text.__sseek  0x0000000002004770       0x40 c:/users/ignasi/desktop/sdk_nintendods_vscode_mini-ide/ndside/msys64/opt/devkitpro/devkitarm/bin/../lib/gcc/arm-none-eabi/8.3.0/../../../../arm-none-eabi/lib/thumb\libg.a(lib_a-stdio.o)
                0x0000000002004770                __sseek
 .text.__sclose
                0x00000000020047b0       0x10 c:/users/ignasi/desktop/sdk_nintendods_vscode_mini-ide/ndside/msys64/opt/devkitpro/devkitarm/bin/../lib/gcc/arm-none-eabi/8.3.0/../../../../arm-none-eabi/lib/thumb\libg.a(lib_a-stdio.o)
                0x00000000020047b0                __sclose
 .text.strlen   0x00000000020047c0       0x6c c:/users/ignasi/desktop/sdk_nintendods_vscode_mini-ide/ndside/msys64/opt/devkitpro/devkitarm/bin/../lib/gcc/arm-none-eabi/8.3.0/../../../../arm-none-eabi/lib/thumb\libg.a(lib_a-strlen-stub.o)
                0x00000000020047c0                strlen
 .text.get_arg  0x000000000200482c       0x24 c:/users/ignasi/desktop/sdk_nintendods_vscode_mini-ide/ndside/msys64/opt/devkitpro/devkitarm/bin/../lib/gcc/arm-none-eabi/8.3.0/../../../../arm-none-eabi/lib/thumb\libg.a(lib_a-svfiscanf.o)
 .text._sungetc_r
                0x0000000002004850       0x7e c:/users/ignasi/desktop/sdk_nintendods_vscode_mini-ide/ndside/msys64/opt/devkitpro/devkitarm/bin/../lib/gcc/arm-none-eabi/8.3.0/../../../../arm-none-eabi/lib/thumb\libg.a(lib_a-svfiscanf.o)
                0x0000000002004850                _sungetc_r
 .text.__ssrefill_r
                0x00000000020048ce       0x42 c:/users/ignasi/desktop/sdk_nintendods_vscode_mini-ide/ndside/msys64/opt/devkitpro/devkitarm/bin/../lib/gcc/arm-none-eabi/8.3.0/../../../../arm-none-eabi/lib/thumb\libg.a(lib_a-svfiscanf.o)
                0x00000000020048ce                __ssrefill_r
 .text._sfread_r
                0x0000000002004910       0x8a c:/users/ignasi/desktop/sdk_nintendods_vscode_mini-ide/ndside/msys64/opt/devkitpro/devkitarm/bin/../lib/gcc/arm-none-eabi/8.3.0/../../../../arm-none-eabi/lib/thumb\libg.a(lib_a-svfiscanf.o)
                0x0000000002004910                _sfread_r
 *fill*         0x000000000200499a        0x2 ff
 .text.__ssvfiscanf_r
                0x000000000200499c     0x1b24 c:/users/ignasi/desktop/sdk_nintendods_vscode_mini-ide/ndside/msys64/opt/devkitpro/devkitarm/bin/../lib/gcc/arm-none-eabi/8.3.0/../../../../arm-none-eabi/lib/thumb\libg.a(lib_a-svfiscanf.o)
                0x000000000200499c                __ssvfiscanf_r
 .text.__submore
                0x00000000020064c0       0x88 c:/users/ignasi/desktop/sdk_nintendods_vscode_mini-ide/ndside/msys64/opt/devkitpro/devkitarm/bin/../lib/gcc/arm-none-eabi/8.3.0/../../../../arm-none-eabi/lib/thumb\libg.a(lib_a-ungetc.o)
                0x00000000020064c0                __submore
 .text.__sflush_r
                0x0000000002006548      0x1b8 c:/users/ignasi/desktop/sdk_nintendods_vscode_mini-ide/ndside/msys64/opt/devkitpro/devkitarm/bin/../lib/gcc/arm-none-eabi/8.3.0/../../../../arm-none-eabi/lib/thumb\libg.a(lib_a-fflush.o)
                0x0000000002006548                __sflush_r
 .text._fflush_r
                0x0000000002006700       0x70 c:/users/ignasi/desktop/sdk_nintendods_vscode_mini-ide/ndside/msys64/opt/devkitpro/devkitarm/bin/../lib/gcc/arm-none-eabi/8.3.0/../../../../arm-none-eabi/lib/thumb\libg.a(lib_a-fflush.o)
                0x0000000002006700                _fflush_r
 .text.std      0x0000000002006770       0x54 c:/users/ignasi/desktop/sdk_nintendods_vscode_mini-ide/ndside/msys64/opt/devkitpro/devkitarm/bin/../lib/gcc/arm-none-eabi/8.3.0/../../../../arm-none-eabi/lib/thumb\libg.a(lib_a-findfp.o)
 .text._cleanup_r
                0x00000000020067c4       0x14 c:/users/ignasi/desktop/sdk_nintendods_vscode_mini-ide/ndside/msys64/opt/devkitpro/devkitarm/bin/../lib/gcc/arm-none-eabi/8.3.0/../../../../arm-none-eabi/lib/thumb\libg.a(lib_a-findfp.o)
                0x00000000020067c4                _cleanup_r
 .text.__sinit  0x00000000020067d8       0x64 c:/users/ignasi/desktop/sdk_nintendods_vscode_mini-ide/ndside/msys64/opt/devkitpro/devkitarm/bin/../lib/gcc/arm-none-eabi/8.3.0/../../../../arm-none-eabi/lib/thumb\libg.a(lib_a-findfp.o)
                0x00000000020067d8                __sinit
 .text.__sfp_lock_acquire
                0x000000000200683c       0x14 c:/users/ignasi/desktop/sdk_nintendods_vscode_mini-ide/ndside/msys64/opt/devkitpro/devkitarm/bin/../lib/gcc/arm-none-eabi/8.3.0/../../../../arm-none-eabi/lib/thumb\libg.a(lib_a-findfp.o)
                0x000000000200683c                __sfp_lock_acquire
 .text.__sfp_lock_release
                0x0000000002006850       0x14 c:/users/ignasi/desktop/sdk_nintendods_vscode_mini-ide/ndside/msys64/opt/devkitpro/devkitarm/bin/../lib/gcc/arm-none-eabi/8.3.0/../../../../arm-none-eabi/lib/thumb\libg.a(lib_a-findfp.o)
                0x0000000002006850                __sfp_lock_release
 .text._malloc_trim_r
                0x0000000002006864       0xa4 c:/users/ignasi/desktop/sdk_nintendods_vscode_mini-ide/ndside/msys64/opt/devkitpro/devkitarm/bin/../lib/gcc/arm-none-eabi/8.3.0/../../../../arm-none-eabi/lib/thumb\libg.a(lib_a-freer.o)
                0x0000000002006864                _malloc_trim_r
 .text._free_r  0x0000000002006908      0x1e0 c:/users/ignasi/desktop/sdk_nintendods_vscode_mini-ide/ndside/msys64/opt/devkitpro/devkitarm/bin/../lib/gcc/arm-none-eabi/8.3.0/../../../../arm-none-eabi/lib/thumb\libg.a(lib_a-freer.o)
                0x0000000002006908                _free_r
 .text._fwalk_reent
                0x0000000002006ae8       0x54 c:/users/ignasi/desktop/sdk_nintendods_vscode_mini-ide/ndside/msys64/opt/devkitpro/devkitarm/bin/../lib/gcc/arm-none-eabi/8.3.0/../../../../arm-none-eabi/lib/thumb\libg.a(lib_a-fwalk.o)
                0x0000000002006ae8                _fwalk_reent
 .text.iswspace
                0x0000000002006b3c       0x10 c:/users/ignasi/desktop/sdk_nintendods_vscode_mini-ide/ndside/msys64/opt/devkitpro/devkitarm/bin/../lib/gcc/arm-none-eabi/8.3.0/../../../../arm-none-eabi/lib/thumb\libg.a(lib_a-iswspace.o)
                0x0000000002006b3c                iswspace
 .text.__locale_mb_cur_max
                0x0000000002006b4c       0x10 c:/users/ignasi/desktop/sdk_nintendods_vscode_mini-ide/ndside/msys64/opt/devkitpro/devkitarm/bin/../lib/gcc/arm-none-eabi/8.3.0/../../../../arm-none-eabi/lib/thumb\libg.a(lib_a-locale.o)
                0x0000000002006b4c                __locale_mb_cur_max
 .text.__swhatbuf_r
                0x0000000002006b5c       0x64 c:/users/ignasi/desktop/sdk_nintendods_vscode_mini-ide/ndside/msys64/opt/devkitpro/devkitarm/bin/../lib/gcc/arm-none-eabi/8.3.0/../../../../arm-none-eabi/lib/thumb\libg.a(lib_a-makebuf.o)
                0x0000000002006b5c                __swhatbuf_r
 .text._mbrtowc_r
                0x0000000002006bc0       0x60 c:/users/ignasi/desktop/sdk_nintendods_vscode_mini-ide/ndside/msys64/opt/devkitpro/devkitarm/bin/../lib/gcc/arm-none-eabi/8.3.0/../../../../arm-none-eabi/lib/thumb\libg.a(lib_a-mbrtowc.o)
                0x0000000002006bc0                _mbrtowc_r
 .text.__utf8_mbtowc
                0x0000000002006c20      0x294 c:/users/ignasi/desktop/sdk_nintendods_vscode_mini-ide/ndside/msys64/opt/devkitpro/devkitarm/bin/../lib/gcc/arm-none-eabi/8.3.0/../../../../arm-none-eabi/lib/thumb\libg.a(lib_a-mbtowc_r.o)
                0x0000000002006c20                __utf8_mbtowc
 .text.memmove  0x0000000002006eb4       0xb4 c:/users/ignasi/desktop/sdk_nintendods_vscode_mini-ide/ndside/msys64/opt/devkitpro/devkitarm/bin/../lib/gcc/arm-none-eabi/8.3.0/../../../../arm-none-eabi/lib/thumb\libg.a(lib_a-memmove.o)
                0x0000000002006eb4                memmove
 .text.__sccl   0x0000000002006f68       0x78 c:/users/ignasi/desktop/sdk_nintendods_vscode_mini-ide/ndside/msys64/opt/devkitpro/devkitarm/bin/../lib/gcc/arm-none-eabi/8.3.0/../../../../arm-none-eabi/lib/thumb\libg.a(lib_a-sccl.o)
                0x0000000002006f68                __sccl
 .text._strtoll_l.isra.0
                0x0000000002006fe0      0x1b4 c:/users/ignasi/desktop/sdk_nintendods_vscode_mini-ide/ndside/msys64/opt/devkitpro/devkitarm/bin/../lib/gcc/arm-none-eabi/8.3.0/../../../../arm-none-eabi/lib/thumb\libg.a(lib_a-strtoll.o)
 .text._strtoll_r
                0x0000000002007194        0xc c:/users/ignasi/desktop/sdk_nintendods_vscode_mini-ide/ndside/msys64/opt/devkitpro/devkitarm/bin/../lib/gcc/arm-none-eabi/8.3.0/../../../../arm-none-eabi/lib/thumb\libg.a(lib_a-strtoll.o)
                0x0000000002007194                _strtoll_r
 .text._strtol_l.isra.0
                0x00000000020071a0      0x13c c:/users/ignasi/desktop/sdk_nintendods_vscode_mini-ide/ndside/msys64/opt/devkitpro/devkitarm/bin/../lib/gcc/arm-none-eabi/8.3.0/../../../../arm-none-eabi/lib/thumb\libg.a(lib_a-strtol.o)
 .text._strtol_r
                0x00000000020072dc        0xc c:/users/ignasi/desktop/sdk_nintendods_vscode_mini-ide/ndside/msys64/opt/devkitpro/devkitarm/bin/../lib/gcc/arm-none-eabi/8.3.0/../../../../arm-none-eabi/lib/thumb\libg.a(lib_a-strtol.o)
                0x00000000020072dc                _strtol_r
 .text._strtoull_l.isra.0
                0x00000000020072e8      0x1c8 c:/users/ignasi/desktop/sdk_nintendods_vscode_mini-ide/ndside/msys64/opt/devkitpro/devkitarm/bin/../lib/gcc/arm-none-eabi/8.3.0/../../../../arm-none-eabi/lib/thumb\libg.a(lib_a-strtoull.o)
 .text._strtoull_r
                0x00000000020074b0        0xc c:/users/ignasi/desktop/sdk_nintendods_vscode_mini-ide/ndside/msys64/opt/devkitpro/devkitarm/bin/../lib/gcc/arm-none-eabi/8.3.0/../../../../arm-none-eabi/lib/thumb\libg.a(lib_a-strtoull.o)
                0x00000000020074b0                _strtoull_r
 .text._strtoul_l.isra.0
                0x00000000020074bc      0x144 c:/users/ignasi/desktop/sdk_nintendods_vscode_mini-ide/ndside/msys64/opt/devkitpro/devkitarm/bin/../lib/gcc/arm-none-eabi/8.3.0/../../../../arm-none-eabi/lib/thumb\libg.a(lib_a-strtoul.o)
 .text._strtoul_r
                0x0000000002007600        0xc c:/users/ignasi/desktop/sdk_nintendods_vscode_mini-ide/ndside/msys64/opt/devkitpro/devkitarm/bin/../lib/gcc/arm-none-eabi/8.3.0/../../../../arm-none-eabi/lib/thumb\libg.a(lib_a-strtoul.o)
                0x0000000002007600                _strtoul_r
 .text.__utf8_wctomb
                0x000000000200760c       0xbc c:/users/ignasi/desktop/sdk_nintendods_vscode_mini-ide/ndside/msys64/opt/devkitpro/devkitarm/bin/../lib/gcc/arm-none-eabi/8.3.0/../../../../arm-none-eabi/lib/thumb\libg.a(lib_a-wctomb_r.o)
                0x000000000200760c                __utf8_wctomb
 .text._fclose_r
                0x00000000020076c8       0xe4 c:/users/ignasi/desktop/sdk_nintendods_vscode_mini-ide/ndside/msys64/opt/devkitpro/devkitarm/bin/../lib/gcc/arm-none-eabi/8.3.0/../../../../arm-none-eabi/lib/thumb\libg.a(lib_a-fclose.o)
                0x00000000020076c8                _fclose_r
 .text.iswspace_l
                0x00000000020077ac       0x2c c:/users/ignasi/desktop/sdk_nintendods_vscode_mini-ide/ndside/msys64/opt/devkitpro/devkitarm/bin/../lib/gcc/arm-none-eabi/8.3.0/../../../../arm-none-eabi/lib/thumb\libg.a(lib_a-iswspace_l.o)
                0x00000000020077ac                iswspace_l
 .text.__jp2uc  0x00000000020077d8      0x190 c:/users/ignasi/desktop/sdk_nintendods_vscode_mini-ide/ndside/msys64/opt/devkitpro/devkitarm/bin/../lib/gcc/arm-none-eabi/8.3.0/../../../../arm-none-eabi/lib/thumb\libg.a(lib_a-jp2uc.o)
 .text._jp2uc_l
                0x0000000002007968       0x6c c:/users/ignasi/desktop/sdk_nintendods_vscode_mini-ide/ndside/msys64/opt/devkitpro/devkitarm/bin/../lib/gcc/arm-none-eabi/8.3.0/../../../../arm-none-eabi/lib/thumb\libg.a(lib_a-jp2uc.o)
                0x0000000002007968                _jp2uc_l
 .text.category
                0x00000000020079d4       0x58 c:/users/ignasi/desktop/sdk_nintendods_vscode_mini-ide/ndside/msys64/opt/devkitpro/devkitarm/bin/../lib/gcc/arm-none-eabi/8.3.0/../../../../arm-none-eabi/lib/thumb\libg.a(lib_a-categories.o)
                0x00000000020079d4                category
 .text.null_write
                0x0000000002007a2c        0x4 c:/users/ignasi/desktop/sdk_nintendods_vscode_mini-ide/ndside/msys64/opt/devkitpro/devkitarm/bin/../lib/gcc/arm-none-eabi/8.3.0/../../../../arm-none-eabi/lib/thumb\libsysbase.a(iosupport.o)
 .text._close_r
                0x0000000002007a30       0x5c c:/users/ignasi/desktop/sdk_nintendods_vscode_mini-ide/ndside/msys64/opt/devkitpro/devkitarm/bin/../lib/gcc/arm-none-eabi/8.3.0/../../../../arm-none-eabi/lib/thumb\libsysbase.a(close.o)
                0x0000000002007a30                _close_r
 .text._fstat_r
                0x0000000002007a8c       0x4c c:/users/ignasi/desktop/sdk_nintendods_vscode_mini-ide/ndside/msys64/opt/devkitpro/devkitarm/bin/../lib/gcc/arm-none-eabi/8.3.0/../../../../arm-none-eabi/lib/thumb\libsysbase.a(fstat.o)
                0x0000000002007a8c                _fstat_r
 .text._lseek_r
                0x0000000002007ad8       0x5c c:/users/ignasi/desktop/sdk_nintendods_vscode_mini-ide/ndside/msys64/opt/devkitpro/devkitarm/bin/../lib/gcc/arm-none-eabi/8.3.0/../../../../arm-none-eabi/lib/thumb\libsysbase.a(lseek.o)
                0x0000000002007ad8                _lseek_r
 .text._read_r  0x0000000002007b34       0x50 c:/users/ignasi/desktop/sdk_nintendods_vscode_mini-ide/ndside/msys64/opt/devkitpro/devkitarm/bin/../lib/gcc/arm-none-eabi/8.3.0/../../../../arm-none-eabi/lib/thumb\libsysbase.a(read.o)
                0x0000000002007b34                _read_r
 .text._sbrk_r  0x0000000002007b84       0x54 c:/users/ignasi/desktop/sdk_nintendods_vscode_mini-ide/ndside/msys64/opt/devkitpro/devkitarm/bin/../lib/gcc/arm-none-eabi/8.3.0/../../../../arm-none-eabi/lib/thumb\libsysbase.a(sbrk.o)
                0x0000000002007b84                _sbrk_r
 .text._write_r
                0x0000000002007bd8       0x50 c:/users/ignasi/desktop/sdk_nintendods_vscode_mini-ide/ndside/msys64/opt/devkitpro/devkitarm/bin/../lib/gcc/arm-none-eabi/8.3.0/../../../../arm-none-eabi/lib/thumb\libsysbase.a(write.o)
                0x0000000002007bd8                _write_r
 .text.build_argv
                0x0000000002007c28       0x4c c:/users/ignasi/desktop/sdk_nintendods_vscode_mini-ide/ndside/msys64/opt/devkitpro/devkitarm/bin/../lib/gcc/arm-none-eabi/8.3.0/../../../../arm-none-eabi/lib/thumb\libsysbase.a(build_argv.o)
                0x0000000002007c28                build_argv
 .text.__flockfile
                0x0000000002007c74       0x10 c:/users/ignasi/desktop/sdk_nintendods_vscode_mini-ide/ndside/msys64/opt/devkitpro/devkitarm/bin/../lib/gcc/arm-none-eabi/8.3.0/../../../../arm-none-eabi/lib/thumb\libsysbase.a(flock.o)
                0x0000000002007c74                __flockfile
 .text.__funlockfile
                0x0000000002007c84       0x10 c:/users/ignasi/desktop/sdk_nintendods_vscode_mini-ide/ndside/msys64/opt/devkitpro/devkitarm/bin/../lib/gcc/arm-none-eabi/8.3.0/../../../../arm-none-eabi/lib/thumb\libsysbase.a(flock.o)
                0x0000000002007c84                __funlockfile
 .text.__libc_lock_acquire
                0x0000000002007c94       0x1c c:/users/ignasi/desktop/sdk_nintendods_vscode_mini-ide/ndside/msys64/opt/devkitpro/devkitarm/bin/../lib/gcc/arm-none-eabi/8.3.0/../../../../arm-none-eabi/lib/thumb\libsysbase.a(syscall_support.o)
                0x0000000002007c94                __libc_lock_acquire
 .text.__libc_lock_release
                0x0000000002007cb0       0x1c c:/users/ignasi/desktop/sdk_nintendods_vscode_mini-ide/ndside/msys64/opt/devkitpro/devkitarm/bin/../lib/gcc/arm-none-eabi/8.3.0/../../../../arm-none-eabi/lib/thumb\libsysbase.a(syscall_support.o)
                0x0000000002007cb0                __libc_lock_release
 .text.__libc_lock_init_recursive
                0x0000000002007ccc       0x1c c:/users/ignasi/desktop/sdk_nintendods_vscode_mini-ide/ndside/msys64/opt/devkitpro/devkitarm/bin/../lib/gcc/arm-none-eabi/8.3.0/../../../../arm-none-eabi/lib/thumb\libsysbase.a(syscall_support.o)
                0x0000000002007ccc                __libc_lock_init_recursive
 .text.__libc_lock_acquire_recursive
                0x0000000002007ce8       0x1c c:/users/ignasi/desktop/sdk_nintendods_vscode_mini-ide/ndside/msys64/opt/devkitpro/devkitarm/bin/../lib/gcc/arm-none-eabi/8.3.0/../../../../arm-none-eabi/lib/thumb\libsysbase.a(syscall_support.o)
                0x0000000002007ce8                __libc_lock_acquire_recursive
 .text.__libc_lock_release_recursive
                0x0000000002007d04       0x1c c:/users/ignasi/desktop/sdk_nintendods_vscode_mini-ide/ndside/msys64/opt/devkitpro/devkitarm/bin/../lib/gcc/arm-none-eabi/8.3.0/../../../../arm-none-eabi/lib/thumb\libsysbase.a(syscall_support.o)
                0x0000000002007d04                __libc_lock_release_recursive
 .text.__libc_lock_close_recursive
                0x0000000002007d20       0x1c c:/users/ignasi/desktop/sdk_nintendods_vscode_mini-ide/ndside/msys64/opt/devkitpro/devkitarm/bin/../lib/gcc/arm-none-eabi/8.3.0/../../../../arm-none-eabi/lib/thumb\libsysbase.a(syscall_support.o)
                0x0000000002007d20                __libc_lock_close_recursive
 .text.__release_handle
                0x0000000002007d3c       0x6c c:/users/ignasi/desktop/sdk_nintendods_vscode_mini-ide/ndside/msys64/opt/devkitpro/devkitarm/bin/../lib/gcc/arm-none-eabi/8.3.0/../../../../arm-none-eabi/lib/thumb\libsysbase.a(handle_manager.o)
                0x0000000002007d3c                __release_handle
 .text.__get_handle
                0x0000000002007da8       0x1c c:/users/ignasi/desktop/sdk_nintendods_vscode_mini-ide/ndside/msys64/opt/devkitpro/devkitarm/bin/../lib/gcc/arm-none-eabi/8.3.0/../../../../arm-none-eabi/lib/thumb\libsysbase.a(handle_manager.o)
                0x0000000002007da8                __get_handle
 .text.__getreent
                0x0000000002007dc4       0x28 c:/users/ignasi/desktop/sdk_nintendods_vscode_mini-ide/ndside/msys64/opt/devkitpro/devkitarm/bin/../lib/gcc/arm-none-eabi/8.3.0/../../../../arm-none-eabi/lib/thumb\libsysbase.a(getreent.o)
                0x0000000002007dc4                __getreent
 .text.__muldi3
                0x0000000002007dec       0x60 c:/users/ignasi/desktop/sdk_nintendods_vscode_mini-ide/ndside/msys64/opt/devkitpro/devkitarm/bin/../lib/gcc/arm-none-eabi/8.3.0/thumb\libgcc.a(_muldi3.o)
                0x0000000002007dec                __muldi3
                0x0000000002007dec                __aeabi_lmul
 .text.__udivmoddi4
                0x0000000002007e4c      0x1a8 c:/users/ignasi/desktop/sdk_nintendods_vscode_mini-ide/ndside/msys64/opt/devkitpro/devkitarm/bin/../lib/gcc/arm-none-eabi/8.3.0/thumb\libgcc.a(_udivmoddi4.o)
                0x0000000002007e4c                __udivmoddi4
 *fill*         0x0000000002007ff4        0x4 ff
 .text.__udivmoddi4.__stub
                0x0000000002007ff8       0x90 linker stubs
 *(EXCLUDE_FILE(*.twl*) .gnu.warning)
 *(EXCLUDE_FILE(*.twl*) .gnu.linkonce.t*)
 *(.glue_7)
 .glue_7        0x0000000002008098        0x0 linker stubs
 *(.glue_7t)
 .glue_7t       0x0000000002008098        0x0 linker stubs
                0x0000000002008098                . = ALIGN (0x4)

.vfp11_veneer   0x0000000002008098        0x0
 .vfp11_veneer  0x0000000002008098        0x0 linker stubs

.v4_bx          0x0000000002008098        0x0
 .v4_bx         0x0000000002008098        0x0 linker stubs

.iplt           0x0000000002008098        0x0
 .iplt          0x0000000002008098        0x0 c:/users/ignasi/desktop/sdk_nintendods_vscode_mini-ide/ndside/msys64/opt/devkitpro/devkitarm/bin/../lib/gcc/arm-none-eabi/8.3.0/../../../../arm-none-eabi/lib/thumb/ds_arm9_crt0.o

.fini           0x0000000002008098        0xc
 *(.fini)
 .fini          0x0000000002008098        0x4 c:/users/ignasi/desktop/sdk_nintendods_vscode_mini-ide/ndside/msys64/opt/devkitpro/devkitarm/bin/../lib/gcc/arm-none-eabi/8.3.0/thumb/crti.o
                0x0000000002008098                _fini
 .fini          0x000000000200809c        0x8 c:/users/ignasi/desktop/sdk_nintendods_vscode_mini-ide/ndside/msys64/opt/devkitpro/devkitarm/bin/../lib/gcc/arm-none-eabi/8.3.0/thumb/crtn.o
                0x00000000020080a4                __text_end = .

.rodata         0x00000000020080a4    0x17e18
 *(EXCLUDE_FILE(*.twl*) .rodata)
 .rodata        0x00000000020080a4     0x3200 mole.o
                0x00000000020080a4                moleTiles
                0x000000000200b0a4                molePal
 .rodata        0x000000000200b2a4     0xc200 background.o
                0x000000000200b2a4                backgroundBitmap
                0x00000000020172a4                backgroundPal
 .rodata        0x00000000020174a4     0x2004 C:/Users/Ignasi/Desktop/SDK_NintendoDS_VSCode_Mini-IDE/ndside/msys64/opt/devkitpro/libnds/lib\libnds9.a(default_font.bin.o)
                0x00000000020174a4                default_font_bin
                0x00000000020194a4                default_font_bin_size
                0x00000000020194a4                default_font_bin_end
 *all.rodata*(*)
 *(EXCLUDE_FILE(*.twl*) .roda)
 *(EXCLUDE_FILE(*.twl*) .rodata.*)
 .rodata.con_write
                0x00000000020194a8       0xd4 C:/Users/Ignasi/Desktop/SDK_NintendoDS_VSCode_Mini-IDE/ndside/msys64/opt/devkitpro/libnds/lib\libnds9.a(console.o)
 .rodata.con_write.str1.4
                0x000000000201957c       0x30 C:/Users/Ignasi/Desktop/SDK_NintendoDS_VSCode_Mini-IDE/ndside/msys64/opt/devkitpro/libnds/lib\libnds9.a(console.o)
 .rodata.dotab_stdout
                0x00000000020195ac       0x70 C:/Users/Ignasi/Desktop/SDK_NintendoDS_VSCode_Mini-IDE/ndside/msys64/opt/devkitpro/libnds/lib\libnds9.a(console.o)
 .rodata.str1.4
                0x000000000201961c       0x14 C:/Users/Ignasi/Desktop/SDK_NintendoDS_VSCode_Mini-IDE/ndside/msys64/opt/devkitpro/libnds/lib\libnds9.a(console.o)
 .rodata.SIN_LUT
                0x0000000002019630      0x102 C:/Users/Ignasi/Desktop/SDK_NintendoDS_VSCode_Mini-IDE/ndside/msys64/opt/devkitpro/libnds/lib\libnds9.a(trig.o)
                0x0000000002019630                SIN_LUT
 *fill*         0x0000000002019732        0x2 ff
 .rodata.basefix.6979
                0x0000000002019734       0x22 c:/users/ignasi/desktop/sdk_nintendods_vscode_mini-ide/ndside/msys64/opt/devkitpro/devkitarm/bin/../lib/gcc/arm-none-eabi/8.3.0/../../../../arm-none-eabi/lib/thumb\libg.a(lib_a-svfiscanf.o)
 *fill*         0x0000000002019756        0x2 ff
 .rodata._ctype_
                0x0000000002019758      0x101 c:/users/ignasi/desktop/sdk_nintendods_vscode_mini-ide/ndside/msys64/opt/devkitpro/devkitarm/bin/../lib/gcc/arm-none-eabi/8.3.0/../../../../arm-none-eabi/lib/thumb\libg.a(lib_a-ctype_.o)
                0x0000000002019758                _ctype_
 *fill*         0x0000000002019859        0x3 ff
 .rodata.str1.4
                0x000000000201985c       0x48 c:/users/ignasi/desktop/sdk_nintendods_vscode_mini-ide/ndside/msys64/opt/devkitpro/devkitarm/bin/../lib/gcc/arm-none-eabi/8.3.0/../../../../arm-none-eabi/lib/thumb\libg.a(lib_a-locale.o)
                                         0x4c (size before relaxing)
 .rodata._mbrtowc_r.str1.4
                0x00000000020198a4        0x1 c:/users/ignasi/desktop/sdk_nintendods_vscode_mini-ide/ndside/msys64/opt/devkitpro/devkitarm/bin/../lib/gcc/arm-none-eabi/8.3.0/../../../../arm-none-eabi/lib/thumb\libg.a(lib_a-mbrtowc.o)
 .rodata.__jp2uc
                0x00000000020198a4       0x20 c:/users/ignasi/desktop/sdk_nintendods_vscode_mini-ide/ndside/msys64/opt/devkitpro/devkitarm/bin/../lib/gcc/arm-none-eabi/8.3.0/../../../../arm-none-eabi/lib/thumb\libg.a(lib_a-jp2uc.o)
 .rodata._jp2uc_l.str1.4
                0x00000000020198c4       0x12 c:/users/ignasi/desktop/sdk_nintendods_vscode_mini-ide/ndside/msys64/opt/devkitpro/devkitarm/bin/../lib/gcc/arm-none-eabi/8.3.0/../../../../arm-none-eabi/lib/thumb\libg.a(lib_a-jp2uc.o)
 *fill*         0x00000000020198d6        0x2 ff
 .rodata.a1     0x00000000020198d8       0xbc c:/users/ignasi/desktop/sdk_nintendods_vscode_mini-ide/ndside/msys64/opt/devkitpro/devkitarm/bin/../lib/gcc/arm-none-eabi/8.3.0/../../../../arm-none-eabi/lib/thumb\libg.a(lib_a-jp2uc.o)
 .rodata.a2     0x0000000002019994       0xbc c:/users/ignasi/desktop/sdk_nintendods_vscode_mini-ide/ndside/msys64/opt/devkitpro/devkitarm/bin/../lib/gcc/arm-none-eabi/8.3.0/../../../../arm-none-eabi/lib/thumb\libg.a(lib_a-jp2uc.o)
 .rodata.a3     0x0000000002019a50       0x5b c:/users/ignasi/desktop/sdk_nintendods_vscode_mini-ide/ndside/msys64/opt/devkitpro/devkitarm/bin/../lib/gcc/arm-none-eabi/8.3.0/../../../../arm-none-eabi/lib/thumb\libg.a(lib_a-jp2uc.o)
 *fill*         0x0000000002019aab        0x1 ff
 .rodata.a6     0x0000000002019aac       0x70 c:/users/ignasi/desktop/sdk_nintendods_vscode_mini-ide/ndside/msys64/opt/devkitpro/devkitarm/bin/../lib/gcc/arm-none-eabi/8.3.0/../../../../arm-none-eabi/lib/thumb\libg.a(lib_a-jp2uc.o)
 .rodata.a7     0x0000000002019b1c       0xa2 c:/users/ignasi/desktop/sdk_nintendods_vscode_mini-ide/ndside/msys64/opt/devkitpro/devkitarm/bin/../lib/gcc/arm-none-eabi/8.3.0/../../../../arm-none-eabi/lib/thumb\libg.a(lib_a-jp2uc.o)
 *fill*         0x0000000002019bbe        0x2 ff
 .rodata.a8     0x0000000002019bc0       0x40 c:/users/ignasi/desktop/sdk_nintendods_vscode_mini-ide/ndside/msys64/opt/devkitpro/devkitarm/bin/../lib/gcc/arm-none-eabi/8.3.0/../../../../arm-none-eabi/lib/thumb\libg.a(lib_a-jp2uc.o)
 .rodata.b02cf  0x0000000002019c00     0x172a c:/users/ignasi/desktop/sdk_nintendods_vscode_mini-ide/ndside/msys64/opt/devkitpro/devkitarm/bin/../lib/gcc/arm-none-eabi/8.3.0/../../../../arm-none-eabi/lib/thumb\libg.a(lib_a-jp2uc.o)
 *fill*         0x000000000201b32a        0x2 ff
 .rodata.d02f4  0x000000000201b32c     0x1a7c c:/users/ignasi/desktop/sdk_nintendods_vscode_mini-ide/ndside/msys64/opt/devkitpro/devkitarm/bin/../lib/gcc/arm-none-eabi/8.3.0/../../../../arm-none-eabi/lib/thumb\libg.a(lib_a-jp2uc.o)
 .rodata.categories
                0x000000000201cda8     0x309c c:/users/ignasi/desktop/sdk_nintendods_vscode_mini-ide/ndside/msys64/opt/devkitpro/devkitarm/bin/../lib/gcc/arm-none-eabi/8.3.0/../../../../arm-none-eabi/lib/thumb\libg.a(lib_a-categories.o)
 .rodata.AddDevice.str1.4
                0x000000000201fe44        0x8 c:/users/ignasi/desktop/sdk_nintendods_vscode_mini-ide/ndside/msys64/opt/devkitpro/devkitarm/bin/../lib/gcc/arm-none-eabi/8.3.0/../../../../arm-none-eabi/lib/thumb\libsysbase.a(iosupport.o)
 .rodata.dotab_stdnull
                0x000000000201fe4c       0x70 c:/users/ignasi/desktop/sdk_nintendods_vscode_mini-ide/ndside/msys64/opt/devkitpro/devkitarm/bin/../lib/gcc/arm-none-eabi/8.3.0/../../../../arm-none-eabi/lib/thumb\libsysbase.a(iosupport.o)
                0x000000000201fe4c                dotab_stdnull
 *(EXCLUDE_FILE(*.twl*) .gnu.linkonce.r*)
                0x000000000201febc                . = ALIGN (0x4)

.ARM.extab
 *(.ARM.extab* .gnu.linkonce.armextab.*)
                0x000000000201febc                __exidx_start = .

ARM.exidx
 *(.ARM.exidx* .gnu.linkonce.armexidx.*)
                0x000000000201febc                __exidx_end = .
                0x000000000201febc                . = ALIGN (0x4)
                0x000000000201febc                PROVIDE (__preinit_array_start = .)

.preinit_array
 *(.preinit_array)
                0x000000000201febc                PROVIDE (__preinit_array_end = .)
                0x000000000201febc                PROVIDE (__init_array_start = .)

.init_array     0x000000000201febc        0x4
 *(SORT_BY_NAME(.init_array.*))
 *(.init_array)
 .init_array    0x000000000201febc        0x4 c:/users/ignasi/desktop/sdk_nintendods_vscode_mini-ide/ndside/msys64/opt/devkitpro/devkitarm/bin/../lib/gcc/arm-none-eabi/8.3.0/thumb/crtbegin.o
                0x000000000201fec0                PROVIDE (__init_array_end = .)
                [!provide]                        PROVIDE (__fini_array_start = .)

.fini_array     0x000000000201fec0        0x4
 *(.fini_array)
 .fini_array    0x000000000201fec0        0x4 c:/users/ignasi/desktop/sdk_nintendods_vscode_mini-ide/ndside/msys64/opt/devkitpro/devkitarm/bin/../lib/gcc/arm-none-eabi/8.3.0/thumb/crtbegin.o
 *(SORT_BY_NAME(.fini_array.*))
                [!provide]                        PROVIDE (__fini_array_end = .)

.ctors          0x000000000201fec4        0x0
 *crtbegin.o(.ctors)
 *(EXCLUDE_FILE(*crtend.o) .ctors)
 *(SORT_BY_NAME(.ctors.*))
 *(.ctors)
                0x000000000201fec4                . = ALIGN (0x4)

.dtors          0x000000000201fec4        0x0
 *crtbegin.o(.dtors)
 *(EXCLUDE_FILE(*crtend.o) .dtors)
 *(SORT_BY_NAME(.dtors.*))
 *(.dtors)
                0x000000000201fec4                . = ALIGN (0x4)

.eh_frame       0x000000000201fec4        0x4
 *(.eh_frame)
 .eh_frame      0x000000000201fec4        0x0 c:/users/ignasi/desktop/sdk_nintendods_vscode_mini-ide/ndside/msys64/opt/devkitpro/devkitarm/bin/../lib/gcc/arm-none-eabi/8.3.0/thumb/crtbegin.o
 .eh_frame      0x000000000201fec4        0x4 c:/users/ignasi/desktop/sdk_nintendods_vscode_mini-ide/ndside/msys64/opt/devkitpro/devkitarm/bin/../lib/gcc/arm-none-eabi/8.3.0/thumb/crtend.o
                0x000000000201fec8                . = ALIGN (0x4)

.rel.dyn        0x000000000201fec8        0x0
 .rel.iplt      0x000000000201fec8        0x0 c:/users/ignasi/desktop/sdk_nintendods_vscode_mini-ide/ndside/msys64/opt/devkitpro/devkitarm/bin/../lib/gcc/arm-none-eabi/8.3.0/../../../../arm-none-eabi/lib/thumb/ds_arm9_crt0.o

.gcc_except_table
                0x000000000201fec8        0x0
 *(.gcc_except_table)
                0x000000000201fec8                . = ALIGN (0x4)

.jcr
 *(.jcr)

.got
 *(.got.plt)
 *(.got)
 *(.rel.got)

.ewram          0x000000000201fec8        0x0
                0x000000000201fec8                __ewram_start = ABSOLUTE (.)
 *(.ewram)
 *ewram.*(.text)
                0x000000000201fec8                . = ALIGN (0x4)

.data           0x000000000201fec8     0x1be8
                0x000000000201fec8                __data_start = ABSOLUTE (.)
 *(EXCLUDE_FILE(*.twl*) .data)
 .data          0x000000000201fec8       0x28 C:/Users/Ignasi/Desktop/SDK_NintendoDS_VSCode_Mini-IDE/ndside/msys64/opt/devkitpro/libnds/lib\libnds9.a(mpu_setup.o)
 *(EXCLUDE_FILE(*.twl*) .data.*)
 .data.bgControl
                0x000000000201fef0       0x20 C:/Users/Ignasi/Desktop/SDK_NintendoDS_VSCode_Mini-IDE/ndside/msys64/opt/devkitpro/libnds/lib\libnds9.a(background.o)
                0x000000000201fef0                bgControl
 .data.bgScrollTable
                0x000000000201ff10       0x20 C:/Users/Ignasi/Desktop/SDK_NintendoDS_VSCode_Mini-IDE/ndside/msys64/opt/devkitpro/libnds/lib\libnds9.a(background.o)
                0x000000000201ff10                bgScrollTable
 .data.bgTransform
                0x000000000201ff30       0x20 C:/Users/Ignasi/Desktop/SDK_NintendoDS_VSCode_Mini-IDE/ndside/msys64/opt/devkitpro/libnds/lib\libnds9.a(background.o)
                0x000000000201ff30                bgTransform
 .data.currentConsole
                0x000000000201ff50        0x4 C:/Users/Ignasi/Desktop/SDK_NintendoDS_VSCode_Mini-IDE/ndside/msys64/opt/devkitpro/libnds/lib\libnds9.a(console.o)
                0x000000000201ff50                currentConsole
 .data.defaultConsole
                0x000000000201ff54       0x5c C:/Users/Ignasi/Desktop/SDK_NintendoDS_VSCode_Mini-IDE/ndside/msys64/opt/devkitpro/libnds/lib\libnds9.a(console.o)
                0x000000000201ff54                defaultConsole
 .data.firstConsoleInit.6889
                0x000000000201ffb0        0x1 C:/Users/Ignasi/Desktop/SDK_NintendoDS_VSCode_Mini-IDE/ndside/msys64/opt/devkitpro/libnds/lib\libnds9.a(console.o)
 *fill*         0x000000000201ffb1        0x3 ff
 .data.oamMain  0x000000000201ffb4       0x18 C:/Users/Ignasi/Desktop/SDK_NintendoDS_VSCode_Mini-IDE/ndside/msys64/opt/devkitpro/libnds/lib\libnds9.a(sprite.o)
                0x000000000201ffb4                oamMain
 .data.oamSub   0x000000000201ffcc       0x18 C:/Users/Ignasi/Desktop/SDK_NintendoDS_VSCode_Mini-IDE/ndside/msys64/opt/devkitpro/libnds/lib\libnds9.a(sprite.o)
                0x000000000201ffcc                oamSub
 .data.count    0x000000000201ffe4        0x1 C:/Users/Ignasi/Desktop/SDK_NintendoDS_VSCode_Mini-IDE/ndside/msys64/opt/devkitpro/libnds/lib\libnds9.a(keys.o)
 .data.delay    0x000000000201ffe5        0x1 C:/Users/Ignasi/Desktop/SDK_NintendoDS_VSCode_Mini-IDE/ndside/msys64/opt/devkitpro/libnds/lib\libnds9.a(keys.o)
 .data.repeat   0x000000000201ffe6        0x1 C:/Users/Ignasi/Desktop/SDK_NintendoDS_VSCode_Mini-IDE/ndside/msys64/opt/devkitpro/libnds/lib\libnds9.a(keys.o)
 *fill*         0x000000000201ffe7        0x1 ff
 .data.fifo_buffer_free
                0x000000000201ffe8        0x4 C:/Users/Ignasi/Desktop/SDK_NintendoDS_VSCode_Mini-IDE/ndside/msys64/opt/devkitpro/libnds/lib\libnds9.a(fifosystem.o)
                0x000000000201ffe8                fifo_buffer_free
 .data.fifo_freewords
                0x000000000201ffec        0x4 C:/Users/Ignasi/Desktop/SDK_NintendoDS_VSCode_Mini-IDE/ndside/msys64/opt/devkitpro/libnds/lib\libnds9.a(fifosystem.o)
                0x000000000201ffec                fifo_freewords
 .data.fifo_receive_queue
                0x000000000201fff0        0x4 C:/Users/Ignasi/Desktop/SDK_NintendoDS_VSCode_Mini-IDE/ndside/msys64/opt/devkitpro/libnds/lib\libnds9.a(fifosystem.o)
                0x000000000201fff0                fifo_receive_queue
 .data.fifo_send_queue
                0x000000000201fff4        0x4 C:/Users/Ignasi/Desktop/SDK_NintendoDS_VSCode_Mini-IDE/ndside/msys64/opt/devkitpro/libnds/lib\libnds9.a(fifosystem.o)
                0x000000000201fff4                fifo_send_queue
 .data.__malloc_av_
                0x000000000201fff8      0x408 c:/users/ignasi/desktop/sdk_nintendods_vscode_mini-ide/ndside/msys64/opt/devkitpro/devkitarm/bin/../lib/gcc/arm-none-eabi/8.3.0/../../../../arm-none-eabi/lib/thumb\libg.a(lib_a-mallocr.o)
                0x000000000201fff8                __malloc_av_
 .data.__malloc_sbrk_base
                0x0000000002020400        0x4 c:/users/ignasi/desktop/sdk_nintendods_vscode_mini-ide/ndside/msys64/opt/devkitpro/devkitarm/bin/../lib/gcc/arm-none-eabi/8.3.0/../../../../arm-none-eabi/lib/thumb\libg.a(lib_a-mallocr.o)
                0x0000000002020400                __malloc_sbrk_base
 .data.__malloc_trim_threshold
                0x0000000002020404        0x4 c:/users/ignasi/desktop/sdk_nintendods_vscode_mini-ide/ndside/msys64/opt/devkitpro/devkitarm/bin/../lib/gcc/arm-none-eabi/8.3.0/../../../../arm-none-eabi/lib/thumb\libg.a(lib_a-mallocr.o)
                0x0000000002020404                __malloc_trim_threshold
 .data.__malloc_recursive_mutex
                0x0000000002020408        0xc c:/users/ignasi/desktop/sdk_nintendods_vscode_mini-ide/ndside/msys64/opt/devkitpro/devkitarm/bin/../lib/gcc/arm-none-eabi/8.3.0/../../../../arm-none-eabi/lib/thumb\libg.a(lib_a-mlock.o)
 .data.__sfp_recursive_mutex
                0x0000000002020414        0xc c:/users/ignasi/desktop/sdk_nintendods_vscode_mini-ide/ndside/msys64/opt/devkitpro/devkitarm/bin/../lib/gcc/arm-none-eabi/8.3.0/../../../../arm-none-eabi/lib/thumb\libg.a(lib_a-findfp.o)
 .data.__sinit_recursive_mutex
                0x0000000002020420        0xc c:/users/ignasi/desktop/sdk_nintendods_vscode_mini-ide/ndside/msys64/opt/devkitpro/devkitarm/bin/../lib/gcc/arm-none-eabi/8.3.0/../../../../arm-none-eabi/lib/thumb\libg.a(lib_a-findfp.o)
 .data._impure_ptr
                0x000000000202042c        0x4 c:/users/ignasi/desktop/sdk_nintendods_vscode_mini-ide/ndside/msys64/opt/devkitpro/devkitarm/bin/../lib/gcc/arm-none-eabi/8.3.0/../../../../arm-none-eabi/lib/thumb\libg.a(lib_a-impure.o)
                0x000000000202042c                _impure_ptr
 *fill*         0x0000000002020430        0x0 ff
 .data.impure_data
                0x0000000002020430      0x460 c:/users/ignasi/desktop/sdk_nintendods_vscode_mini-ide/ndside/msys64/opt/devkitpro/devkitarm/bin/../lib/gcc/arm-none-eabi/8.3.0/../../../../arm-none-eabi/lib/thumb\libg.a(lib_a-impure.o)
 .data.__global_locale
                0x0000000002020890      0x16c c:/users/ignasi/desktop/sdk_nintendods_vscode_mini-ide/ndside/msys64/opt/devkitpro/devkitarm/bin/../lib/gcc/arm-none-eabi/8.3.0/../../../../arm-none-eabi/lib/thumb\libg.a(lib_a-locale.o)
                0x0000000002020890                __global_locale
 .data.devoptab_list
                0x00000000020209fc       0x8c c:/users/ignasi/desktop/sdk_nintendods_vscode_mini-ide/ndside/msys64/opt/devkitpro/devkitarm/bin/../lib/gcc/arm-none-eabi/8.3.0/../../../../arm-none-eabi/lib/thumb\libsysbase.a(iosupport.o)
                0x00000000020209fc                devoptab_list
 .data.__hndl_lock
                0x0000000002020a88        0x4 c:/users/ignasi/desktop/sdk_nintendods_vscode_mini-ide/ndside/msys64/opt/devkitpro/devkitarm/bin/../lib/gcc/arm-none-eabi/8.3.0/../../../../arm-none-eabi/lib/thumb\libsysbase.a(handle_manager.o)
 .data.__stderr_handle
                0x0000000002020a8c        0xc c:/users/ignasi/desktop/sdk_nintendods_vscode_mini-ide/ndside/msys64/opt/devkitpro/devkitarm/bin/../lib/gcc/arm-none-eabi/8.3.0/../../../../arm-none-eabi/lib/thumb\libsysbase.a(handle_manager.o)
 .data.__stdin_handle
                0x0000000002020a98        0xc c:/users/ignasi/desktop/sdk_nintendods_vscode_mini-ide/ndside/msys64/opt/devkitpro/devkitarm/bin/../lib/gcc/arm-none-eabi/8.3.0/../../../../arm-none-eabi/lib/thumb\libsysbase.a(handle_manager.o)
 .data.__stdout_handle
                0x0000000002020aa4        0xc c:/users/ignasi/desktop/sdk_nintendods_vscode_mini-ide/ndside/msys64/opt/devkitpro/devkitarm/bin/../lib/gcc/arm-none-eabi/8.3.0/../../../../arm-none-eabi/lib/thumb\libsysbase.a(handle_manager.o)
 .data.handles  0x0000000002020ab0     0x1000 c:/users/ignasi/desktop/sdk_nintendods_vscode_mini-ide/ndside/msys64/opt/devkitpro/devkitarm/bin/../lib/gcc/arm-none-eabi/8.3.0/../../../../arm-none-eabi/lib/thumb\libsysbase.a(handle_manager.o)
 *(EXCLUDE_FILE(*.twl*) .gnu.linkonce.d*)
                0x0000000002021ab0                . = ALIGN (0x4)
                0x0000000002021ab0                __data_end = ABSOLUTE (.)
                0x0000000002021ab0                __bss_vma = .

.igot.plt       0x0000000002021ab0        0x0
 .igot.plt      0x0000000002021ab0        0x0 c:/users/ignasi/desktop/sdk_nintendods_vscode_mini-ide/ndside/msys64/opt/devkitpro/devkitarm/bin/../lib/gcc/arm-none-eabi/8.3.0/../../../../arm-none-eabi/lib/thumb/ds_arm9_crt0.o

.tm_clone_table
                0x0000000002021ab0        0x0
 .tm_clone_table
                0x0000000002021ab0        0x0 c:/users/ignasi/desktop/sdk_nintendods_vscode_mini-ide/ndside/msys64/opt/devkitpro/devkitarm/bin/../lib/gcc/arm-none-eabi/8.3.0/thumb/crtbegin.o
 .tm_clone_table
                0x0000000002021ab0        0x0 c:/users/ignasi/desktop/sdk_nintendods_vscode_mini-ide/ndside/msys64/opt/devkitpro/devkitarm/bin/../lib/gcc/arm-none-eabi/8.3.0/thumb/crtend.o

.dtcm           0x000000000b000000        0x0 load address 0x0000000002021ab0
                0x0000000002021ab0                __dtcm_lma = LOADADDR (.dtcm)
                0x000000000b000000                __dtcm_start = ABSOLUTE (.)
 *(.dtcm)
 *(.dtcm.*)
                0x000000000b000000                . = ALIGN (0x4)
                0x000000000b000000                __dtcm_end = ABSOLUTE (.)

.itcm           0x0000000001000100      0x194 load address 0x0000000002021ab0
                0x0000000002021ab0                __itcm_lma = LOADADDR (.itcm)
                0x0000000001000100                __itcm_start = ABSOLUTE (.)
 *(.itcm)
 .itcm          0x0000000001000100       0xc8 C:/Users/Ignasi/Desktop/SDK_NintendoDS_VSCode_Mini-IDE/ndside/msys64/opt/devkitpro/libnds/lib\libnds9.a(interrupts.o)
                0x0000000001000100                irqTable
 .itcm          0x00000000010001c8       0xcc C:/Users/Ignasi/Desktop/SDK_NintendoDS_VSCode_Mini-IDE/ndside/msys64/opt/devkitpro/libnds/lib\libnds9.a(interruptDispatcher.o)
                0x00000000010001c8                IntrMain
 *.itcm*(.text .stub .text.*)
                0x0000000001000294                . = ALIGN (0x4)
                0x0000000001000294                __itcm_end = ABSOLUTE (.)

.vectors        0x0000000001000000        0x0 load address 0x0000000002021c44
                0x0000000002021c44                __vectors_lma = LOADADDR (.vectors)
                0x0000000001000000                __vectors_start = ABSOLUTE (.)
 *(.vectors .vectors.*)
                0x0000000001000000                . = ALIGN (0x4)
                0x0000000001000000                __vectors_end = ABSOLUTE (.)

.sbss           0x000000000b000000        0x0
                0x000000000b000000                __sbss_start = ABSOLUTE (.)
                0x000000000b000000                __sbss_start__ = ABSOLUTE (.)
 *(.sbss)
                0x000000000b000000                . = ALIGN (0x4)
                0x000000000b000000                __sbss_end = ABSOLUTE (.)

.bss            0x0000000002021ab0     0x14a0
                0x0000000002021ab0                __bss_start = ABSOLUTE (.)
                0x0000000002021ab0                __bss_start__ = ABSOLUTE (.)
 *(EXCLUDE_FILE(*.twl*) .dynbss)
 *(EXCLUDE_FILE(*.twl*) .gnu.linkonce.b*)
 *(EXCLUDE_FILE(*.twl*) .bss*)
 .bss.completed.9044
                0x0000000002021ab0        0x1 c:/users/ignasi/desktop/sdk_nintendods_vscode_mini-ide/ndside/msys64/opt/devkitpro/devkitarm/bin/../lib/gcc/arm-none-eabi/8.3.0/thumb/crtbegin.o
 *fill*         0x0000000002021ab1        0x3 
 .bss.object.9049
                0x0000000002021ab4       0x18 c:/users/ignasi/desktop/sdk_nintendods_vscode_mini-ide/ndside/msys64/opt/devkitpro/devkitarm/bin/../lib/gcc/arm-none-eabi/8.3.0/thumb/crtbegin.o
 .bss.keys      0x0000000002021acc        0x2 C:/Users/Ignasi/Desktop/SDK_NintendoDS_VSCode_Mini-IDE/ndside/msys64/opt/devkitpro/libnds/lib\libnds9.a(keys.o)
 .bss.keysold   0x0000000002021ace        0x2 C:/Users/Ignasi/Desktop/SDK_NintendoDS_VSCode_Mini-IDE/ndside/msys64/opt/devkitpro/libnds/lib\libnds9.a(keys.o)
 .bss.keysrepeat
                0x0000000002021ad0        0x2 C:/Users/Ignasi/Desktop/SDK_NintendoDS_VSCode_Mini-IDE/ndside/msys64/opt/devkitpro/libnds/lib\libnds9.a(keys.o)
 *fill*         0x0000000002021ad2        0x2 
 .bss.processing
                0x0000000002021ad4        0x4 C:/Users/Ignasi/Desktop/SDK_NintendoDS_VSCode_Mini-IDE/ndside/msys64/opt/devkitpro/libnds/lib\libnds9.a(fifosystem.o)
                0x0000000002021ad4                processing
 .bss.SDcallback
                0x0000000002021ad8        0x4 C:/Users/Ignasi/Desktop/SDK_NintendoDS_VSCode_Mini-IDE/ndside/msys64/opt/devkitpro/libnds/lib\libnds9.a(system.o)
 .bss.__malloc_current_mallinfo
                0x0000000002021adc       0x28 c:/users/ignasi/desktop/sdk_nintendods_vscode_mini-ide/ndside/msys64/opt/devkitpro/devkitarm/bin/../lib/gcc/arm-none-eabi/8.3.0/../../../../arm-none-eabi/lib/thumb\libg.a(lib_a-mallocr.o)
                0x0000000002021adc                __malloc_current_mallinfo
 .bss.__malloc_max_sbrked_mem
                0x0000000002021b04        0x4 c:/users/ignasi/desktop/sdk_nintendods_vscode_mini-ide/ndside/msys64/opt/devkitpro/devkitarm/bin/../lib/gcc/arm-none-eabi/8.3.0/../../../../arm-none-eabi/lib/thumb\libg.a(lib_a-mallocr.o)
                0x0000000002021b04                __malloc_max_sbrked_mem
 .bss.__malloc_max_total_mem
                0x0000000002021b08        0x4 c:/users/ignasi/desktop/sdk_nintendods_vscode_mini-ide/ndside/msys64/opt/devkitpro/devkitarm/bin/../lib/gcc/arm-none-eabi/8.3.0/../../../../arm-none-eabi/lib/thumb\libg.a(lib_a-mallocr.o)
                0x0000000002021b08                __malloc_max_total_mem
 .bss.__malloc_top_pad
                0x0000000002021b0c        0x4 c:/users/ignasi/desktop/sdk_nintendods_vscode_mini-ide/ndside/msys64/opt/devkitpro/devkitarm/bin/../lib/gcc/arm-none-eabi/8.3.0/../../../../arm-none-eabi/lib/thumb\libg.a(lib_a-mallocr.o)
                0x0000000002021b0c                __malloc_top_pad
 .bss.heap_start.6107
                0x0000000002021b10        0x4 c:/users/ignasi/desktop/sdk_nintendods_vscode_mini-ide/ndside/msys64/opt/devkitpro/devkitarm/bin/../lib/gcc/arm-none-eabi/8.3.0/../../../../arm-none-eabi/lib/thumb\libsysbase.a(sbrk.o)
 .bss.fake_heap_end
                0x0000000002021b14        0x4 c:/users/ignasi/desktop/sdk_nintendods_vscode_mini-ide/ndside/msys64/opt/devkitpro/devkitarm/bin/../lib/gcc/arm-none-eabi/8.3.0/../../../../arm-none-eabi/lib/thumb\libsysbase.a(malloc_vars.o)
                0x0000000002021b14                fake_heap_end
 .bss.fake_heap_start
                0x0000000002021b18        0x4 c:/users/ignasi/desktop/sdk_nintendods_vscode_mini-ide/ndside/msys64/opt/devkitpro/devkitarm/bin/../lib/gcc/arm-none-eabi/8.3.0/../../../../arm-none-eabi/lib/thumb\libsysbase.a(malloc_vars.o)
                0x0000000002021b18                fake_heap_start
 .bss.__syscalls
                0x0000000002021b1c       0x48 c:/users/ignasi/desktop/sdk_nintendods_vscode_mini-ide/ndside/msys64/opt/devkitpro/devkitarm/bin/../lib/gcc/arm-none-eabi/8.3.0/../../../../arm-none-eabi/lib/thumb\libsysbase.a(syscall_support.o)
                0x0000000002021b1c                __syscalls
 *(EXCLUDE_FILE(*.twl*) COMMON)
 COMMON         0x0000000002021b64      0x148 C:/Users/Ignasi/Desktop/SDK_NintendoDS_VSCode_Mini-IDE/ndside/msys64/opt/devkitpro/libnds/lib\libnds9.a(background.o)
                0x0000000002021b64                bgState
                0x0000000002021ca4                bgIsTextLut
 COMMON         0x0000000002021cac       0x5c C:/Users/Ignasi/Desktop/SDK_NintendoDS_VSCode_Mini-IDE/ndside/msys64/opt/devkitpro/libnds/lib\libnds9.a(console.o)
                0x0000000002021cac                currentCopy
 COMMON         0x0000000002021d08      0x800 C:/Users/Ignasi/Desktop/SDK_NintendoDS_VSCode_Mini-IDE/ndside/msys64/opt/devkitpro/libnds/lib\libnds9.a(sprite.o)
                0x0000000002021d08                OamMemorySub
                0x0000000002022108                OamMemory
 COMMON         0x0000000002022508        0x1 C:/Users/Ignasi/Desktop/SDK_NintendoDS_VSCode_Mini-IDE/ndside/msys64/opt/devkitpro/libnds/lib\libnds9.a(initSystem.o)
                0x0000000002022508                __dsimode
 *fill*         0x0000000002022509        0x3 
 COMMON         0x000000000202250c        0x4 C:/Users/Ignasi/Desktop/SDK_NintendoDS_VSCode_Mini-IDE/ndside/msys64/opt/devkitpro/libnds/lib\libnds9.a(timeSupport.o)
                0x000000000202250c                punixTime
 COMMON         0x0000000002022510      0xa40 C:/Users/Ignasi/Desktop/SDK_NintendoDS_VSCode_Mini-IDE/ndside/msys64/opt/devkitpro/libnds/lib\libnds9.a(fifosystem.o)
                0x0000000002022510                fifo_datamsg_data
                0x0000000002022550                fifo_buffer
                0x0000000002022d50                fifo_value32_func
                0x0000000002022d90                fifo_address_func
                0x0000000002022dd0                fifo_value32_data
                0x0000000002022e10                fifo_value32_queue
                0x0000000002022e50                fifo_data_queue
                0x0000000002022e90                fifo_address_data
                0x0000000002022ed0                fifo_datamsg_func
                0x0000000002022f10                fifo_address_queue
                0x0000000002022f50                . = ALIGN (0x4)
                0x0000000002022f50                __bss_end__ = ABSOLUTE (.)
                0x0000000002022f50                __end__ = ABSOLUTE (.)

.twl            0x0000000002022f50        0x0 load address 0x0000000002400000
                0x0000000002400000                __arm9i_lma__ = LOADADDR (.twl)
                0x0000000002022f50                __arm9i_start__ = ABSOLUTE (.)
 *(.twl)
 *.twl*(.text .stub .text.* .gnu.linkonce.t.*)
 *.twl*(.rodata)
 *.twl*(.roda)
 *.twl*(.rodata.*)
 *.twl*(.data)
 *.twl*(.data.*)
 *.twl*(.gnu.linkonce.d*)
                0x0000000002022f50                __arm9i_end__ = ABSOLUTE (.)

.twl_bss        0x0000000002022f50        0x0
                0x0000000002022f50                __twl_bss_start__ = ABSOLUTE (.)
 *(.twl_bss)
 *.twl*(.dynbss)
 *.twl*(.gnu.linkonce.b*)
 *.twl*(.bss*)
 *.twl*(COMMON)
                0x0000000002022f50                . = ALIGN (0x4)
                0x0000000002022f50                __twl_bss_end__ = ABSOLUTE (.)
                0x0000000002022f50                __twl_end__ = ABSOLUTE (.)

.stab
 *(.stab)

.stabstr
 *(.stabstr)

.stab.excl
 *(.stab.excl)

.stab.exclstr
 *(.stab.exclstr)

.stab.index
 *(.stab.index)

.stab.indexstr
 *(.stab.indexstr)

.comment        0x0000000000000000       0x44
 *(.comment)
 .comment       0x0000000000000000       0x22 c:/users/ignasi/desktop/sdk_nintendods_vscode_mini-ide/ndside/msys64/opt/devkitpro/devkitarm/bin/../lib/gcc/arm-none-eabi/8.3.0/thumb/crtbegin.o
                                         0x23 (size before relaxing)
 .comment       0x0000000000000022       0x23 main.o
 .comment       0x0000000000000022       0x22 C:/Users/Ignasi/Desktop/SDK_NintendoDS_VSCode_Mini-IDE/ndside/msys64/opt/devkitpro/libnds/lib\libnds9.a(background.o)
                                         0x23 (size before relaxing)
 .comment       0x0000000000000044       0x23 C:/Users/Ignasi/Desktop/SDK_NintendoDS_VSCode_Mini-IDE/ndside/msys64/opt/devkitpro/libnds/lib\libnds9.a(sprite_alloc.o)
 .comment       0x0000000000000044       0x23 C:/Users/Ignasi/Desktop/SDK_NintendoDS_VSCode_Mini-IDE/ndside/msys64/opt/devkitpro/libnds/lib\libnds9.a(console.o)
 .comment       0x0000000000000044       0x23 C:/Users/Ignasi/Desktop/SDK_NintendoDS_VSCode_Mini-IDE/ndside/msys64/opt/devkitpro/libnds/lib\libnds9.a(trig.o)
 .comment       0x0000000000000044       0x23 C:/Users/Ignasi/Desktop/SDK_NintendoDS_VSCode_Mini-IDE/ndside/msys64/opt/devkitpro/libnds/lib\libnds9.a(sprite.o)
 .comment       0x0000000000000044       0x23 C:/Users/Ignasi/Desktop/SDK_NintendoDS_VSCode_Mini-IDE/ndside/msys64/opt/devkitpro/libnds/lib\libnds9.a(keys.o)
 .comment       0x0000000000000044       0x23 C:/Users/Ignasi/Desktop/SDK_NintendoDS_VSCode_Mini-IDE/ndside/msys64/opt/devkitpro/libnds/lib\libnds9.a(initSystem.o)
 .comment       0x0000000000000044       0x23 C:/Users/Ignasi/Desktop/SDK_NintendoDS_VSCode_Mini-IDE/ndside/msys64/opt/devkitpro/libnds/lib\libnds9.a(timeSupport.o)
 .comment       0x0000000000000044       0x23 C:/Users/Ignasi/Desktop/SDK_NintendoDS_VSCode_Mini-IDE/ndside/msys64/opt/devkitpro/libnds/lib\libnds9.a(securearea.o)
 .comment       0x0000000000000044       0x23 C:/Users/Ignasi/Desktop/SDK_NintendoDS_VSCode_Mini-IDE/ndside/msys64/opt/devkitpro/libnds/lib\libnds9.a(interrupts.o)
 .comment       0x0000000000000044       0x23 C:/Users/Ignasi/Desktop/SDK_NintendoDS_VSCode_Mini-IDE/ndside/msys64/opt/devkitpro/libnds/lib\libnds9.a(libnds_exit.arm.o)
 .comment       0x0000000000000044       0x23 C:/Users/Ignasi/Desktop/SDK_NintendoDS_VSCode_Mini-IDE/ndside/msys64/opt/devkitpro/libnds/lib\libnds9.a(fifosystem.o)
 .comment       0x0000000000000044       0x23 C:/Users/Ignasi/Desktop/SDK_NintendoDS_VSCode_Mini-IDE/ndside/msys64/opt/devkitpro/libnds/lib\libnds9.a(video.o)
 .comment       0x0000000000000044       0x23 C:/Users/Ignasi/Desktop/SDK_NintendoDS_VSCode_Mini-IDE/ndside/msys64/opt/devkitpro/libnds/lib\libnds9.a(system.o)
 .comment       0x0000000000000044       0x23 c:/users/ignasi/desktop/sdk_nintendods_vscode_mini-ide/ndside/msys64/opt/devkitpro/devkitarm/bin/../lib/gcc/arm-none-eabi/8.3.0/../../../../arm-none-eabi/lib/thumb\libg.a(lib_a-init.o)
 .comment       0x0000000000000044       0x23 c:/users/ignasi/desktop/sdk_nintendods_vscode_mini-ide/ndside/msys64/opt/devkitpro/devkitarm/bin/../lib/gcc/arm-none-eabi/8.3.0/../../../../arm-none-eabi/lib/thumb\libg.a(lib_a-malloc.o)
 .comment       0x0000000000000044       0x23 c:/users/ignasi/desktop/sdk_nintendods_vscode_mini-ide/ndside/msys64/opt/devkitpro/devkitarm/bin/../lib/gcc/arm-none-eabi/8.3.0/../../../../arm-none-eabi/lib/thumb\libg.a(lib_a-mallocr.o)
 .comment       0x0000000000000044       0x23 c:/users/ignasi/desktop/sdk_nintendods_vscode_mini-ide/ndside/msys64/opt/devkitpro/devkitarm/bin/../lib/gcc/arm-none-eabi/8.3.0/../../../../arm-none-eabi/lib/thumb\libg.a(lib_a-memcpy-stub.o)
 .comment       0x0000000000000044       0x23 c:/users/ignasi/desktop/sdk_nintendods_vscode_mini-ide/ndside/msys64/opt/devkitpro/devkitarm/bin/../lib/gcc/arm-none-eabi/8.3.0/../../../../arm-none-eabi/lib/thumb\libg.a(lib_a-memset.o)
 .comment       0x0000000000000044       0x23 c:/users/ignasi/desktop/sdk_nintendods_vscode_mini-ide/ndside/msys64/opt/devkitpro/devkitarm/bin/../lib/gcc/arm-none-eabi/8.3.0/../../../../arm-none-eabi/lib/thumb\libg.a(lib_a-mlock.o)
 .comment       0x0000000000000044       0x23 c:/users/ignasi/desktop/sdk_nintendods_vscode_mini-ide/ndside/msys64/opt/devkitpro/devkitarm/bin/../lib/gcc/arm-none-eabi/8.3.0/../../../../arm-none-eabi/lib/thumb\libg.a(lib_a-realloc.o)
 .comment       0x0000000000000044       0x23 c:/users/ignasi/desktop/sdk_nintendods_vscode_mini-ide/ndside/msys64/opt/devkitpro/devkitarm/bin/../lib/gcc/arm-none-eabi/8.3.0/../../../../arm-none-eabi/lib/thumb\libg.a(lib_a-reallocr.o)
 .comment       0x0000000000000044       0x23 c:/users/ignasi/desktop/sdk_nintendods_vscode_mini-ide/ndside/msys64/opt/devkitpro/devkitarm/bin/../lib/gcc/arm-none-eabi/8.3.0/../../../../arm-none-eabi/lib/thumb\libg.a(lib_a-setvbuf.o)
 .comment       0x0000000000000044       0x23 c:/users/ignasi/desktop/sdk_nintendods_vscode_mini-ide/ndside/msys64/opt/devkitpro/devkitarm/bin/../lib/gcc/arm-none-eabi/8.3.0/../../../../arm-none-eabi/lib/thumb\libg.a(lib_a-siscanf.o)
 .comment       0x0000000000000044       0x23 c:/users/ignasi/desktop/sdk_nintendods_vscode_mini-ide/ndside/msys64/opt/devkitpro/devkitarm/bin/../lib/gcc/arm-none-eabi/8.3.0/../../../../arm-none-eabi/lib/thumb\libg.a(lib_a-stdio.o)
 .comment       0x0000000000000044       0x23 c:/users/ignasi/desktop/sdk_nintendods_vscode_mini-ide/ndside/msys64/opt/devkitpro/devkitarm/bin/../lib/gcc/arm-none-eabi/8.3.0/../../../../arm-none-eabi/lib/thumb\libg.a(lib_a-strlen-stub.o)
 .comment       0x0000000000000044       0x23 c:/users/ignasi/desktop/sdk_nintendods_vscode_mini-ide/ndside/msys64/opt/devkitpro/devkitarm/bin/../lib/gcc/arm-none-eabi/8.3.0/../../../../arm-none-eabi/lib/thumb\libg.a(lib_a-svfiscanf.o)
 .comment       0x0000000000000044       0x23 c:/users/ignasi/desktop/sdk_nintendods_vscode_mini-ide/ndside/msys64/opt/devkitpro/devkitarm/bin/../lib/gcc/arm-none-eabi/8.3.0/../../../../arm-none-eabi/lib/thumb\libg.a(lib_a-ungetc.o)
 .comment       0x0000000000000044       0x23 c:/users/ignasi/desktop/sdk_nintendods_vscode_mini-ide/ndside/msys64/opt/devkitpro/devkitarm/bin/../lib/gcc/arm-none-eabi/8.3.0/../../../../arm-none-eabi/lib/thumb\libg.a(lib_a-ctype_.o)
 .comment       0x0000000000000044       0x23 c:/users/ignasi/desktop/sdk_nintendods_vscode_mini-ide/ndside/msys64/opt/devkitpro/devkitarm/bin/../lib/gcc/arm-none-eabi/8.3.0/../../../../arm-none-eabi/lib/thumb\libg.a(lib_a-fflush.o)
 .comment       0x0000000000000044       0x23 c:/users/ignasi/desktop/sdk_nintendods_vscode_mini-ide/ndside/msys64/opt/devkitpro/devkitarm/bin/../lib/gcc/arm-none-eabi/8.3.0/../../../../arm-none-eabi/lib/thumb\libg.a(lib_a-findfp.o)
 .comment       0x0000000000000044       0x23 c:/users/ignasi/desktop/sdk_nintendods_vscode_mini-ide/ndside/msys64/opt/devkitpro/devkitarm/bin/../lib/gcc/arm-none-eabi/8.3.0/../../../../arm-none-eabi/lib/thumb\libg.a(lib_a-freer.o)
 .comment       0x0000000000000044       0x23 c:/users/ignasi/desktop/sdk_nintendods_vscode_mini-ide/ndside/msys64/opt/devkitpro/devkitarm/bin/../lib/gcc/arm-none-eabi/8.3.0/../../../../arm-none-eabi/lib/thumb\libg.a(lib_a-fwalk.o)
 .comment       0x0000000000000044       0x23 c:/users/ignasi/desktop/sdk_nintendods_vscode_mini-ide/ndside/msys64/opt/devkitpro/devkitarm/bin/../lib/gcc/arm-none-eabi/8.3.0/../../../../arm-none-eabi/lib/thumb\libg.a(lib_a-impure.o)
 .comment       0x0000000000000044       0x23 c:/users/ignasi/desktop/sdk_nintendods_vscode_mini-ide/ndside/msys64/opt/devkitpro/devkitarm/bin/../lib/gcc/arm-none-eabi/8.3.0/../../../../arm-none-eabi/lib/thumb\libg.a(lib_a-iswspace.o)
 .comment       0x0000000000000044       0x23 c:/users/ignasi/desktop/sdk_nintendods_vscode_mini-ide/ndside/msys64/opt/devkitpro/devkitarm/bin/../lib/gcc/arm-none-eabi/8.3.0/../../../../arm-none-eabi/lib/thumb\libg.a(lib_a-locale.o)
 .comment       0x0000000000000044       0x23 c:/users/ignasi/desktop/sdk_nintendods_vscode_mini-ide/ndside/msys64/opt/devkitpro/devkitarm/bin/../lib/gcc/arm-none-eabi/8.3.0/../../../../arm-none-eabi/lib/thumb\libg.a(lib_a-makebuf.o)
 .comment       0x0000000000000044       0x23 c:/users/ignasi/desktop/sdk_nintendods_vscode_mini-ide/ndside/msys64/opt/devkitpro/devkitarm/bin/../lib/gcc/arm-none-eabi/8.3.0/../../../../arm-none-eabi/lib/thumb\libg.a(lib_a-mbrtowc.o)
 .comment       0x0000000000000044       0x23 c:/users/ignasi/desktop/sdk_nintendods_vscode_mini-ide/ndside/msys64/opt/devkitpro/devkitarm/bin/../lib/gcc/arm-none-eabi/8.3.0/../../../../arm-none-eabi/lib/thumb\libg.a(lib_a-mbtowc_r.o)
 .comment       0x0000000000000044       0x23 c:/users/ignasi/desktop/sdk_nintendods_vscode_mini-ide/ndside/msys64/opt/devkitpro/devkitarm/bin/../lib/gcc/arm-none-eabi/8.3.0/../../../../arm-none-eabi/lib/thumb\libg.a(lib_a-memmove.o)
 .comment       0x0000000000000044       0x23 c:/users/ignasi/desktop/sdk_nintendods_vscode_mini-ide/ndside/msys64/opt/devkitpro/devkitarm/bin/../lib/gcc/arm-none-eabi/8.3.0/../../../../arm-none-eabi/lib/thumb\libg.a(lib_a-sccl.o)
 .comment       0x0000000000000044       0x23 c:/users/ignasi/desktop/sdk_nintendods_vscode_mini-ide/ndside/msys64/opt/devkitpro/devkitarm/bin/../lib/gcc/arm-none-eabi/8.3.0/../../../../arm-none-eabi/lib/thumb\libg.a(lib_a-strtoll.o)
 .comment       0x0000000000000044       0x23 c:/users/ignasi/desktop/sdk_nintendods_vscode_mini-ide/ndside/msys64/opt/devkitpro/devkitarm/bin/../lib/gcc/arm-none-eabi/8.3.0/../../../../arm-none-eabi/lib/thumb\libg.a(lib_a-strtol.o)
 .comment       0x0000000000000044       0x23 c:/users/ignasi/desktop/sdk_nintendods_vscode_mini-ide/ndside/msys64/opt/devkitpro/devkitarm/bin/../lib/gcc/arm-none-eabi/8.3.0/../../../../arm-none-eabi/lib/thumb\libg.a(lib_a-strtoull.o)
 .comment       0x0000000000000044       0x23 c:/users/ignasi/desktop/sdk_nintendods_vscode_mini-ide/ndside/msys64/opt/devkitpro/devkitarm/bin/../lib/gcc/arm-none-eabi/8.3.0/../../../../arm-none-eabi/lib/thumb\libg.a(lib_a-strtoul.o)
 .comment       0x0000000000000044       0x23 c:/users/ignasi/desktop/sdk_nintendods_vscode_mini-ide/ndside/msys64/opt/devkitpro/devkitarm/bin/../lib/gcc/arm-none-eabi/8.3.0/../../../../arm-none-eabi/lib/thumb\libg.a(lib_a-wctomb_r.o)
 .comment       0x0000000000000044       0x23 c:/users/ignasi/desktop/sdk_nintendods_vscode_mini-ide/ndside/msys64/opt/devkitpro/devkitarm/bin/../lib/gcc/arm-none-eabi/8.3.0/../../../../arm-none-eabi/lib/thumb\libg.a(lib_a-fclose.o)
 .comment       0x0000000000000044       0x23 c:/users/ignasi/desktop/sdk_nintendods_vscode_mini-ide/ndside/msys64/opt/devkitpro/devkitarm/bin/../lib/gcc/arm-none-eabi/8.3.0/../../../../arm-none-eabi/lib/thumb\libg.a(lib_a-iswspace_l.o)
 .comment       0x0000000000000044       0x23 c:/users/ignasi/desktop/sdk_nintendods_vscode_mini-ide/ndside/msys64/opt/devkitpro/devkitarm/bin/../lib/gcc/arm-none-eabi/8.3.0/../../../../arm-none-eabi/lib/thumb\libg.a(lib_a-jp2uc.o)
 .comment       0x0000000000000044       0x23 c:/users/ignasi/desktop/sdk_nintendods_vscode_mini-ide/ndside/msys64/opt/devkitpro/devkitarm/bin/../lib/gcc/arm-none-eabi/8.3.0/../../../../arm-none-eabi/lib/thumb\libg.a(lib_a-categories.o)
 .comment       0x0000000000000044       0x23 c:/users/ignasi/desktop/sdk_nintendods_vscode_mini-ide/ndside/msys64/opt/devkitpro/devkitarm/bin/../lib/gcc/arm-none-eabi/8.3.0/../../../../arm-none-eabi/lib/thumb\libsysbase.a(iosupport.o)
 .comment       0x0000000000000044       0x23 c:/users/ignasi/desktop/sdk_nintendods_vscode_mini-ide/ndside/msys64/opt/devkitpro/devkitarm/bin/../lib/gcc/arm-none-eabi/8.3.0/../../../../arm-none-eabi/lib/thumb\libsysbase.a(close.o)
 .comment       0x0000000000000044       0x23 c:/users/ignasi/desktop/sdk_nintendods_vscode_mini-ide/ndside/msys64/opt/devkitpro/devkitarm/bin/../lib/gcc/arm-none-eabi/8.3.0/../../../../arm-none-eabi/lib/thumb\libsysbase.a(fstat.o)
 .comment       0x0000000000000044       0x23 c:/users/ignasi/desktop/sdk_nintendods_vscode_mini-ide/ndside/msys64/opt/devkitpro/devkitarm/bin/../lib/gcc/arm-none-eabi/8.3.0/../../../../arm-none-eabi/lib/thumb\libsysbase.a(lseek.o)
 .comment       0x0000000000000044       0x23 c:/users/ignasi/desktop/sdk_nintendods_vscode_mini-ide/ndside/msys64/opt/devkitpro/devkitarm/bin/../lib/gcc/arm-none-eabi/8.3.0/../../../../arm-none-eabi/lib/thumb\libsysbase.a(read.o)
 .comment       0x0000000000000044       0x23 c:/users/ignasi/desktop/sdk_nintendods_vscode_mini-ide/ndside/msys64/opt/devkitpro/devkitarm/bin/../lib/gcc/arm-none-eabi/8.3.0/../../../../arm-none-eabi/lib/thumb\libsysbase.a(sbrk.o)
 .comment       0x0000000000000044       0x23 c:/users/ignasi/desktop/sdk_nintendods_vscode_mini-ide/ndside/msys64/opt/devkitpro/devkitarm/bin/../lib/gcc/arm-none-eabi/8.3.0/../../../../arm-none-eabi/lib/thumb\libsysbase.a(write.o)
 .comment       0x0000000000000044       0x23 c:/users/ignasi/desktop/sdk_nintendods_vscode_mini-ide/ndside/msys64/opt/devkitpro/devkitarm/bin/../lib/gcc/arm-none-eabi/8.3.0/../../../../arm-none-eabi/lib/thumb\libsysbase.a(malloc_vars.o)
 .comment       0x0000000000000044       0x23 c:/users/ignasi/desktop/sdk_nintendods_vscode_mini-ide/ndside/msys64/opt/devkitpro/devkitarm/bin/../lib/gcc/arm-none-eabi/8.3.0/../../../../arm-none-eabi/lib/thumb\libsysbase.a(build_argv.o)
 .comment       0x0000000000000044       0x23 c:/users/ignasi/desktop/sdk_nintendods_vscode_mini-ide/ndside/msys64/opt/devkitpro/devkitarm/bin/../lib/gcc/arm-none-eabi/8.3.0/../../../../arm-none-eabi/lib/thumb\libsysbase.a(flock.o)
 .comment       0x0000000000000044       0x23 c:/users/ignasi/desktop/sdk_nintendods_vscode_mini-ide/ndside/msys64/opt/devkitpro/devkitarm/bin/../lib/gcc/arm-none-eabi/8.3.0/../../../../arm-none-eabi/lib/thumb\libsysbase.a(syscall_support.o)
 .comment       0x0000000000000044       0x23 c:/users/ignasi/desktop/sdk_nintendods_vscode_mini-ide/ndside/msys64/opt/devkitpro/devkitarm/bin/../lib/gcc/arm-none-eabi/8.3.0/../../../../arm-none-eabi/lib/thumb\libsysbase.a(handle_manager.o)
 .comment       0x0000000000000044       0x23 c:/users/ignasi/desktop/sdk_nintendods_vscode_mini-ide/ndside/msys64/opt/devkitpro/devkitarm/bin/../lib/gcc/arm-none-eabi/8.3.0/../../../../arm-none-eabi/lib/thumb\libsysbase.a(getreent.o)
 .comment       0x0000000000000044       0x23 c:/users/ignasi/desktop/sdk_nintendods_vscode_mini-ide/ndside/msys64/opt/devkitpro/devkitarm/bin/../lib/gcc/arm-none-eabi/8.3.0/thumb\libgcc.a(_muldi3.o)
 .comment       0x0000000000000044       0x23 c:/users/ignasi/desktop/sdk_nintendods_vscode_mini-ide/ndside/msys64/opt/devkitpro/devkitarm/bin/../lib/gcc/arm-none-eabi/8.3.0/thumb\libgcc.a(_udivmoddi4.o)
 .comment       0x0000000000000044       0x23 c:/users/ignasi/desktop/sdk_nintendods_vscode_mini-ide/ndside/msys64/opt/devkitpro/devkitarm/bin/../lib/gcc/arm-none-eabi/8.3.0/thumb/crtend.o

.ARM.attributes
                0x0000000000000000       0x2d
 .ARM.attributes
                0x0000000000000000       0x21 c:/users/ignasi/desktop/sdk_nintendods_vscode_mini-ide/ndside/msys64/opt/devkitpro/devkitarm/bin/../lib/gcc/arm-none-eabi/8.3.0/../../../../arm-none-eabi/lib/thumb/ds_arm9_crt0.o
 .ARM.attributes
                0x0000000000000021       0x1c c:/users/ignasi/desktop/sdk_nintendods_vscode_mini-ide/ndside/msys64/opt/devkitpro/devkitarm/bin/../lib/gcc/arm-none-eabi/8.3.0/thumb/crti.o
 .ARM.attributes
                0x000000000000003d       0x2a c:/users/ignasi/desktop/sdk_nintendods_vscode_mini-ide/ndside/msys64/opt/devkitpro/devkitarm/bin/../lib/gcc/arm-none-eabi/8.3.0/thumb/crtbegin.o
 .ARM.attributes
                0x0000000000000067       0x1a mole.o
 .ARM.attributes
                0x0000000000000081       0x1a background.o
 .ARM.attributes
                0x000000000000009b       0x27 main.o
 .ARM.attributes
                0x00000000000000c2       0x2b C:/Users/Ignasi/Desktop/SDK_NintendoDS_VSCode_Mini-IDE/ndside/msys64/opt/devkitpro/libnds/lib\libnds9.a(background.o)
 .ARM.attributes
                0x00000000000000ed       0x2b C:/Users/Ignasi/Desktop/SDK_NintendoDS_VSCode_Mini-IDE/ndside/msys64/opt/devkitpro/libnds/lib\libnds9.a(sprite_alloc.o)
 .ARM.attributes
                0x0000000000000118       0x2b C:/Users/Ignasi/Desktop/SDK_NintendoDS_VSCode_Mini-IDE/ndside/msys64/opt/devkitpro/libnds/lib\libnds9.a(console.o)
 .ARM.attributes
                0x0000000000000143       0x2b C:/Users/Ignasi/Desktop/SDK_NintendoDS_VSCode_Mini-IDE/ndside/msys64/opt/devkitpro/libnds/lib\libnds9.a(trig.o)
 .ARM.attributes
                0x000000000000016e       0x2b C:/Users/Ignasi/Desktop/SDK_NintendoDS_VSCode_Mini-IDE/ndside/msys64/opt/devkitpro/libnds/lib\libnds9.a(sprite.o)
 .ARM.attributes
                0x0000000000000199       0x2b C:/Users/Ignasi/Desktop/SDK_NintendoDS_VSCode_Mini-IDE/ndside/msys64/opt/devkitpro/libnds/lib\libnds9.a(keys.o)
 .ARM.attributes
                0x00000000000001c4       0x2b C:/Users/Ignasi/Desktop/SDK_NintendoDS_VSCode_Mini-IDE/ndside/msys64/opt/devkitpro/libnds/lib\libnds9.a(initSystem.o)
 .ARM.attributes
                0x00000000000001ef       0x2b C:/Users/Ignasi/Desktop/SDK_NintendoDS_VSCode_Mini-IDE/ndside/msys64/opt/devkitpro/libnds/lib\libnds9.a(timeSupport.o)
 .ARM.attributes
                0x000000000000021a       0x2b C:/Users/Ignasi/Desktop/SDK_NintendoDS_VSCode_Mini-IDE/ndside/msys64/opt/devkitpro/libnds/lib\libnds9.a(securearea.o)
 .ARM.attributes
                0x0000000000000245       0x2b C:/Users/Ignasi/Desktop/SDK_NintendoDS_VSCode_Mini-IDE/ndside/msys64/opt/devkitpro/libnds/lib\libnds9.a(interrupts.o)
 .ARM.attributes
                0x0000000000000270       0x2b C:/Users/Ignasi/Desktop/SDK_NintendoDS_VSCode_Mini-IDE/ndside/msys64/opt/devkitpro/libnds/lib\libnds9.a(libnds_exit.arm.o)
 .ARM.attributes
                0x000000000000029b       0x2b C:/Users/Ignasi/Desktop/SDK_NintendoDS_VSCode_Mini-IDE/ndside/msys64/opt/devkitpro/libnds/lib\libnds9.a(fifosystem.o)
 .ARM.attributes
                0x00000000000002c6       0x1b C:/Users/Ignasi/Desktop/SDK_NintendoDS_VSCode_Mini-IDE/ndside/msys64/opt/devkitpro/libnds/lib\libnds9.a(dcache.o)
 .ARM.attributes
                0x00000000000002e1       0x21 C:/Users/Ignasi/Desktop/SDK_NintendoDS_VSCode_Mini-IDE/ndside/msys64/opt/devkitpro/libnds/lib\libnds9.a(mpu_setup.o)
 .ARM.attributes
                0x0000000000000302       0x21 C:/Users/Ignasi/Desktop/SDK_NintendoDS_VSCode_Mini-IDE/ndside/msys64/opt/devkitpro/libnds/lib\libnds9.a(IntrWait.o)
 .ARM.attributes
                0x0000000000000323       0x21 C:/Users/Ignasi/Desktop/SDK_NintendoDS_VSCode_Mini-IDE/ndside/msys64/opt/devkitpro/libnds/lib\libnds9.a(cpu_clock.o)
 .ARM.attributes
                0x0000000000000344       0x1b C:/Users/Ignasi/Desktop/SDK_NintendoDS_VSCode_Mini-IDE/ndside/msys64/opt/devkitpro/libnds/lib\libnds9.a(interruptDispatcher.o)
 .ARM.attributes
                0x000000000000035f       0x21 C:/Users/Ignasi/Desktop/SDK_NintendoDS_VSCode_Mini-IDE/ndside/msys64/opt/devkitpro/libnds/lib\libnds9.a(swiSoftReset.o)
 .ARM.attributes
                0x0000000000000380       0x14 C:/Users/Ignasi/Desktop/SDK_NintendoDS_VSCode_Mini-IDE/ndside/msys64/opt/devkitpro/libnds/lib\libnds9.a(default_font.bin.o)
 .ARM.attributes
                0x0000000000000394       0x2b C:/Users/Ignasi/Desktop/SDK_NintendoDS_VSCode_Mini-IDE/ndside/msys64/opt/devkitpro/libnds/lib\libnds9.a(video.o)
 .ARM.attributes
                0x00000000000003bf       0x2b C:/Users/Ignasi/Desktop/SDK_NintendoDS_VSCode_Mini-IDE/ndside/msys64/opt/devkitpro/libnds/lib\libnds9.a(system.o)
 .ARM.attributes
                0x00000000000003ea       0x1b C:/Users/Ignasi/Desktop/SDK_NintendoDS_VSCode_Mini-IDE/ndside/msys64/opt/devkitpro/libnds/lib\libnds9.a(biosCalls.o)
 .ARM.attributes
                0x0000000000000405       0x1c c:/users/ignasi/desktop/sdk_nintendods_vscode_mini-ide/ndside/msys64/opt/devkitpro/devkitarm/bin/../lib/gcc/arm-none-eabi/8.3.0/thumb\libgcc.a(_divsi3.o)
 .ARM.attributes
                0x0000000000000421       0x1c c:/users/ignasi/desktop/sdk_nintendods_vscode_mini-ide/ndside/msys64/opt/devkitpro/devkitarm/bin/../lib/gcc/arm-none-eabi/8.3.0/thumb\libgcc.a(_dvmd_tls.o)
 .ARM.attributes
                0x000000000000043d       0x2a c:/users/ignasi/desktop/sdk_nintendods_vscode_mini-ide/ndside/msys64/opt/devkitpro/devkitarm/bin/../lib/gcc/arm-none-eabi/8.3.0/../../../../arm-none-eabi/lib/thumb\libg.a(lib_a-init.o)
 .ARM.attributes
                0x0000000000000467       0x2a c:/users/ignasi/desktop/sdk_nintendods_vscode_mini-ide/ndside/msys64/opt/devkitpro/devkitarm/bin/../lib/gcc/arm-none-eabi/8.3.0/../../../../arm-none-eabi/lib/thumb\libg.a(lib_a-malloc.o)
 .ARM.attributes
                0x0000000000000491       0x2a c:/users/ignasi/desktop/sdk_nintendods_vscode_mini-ide/ndside/msys64/opt/devkitpro/devkitarm/bin/../lib/gcc/arm-none-eabi/8.3.0/../../../../arm-none-eabi/lib/thumb\libg.a(lib_a-mallocr.o)
 .ARM.attributes
                0x00000000000004bb       0x2a c:/users/ignasi/desktop/sdk_nintendods_vscode_mini-ide/ndside/msys64/opt/devkitpro/devkitarm/bin/../lib/gcc/arm-none-eabi/8.3.0/../../../../arm-none-eabi/lib/thumb\libg.a(lib_a-memcpy-stub.o)
 .ARM.attributes
                0x00000000000004e5       0x2a c:/users/ignasi/desktop/sdk_nintendods_vscode_mini-ide/ndside/msys64/opt/devkitpro/devkitarm/bin/../lib/gcc/arm-none-eabi/8.3.0/../../../../arm-none-eabi/lib/thumb\libg.a(lib_a-memset.o)
 .ARM.attributes
                0x000000000000050f       0x2a c:/users/ignasi/desktop/sdk_nintendods_vscode_mini-ide/ndside/msys64/opt/devkitpro/devkitarm/bin/../lib/gcc/arm-none-eabi/8.3.0/../../../../arm-none-eabi/lib/thumb\libg.a(lib_a-mlock.o)
 .ARM.attributes
                0x0000000000000539       0x2a c:/users/ignasi/desktop/sdk_nintendods_vscode_mini-ide/ndside/msys64/opt/devkitpro/devkitarm/bin/../lib/gcc/arm-none-eabi/8.3.0/../../../../arm-none-eabi/lib/thumb\libg.a(lib_a-realloc.o)
 .ARM.attributes
                0x0000000000000563       0x2a c:/users/ignasi/desktop/sdk_nintendods_vscode_mini-ide/ndside/msys64/opt/devkitpro/devkitarm/bin/../lib/gcc/arm-none-eabi/8.3.0/../../../../arm-none-eabi/lib/thumb\libg.a(lib_a-reallocr.o)
 .ARM.attributes
                0x000000000000058d       0x2a c:/users/ignasi/desktop/sdk_nintendods_vscode_mini-ide/ndside/msys64/opt/devkitpro/devkitarm/bin/../lib/gcc/arm-none-eabi/8.3.0/../../../../arm-none-eabi/lib/thumb\libg.a(lib_a-setvbuf.o)
 .ARM.attributes
                0x00000000000005b7       0x2a c:/users/ignasi/desktop/sdk_nintendods_vscode_mini-ide/ndside/msys64/opt/devkitpro/devkitarm/bin/../lib/gcc/arm-none-eabi/8.3.0/../../../../arm-none-eabi/lib/thumb\libg.a(lib_a-siscanf.o)
 .ARM.attributes