Archive member included to satisfy reference by file (symbol)

C:/Users/Ignasi/Desktop/SDK_NintendoDS_VSCode_Mini-IDE/ndside/msys64/opt/devkitpro/libnds/lib\libnds9.a(background.o)
                              main.o (bgState)
C:/Users/Ignasi/Desktop/SDK_NintendoDS_VSCode_Mini-IDE/ndside/msys64/opt/devkitpro/libnds/lib\libnds9.a(touch.o)
                              main.o (touchRead)
C:/Users/Ignasi/Desktop/SDK_NintendoDS_VSCode_Mini-IDE/ndside/msys64/opt/devkitpro/libnds/lib\libnds9.a(sprite_alloc.o)
                              main.o (oamAllocateGfx)
C:/Users/Ignasi/Desktop/SDK_NintendoDS_VSCode_Mini-IDE/ndside/msys64/opt/devkitpro/libnds/lib\libnds9.a(trig.o)
                              C:/Users/Ignasi/Desktop/SDK_NintendoDS_VSCode_Mini-IDE/ndside/msys64/opt/devkitpro/libnds/lib\libnds9.a(background.o) (sinLerp)
C:/Users/Ignasi/Desktop/SDK_NintendoDS_VSCode_Mini-IDE/ndside/msys64/opt/devkitpro/libnds/lib\libnds9.a(sprite.o)
                              main.o (oamInit)
C:/Users/Ignasi/Desktop/SDK_NintendoDS_VSCode_Mini-IDE/ndside/msys64/opt/devkitpro/libnds/lib\libnds9.a(keys.o)
                              main.o (scanKeys)
C:/Users/Ignasi/Desktop/SDK_NintendoDS_VSCode_Mini-IDE/ndside/msys64/opt/devkitpro/libnds/lib\libnds9.a(initSystem.o)
                              c:/users/ignasi/desktop/sdk_nintendods_vscode_mini-ide/ndside/msys64/opt/devkitpro/devkitarm/bin/../lib/gcc/arm-none-eabi/8.3.0/../../../../arm-none-eabi/lib/thumb/ds_arm9_crt0.o (initSystem)
C:/Users/Ignasi/Desktop/SDK_NintendoDS_VSCode_Mini-IDE/ndside/msys64/opt/devkitpro/libnds/lib\libnds9.a(timeSupport.o)
                              C:/Users/Ignasi/Desktop/SDK_NintendoDS_VSCode_Mini-IDE/ndside/msys64/opt/devkitpro/libnds/lib\libnds9.a(initSystem.o) (__libnds_gtod)
C:/Users/Ignasi/Desktop/SDK_NintendoDS_VSCode_Mini-IDE/ndside/msys64/opt/devkitpro/libnds/lib\libnds9.a(securearea.o)
                              c:/users/ignasi/desktop/sdk_nintendods_vscode_mini-ide/ndside/msys64/opt/devkitpro/devkitarm/bin/../lib/gcc/arm-none-eabi/8.3.0/../../../../arm-none-eabi/lib/thumb/ds_arm9_crt0.o (__secure_area__)
C:/Users/Ignasi/Desktop/SDK_NintendoDS_VSCode_Mini-IDE/ndside/msys64/opt/devkitpro/libnds/lib\libnds9.a(interrupts.o)
                              C:/Users/Ignasi/Desktop/SDK_NintendoDS_VSCode_Mini-IDE/ndside/msys64/opt/devkitpro/libnds/lib\libnds9.a(initSystem.o) (irqInit)
C:/Users/Ignasi/Desktop/SDK_NintendoDS_VSCode_Mini-IDE/ndside/msys64/opt/devkitpro/libnds/lib\libnds9.a(libnds_exit.arm.o)
                              c:/users/ignasi/desktop/sdk_nintendods_vscode_mini-ide/ndside/msys64/opt/devkitpro/devkitarm/bin/../lib/gcc/arm-none-eabi/8.3.0/../../../../arm-none-eabi/lib/thumb/ds_arm9_crt0.o (__libnds_exit)
C:/Users/Ignasi/Desktop/SDK_NintendoDS_VSCode_Mini-IDE/ndside/msys64/opt/devkitpro/libnds/lib\libnds9.a(fifosystem.o)
                              C:/Users/Ignasi/Desktop/SDK_NintendoDS_VSCode_Mini-IDE/ndside/msys64/opt/devkitpro/libnds/lib\libnds9.a(initSystem.o) (fifoSetValue32Handler)
C:/Users/Ignasi/Desktop/SDK_NintendoDS_VSCode_Mini-IDE/ndside/msys64/opt/devkitpro/libnds/lib\libnds9.a(dcache.o)
                              C:/Users/Ignasi/Desktop/SDK_NintendoDS_VSCode_Mini-IDE/ndside/msys64/opt/devkitpro/libnds/lib\libnds9.a(sprite.o) (DC_FlushRange)
C:/Users/Ignasi/Desktop/SDK_NintendoDS_VSCode_Mini-IDE/ndside/msys64/opt/devkitpro/libnds/lib\libnds9.a(mpu_setup.o)
                              c:/users/ignasi/desktop/sdk_nintendods_vscode_mini-ide/ndside/msys64/opt/devkitpro/devkitarm/bin/../lib/gcc/arm-none-eabi/8.3.0/../../../../arm-none-eabi/lib/thumb/ds_arm9_crt0.o (__libnds_mpu_setup)
C:/Users/Ignasi/Desktop/SDK_NintendoDS_VSCode_Mini-IDE/ndside/msys64/opt/devkitpro/libnds/lib\libnds9.a(IntrWait.o)
                              main.o (swiWaitForVBlank)
C:/Users/Ignasi/Desktop/SDK_NintendoDS_VSCode_Mini-IDE/ndside/msys64/opt/devkitpro/libnds/lib\libnds9.a(cpu_clock.o)
                              C:/Users/Ignasi/Desktop/SDK_NintendoDS_VSCode_Mini-IDE/ndside/msys64/opt/devkitpro/libnds/lib\libnds9.a(initSystem.o) (setCpuClock)
C:/Users/Ignasi/Desktop/SDK_NintendoDS_VSCode_Mini-IDE/ndside/msys64/opt/devkitpro/libnds/lib\libnds9.a(interruptDispatcher.o)
                              C:/Users/Ignasi/Desktop/SDK_NintendoDS_VSCode_Mini-IDE/ndside/msys64/opt/devkitpro/libnds/lib\libnds9.a(interrupts.o) (IntrMain)
C:/Users/Ignasi/Desktop/SDK_NintendoDS_VSCode_Mini-IDE/ndside/msys64/opt/devkitpro/libnds/lib\libnds9.a(swiSoftReset.o)
                              C:/Users/Ignasi/Desktop/SDK_NintendoDS_VSCode_Mini-IDE/ndside/msys64/opt/devkitpro/libnds/lib\libnds9.a(fifosystem.o) (swiSoftReset)
C:/Users/Ignasi/Desktop/SDK_NintendoDS_VSCode_Mini-IDE/ndside/msys64/opt/devkitpro/libnds/lib\libnds9.a(video.o)
                              C:/Users/Ignasi/Desktop/SDK_NintendoDS_VSCode_Mini-IDE/ndside/msys64/opt/devkitpro/libnds/lib\libnds9.a(initSystem.o) (vramDefault)
[...]
Memory Configuration

Name             Origin             Length             Attributes
ewram            0x0000000002000000 0x0000000000380000
dtcm             0x000000000b000000 0x0000000000004000
vectors          0x0000000001000000 0x0000000000000100
itcm             0x0000000001000100 0x0000000000007f00
*default*        0x0000000000000000 0xffffffffffffffff

Linker script and memory map

                0x0000000002380000                __ewram_end = (ORIGIN (ewram) + LENGTH (ewram))
                0x0000000002380000                __eheap_end = (ORIGIN (ewram) + LENGTH (ewram))
                0x000000000b004000                __dtcm_top = (ORIGIN (dtcm) + LENGTH (dtcm))
                0x000000000b003ff8                __irq_flags = (__dtcm_top - 0x8)
                0x000000000b003ffc                __irq_vector = (__dtcm_top - 0x4)
                0x000000000b003f00                __sp_svc = (__dtcm_top - 0x100)
                0x000000000b003e00                __sp_irq = (__sp_svc - 0x100)
                0x000000000b003d00                __sp_usr = (__sp_irq - 0x100)

.secure         0x0000000002000000      0x800
 *(.secure)
 .secure        0x0000000002000000      0x800 C:/Users/Ignasi/Desktop/SDK_NintendoDS_VSCode_Mini-IDE/ndside/msys64/opt/devkitpro/libnds/lib\libnds9.a(securearea.o)
                0x0000000002000000                __secure_area__

.crt0           0x0000000002000800      0x300
                0x0000000002000800                __text_start = .
 *(.crt0)
 .crt0          0x0000000002000800      0x300 c:/users/ignasi/desktop/sdk_nintendods_vscode_mini-ide/ndside/msys64/opt/devkitpro/devkitarm/bin/../lib/gcc/arm-none-eabi/8.3.0/../../../../arm-none-eabi/lib/thumb/ds_arm9_crt0.o
                0x0000000002000800                _start
                0x0000000002000b00                . = ALIGN (0x4)

.plt
 *(.plt)

.init           0x0000000002000b00        0xc
 *(SORT_NONE(.init))
 .init          0x0000000002000b00        0x4 c:/users/ignasi/desktop/sdk_nintendods_vscode_mini-ide/ndside/msys64/opt/devkitpro/devkitarm/bin/../lib/gcc/arm-none-eabi/8.3.0/thumb/crti.o
                0x0000000002000b00                _init
 .init          0x0000000002000b04        0x8 c:/users/ignasi/desktop/sdk_nintendods_vscode_mini-ide/ndside/msys64/opt/devkitpro/devkitarm/bin/../lib/gcc/arm-none-eabi/8.3.0/thumb/crtn.o

.text           0x0000000002000b10     0x6b28
 *(EXCLUDE_FILE(*.twl* *.vectors* *.itcm*) .text)
 .text          0x0000000002000b10      0x604 main.o
                0x0000000002000b10                initScore(int const&, Score*, unsigned char*)
                0x0000000002000b3c                animateScore(int const&, Score*)
                0x0000000002000b70                initMole(int const&, Mole*, unsigned char*)
                0x0000000002000bb4                init()
                0x0000000002000e1c                animateMole(Mole*)
                0x0000000002000ef8                checkCollisionWithMole(Mole*, touchPosition)
                0x0000000002000f38                quit()
                0x0000000002000f3c                step()
 .text          0x0000000002001114      0x150 c:/users/ignasi/desktop/sdk_nintendods_vscode_mini-ide/ndside/msys64/opt/devkitpro/devkitarm/bin/../lib/gcc/arm-none-eabi/8.3.0/thumb\libgcc.a(_divsi3.o)
                0x0000000002001114                __divsi3
                0x0000000002001114                __aeabi_idiv
                0x0000000002001244                __aeabi_idivmod
 .text          0x0000000002001264        0x4 c:/users/ignasi/desktop/sdk_nintendods_vscode_mini-ide/ndside/msys64/opt/devkitpro/devkitarm/bin/../lib/gcc/arm-none-eabi/8.3.0/thumb\libgcc.a(_dvmd_tls.o)
                0x0000000002001264                __aeabi_idiv0
                0x0000000002001264                __aeabi_ldiv0
 .text          0x0000000002001268      0x2ac c:/users/ignasi/desktop/sdk_nintendods_vscode_mini-ide/ndside/msys64/opt/devkitpro/devkitarm/bin/../lib/gcc/arm-none-eabi/8.3.0/thumb\libgcc.a(_arm_addsubsf3.o)
                0x0000000002001268                __aeabi_frsub
                0x0000000002001270                __subsf3
                0x0000000002001270                __aeabi_fsub
                0x0000000002001274                __aeabi_fadd
                0x0000000002001274                __addsf3
                0x0000000002001430                __aeabi_ui2f
                0x0000000002001430                __floatunsisf
                0x0000000002001438                __aeabi_i2f
                0x0000000002001438                __floatsisf
                0x0000000002001458                __aeabi_ul2f
                0x0000000002001458                __floatundisf
                0x0000000002001468                __aeabi_l2f
                0x0000000002001468                __floatdisf
 .text          0x0000000002001514      0x114 c:/users/ignasi/desktop/sdk_nintendods_vscode_mini-ide/ndside/msys64/opt/devkitpro/devkitarm/bin/../lib/gcc/arm-none-eabi/8.3.0/thumb\libgcc.a(_arm_cmpsf2.o)
                0x0000000002001514                __gesf2
                0x0000000002001514                __gtsf2
                0x000000000200151c                __lesf2
                0x000000000200151c                __ltsf2
                0x0000000002001524                __nesf2
                0x0000000002001524                __eqsf2
                0x0000000002001524                __cmpsf2
                0x0000000002001588                __aeabi_cfrcmple
                0x0000000002001598                __aeabi_cfcmpeq
                0x0000000002001598                __aeabi_cfcmple
                0x00000000020015b0                __aeabi_fcmpeq
                0x00000000020015c8                __aeabi_fcmplt
                0x00000000020015e0                __aeabi_fcmple
                0x00000000020015f8                __aeabi_fcmpge
                0x0000000002001610                __aeabi_fcmpgt
 .text          0x0000000002001628       0x14 c:/users/ignasi/desktop/sdk_nintendods_vscode_mini-ide/ndside/msys64/opt/devkitpro/devkitarm/bin/../lib/gcc/arm-none-eabi/8.3.0/thumb\libgcc.a(_thumb1_case_uqi.o)
                0x0000000002001628                __gnu_thumb1_case_uqi
 .text          0x000000000200163c       0x14 c:/users/ignasi/desktop/sdk_nintendods_vscode_mini-ide/ndside/msys64/opt/devkitpro/devkitarm/bin/../lib/gcc/arm-none-eabi/8.3.0/thumb\libgcc.a(_thumb1_case_uhi.o)
                0x000000000200163c                __gnu_thumb1_case_uhi
 .text          0x0000000002001650       0x3c c:/users/ignasi/desktop/sdk_nintendods_vscode_mini-ide/ndside/msys64/opt/devkitpro/devkitarm/bin/../lib/gcc/arm-none-eabi/8.3.0/thumb\libgcc.a(_aeabi_uldivmod.o)
                0x0000000002001650                __aeabi_uldivmod
 .text          0x000000000200168c       0x28 c:/users/ignasi/desktop/sdk_nintendods_vscode_mini-ide/ndside/msys64/opt/devkitpro/devkitarm/bin/../lib/gcc/arm-none-eabi/8.3.0/thumb\libgcc.a(_clzdi2.o)
                0x000000000200168c                __clzdi2
 .text          0x00000000020016b4       0x48 c:/users/ignasi/desktop/sdk_nintendods_vscode_mini-ide/ndside/msys64/opt/devkitpro/devkitarm/bin/../lib/gcc/arm-none-eabi/8.3.0/thumb\libgcc.a(_clzsi2.o)
                0x00000000020016b4                __clzsi2
 *(EXCLUDE_FILE(*.twl* *.vectors* *.itcm*) .stub)
 *(EXCLUDE_FILE(*.twl* *.vectors* *.itcm*) .text.*)
 .text.deregister_tm_clones
                0x00000000020016fc       0x2c c:/users/ignasi/desktop/sdk_nintendods_vscode_mini-ide/ndside/msys64/opt/devkitpro/devkitarm/bin/../lib/gcc/arm-none-eabi/8.3.0/thumb/crtbegin.o
 .text.register_tm_clones
                0x0000000002001728       0x34 c:/users/ignasi/desktop/sdk_nintendods_vscode_mini-ide/ndside/msys64/opt/devkitpro/devkitarm/bin/../lib/gcc/arm-none-eabi/8.3.0/thumb/crtbegin.o
 .text.__do_global_dtors_aux
                0x000000000200175c       0x30 c:/users/ignasi/desktop/sdk_nintendods_vscode_mini-ide/ndside/msys64/opt/devkitpro/devkitarm/bin/../lib/gcc/arm-none-eabi/8.3.0/thumb/crtbegin.o
 .text.frame_dummy
                0x000000000200178c       0x28 c:/users/ignasi/desktop/sdk_nintendods_vscode_mini-ide/ndside/msys64/opt/devkitpro/devkitarm/bin/../lib/gcc/arm-none-eabi/8.3.0/thumb/crtbegin.o
 .text.startup  0x00000000020017b4       0x20 main.o
                0x00000000020017b4                main
 .text.checkIfText.part.0
                0x00000000020017d4       0x40 C:/Users/Ignasi/Desktop/SDK_NintendoDS_VSCode_Mini-IDE/ndside/msys64/opt/devkitpro/libnds/lib\libnds9.a(background.o)
 .text.bgUpdate
                0x0000000002001814      0x104 C:/Users/Ignasi/Desktop/SDK_NintendoDS_VSCode_Mini-IDE/ndside/msys64/opt/devkitpro/libnds/lib\libnds9.a(background.o)
                0x0000000002001814                bgUpdate
 .text.bgInit_call
                0x0000000002001918      0x110 C:/Users/Ignasi/Desktop/SDK_NintendoDS_VSCode_Mini-IDE/ndside/msys64/opt/devkitpro/libnds/lib\libnds9.a(background.o)
                0x0000000002001918                bgInit_call
 .text.bgInitSub_call
                0x0000000002001a28       0xf4 C:/Users/Ignasi/Desktop/SDK_NintendoDS_VSCode_Mini-IDE/ndside/msys64/opt/devkitpro/libnds/lib\libnds9.a(background.o)
                0x0000000002001a28                bgInitSub_call
 .text.touchRead
                0x0000000002001b1c       0x24 C:/Users/Ignasi/Desktop/SDK_NintendoDS_VSCode_Mini-IDE/ndside/msys64/opt/devkitpro/libnds/lib\libnds9.a(touch.o)
                0x0000000002001b1c                touchRead
 .text.getAllocHeader
                0x0000000002001b40       0x28 C:/Users/Ignasi/Desktop/SDK_NintendoDS_VSCode_Mini-IDE/ndside/msys64/opt/devkitpro/libnds/lib\libnds9.a(sprite_alloc.o)
 .text.oamAllocReset
                0x0000000002001b68       0x1c C:/Users/Ignasi/Desktop/SDK_NintendoDS_VSCode_Mini-IDE/ndside/msys64/opt/devkitpro/libnds/lib\libnds9.a(sprite_alloc.o)
                0x0000000002001b68                oamAllocReset
 .text.oamAllocateGfx
                0x0000000002001b84      0x224 C:/Users/Ignasi/Desktop/SDK_NintendoDS_VSCode_Mini-IDE/ndside/msys64/opt/devkitpro/libnds/lib\libnds9.a(sprite_alloc.o)
                0x0000000002001b84                oamAllocateGfx
 .text.sinLutLookup
                0x0000000002001da8       0x3c C:/Users/Ignasi/Desktop/SDK_NintendoDS_VSCode_Mini-IDE/ndside/msys64/opt/devkitpro/libnds/lib\libnds9.a(trig.o)
                0x0000000002001da8                sinLutLookup
 .text.sinLerp  0x0000000002001de4       0x44 C:/Users/Ignasi/Desktop/SDK_NintendoDS_VSCode_Mini-IDE/ndside/msys64/opt/devkitpro/libnds/lib\libnds9.a(trig.o)
                0x0000000002001de4                sinLerp
 .text.cosLerp  0x0000000002001e28       0x14 C:/Users/Ignasi/Desktop/SDK_NintendoDS_VSCode_Mini-IDE/ndside/msys64/opt/devkitpro/libnds/lib\libnds9.a(trig.o)
                0x0000000002001e28                cosLerp
 .text.oamInit  0x0000000002001e3c      0x11c C:/Users/Ignasi/Desktop/SDK_NintendoDS_VSCode_Mini-IDE/ndside/msys64/opt/devkitpro/libnds/lib\libnds9.a(sprite.o)
                0x0000000002001e3c                oamInit
 .text.oamGetGfxPtr
                0x0000000002001f58       0x38 C:/Users/Ignasi/Desktop/SDK_NintendoDS_VSCode_Mini-IDE/ndside/msys64/opt/devkitpro/libnds/lib\libnds9.a(sprite.o)
                0x0000000002001f58                oamGetGfxPtr
 .text.oamGfxPtrToOffset
                0x0000000002001f90       0x34 C:/Users/Ignasi/Desktop/SDK_NintendoDS_VSCode_Mini-IDE/ndside/msys64/opt/devkitpro/libnds/lib\libnds9.a(sprite.o)
                0x0000000002001f90                oamGfxPtrToOffset
 .text.oamSet   0x0000000002001fc4      0x148 C:/Users/Ignasi/Desktop/SDK_NintendoDS_VSCode_Mini-IDE/ndside/msys64/opt/devkitpro/libnds/lib\libnds9.a(sprite.o)
                0x0000000002001fc4                oamSet
 .text.oamUpdate
                0x000000000200210c       0x60 C:/Users/Ignasi/Desktop/SDK_NintendoDS_VSCode_Mini-IDE/ndside/msys64/opt/devkitpro/libnds/lib\libnds9.a(sprite.o)
                0x000000000200210c                oamUpdate
 .text.scanKeys
                0x000000000200216c       0x8c C:/Users/Ignasi/Desktop/SDK_NintendoDS_VSCode_Mini-IDE/ndside/msys64/opt/devkitpro/libnds/lib\libnds9.a(keys.o)
                0x000000000200216c                scanKeys
 .text.keysHeld
                0x00000000020021f8        0xc C:/Users/Ignasi/Desktop/SDK_NintendoDS_VSCode_Mini-IDE/ndside/msys64/opt/devkitpro/libnds/lib\libnds9.a(keys.o)
                0x00000000020021f8                keysHeld
 .text.initSystem
                0x0000000002002204      0x198 C:/Users/Ignasi/Desktop/SDK_NintendoDS_VSCode_Mini-IDE/ndside/msys64/opt/devkitpro/libnds/lib\libnds9.a(initSystem.o)
                0x0000000002002204                initSystem
 .text.__libnds_gtod
                0x000000000200239c       0x28 C:/Users/Ignasi/Desktop/SDK_NintendoDS_VSCode_Mini-IDE/ndside/msys64/opt/devkitpro/libnds/lib\libnds9.a(timeSupport.o)
                0x000000000200239c                __libnds_gtod
 .text.irqDummy
                0x00000000020023c4        0x4 C:/Users/Ignasi/Desktop/SDK_NintendoDS_VSCode_Mini-IDE/ndside/msys64/opt/devkitpro/libnds/lib\libnds9.a(interrupts.o)
                0x00000000020023c4                irqDummy
 .text.irqSet   0x00000000020023c8       0x6c C:/Users/Ignasi/Desktop/SDK_NintendoDS_VSCode_Mini-IDE/ndside/msys64/opt/devkitpro/libnds/lib\libnds9.a(interrupts.o)
                0x00000000020023c8                irqSet
 .text.irqInit  0x0000000002002434       0x50 C:/Users/Ignasi/Desktop/SDK_NintendoDS_VSCode_Mini-IDE/ndside/msys64/opt/devkitpro/libnds/lib\libnds9.a(interrupts.o)
                0x0000000002002434                irqInit
 .text.irqEnable
                0x0000000002002484       0x64 C:/Users/Ignasi/Desktop/SDK_NintendoDS_VSCode_Mini-IDE/ndside/msys64/opt/devkitpro/libnds/lib\libnds9.a(interrupts.o)
                0x0000000002002484                irqEnable
 .text.systemErrorExit
                0x00000000020024e8        0x4 C:/Users/Ignasi/Desktop/SDK_NintendoDS_VSCode_Mini-IDE/ndside/msys64/opt/devkitpro/libnds/lib\libnds9.a(libnds_exit.arm.o)
                0x00000000020024e8                systemErrorExit
 *fill*         0x00000000020024ec        0x4 ff
 .text.__libnds_exit
                0x00000000020024f0       0x5c C:/Users/Ignasi/Desktop/SDK_NintendoDS_VSCode_Mini-IDE/ndside/msys64/opt/devkitpro/libnds/lib\libnds9.a(libnds_exit.arm.o)
                0x00000000020024f0                __libnds_exit
 .text.fifo_waitBlock
                0x000000000200254c       0x80 C:/Users/Ignasi/Desktop/SDK_NintendoDS_VSCode_Mini-IDE/ndside/msys64/opt/devkitpro/libnds/lib\libnds9.a(fifosystem.o)
 .text.fifo_queueBlock
                0x00000000020025cc       0x40 C:/Users/Ignasi/Desktop/SDK_NintendoDS_VSCode_Mini-IDE/ndside/msys64/opt/devkitpro/libnds/lib\libnds9.a(fifosystem.o)
 .text.fifoInternalSendInterrupt
                0x000000000200260c       0xac C:/Users/Ignasi/Desktop/SDK_NintendoDS_VSCode_Mini-IDE/ndside/msys64/opt/devkitpro/libnds/lib\libnds9.a(fifosystem.o)
 .text.fifoInternalSend.part.2
                0x00000000020026b8       0xd4 C:/Users/Ignasi/Desktop/SDK_NintendoDS_VSCode_Mini-IDE/ndside/msys64/opt/devkitpro/libnds/lib\libnds9.a(fifosystem.o)
 .text.fifoGetValue32.part.3
                0x000000000200278c       0x74 C:/Users/Ignasi/Desktop/SDK_NintendoDS_VSCode_Mini-IDE/ndside/msys64/opt/devkitpro/libnds/lib\libnds9.a(fifosystem.o)
 .text.fifoSetValue32Handler
                0x0000000002002800       0x78 C:/Users/Ignasi/Desktop/SDK_NintendoDS_VSCode_Mini-IDE/ndside/msys64/opt/devkitpro/libnds/lib\libnds9.a(fifosystem.o)
                0x0000000002002800                fifoSetValue32Handler
 .text.fifoSendValue32
                0x0000000002002878       0x4c C:/Users/Ignasi/Desktop/SDK_NintendoDS_VSCode_Mini-IDE/ndside/msys64/opt/devkitpro/libnds/lib\libnds9.a(fifosystem.o)
                0x0000000002002878                fifoSendValue32
 .text.fifoGetDatamsg
                0x00000000020028c4      0x138 C:/Users/Ignasi/Desktop/SDK_NintendoDS_VSCode_Mini-IDE/ndside/msys64/opt/devkitpro/libnds/lib\libnds9.a(fifosystem.o)
                0x00000000020028c4                fifoGetDatamsg
 .text.fifoInternalRecvInterrupt
                0x00000000020029fc      0x3dc C:/Users/Ignasi/Desktop/SDK_NintendoDS_VSCode_Mini-IDE/ndside/msys64/opt/devkitpro/libnds/lib\libnds9.a(fifosystem.o)
 .text.fifoSetDatamsgHandler
                0x0000000002002dd8       0x9c C:/Users/Ignasi/Desktop/SDK_NintendoDS_VSCode_Mini-IDE/ndside/msys64/opt/devkitpro/libnds/lib\libnds9.a(fifosystem.o)
                0x0000000002002dd8                fifoSetDatamsgHandler
 .text.fifoInit
                0x0000000002002e74      0x104 C:/Users/Ignasi/Desktop/SDK_NintendoDS_VSCode_Mini-IDE/ndside/msys64/opt/devkitpro/libnds/lib\libnds9.a(fifosystem.o)
                0x0000000002002e74                fifoInit
 .text.DC_FlushRange
                0x0000000002002f78       0x24 C:/Users/Ignasi/Desktop/SDK_NintendoDS_VSCode_Mini-IDE/ndside/msys64/opt/devkitpro/libnds/lib\libnds9.a(dcache.o)
                0x0000000002002f78                DC_FlushRange
 .text.__libnds_mpu_setup
                0x0000000002002f9c      0x174 C:/Users/Ignasi/Desktop/SDK_NintendoDS_VSCode_Mini-IDE/ndside/msys64/opt/devkitpro/libnds/lib\libnds9.a(mpu_setup.o)
                0x0000000002002f9c                __libnds_mpu_setup
 .text.memUncached
                0x0000000002003110       0x20 C:/Users/Ignasi/Desktop/SDK_NintendoDS_VSCode_Mini-IDE/ndside/msys64/opt/devkitpro/libnds/lib\libnds9.a(mpu_setup.o)
                0x0000000002003110                memUncached
 .text.swiWaitForVBlank
                0x0000000002003130        0x8 C:/Users/Ignasi/Desktop/SDK_NintendoDS_VSCode_Mini-IDE/ndside/msys64/opt/devkitpro/libnds/lib\libnds9.a(IntrWait.o)
                0x0000000002003130                swiWaitForVBlank
 .text.swiIntrWait
                0x0000000002003138       0x70 C:/Users/Ignasi/Desktop/SDK_NintendoDS_VSCode_Mini-IDE/ndside/msys64/opt/devkitpro/libnds/lib\libnds9.a(IntrWait.o)
                0x0000000002003138                swiIntrWait
 .text.setCpuClock
                0x00000000020031a8       0x50 C:/Users/Ignasi/Desktop/SDK_NintendoDS_VSCode_Mini-IDE/ndside/msys64/opt/devkitpro/libnds/lib\libnds9.a(cpu_clock.o)
                0x00000000020031a8                setCpuClock
 .text.swiSoftReset
                0x00000000020031f8       0x2c C:/Users/Ignasi/Desktop/SDK_NintendoDS_VSCode_Mini-IDE/ndside/msys64/opt/devkitpro/libnds/lib\libnds9.a(swiSoftReset.o)
                0x00000000020031f8                swiSoftReset
 .text.vramDefault
                0x0000000002003224       0xd0 C:/Users/Ignasi/Desktop/SDK_NintendoDS_VSCode_Mini-IDE/ndside/msys64/opt/devkitpro/libnds/lib\libnds9.a(video.o)
                0x0000000002003224                vramDefault
 .text.systemValueHandler
                0x00000000020032f4       0x48 C:/Users/Ignasi/Desktop/SDK_NintendoDS_VSCode_Mini-IDE/ndside/msys64/opt/devkitpro/libnds/lib\libnds9.a(system.o)
                0x00000000020032f4                systemValueHandler
 .text.systemMsgHandler
                0x000000000200333c       0x5c C:/Users/Ignasi/Desktop/SDK_NintendoDS_VSCode_Mini-IDE/ndside/msys64/opt/devkitpro/libnds/lib\libnds9.a(system.o)
                0x000000000200333c                systemMsgHandler
 .text.powerOn  0x0000000002003398       0x2c C:/Users/Ignasi/Desktop/SDK_NintendoDS_VSCode_Mini-IDE/ndside/msys64/opt/devkitpro/libnds/lib\libnds9.a(system.o)
                0x0000000002003398                powerOn
 .text.swiDelay
                0x00000000020033c4        0x4 C:/Users/Ignasi/Desktop/SDK_NintendoDS_VSCode_Mini-IDE/ndside/msys64/opt/devkitpro/libnds/lib\libnds9.a(biosCalls.o)
                0x00000000020033c4                swiDelay
 .text.__libc_init_array
                0x00000000020033c8       0x50 c:/users/ignasi/desktop/sdk_nintendods_vscode_mini-ide/ndside/msys64/opt/devkitpro/devkitarm/bin/../lib/gcc/arm-none-eabi/8.3.0/../../../../arm-none-eabi/lib/thumb\libg.a(lib_a-init.o)
                0x00000000020033c8                __libc_init_array
 .text.iprintf  0x0000000002003418       0x24 c:/users/ignasi/desktop/sdk_nintendods_vscode_mini-ide/ndside/msys64/opt/devkitpro/devkitarm/bin/../lib/gcc/arm-none-eabi/8.3.0/../../../../arm-none-eabi/lib/thumb\libg.a(lib_a-iprintf.o)
                0x0000000002003418                iprintf
 .text.malloc   0x000000000200343c       0x14 c:/users/ignasi/desktop/sdk_nintendods_vscode_mini-ide/ndside/msys64/opt/devkitpro/devkitarm/bin/../lib/gcc/arm-none-eabi/8.3.0/../../../../arm-none-eabi/lib/thumb\libg.a(lib_a-malloc.o)
                0x000000000200343c                malloc
 .text.free     0x0000000002003450       0x14 c:/users/ignasi/desktop/sdk_nintendods_vscode_mini-ide/ndside/msys64/opt/devkitpro/devkitarm/bin/../lib/gcc/arm-none-eabi/8.3.0/../../../../arm-none-eabi/lib/thumb\libg.a(lib_a-malloc.o)
                0x0000000002003450                free
 .text._malloc_r
                0x0000000002003464      0x594 c:/users/ignasi/desktop/sdk_nintendods_vscode_mini-ide/ndside/msys64/opt/devkitpro/devkitarm/bin/../lib/gcc/arm-none-eabi/8.3.0/../../../../arm-none-eabi/lib/thumb\libg.a(lib_a-mallocr.o)
                0x0000000002003464                _malloc_r
 .text.memcpy   0x00000000020039f8       0xac c:/users/ignasi/desktop/sdk_nintendods_vscode_mini-ide/ndside/msys64/opt/devkitpro/devkitarm/bin/../lib/gcc/arm-none-eabi/8.3.0/../../../../arm-none-eabi/lib/thumb\libg.a(lib_a-memcpy-stub.o)
                0x00000000020039f8                memcpy
 .text.memset   0x0000000002003aa4       0xb0 c:/users/ignasi/desktop/sdk_nintendods_vscode_mini-ide/ndside/msys64/opt/devkitpro/devkitarm/bin/../lib/gcc/arm-none-eabi/8.3.0/../../../../arm-none-eabi/lib/thumb\libg.a(lib_a-memset.o)
                0x0000000002003aa4                memset
 .text.__malloc_lock
                0x0000000002003b54       0x14 c:/users/ignasi/desktop/sdk_nintendods_vscode_mini-ide/ndside/msys64/opt/devkitpro/devkitarm/bin/../lib/gcc/arm-none-eabi/8.3.0/../../../../arm-none-eabi/lib/thumb\libg.a(lib_a-mlock.o)
                0x0000000002003b54                __malloc_lock
 .text.__malloc_unlock
                0x0000000002003b68       0x14 c:/users/ignasi/desktop/sdk_nintendods_vscode_mini-ide/ndside/msys64/opt/devkitpro/devkitarm/bin/../lib/gcc/arm-none-eabi/8.3.0/../../../../arm-none-eabi/lib/thumb\libg.a(lib_a-mlock.o)
                0x0000000002003b68                __malloc_unlock
 .text.rand     0x0000000002003b7c       0x34 c:/users/ignasi/desktop/sdk_nintendods_vscode_mini-ide/ndside/msys64/opt/devkitpro/devkitarm/bin/../lib/gcc/arm-none-eabi/8.3.0/../../../../arm-none-eabi/lib/thumb\libg.a(lib_a-rand.o)
                0x0000000002003b7c                rand
 .text.realloc  0x0000000002003bb0       0x18 c:/users/ignasi/desktop/sdk_nintendods_vscode_mini-ide/ndside/msys64/opt/devkitpro/devkitarm/bin/../lib/gcc/arm-none-eabi/8.3.0/../../../../arm-none-eabi/lib/thumb\libg.a(lib_a-realloc.o)
                0x0000000002003bb0                realloc
 .text._realloc_r
                0x0000000002003bc8      0x370 c:/users/ignasi/desktop/sdk_nintendods_vscode_mini-ide/ndside/msys64/opt/devkitpro/devkitarm/bin/../lib/gcc/arm-none-eabi/8.3.0/../../../../arm-none-eabi/lib/thumb\libg.a(lib_a-reallocr.o)
                0x0000000002003bc8                _realloc_r
 .text.get_arg  0x0000000002003f38      0x3c0 c:/users/ignasi/desktop/sdk_nintendods_vscode_mini-ide/ndside/msys64/opt/devkitpro/devkitarm/bin/../lib/gcc/arm-none-eabi/8.3.0/../../../../arm-none-eabi/lib/thumb\libg.a(lib_a-vfiprintf.o)
 .text.__sprint_r
                0x00000000020042f8       0x20 c:/users/ignasi/desktop/sdk_nintendods_vscode_mini-ide/ndside/msys64/opt/devkitpro/devkitarm/bin/../lib/gcc/arm-none-eabi/8.3.0/../../../../arm-none-eabi/lib/thumb\libg.a(lib_a-vfiprintf.o)
                0x00000000020042f8                __sprint_r
 .text._vfiprintf_r
                0x0000000002004318     0x17e8 c:/users/ignasi/desktop/sdk_nintendods_vscode_mini-ide/ndside/msys64/opt/devkitpro/devkitarm/bin/../lib/gcc/arm-none-eabi/8.3.0/../../../../arm-none-eabi/lib/thumb\libg.a(lib_a-vfiprintf.o)
                0x0000000002004318                _vfiprintf_r
 .text.__sbprintf
                0x0000000002005b00       0x8c c:/users/ignasi/desktop/sdk_nintendods_vscode_mini-ide/ndside/msys64/opt/devkitpro/devkitarm/bin/../lib/gcc/arm-none-eabi/8.3.0/../../../../arm-none-eabi/lib/thumb\libg.a(lib_a-vfiprintf.o)
 .text._wcrtomb_r
                0x0000000002005b8c       0x5c c:/users/ignasi/desktop/sdk_nintendods_vscode_mini-ide/ndside/msys64/opt/devkitpro/devkitarm/bin/../lib/gcc/arm-none-eabi/8.3.0/../../../../arm-none-eabi/lib/thumb\libg.a(lib_a-wcrtomb.o)
                0x0000000002005b8c                _wcrtomb_r
 .text._wcsrtombs_r
                0x0000000002005be8       0x1c c:/users/ignasi/desktop/sdk_nintendods_vscode_mini-ide/ndside/msys64/opt/devkitpro/devkitarm/bin/../lib/gcc/arm-none-eabi/8.3.0/../../../../arm-none-eabi/lib/thumb\libg.a(lib_a-wcsrtombs.o)
                0x0000000002005be8                _wcsrtombs_r
 .text.__swsetup_r
                0x0000000002005c04       0xe0 c:/users/ignasi/desktop/sdk_nintendods_vscode_mini-ide/ndside/msys64/opt/devkitpro/devkitarm/bin/../lib/gcc/arm-none-eabi/8.3.0/../../../../arm-none-eabi/lib/thumb\libg.a(lib_a-wsetup.o)
                0x0000000002005c04                __swsetup_r
 .text.__sflush_r
                0x0000000002005ce4      0x1b8 c:/users/ignasi/desktop/sdk_nintendods_vscode_mini-ide/ndside/msys64/opt/devkitpro/devkitarm/bin/../lib/gcc/arm-none-eabi/8.3.0/../../../../arm-none-eabi/lib/thumb\libg.a(lib_a-fflush.o)
                0x0000000002005ce4                __sflush_r
 .text._fflush_r
                0x0000000002005e9c       0x70 c:/users/ignasi/desktop/sdk_nintendods_vscode_mini-ide/ndside/msys64/opt/devkitpro/devkitarm/bin/../lib/gcc/arm-none-eabi/8.3.0/../../../../arm-none-eabi/lib/thumb\libg.a(lib_a-fflush.o)
                0x0000000002005e9c                _fflush_r
 .text.std      0x0000000002005f0c       0x54 c:/users/ignasi/desktop/sdk_nintendods_vscode_mini-ide/ndside/msys64/opt/devkitpro/devkitarm/bin/../lib/gcc/arm-none-eabi/8.3.0/../../../../arm-none-eabi/lib/thumb\libg.a(lib_a-findfp.o)
 .text._cleanup_r
                0x0000000002005f60       0x14 c:/users/ignasi/desktop/sdk_nintendods_vscode_mini-ide/ndside/msys64/opt/devkitpro/devkitarm/bin/../lib/gcc/arm-none-eabi/8.3.0/../../../../arm-none-eabi/lib/thumb\libg.a(lib_a-findfp.o)
                0x0000000002005f60                _cleanup_r
 .text.__sinit  0x0000000002005f74       0x64 c:/users/ignasi/desktop/sdk_nintendods_vscode_mini-ide/ndside/msys64/opt/devkitpro/devkitarm/bin/../lib/gcc/arm-none-eabi/8.3.0/../../../../arm-none-eabi/lib/thumb\libg.a(lib_a-findfp.o)
                0x0000000002005f74                __sinit
 .text.__sfp_lock_acquire
                0x0000000002005fd8       0x14 c:/users/ignasi/desktop/sdk_nintendods_vscode_mini-ide/ndside/msys64/opt/devkitpro/devkitarm/bin/../lib/gcc/arm-none-eabi/8.3.0/../../../../arm-none-eabi/lib/thumb\libg.a(lib_a-findfp.o)
                0x0000000002005fd8                __sfp_lock_acquire
 .text.__sfp_lock_release
                0x0000000002005fec       0x14 c:/users/ignasi/desktop/sdk_nintendods_vscode_mini-ide/ndside/msys64/opt/devkitpro/devkitarm/bin/../lib/gcc/arm-none-eabi/8.3.0/../../../../arm-none-eabi/lib/thumb\libg.a(lib_a-findfp.o)
                0x0000000002005fec                __sfp_lock_release
 .text._malloc_trim_r
                0x0000000002006000       0xa4 c:/users/ignasi/desktop/sdk_nintendods_vscode_mini-ide/ndside/msys64/opt/devkitpro/devkitarm/bin/../lib/gcc/arm-none-eabi/8.3.0/../../../../arm-none-eabi/lib/thumb\libg.a(lib_a-freer.o)
                0x0000000002006000                _malloc_trim_r
 .text._free_r  0x00000000020060a4      0x1e0 c:/users/ignasi/desktop/sdk_nintendods_vscode_mini-ide/ndside/msys64/opt/devkitpro/devkitarm/bin/../lib/gcc/arm-none-eabi/8.3.0/../../../../arm-none-eabi/lib/thumb\libg.a(lib_a-freer.o)
                0x00000000020060a4                _free_r
 .text.__sfvwrite_r
                0x0000000002006284      0x348 c:/users/ignasi/desktop/sdk_nintendods_vscode_mini-ide/ndside/msys64/opt/devkitpro/devkitarm/bin/../lib/gcc/arm-none-eabi/8.3.0/../../../../arm-none-eabi/lib/thumb\libg.a(lib_a-fvwrite.o)
                0x0000000002006284                __sfvwrite_r
 .text._fwalk_reent
                0x00000000020065cc       0x54 c:/users/ignasi/desktop/sdk_nintendods_vscode_mini-ide/ndside/msys64/opt/devkitpro/devkitarm/bin/../lib/gcc/arm-none-eabi/8.3.0/../../../../arm-none-eabi/lib/thumb\libg.a(lib_a-fwalk.o)
                0x00000000020065cc                _fwalk_reent
 .text._localeconv_r
                0x0000000002006620        0x8 c:/users/ignasi/desktop/sdk_nintendods_vscode_mini-ide/ndside/msys64/opt/devkitpro/devkitarm/bin/../lib/gcc/arm-none-eabi/8.3.0/../../../../arm-none-eabi/lib/thumb\libg.a(lib_a-localeconv.o)
                0x0000000002006620                _localeconv_r
 .text.__locale_mb_cur_max
                0x0000000002006628       0x10 c:/users/ignasi/desktop/sdk_nintendods_vscode_mini-ide/ndside/msys64/opt/devkitpro/devkitarm/bin/../lib/gcc/arm-none-eabi/8.3.0/../../../../arm-none-eabi/lib/thumb\libg.a(lib_a-locale.o)
                0x0000000002006628                __locale_mb_cur_max
 .text.__swhatbuf_r
                0x0000000002006638       0x64 c:/users/ignasi/desktop/sdk_nintendods_vscode_mini-ide/ndside/msys64/opt/devkitpro/devkitarm/bin/../lib/gcc/arm-none-eabi/8.3.0/../../../../arm-none-eabi/lib/thumb\libg.a(lib_a-makebuf.o)
                0x0000000002006638                __swhatbuf_r
 .text.__smakebuf_r
                0x000000000200669c       0x98 c:/users/ignasi/desktop/sdk_nintendods_vscode_mini-ide/ndside/msys64/opt/devkitpro/devkitarm/bin/../lib/gcc/arm-none-eabi/8.3.0/../../../../arm-none-eabi/lib/thumb\libg.a(lib_a-makebuf.o)
                0x000000000200669c                __smakebuf_r
 .text.__utf8_mbtowc
                0x0000000002006734      0x294 c:/users/ignasi/desktop/sdk_nintendods_vscode_mini-ide/ndside/msys64/opt/devkitpro/devkitarm/bin/../lib/gcc/arm-none-eabi/8.3.0/../../../../arm-none-eabi/lib/thumb\libg.a(lib_a-mbtowc_r.o)
                0x0000000002006734                __utf8_mbtowc
 .text.memchr   0x00000000020069c8       0x84 c:/users/ignasi/desktop/sdk_nintendods_vscode_mini-ide/ndside/msys64/opt/devkitpro/devkitarm/bin/../lib/gcc/arm-none-eabi/8.3.0/../../../../arm-none-eabi/lib/thumb\libg.a(lib_a-memchr-stub.o)
                0x00000000020069c8                memchr
 .text.memmove  0x0000000002006a4c       0xb4 c:/users/ignasi/desktop/sdk_nintendods_vscode_mini-ide/ndside/msys64/opt/devkitpro/devkitarm/bin/../lib/gcc/arm-none-eabi/8.3.0/../../../../arm-none-eabi/lib/thumb\libg.a(lib_a-memmove.o)
                0x0000000002006a4c                memmove
 .text.__sread  0x0000000002006b00       0x34 c:/users/ignasi/desktop/sdk_nintendods_vscode_mini-ide/ndside/msys64/opt/devkitpro/devkitarm/bin/../lib/gcc/arm-none-eabi/8.3.0/../../../../arm-none-eabi/lib/thumb\libg.a(lib_a-stdio.o)
                0x0000000002006b00                __sread
 .text.__swrite
                0x0000000002006b34       0x4c c:/users/ignasi/desktop/sdk_nintendods_vscode_mini-ide/ndside/msys64/opt/devkitpro/devkitarm/bin/../lib/gcc/arm-none-eabi/8.3.0/../../../../arm-none-eabi/lib/thumb\libg.a(lib_a-stdio.o)
                0x0000000002006b34                __swrite
 .text.__sseek  0x0000000002006b80       0x40 c:/users/ignasi/desktop/sdk_nintendods_vscode_mini-ide/ndside/msys64/opt/devkitpro/devkitarm/bin/../lib/gcc/arm-none-eabi/8.3.0/../../../../arm-none-eabi/lib/thumb\libg.a(lib_a-stdio.o)
                0x0000000002006b80                __sseek
 .text.__sclose
                0x0000000002006bc0       0x10 c:/users/ignasi/desktop/sdk_nintendods_vscode_mini-ide/ndside/msys64/opt/devkitpro/devkitarm/bin/../lib/gcc/arm-none-eabi/8.3.0/../../../../arm-none-eabi/lib/thumb\libg.a(lib_a-stdio.o)
                0x0000000002006bc0                __sclose
 .text.strlen   0x0000000002006bd0       0x6c c:/users/ignasi/desktop/sdk_nintendods_vscode_mini-ide/ndside/msys64/opt/devkitpro/devkitarm/bin/../lib/gcc/arm-none-eabi/8.3.0/../../../../arm-none-eabi/lib/thumb\libg.a(lib_a-strlen-stub.o)
                0x0000000002006bd0                strlen
 .text.strncpy  0x0000000002006c3c       0x84 c:/users/ignasi/desktop/sdk_nintendods_vscode_mini-ide/ndside/msys64/opt/devkitpro/devkitarm/bin/../lib/gcc/arm-none-eabi/8.3.0/../../../../arm-none-eabi/lib/thumb\libg.a(lib_a-strncpy.o)
                0x0000000002006c3c                strncpy
 .text._wcsnrtombs_l
                0x0000000002006cc0      0x134 c:/users/ignasi/desktop/sdk_nintendods_vscode_mini-ide/ndside/msys64/opt/devkitpro/devkitarm/bin/../lib/gcc/arm-none-eabi/8.3.0/../../../../arm-none-eabi/lib/thumb\libg.a(lib_a-wcsnrtombs.o)
                0x0000000002006cc0                _wcsnrtombs_l
 .text._wcsnrtombs_r
                0x0000000002006df4       0x30 c:/users/ignasi/desktop/sdk_nintendods_vscode_mini-ide/ndside/msys64/opt/devkitpro/devkitarm/bin/../lib/gcc/arm-none-eabi/8.3.0/../../../../arm-none-eabi/lib/thumb\libg.a(lib_a-wcsnrtombs.o)
                0x0000000002006df4                _wcsnrtombs_r
 .text.__utf8_wctomb
                0x0000000002006e24       0xbc c:/users/ignasi/desktop/sdk_nintendods_vscode_mini-ide/ndside/msys64/opt/devkitpro/devkitarm/bin/../lib/gcc/arm-none-eabi/8.3.0/../../../../arm-none-eabi/lib/thumb\libg.a(lib_a-wctomb_r.o)
                0x0000000002006e24                __utf8_wctomb
 .text._fclose_r
                0x0000000002006ee0       0xe4 c:/users/ignasi/desktop/sdk_nintendods_vscode_mini-ide/ndside/msys64/opt/devkitpro/devkitarm/bin/../lib/gcc/arm-none-eabi/8.3.0/../../../../arm-none-eabi/lib/thumb\libg.a(lib_a-fclose.o)
                0x0000000002006ee0                _fclose_r
 .text._close_r
                0x0000000002006fc4       0x5c c:/users/ignasi/desktop/sdk_nintendods_vscode_mini-ide/ndside/msys64/opt/devkitpro/devkitarm/bin/../lib/gcc/arm-none-eabi/8.3.0/../../../../arm-none-eabi/lib/thumb\libsysbase.a(close.o)
                0x0000000002006fc4                _close_r
 .text._fstat_r
                0x0000000002007020       0x4c c:/users/ignasi/desktop/sdk_nintendods_vscode_mini-ide/ndside/msys64/opt/devkitpro/devkitarm/bin/../lib/gcc/arm-none-eabi/8.3.0/../../../../arm-none-eabi/lib/thumb\libsysbase.a(fstat.o)
                0x0000000002007020                _fstat_r
 .text._isatty_r
                0x000000000200706c        0x4 c:/users/ignasi/desktop/sdk_nintendods_vscode_mini-ide/ndside/msys64/opt/devkitpro/devkitarm/bin/../lib/gcc/arm-none-eabi/8.3.0/../../../../arm-none-eabi/lib/thumb\libsysbase.a(isatty.o)
                0x000000000200706c                _isatty_r
 .text._lseek_r
                0x0000000002007070       0x5c c:/users/ignasi/desktop/sdk_nintendods_vscode_mini-ide/ndside/msys64/opt/devkitpro/devkitarm/bin/../lib/gcc/arm-none-eabi/8.3.0/../../../../arm-none-eabi/lib/thumb\libsysbase.a(lseek.o)
                0x0000000002007070                _lseek_r
 .text._read_r  0x00000000020070cc       0x50 c:/users/ignasi/desktop/sdk_nintendods_vscode_mini-ide/ndside/msys64/opt/devkitpro/devkitarm/bin/../lib/gcc/arm-none-eabi/8.3.0/../../../../arm-none-eabi/lib/thumb\libsysbase.a(read.o)
                0x00000000020070cc                _read_r
 .text._sbrk_r  0x000000000200711c       0x54 c:/users/ignasi/desktop/sdk_nintendods_vscode_mini-ide/ndside/msys64/opt/devkitpro/devkitarm/bin/../lib/gcc/arm-none-eabi/8.3.0/../../../../arm-none-eabi/lib/thumb\libsysbase.a(sbrk.o)
                0x000000000200711c                _sbrk_r
 .text._write_r
                0x0000000002007170       0x50 c:/users/ignasi/desktop/sdk_nintendods_vscode_mini-ide/ndside/msys64/opt/devkitpro/devkitarm/bin/../lib/gcc/arm-none-eabi/8.3.0/../../../../arm-none-eabi/lib/thumb\libsysbase.a(write.o)
                0x0000000002007170                _write_r
 .text.build_argv
                0x00000000020071c0       0x4c c:/users/ignasi/desktop/sdk_nintendods_vscode_mini-ide/ndside/msys64/opt/devkitpro/devkitarm/bin/../lib/gcc/arm-none-eabi/8.3.0/../../../../arm-none-eabi/lib/thumb\libsysbase.a(build_argv.o)
                0x00000000020071c0                build_argv
 .text.__flockfile
                0x000000000200720c       0x10 c:/users/ignasi/desktop/sdk_nintendods_vscode_mini-ide/ndside/msys64/opt/devkitpro/devkitarm/bin/../lib/gcc/arm-none-eabi/8.3.0/../../../../arm-none-eabi/lib/thumb\libsysbase.a(flock.o)
                0x000000000200720c                __flockfile
 .text.__funlockfile
                0x000000000200721c       0x10 c:/users/ignasi/desktop/sdk_nintendods_vscode_mini-ide/ndside/msys64/opt/devkitpro/devkitarm/bin/../lib/gcc/arm-none-eabi/8.3.0/../../../../arm-none-eabi/lib/thumb\libsysbase.a(flock.o)
                0x000000000200721c                __funlockfile
 .text.__libc_lock_acquire
                0x000000000200722c       0x1c c:/users/ignasi/desktop/sdk_nintendods_vscode_mini-ide/ndside/msys64/opt/devkitpro/devkitarm/bin/../lib/gcc/arm-none-eabi/8.3.0/../../../../arm-none-eabi/lib/thumb\libsysbase.a(syscall_support.o)
                0x000000000200722c                __libc_lock_acquire
 .text.__libc_lock_release
                0x0000000002007248       0x1c c:/users/ignasi/desktop/sdk_nintendods_vscode_mini-ide/ndside/msys64/opt/devkitpro/devkitarm/bin/../lib/gcc/arm-none-eabi/8.3.0/../../../../arm-none-eabi/lib/thumb\libsysbase.a(syscall_support.o)
                0x0000000002007248                __libc_lock_release
 .text.__libc_lock_init_recursive
                0x0000000002007264       0x1c c:/users/ignasi/desktop/sdk_nintendods_vscode_mini-ide/ndside/msys64/opt/devkitpro/devkitarm/bin/../lib/gcc/arm-none-eabi/8.3.0/../../../../arm-none-eabi/lib/thumb\libsysbase.a(syscall_support.o)
                0x0000000002007264                __libc_lock_init_recursive
 .text.__libc_lock_acquire_recursive
                0x0000000002007280       0x1c c:/users/ignasi/desktop/sdk_nintendods_vscode_mini-ide/ndside/msys64/opt/devkitpro/devkitarm/bin/../lib/gcc/arm-none-eabi/8.3.0/../../../../arm-none-eabi/lib/thumb\libsysbase.a(syscall_support.o)
                0x0000000002007280                __libc_lock_acquire_recursive
 .text.__libc_lock_release_recursive
                0x000000000200729c       0x1c c:/users/ignasi/desktop/sdk_nintendods_vscode_mini-ide/ndside/msys64/opt/devkitpro/devkitarm/bin/../lib/gcc/arm-none-eabi/8.3.0/../../../../arm-none-eabi/lib/thumb\libsysbase.a(syscall_support.o)
                0x000000000200729c                __libc_lock_release_recursive
 .text.__libc_lock_close_recursive
                0x00000000020072b8       0x1c c:/users/ignasi/desktop/sdk_nintendods_vscode_mini-ide/ndside/msys64/opt/devkitpro/devkitarm/bin/../lib/gcc/arm-none-eabi/8.3.0/../../../../arm-none-eabi/lib/thumb\libsysbase.a(syscall_support.o)
                0x00000000020072b8                __libc_lock_close_recursive
 .text.__release_handle
                0x00000000020072d4       0x6c c:/users/ignasi/desktop/sdk_nintendods_vscode_mini-ide/ndside/msys64/opt/devkitpro/devkitarm/bin/../lib/gcc/arm-none-eabi/8.3.0/../../../../arm-none-eabi/lib/thumb\libsysbase.a(handle_manager.o)
                0x00000000020072d4                __release_handle
 .text.__get_handle
                0x0000000002007340       0x1c c:/users/ignasi/desktop/sdk_nintendods_vscode_mini-ide/ndside/msys64/opt/devkitpro/devkitarm/bin/../lib/gcc/arm-none-eabi/8.3.0/../../../../arm-none-eabi/lib/thumb\libsysbase.a(handle_manager.o)
                0x0000000002007340                __get_handle
 .text.__getreent
                0x000000000200735c       0x28 c:/users/ignasi/desktop/sdk_nintendods_vscode_mini-ide/ndside/msys64/opt/devkitpro/devkitarm/bin/../lib/gcc/arm-none-eabi/8.3.0/../../../../arm-none-eabi/lib/thumb\libsysbase.a(getreent.o)
                0x000000000200735c                __getreent
 .text.null_write
                0x0000000002007384        0x4 c:/users/ignasi/desktop/sdk_nintendods_vscode_mini-ide/ndside/msys64/opt/devkitpro/devkitarm/bin/../lib/gcc/arm-none-eabi/8.3.0/../../../../arm-none-eabi/lib/thumb\libsysbase.a(iosupport.o)
 .text.__muldi3
                0x0000000002007388       0x60 c:/users/ignasi/desktop/sdk_nintendods_vscode_mini-ide/ndside/msys64/opt/devkitpro/devkitarm/bin/../lib/gcc/arm-none-eabi/8.3.0/thumb\libgcc.a(_muldi3.o)
                0x0000000002007388                __muldi3
                0x0000000002007388                __aeabi_lmul
 .text.__udivmoddi4
                0x00000000020073e8      0x1a8 c:/users/ignasi/desktop/sdk_nintendods_vscode_mini-ide/ndside/msys64/opt/devkitpro/devkitarm/bin/../lib/gcc/arm-none-eabi/8.3.0/thumb\libgcc.a(_udivmoddi4.o)
                0x00000000020073e8                __udivmoddi4
 .text.__udivmoddi4.__stub
                0x0000000002007590       0x98 linker stubs
 *(EXCLUDE_FILE(*.twl*) .gnu.warning)
 *(EXCLUDE_FILE(*.twl*) .gnu.linkonce.t*)
 *(.glue_7)
 .glue_7        0x0000000002007638        0x0 linker stubs
 *(.glue_7t)
 .glue_7t       0x0000000002007638        0x0 linker stubs
                0x0000000002007638                . = ALIGN (0x4)

.vfp11_veneer   0x0000000002007638        0x0
 .vfp11_veneer  0x0000000002007638        0x0 linker stubs

.v4_bx          0x0000000002007638        0x0
 .v4_bx         0x0000000002007638        0x0 linker stubs

.iplt           0x0000000002007638        0x0
 .iplt          0x0000000002007638        0x0 c:/users/ignasi/desktop/sdk_nintendods_vscode_mini-ide/ndside/msys64/opt/devkitpro/devkitarm/bin/../lib/gcc/arm-none-eabi/8.3.0/../../../../arm-none-eabi/lib/thumb/ds_arm9_crt0.o

.fini           0x0000000002007638        0xc
 *(.fini)
 .fini          0x0000000002007638        0x4 c:/users/ignasi/desktop/sdk_nintendods_vscode_mini-ide/ndside/msys64/opt/devkitpro/devkitarm/bin/../lib/gcc/arm-none-eabi/8.3.0/thumb/crti.o
                0x0000000002007638                _fini
 .fini          0x000000000200763c        0x8 c:/users/ignasi/desktop/sdk_nintendods_vscode_mini-ide/ndside/msys64/opt/devkitpro/devkitarm/bin/../lib/gcc/arm-none-eabi/8.3.0/thumb/crtn.o
                0x0000000002007644                __text_end = .

.rodata         0x0000000002007644    0x1e514
 *(EXCLUDE_FILE(*.twl*) .rodata)
 .rodata        0x0000000002007644     0x3200 mole.o
                0x0000000002007644                moleTiles
                0x000000000200a644                molePal
 .rodata        0x000000000200a844     0x2a00 score.o
                0x000000000200a844                scoreTiles
                0x000000000200d044                scorePal
 .rodata        0x000000000200d244     0xc200 background.o
                0x000000000200d244                backgroundBitmap
                0x0000000002019244                backgroundPal
 .rodata        0x0000000002019444     0xc200 scoreScreen.o
                0x0000000002019444                scoreScreenBitmap
                0x0000000002025444                scoreScreenPal
 *all.rodata*(*)
 *(EXCLUDE_FILE(*.twl*) .roda)
 *(EXCLUDE_FILE(*.twl*) .rodata.*)
 .rodata.str1.4
                0x0000000002025644       0x29 main.o
 *fill*         0x000000000202566d        0x3 ff
 .rodata.SIN_LUT
                0x0000000002025670      0x102 C:/Users/Ignasi/Desktop/SDK_NintendoDS_VSCode_Mini-IDE/ndside/msys64/opt/devkitpro/libnds/lib\libnds9.a(trig.o)
                0x0000000002025670                SIN_LUT
 .rodata._vfiprintf_r.str1.1
                0x0000000002025772       0x29 c:/users/ignasi/desktop/sdk_nintendods_vscode_mini-ide/ndside/msys64/opt/devkitpro/devkitarm/bin/../lib/gcc/arm-none-eabi/8.3.0/../../../../arm-none-eabi/lib/thumb\libg.a(lib_a-vfiprintf.o)
 *fill*         0x000000000202579b        0x1 ff
 .rodata.blanks.7416
                0x000000000202579c       0x10 c:/users/ignasi/desktop/sdk_nintendods_vscode_mini-ide/ndside/msys64/opt/devkitpro/devkitarm/bin/../lib/gcc/arm-none-eabi/8.3.0/../../../../arm-none-eabi/lib/thumb\libg.a(lib_a-vfiprintf.o)
 .rodata.zeroes.7417
                0x00000000020257ac       0x10 c:/users/ignasi/desktop/sdk_nintendods_vscode_mini-ide/ndside/msys64/opt/devkitpro/devkitarm/bin/../lib/gcc/arm-none-eabi/8.3.0/../../../../arm-none-eabi/lib/thumb\libg.a(lib_a-vfiprintf.o)
 .rodata.str1.4
                0x00000000020257bc       0x48 c:/users/ignasi/desktop/sdk_nintendods_vscode_mini-ide/ndside/msys64/opt/devkitpro/devkitarm/bin/../lib/gcc/arm-none-eabi/8.3.0/../../../../arm-none-eabi/lib/thumb\libg.a(lib_a-locale.o)
                                         0x4c (size before relaxing)
 .rodata.__action_table
                0x0000000002025804       0x6c c:/users/ignasi/desktop/sdk_nintendods_vscode_mini-ide/ndside/msys64/opt/devkitpro/devkitarm/bin/../lib/gcc/arm-none-eabi/8.3.0/../../../../arm-none-eabi/lib/thumb\libg.a(lib_a-svfiprintf.o)
                0x0000000002025804                __action_table
 .rodata.__chclass
                0x0000000002025870      0x100 c:/users/ignasi/desktop/sdk_nintendods_vscode_mini-ide/ndside/msys64/opt/devkitpro/devkitarm/bin/../lib/gcc/arm-none-eabi/8.3.0/../../../../arm-none-eabi/lib/thumb\libg.a(lib_a-svfiprintf.o)
                0x0000000002025870                __chclass
 .rodata.__state_table
                0x0000000002025970       0x6c c:/users/ignasi/desktop/sdk_nintendods_vscode_mini-ide/ndside/msys64/opt/devkitpro/devkitarm/bin/../lib/gcc/arm-none-eabi/8.3.0/../../../../arm-none-eabi/lib/thumb\libg.a(lib_a-svfiprintf.o)
                0x0000000002025970                __state_table
 .rodata._ctype_
                0x00000000020259dc      0x101 c:/users/ignasi/desktop/sdk_nintendods_vscode_mini-ide/ndside/msys64/opt/devkitpro/devkitarm/bin/../lib/gcc/arm-none-eabi/8.3.0/../../../../arm-none-eabi/lib/thumb\libg.a(lib_a-ctype_.o)
                0x00000000020259dc                _ctype_
 *fill*         0x0000000002025add        0x3 ff
 .rodata.AddDevice.str1.4
                0x0000000002025ae0        0x8 c:/users/ignasi/desktop/sdk_nintendods_vscode_mini-ide/ndside/msys64/opt/devkitpro/devkitarm/bin/../lib/gcc/arm-none-eabi/8.3.0/../../../../arm-none-eabi/lib/thumb\libsysbase.a(iosupport.o)
 .rodata.dotab_stdnull
                0x0000000002025ae8       0x70 c:/users/ignasi/desktop/sdk_nintendods_vscode_mini-ide/ndside/msys64/opt/devkitpro/devkitarm/bin/../lib/gcc/arm-none-eabi/8.3.0/../../../../arm-none-eabi/lib/thumb\libsysbase.a(iosupport.o)
                0x0000000002025ae8                dotab_stdnull
 *(EXCLUDE_FILE(*.twl*) .gnu.linkonce.r*)
                0x0000000002025b58                . = ALIGN (0x4)

.ARM.extab
 *(.ARM.extab* .gnu.linkonce.armextab.*)
                0x0000000002025b58                __exidx_start = .

ARM.exidx
 *(.ARM.exidx* .gnu.linkonce.armexidx.*)
                0x0000000002025b58                __exidx_end = .
                0x0000000002025b58                . = ALIGN (0x4)
                0x0000000002025b58                PROVIDE (__preinit_array_start = .)

.preinit_array
 *(.preinit_array)
                0x0000000002025b58                PROVIDE (__preinit_array_end = .)
                0x0000000002025b58                PROVIDE (__init_array_start = .)

.init_array     0x0000000002025b58        0x4
 *(SORT_BY_NAME(.init_array.*))
 *(.init_array)
 .init_array    0x0000000002025b58        0x4 c:/users/ignasi/desktop/sdk_nintendods_vscode_mini-ide/ndside/msys64/opt/devkitpro/devkitarm/bin/../lib/gcc/arm-none-eabi/8.3.0/thumb/crtbegin.o
                0x0000000002025b5c                PROVIDE (__init_array_end = .)
                [!provide]                        PROVIDE (__fini_array_start = .)

.fini_array     0x0000000002025b5c        0x4
 *(.fini_array)
 .fini_array    0x0000000002025b5c        0x4 c:/users/ignasi/desktop/sdk_nintendods_vscode_mini-ide/ndside/msys64/opt/devkitpro/devkitarm/bin/../lib/gcc/arm-none-eabi/8.3.0/thumb/crtbegin.o
 *(SORT_BY_NAME(.fini_array.*))
                [!provide]                        PROVIDE (__fini_array_end = .)

.ctors          0x0000000002025b60        0x0
 *crtbegin.o(.ctors)
 *(EXCLUDE_FILE(*crtend.o) .ctors)
 *(SORT_BY_NAME(.ctors.*))
 *(.ctors)
                0x0000000002025b60                . = ALIGN (0x4)

.dtors          0x0000000002025b60        0x0
 *crtbegin.o(.dtors)
 *(EXCLUDE_FILE(*crtend.o) .dtors)
 *(SORT_BY_NAME(.dtors.*))
 *(.dtors)
                0x0000000002025b60                . = ALIGN (0x4)

.eh_frame       0x0000000002025b60        0x4
 *(.eh_frame)
 .eh_frame      0x0000000002025b60        0x0 c:/users/ignasi/desktop/sdk_nintendods_vscode_mini-ide/ndside/msys64/opt/devkitpro/devkitarm/bin/../lib/gcc/arm-none-eabi/8.3.0/thumb/crtbegin.o
 .eh_frame      0x0000000002025b60        0x4 c:/users/ignasi/desktop/sdk_nintendods_vscode_mini-ide/ndside/msys64/opt/devkitpro/devkitarm/bin/../lib/gcc/arm-none-eabi/8.3.0/thumb/crtend.o
                0x0000000002025b64                . = ALIGN (0x4)

.rel.dyn        0x0000000002025b64        0x0
 .rel.iplt      0x0000000002025b64        0x0 c:/users/ignasi/desktop/sdk_nintendods_vscode_mini-ide/ndside/msys64/opt/devkitpro/devkitarm/bin/../lib/gcc/arm-none-eabi/8.3.0/../../../../arm-none-eabi/lib/thumb/ds_arm9_crt0.o

.gcc_except_table
                0x0000000002025b64        0x0
 *(.gcc_except_table)
                0x0000000002025b64                . = ALIGN (0x4)

.jcr
 *(.jcr)

.got
 *(.got.plt)
 *(.got)
 *(.rel.got)

.ewram          0x0000000002025b64        0x0
                0x0000000002025b64                __ewram_start = ABSOLUTE (.)
 *(.ewram)
 *ewram.*(.text)
                0x0000000002025b64                . = ALIGN (0x4)

.data           0x0000000002025b64     0x1b84
                0x0000000002025b64                __data_start = ABSOLUTE (.)
 *(EXCLUDE_FILE(*.twl*) .data)
 .data          0x0000000002025b64       0x28 C:/Users/Ignasi/Desktop/SDK_NintendoDS_VSCode_Mini-IDE/ndside/msys64/opt/devkitpro/libnds/lib\libnds9.a(mpu_setup.o)
 *(EXCLUDE_FILE(*.twl*) .data.*)
 .data.bgControl
                0x0000000002025b8c       0x20 C:/Users/Ignasi/Desktop/SDK_NintendoDS_VSCode_Mini-IDE/ndside/msys64/opt/devkitpro/libnds/lib\libnds9.a(background.o)
                0x0000000002025b8c                bgControl
 .data.bgScrollTable
                0x0000000002025bac       0x20 C:/Users/Ignasi/Desktop/SDK_NintendoDS_VSCode_Mini-IDE/ndside/msys64/opt/devkitpro/libnds/lib\libnds9.a(background.o)
                0x0000000002025bac                bgScrollTable
 .data.bgTransform
                0x0000000002025bcc       0x20 C:/Users/Ignasi/Desktop/SDK_NintendoDS_VSCode_Mini-IDE/ndside/msys64/opt/devkitpro/libnds/lib\libnds9.a(background.o)
                0x0000000002025bcc                bgTransform
 .data.oamMain  0x0000000002025bec       0x18 C:/Users/Ignasi/Desktop/SDK_NintendoDS_VSCode_Mini-IDE/ndside/msys64/opt/devkitpro/libnds/lib\libnds9.a(sprite.o)
                0x0000000002025bec                oamMain
 .data.oamSub   0x0000000002025c04       0x18 C:/Users/Ignasi/Desktop/SDK_NintendoDS_VSCode_Mini-IDE/ndside/msys64/opt/devkitpro/libnds/lib\libnds9.a(sprite.o)
                0x0000000002025c04                oamSub
 .data.count    0x0000000002025c1c        0x1 C:/Users/Ignasi/Desktop/SDK_NintendoDS_VSCode_Mini-IDE/ndside/msys64/opt/devkitpro/libnds/lib\libnds9.a(keys.o)
 .data.delay    0x0000000002025c1d        0x1 C:/Users/Ignasi/Desktop/SDK_NintendoDS_VSCode_Mini-IDE/ndside/msys64/opt/devkitpro/libnds/lib\libnds9.a(keys.o)
 .data.repeat   0x0000000002025c1e        0x1 C:/Users/Ignasi/Desktop/SDK_NintendoDS_VSCode_Mini-IDE/ndside/msys64/opt/devkitpro/libnds/lib\libnds9.a(keys.o)
 *fill*         0x0000000002025c1f        0x1 ff
 .data.fifo_buffer_free
                0x0000000002025c20        0x4 C:/Users/Ignasi/Desktop/SDK_NintendoDS_VSCode_Mini-IDE/ndside/msys64/opt/devkitpro/libnds/lib\libnds9.a(fifosystem.o)
                0x0000000002025c20                fifo_buffer_free
 .data.fifo_freewords
                0x0000000002025c24        0x4 C:/Users/Ignasi/Desktop/SDK_NintendoDS_VSCode_Mini-IDE/ndside/msys64/opt/devkitpro/libnds/lib\libnds9.a(fifosystem.o)
                0x0000000002025c24                fifo_freewords
 .data.fifo_receive_queue
                0x0000000002025c28        0x4 C:/Users/Ignasi/Desktop/SDK_NintendoDS_VSCode_Mini-IDE/ndside/msys64/opt/devkitpro/libnds/lib\libnds9.a(fifosystem.o)
                0x0000000002025c28                fifo_receive_queue
 .data.fifo_send_queue
                0x0000000002025c2c        0x4 C:/Users/Ignasi/Desktop/SDK_NintendoDS_VSCode_Mini-IDE/ndside/msys64/opt/devkitpro/libnds/lib\libnds9.a(fifosystem.o)
                0x0000000002025c2c                fifo_send_queue
 .data.__malloc_av_
                0x0000000002025c30      0x408 c:/users/ignasi/desktop/sdk_nintendods_vscode_mini-ide/ndside/msys64/opt/devkitpro/devkitarm/bin/../lib/gcc/arm-none-eabi/8.3.0/../../../../arm-none-eabi/lib/thumb\libg.a(lib_a-mallocr.o)
                0x0000000002025c30                __malloc_av_
 .data.__malloc_sbrk_base
                0x0000000002026038        0x4 c:/users/ignasi/desktop/sdk_nintendods_vscode_mini-ide/ndside/msys64/opt/devkitpro/devkitarm/bin/../lib/gcc/arm-none-eabi/8.3.0/../../../../arm-none-eabi/lib/thumb\libg.a(lib_a-mallocr.o)
                0x0000000002026038                __malloc_sbrk_base
 .data.__malloc_trim_threshold
                0x000000000202603c        0x4 c:/users/ignasi/desktop/sdk_nintendods_vscode_mini-ide/ndside/msys64/opt/devkitpro/devkitarm/bin/../lib/gcc/arm-none-eabi/8.3.0/../../../../arm-none-eabi/lib/thumb\libg.a(lib_a-mallocr.o)
                0x000000000202603c                __malloc_trim_threshold
 .data.__malloc_recursive_mutex
                0x0000000002026040        0xc c:/users/ignasi/desktop/sdk_nintendods_vscode_mini-ide/ndside/msys64/opt/devkitpro/devkitarm/bin/../lib/gcc/arm-none-eabi/8.3.0/../../../../arm-none-eabi/lib/thumb\libg.a(lib_a-mlock.o)
 .data.__sfp_recursive_mutex
                0x000000000202604c        0xc c:/users/ignasi/desktop/sdk_nintendods_vscode_mini-ide/ndside/msys64/opt/devkitpro/devkitarm/bin/../lib/gcc/arm-none-eabi/8.3.0/../../../../arm-none-eabi/lib/thumb\libg.a(lib_a-findfp.o)
 .data.__sinit_recursive_mutex
                0x0000000002026058        0xc c:/users/ignasi/desktop/sdk_nintendods_vscode_mini-ide/ndside/msys64/opt/devkitpro/devkitarm/bin/../lib/gcc/arm-none-eabi/8.3.0/../../../../arm-none-eabi/lib/thumb\libg.a(lib_a-findfp.o)
 .data._impure_ptr
                0x0000000002026064        0x4 c:/users/ignasi/desktop/sdk_nintendods_vscode_mini-ide/ndside/msys64/opt/devkitpro/devkitarm/bin/../lib/gcc/arm-none-eabi/8.3.0/../../../../arm-none-eabi/lib/thumb\libg.a(lib_a-impure.o)
                0x0000000002026064                _impure_ptr
 .data.impure_data
                0x0000000002026068      0x460 c:/users/ignasi/desktop/sdk_nintendods_vscode_mini-ide/ndside/msys64/opt/devkitpro/devkitarm/bin/../lib/gcc/arm-none-eabi/8.3.0/../../../../arm-none-eabi/lib/thumb\libg.a(lib_a-impure.o)
 .data.__global_locale
                0x00000000020264c8      0x16c c:/users/ignasi/desktop/sdk_nintendods_vscode_mini-ide/ndside/msys64/opt/devkitpro/devkitarm/bin/../lib/gcc/arm-none-eabi/8.3.0/../../../../arm-none-eabi/lib/thumb\libg.a(lib_a-locale.o)
                0x00000000020264c8                __global_locale
 .data.__hndl_lock
                0x0000000002026634        0x4 c:/users/ignasi/desktop/sdk_nintendods_vscode_mini-ide/ndside/msys64/opt/devkitpro/devkitarm/bin/../lib/gcc/arm-none-eabi/8.3.0/../../../../arm-none-eabi/lib/thumb\libsysbase.a(handle_manager.o)
 .data.__stderr_handle
                0x0000000002026638        0xc c:/users/ignasi/desktop/sdk_nintendods_vscode_mini-ide/ndside/msys64/opt/devkitpro/devkitarm/bin/../lib/gcc/arm-none-eabi/8.3.0/../../../../arm-none-eabi/lib/thumb\libsysbase.a(handle_manager.o)
 .data.__stdin_handle
                0x0000000002026644        0xc c:/users/ignasi/desktop/sdk_nintendods_vscode_mini-ide/ndside/msys64/opt/devkitpro/devkitarm/bin/../lib/gcc/arm-none-eabi/8.3.0/../../../../arm-none-eabi/lib/thumb\libsysbase.a(handle_manager.o)
 .data.__stdout_handle
                0x0000000002026650        0xc c:/users/ignasi/desktop/sdk_nintendods_vscode_mini-ide/ndside/msys64/opt/devkitpro/devkitarm/bin/../lib/gcc/arm-none-eabi/8.3.0/../../../../arm-none-eabi/lib/thumb\libsysbase.a(handle_manager.o)
 .data.handles  0x000000000202665c     0x1000 c:/users/ignasi/desktop/sdk_nintendods_vscode_mini-ide/ndside/msys64/opt/devkitpro/devkitarm/bin/../lib/gcc/arm-none-eabi/8.3.0/../../../../arm-none-eabi/lib/thumb\libsysbase.a(handle_manager.o)
 .data.devoptab_list
                0x000000000202765c       0x8c c:/users/ignasi/desktop/sdk_nintendods_vscode_mini-ide/ndside/msys64/opt/devkitpro/devkitarm/bin/../lib/gcc/arm-none-eabi/8.3.0/../../../../arm-none-eabi/lib/thumb\libsysbase.a(iosupport.o)
                0x000000000202765c                devoptab_list
 *(EXCLUDE_FILE(*.twl*) .gnu.linkonce.d*)
                0x00000000020276e8                . = ALIGN (0x4)
                0x00000000020276e8                __data_end = ABSOLUTE (.)
                0x00000000020276e8                __bss_vma = .

.igot.plt       0x00000000020276e8        0x0
 .igot.plt      0x00000000020276e8        0x0 c:/users/ignasi/desktop/sdk_nintendods_vscode_mini-ide/ndside/msys64/opt/devkitpro/devkitarm/bin/../lib/gcc/arm-none-eabi/8.3.0/../../../../arm-none-eabi/lib/thumb/ds_arm9_crt0.o

.tm_clone_table
                0x00000000020276e8        0x0
 .tm_clone_table
                0x00000000020276e8        0x0 c:/users/ignasi/desktop/sdk_nintendods_vscode_mini-ide/ndside/msys64/opt/devkitpro/devkitarm/bin/../lib/gcc/arm-none-eabi/8.3.0/thumb/crtbegin.o
 .tm_clone_table
                0x00000000020276e8        0x0 c:/users/ignasi/desktop/sdk_nintendods_vscode_mini-ide/ndside/msys64/opt/devkitpro/devkitarm/bin/../lib/gcc/arm-none-eabi/8.3.0/thumb/crtend.o

.dtcm           0x000000000b000000        0x0 load address 0x00000000020276e8
                0x00000000020276e8                __dtcm_lma = LOADADDR (.dtcm)
                0x000000000b000000                __dtcm_start = ABSOLUTE (.)
 *(.dtcm)
 *(.dtcm.*)
                0x000000000b000000                . = ALIGN (0x4)
                0x000000000b000000                __dtcm_end = ABSOLUTE (.)

.itcm           0x0000000001000100      0x194 load address 0x00000000020276e8
                0x00000000020276e8                __itcm_lma = LOADADDR (.itcm)
                0x0000000001000100                __itcm_start = ABSOLUTE (.)
 *(.itcm)
 .itcm          0x0000000001000100       0xc8 C:/Users/Ignasi/Desktop/SDK_NintendoDS_VSCode_Mini-IDE/ndside/msys64/opt/devkitpro/libnds/lib\libnds9.a(interrupts.o)
                0x0000000001000100                irqTable
 .itcm          0x00000000010001c8       0xcc C:/Users/Ignasi/Desktop/SDK_NintendoDS_VSCode_Mini-IDE/ndside/msys64/opt/devkitpro/libnds/lib\libnds9.a(interruptDispatcher.o)
                0x00000000010001c8                IntrMain
 *.itcm*(.text .stub .text.*)
                0x0000000001000294                . = ALIGN (0x4)
                0x0000000001000294                __itcm_end = ABSOLUTE (.)

.vectors        0x0000000001000000        0x0 load address 0x000000000202787c
                0x000000000202787c                __vectors_lma = LOADADDR (.vectors)
                0x0000000001000000                __vectors_start = ABSOLUTE (.)
 *(.vectors .vectors.*)
                0x0000000001000000                . = ALIGN (0x4)
                0x0000000001000000                __vectors_end = ABSOLUTE (.)

.sbss           0x000000000b000000        0x0
                0x000000000b000000                __sbss_start = ABSOLUTE (.)
                0x000000000b000000                __sbss_start__ = ABSOLUTE (.)
 *(.sbss)
                0x000000000b000000                . = ALIGN (0x4)
                0x000000000b000000                __sbss_end = ABSOLUTE (.)

.bss            0x00000000020276e8     0x1558
                0x00000000020276e8                __bss_start = ABSOLUTE (.)
                0x00000000020276e8                __bss_start__ = ABSOLUTE (.)
 *(EXCLUDE_FILE(*.twl*) .dynbss)
 *(EXCLUDE_FILE(*.twl*) .gnu.linkonce.b*)
 *(EXCLUDE_FILE(*.twl*) .bss*)
 .bss.completed.9044
                0x00000000020276e8        0x1 c:/users/ignasi/desktop/sdk_nintendods_vscode_mini-ide/ndside/msys64/opt/devkitpro/devkitarm/bin/../lib/gcc/arm-none-eabi/8.3.0/thumb/crtbegin.o
 *fill*         0x00000000020276e9        0x3 
 .bss.object.9049
                0x00000000020276ec       0x18 c:/users/ignasi/desktop/sdk_nintendods_vscode_mini-ide/ndside/msys64/opt/devkitpro/devkitarm/bin/../lib/gcc/arm-none-eabi/8.3.0/thumb/crtbegin.o
 .bss           0x0000000002027704      0x114 main.o
                0x0000000002027704                playing
                0x0000000002027708                score
                0x000000000202770c                scores
                0x0000000002027734                touch
                0x0000000002027740                moles
 .bss.keys      0x0000000002027818        0x2 C:/Users/Ignasi/Desktop/SDK_NintendoDS_VSCode_Mini-IDE/ndside/msys64/opt/devkitpro/libnds/lib\libnds9.a(keys.o)
 .bss.keysold   0x000000000202781a        0x2 C:/Users/Ignasi/Desktop/SDK_NintendoDS_VSCode_Mini-IDE/ndside/msys64/opt/devkitpro/libnds/lib\libnds9.a(keys.o)
 .bss.keysrepeat
                0x000000000202781c        0x2 C:/Users/Ignasi/Desktop/SDK_NintendoDS_VSCode_Mini-IDE/ndside/msys64/opt/devkitpro/libnds/lib\libnds9.a(keys.o)
 *fill*         0x000000000202781e        0x2 
 .bss.processing
                0x0000000002027820        0x4 C:/Users/Ignasi/Desktop/SDK_NintendoDS_VSCode_Mini-IDE/ndside/msys64/opt/devkitpro/libnds/lib\libnds9.a(fifosystem.o)
                0x0000000002027820                processing
 .bss.SDcallback
                0x0000000002027824        0x4 C:/Users/Ignasi/Desktop/SDK_NintendoDS_VSCode_Mini-IDE/ndside/msys64/opt/devkitpro/libnds/lib\libnds9.a(system.o)
 .bss.__malloc_current_mallinfo
                0x0000000002027828       0x28 c:/users/ignasi/desktop/sdk_nintendods_vscode_mini-ide/ndside/msys64/opt/devkitpro/devkitarm/bin/../lib/gcc/arm-none-eabi/8.3.0/../../../../arm-none-eabi/lib/thumb\libg.a(lib_a-mallocr.o)
                0x0000000002027828                __malloc_current_mallinfo
 .bss.__malloc_max_sbrked_mem
                0x0000000002027850        0x4 c:/users/ignasi/desktop/sdk_nintendods_vscode_mini-ide/ndside/msys64/opt/devkitpro/devkitarm/bin/../lib/gcc/arm-none-eabi/8.3.0/../../../../arm-none-eabi/lib/thumb\libg.a(lib_a-mallocr.o)
                0x0000000002027850                __malloc_max_sbrked_mem
 .bss.__malloc_max_total_mem
                0x0000000002027854        0x4 c:/users/ignasi/desktop/sdk_nintendods_vscode_mini-ide/ndside/msys64/opt/devkitpro/devkitarm/bin/../lib/gcc/arm-none-eabi/8.3.0/../../../../arm-none-eabi/lib/thumb\libg.a(lib_a-mallocr.o)
                0x0000000002027854                __malloc_max_total_mem
 .bss.__malloc_top_pad
                0x0000000002027858        0x4 c:/users/ignasi/desktop/sdk_nintendods_vscode_mini-ide/ndside/msys64/opt/devkitpro/devkitarm/bin/../lib/gcc/arm-none-eabi/8.3.0/../../../../arm-none-eabi/lib/thumb\libg.a(lib_a-mallocr.o)
                0x0000000002027858                __malloc_top_pad
 .bss.heap_start.6107
                0x000000000202785c        0x4 c:/users/ignasi/desktop/sdk_nintendods_vscode_mini-ide/ndside/msys64/opt/devkitpro/devkitarm/bin/../lib/gcc/arm-none-eabi/8.3.0/../../../../arm-none-eabi/lib/thumb\libsysbase.a(sbrk.o)
 .bss.fake_heap_end
                0x0000000002027860        0x4 c:/users/ignasi/desktop/sdk_nintendods_vscode_mini-ide/ndside/msys64/opt/devkitpro/devkitarm/bin/../lib/gcc/arm-none-eabi/8.3.0/../../../../arm-none-eabi/lib/thumb\libsysbase.a(malloc_vars.o)
                0x0000000002027860                fake_heap_end
 .bss.fake_heap_start
                0x0000000002027864        0x4 c:/users/ignasi/desktop/sdk_nintendods_vscode_mini-ide/ndside/msys64/opt/devkitpro/devkitarm/bin/../lib/gcc/arm-none-eabi/8.3.0/../../../../arm-none-eabi/lib/thumb\libsysbase.a(malloc_vars.o)
                0x0000000002027864                fake_heap_start
 .bss.__syscalls
                0x0000000002027868       0x48 c:/users/ignasi/desktop/sdk_nintendods_vscode_mini-ide/ndside/msys64/opt/devkitpro/devkitarm/bin/../lib/gcc/arm-none-eabi/8.3.0/../../../../arm-none-eabi/lib/thumb\libsysbase.a(syscall_support.o)
                0x0000000002027868                __syscalls
 *(EXCLUDE_FILE(*.twl*) COMMON)
 COMMON         0x00000000020278b0      0x148 C:/Users/Ignasi/Desktop/SDK_NintendoDS_VSCode_Mini-IDE/ndside/msys64/opt/devkitpro/libnds/lib\libnds9.a(background.o)
                0x00000000020278b0                bgState
                0x00000000020279f0                bgIsTextLut
 COMMON         0x00000000020279f8      0x800 C:/Users/Ignasi/Desktop/SDK_NintendoDS_VSCode_Mini-IDE/ndside/msys64/opt/devkitpro/libnds/lib\libnds9.a(sprite.o)
                0x00000000020279f8                OamMemorySub
                0x0000000002027df8                OamMemory
 COMMON         0x00000000020281f8        0x1 C:/Users/Ignasi/Desktop/SDK_NintendoDS_VSCode_Mini-IDE/ndside/msys64/opt/devkitpro/libnds/lib\libnds9.a(initSystem.o)
                0x00000000020281f8                __dsimode
 *fill*         0x00000000020281f9        0x3 
 COMMON         0x00000000020281fc        0x4 C:/Users/Ignasi/Desktop/SDK_NintendoDS_VSCode_Mini-IDE/ndside/msys64/opt/devkitpro/libnds/lib\libnds9.a(timeSupport.o)
                0x00000000020281fc                punixTime
 COMMON         0x0000000002028200      0xa40 C:/Users/Ignasi/Desktop/SDK_NintendoDS_VSCode_Mini-IDE/ndside/msys64/opt/devkitpro/libnds/lib\libnds9.a(fifosystem.o)
                0x0000000002028200                fifo_datamsg_data
                0x0000000002028240                fifo_buffer
                0x0000000002028a40                fifo_value32_func
                0x0000000002028a80                fifo_address_func
                0x0000000002028ac0                fifo_value32_data
                0x0000000002028b00                fifo_value32_queue
                0x0000000002028b40                fifo_data_queue
                0x0000000002028b80                fifo_address_data
                0x0000000002028bc0                fifo_datamsg_func
                0x0000000002028c00                fifo_address_queue
                0x0000000002028c40                . = ALIGN (0x4)
                0x0000000002028c40                __bss_end__ = ABSOLUTE (.)
                0x0000000002028c40                __end__ = ABSOLUTE (.)

.twl            0x0000000002028c40        0x0 load address 0x0000000002400000
                0x0000000002400000                __arm9i_lma__ = LOADADDR (.twl)
                0x0000000002028c40                __arm9i_start__ = ABSOLUTE (.)
 *(.twl)
 *.twl*(.text .stub .text.* .gnu.linkonce.t.*)
 *.twl*(.rodata)
 *.twl*(.roda)
 *.twl*(.rodata.*)
 *.twl*(.data)
 *.twl*(.data.*)
 *.twl*(.gnu.linkonce.d*)
                0x0000000002028c40                __arm9i_end__ = ABSOLUTE (.)

.twl_bss        0x0000000002028c40        0x0
                0x0000000002028c40                __twl_bss_start__ = ABSOLUTE (.)
 *(.twl_bss)
 *.twl*(.dynbss)
 *.twl*(.gnu.linkonce.b*)
 *.twl*(.bss*)
 *.twl*(COMMON)
                0x0000000002028c40                . = ALIGN (0x4)
                0x0000000002028c40                __twl_bss_end__ = ABSOLUTE (.)
                0x0000000002028c40                __twl_end__ = ABSOLUTE (.)

.stab
 *(.stab)

.stabstr
 *(.stabstr)

.stab.excl
 *(.stab.excl)

.stab.exclstr
 *(.stab.exclstr)

.stab.index
 *(.stab.index)

.stab.indexstr
 *(.stab.indexstr)

.comment        0x0000000000000000       0x44
 *(.comment)
 .comment       0x0000000000000000       0x22 c:/users/ignasi/desktop/sdk_nintendods_vscode_mini-ide/ndside/msys64/opt/devkitpro/devkitarm/bin/../lib/gcc/arm-none-eabi/8.3.0/thumb/crtbegin.o
                                         0x23 (size before relaxing)
 .comment       0x0000000000000022       0x23 main.o
 .comment       0x0000000000000022       0x22 C:/Users/Ignasi/Desktop/SDK_NintendoDS_VSCode_Mini-IDE/ndside/msys64/opt/devkitpro/libnds/lib\libnds9.a(background.o)
                                         0x23 (size before relaxing)
 .comment       0x0000000000000044       0x23 C:/Users/Ignasi/Desktop/SDK_NintendoDS_VSCode_Mini-IDE/ndside/msys64/opt/devkitpro/libnds/lib\libnds9.a(touch.o)
 .comment       0x0000000000000044       0x23 C:/Users/Ignasi/Desktop/SDK_NintendoDS_VSCode_Mini-IDE/ndside/msys64/opt/devkitpro/libnds/lib\libnds9.a(sprite_alloc.o)
 .comment       0x0000000000000044       0x23 C:/Users/Ignasi/Desktop/SDK_NintendoDS_VSCode_Mini-IDE/ndside/msys64/opt/devkitpro/libnds/lib\libnds9.a(trig.o)
 .comment       0x0000000000000044       0x23 C:/Users/Ignasi/Desktop/SDK_NintendoDS_VSCode_Mini-IDE/ndside/msys64/opt/devkitpro/libnds/lib\libnds9.a(sprite.o)
 .comment       0x0000000000000044       0x23 C:/Users/Ignasi/Desktop/SDK_NintendoDS_VSCode_Mini-IDE/ndside/msys64/opt/devkitpro/libnds/lib\libnds9.a(keys.o)
 .comment       0x0000000000000044       0x23 C:/Users/Ignasi/Desktop/SDK_NintendoDS_VSCode_Mini-IDE/ndside/msys64/opt/devkitpro/libnds/lib\libnds9.a(initSystem.o)
 .comment       0x0000000000000044       0x23 C:/Users/Ignasi/Desktop/SDK_NintendoDS_VSCode_Mini-IDE/ndside/msys64/opt/devkitpro/libnds/lib\libnds9.a(timeSupport.o)
 .comment       0x0000000000000044       0x23 C:/Users/Ignasi/Desktop/SDK_NintendoDS_VSCode_Mini-IDE/ndside/msys64/opt/devkitpro/libnds/lib\libnds9.a(securearea.o)
 .comment       0x0000000000000044       0x23 C:/Users/Ignasi/Desktop/SDK_NintendoDS_VSCode_Mini-IDE/ndside/msys64/opt/devkitpro/libnds/lib\libnds9.a(interrupts.o)
 .comment       0x0000000000000044       0x23 C:/Users/Ignasi/Desktop/SDK_NintendoDS_VSCode_Mini-IDE/ndside/msys64/opt/devkitpro/libnds/lib\libnds9.a(libnds_exit.arm.o)
 .comment       0x0000000000000044       0x23 C:/Users/Ignasi/Desktop/SDK_NintendoDS_VSCode_Mini-IDE/ndside/msys64/opt/devkitpro/libnds/lib\libnds9.a(fifosystem.o)
 .comment       0x0000000000000044       0x23 C:/Users/Ignasi/Desktop/SDK_NintendoDS_VSCode_Mini-IDE/ndside/msys64/opt/devkitpro/libnds/lib\libnds9.a(video.o)
 .comment       0x0000000000000044       0x23 C:/Users/Ignasi/Desktop/SDK_NintendoDS_VSCode_Mini-IDE/ndside/msys64/opt/devkitpro/libnds/lib\libnds9.a(system.o)
 .comment       0x0000000000000044       0x23 c:/users/ignasi/desktop/sdk_nintendods_vscode_mini-ide/ndside/msys64/opt/devkitpro/devkitarm/bin/../lib/gcc/arm-none-eabi/8.3.0/../../../../arm-none-eabi/lib/thumb\libg.a(lib_a-init.o)
 .comment       0x0000000000000044       0x23 c:/users/ignasi/desktop/sdk_nintendods_vscode_mini-ide/ndside/msys64/opt/devkitpro/devkitarm/bin/../lib/gcc/arm-none-eabi/8.3.0/../../../../arm-none-eabi/lib/thumb\libg.a(lib_a-iprintf.o)
 .comment       0x0000000000000044       0x23 c:/users/ignasi/desktop/sdk_nintendods_vscode_mini-ide/ndside/msys64/opt/devkitpro/devkitarm/bin/../lib/gcc/arm-none-eabi/8.3.0/../../../../arm-none-eabi/lib/thumb\libg.a(lib_a-malloc.o)
 .comment       0x0000000000000044       0x23 c:/users/ignasi/desktop/sdk_nintendods_vscode_mini-ide/ndside/msys64/opt/devkitpro/devkitarm/bin/../lib/gcc/arm-none-eabi/8.3.0/../../../../arm-none-eabi/lib/thumb\libg.a(lib_a-mallocr.o)
 .comment       0x0000000000000044       0x23 c:/users/ignasi/desktop/sdk_nintendods_vscode_mini-ide/ndside/msys64/opt/devkitpro/devkitarm/bin/../lib/gcc/arm-none-eabi/8.3.0/../../../../arm-none-eabi/lib/thumb\libg.a(lib_a-memcpy-stub.o)
 .comment       0x0000000000000044       0x23 c:/users/ignasi/desktop/sdk_nintendods_vscode_mini-ide/ndside/msys64/opt/devkitpro/devkitarm/bin/../lib/gcc/arm-none-eabi/8.3.0/../../../../arm-none-eabi/lib/thumb\libg.a(lib_a-memset.o)
 .comment       0x0000000000000044       0x23 c:/users/ignasi/desktop/sdk_nintendods_vscode_mini-ide/ndside/msys64/opt/devkitpro/devkitarm/bin/../lib/gcc/arm-none-eabi/8.3.0/../../../../arm-none-eabi/lib/thumb\libg.a(lib_a-mlock.o)
 .comment       0x0000000000000044       0x23 c:/users/ignasi/desktop/sdk_nintendods_vscode_mini-ide/ndside/msys64/opt/devkitpro/devkitarm/bin/../lib/gcc/arm-none-eabi/8.3.0/../../../../arm-none-eabi/lib/thumb\libg.a(lib_a-rand.o)
 .comment       0x0000000000000044       0x23 c:/users/ignasi/desktop/sdk_nintendods_vscode_mini-ide/ndside/msys64/opt/devkitpro/devkitarm/bin/../lib/gcc/arm-none-eabi/8.3.0/../../../../arm-none-eabi/lib/thumb\libg.a(lib_a-realloc.o)
 .comment       0x0000000000000044       0x23 c:/users/ignasi/desktop/sdk_nintendods_vscode_mini-ide/ndside/msys64/opt/devkitpro/devkitarm/bin/../lib/gcc/arm-none-eabi/8.3.0/../../../../arm-none-eabi/lib/thumb\libg.a(lib_a-reallocr.o)
 .comment       0x0000000000000044       0x23 c:/users/ignasi/desktop/sdk_nintendods_vscode_mini-ide/ndside/msys64/opt/devkitpro/devkitarm/bin/../lib/gcc/arm-none-eabi/8.3.0/../../../../arm-none-eabi/lib/thumb\libg.a(lib_a-vfiprintf.o)
 .comment       0x0000000000000044       0x23 c:/users/ignasi/desktop/sdk_nintendods_vscode_mini-ide/ndside/msys64/opt/devkitpro/devkitarm/bin/../lib/gcc/arm-none-eabi/8.3.0/../../../../arm-none-eabi/lib/thumb\libg.a(lib_a-wcrtomb.o)
 .comment       0x0000000000000044       0x23 c:/users/ignasi/desktop/sdk_nintendods_vscode_mini-ide/ndside/msys64/opt/devkitpro/devkitarm/bin/../lib/gcc/arm-none-eabi/8.3.0/../../../../arm-none-eabi/lib/thumb\libg.a(lib_a-wcsrtombs.o)
 .comment       0x0000000000000044       0x23 c:/users/ignasi/desktop/sdk_nintendods_vscode_mini-ide/ndside/msys64/opt/devkitpro/devkitarm/bin/../lib/gcc/arm-none-eabi/8.3.0/../../../../arm-none-eabi/lib/thumb\libg.a(lib_a-wsetup.o)
 .comment       0x0000000000000044       0x23 c:/users/ignasi/desktop/sdk_nintendods_vscode_mini-ide/ndside/msys64/opt/devkitpro/devkitarm/bin/../lib/gcc/arm-none-eabi/8.3.0/../../../../arm-none-eabi/lib/thumb\libg.a(lib_a-fflush.o)
 .comment       0x0000000000000044       0x23 c:/users/ignasi/desktop/sdk_nintendods_vscode_mini-ide/ndside/msys64/opt/devkitpro/devkitarm/bin/../lib/gcc/arm-none-eabi/8.3.0/../../../../arm-none-eabi/lib/thumb\libg.a(lib_a-findfp.o)
 .comment       0x0000000000000044       0x23 c:/users/ignasi/desktop/sdk_nintendods_vscode_mini-ide/ndside/msys64/opt/devkitpro/devkitarm/bin/../lib/gcc/arm-none-eabi/8.3.0/../../../../arm-none-eabi/lib/thumb\libg.a(lib_a-freer.o)
 .comment       0x0000000000000044       0x23 c:/users/ignasi/desktop/sdk_nintendods_vscode_mini-ide/ndside/msys64/opt/devkitpro/devkitarm/bin/../lib/gcc/arm-none-eabi/8.3.0/../../../../arm-none-eabi/lib/thumb\libg.a(lib_a-fvwrite.o)
 .comment       0x0000000000000044       0x23 c:/users/ignasi/desktop/sdk_nintendods_vscode_mini-ide/ndside/msys64/opt/devkitpro/devkitarm/bin/../lib/gcc/arm-none-eabi/8.3.0/../../../../arm-none-eabi/lib/thumb\libg.a(lib_a-fwalk.o)
 .comment       0x0000000000000044       0x23 c:/users/ignasi/desktop/sdk_nintendods_vscode_mini-ide/ndside/msys64/opt/devkitpro/devkitarm/bin/../lib/gcc/arm-none-eabi/8.3.0/../../../../arm-none-eabi/lib/thumb\libg.a(lib_a-impure.o)
 .comment       0x0000000000000044       0x23 c:/users/ignasi/desktop/sdk_nintendods_vscode_mini-ide/ndside/msys64/opt/devkitpro/devkitarm/bin/../lib/gcc/arm-none-eabi/8.3.0/../../../../arm-none-eabi/lib/thumb\libg.a(lib_a-localeconv.o)
 .comment       0x0000000000000044       0x23 c:/users/ignasi/desktop/sdk_nintendods_vscode_mini-ide/ndside/msys64/opt/devkitpro/devkitarm/bin/../lib/gcc/arm-none-eabi/8.3.0/../../../../arm-none-eabi/lib/thumb\libg.a(lib_a-locale.o)
 .comment       0x0000000000000044       0x23 c:/users/ignasi/desktop/sdk_nintendods_vscode_mini-ide/ndside/msys64/opt/devkitpro/devkitarm/bin/../lib/gcc/arm-none-eabi/8.3.0/../../../../arm-none-eabi/lib/thumb\libg.a(lib_a-makebuf.o)
 .comment       0x0000000000000044       0x23 c:/users/ignasi/desktop/sdk_nintendods_vscode_mini-ide/ndside/msys64/opt/devkitpro/devkitarm/bin/../lib/gcc/arm-none-eabi/8.3.0/../../../../arm-none-eabi/lib/thumb\libg.a(lib_a-mbtowc_r.o)
 .comment       0x0000000000000044       0x23 c:/users/ignasi/desktop/sdk_nintendods_vscode_mini-ide/ndside/msys64/opt/devkitpro/devkitarm/bin/../lib/gcc/arm-none-eabi/8.3.0/../../../../arm-none-eabi/lib/thumb\libg.a(lib_a-memchr-stub.o)
 .comment       0x0000000000000044       0x23 c:/users/ignasi/desktop/sdk_nintendods_vscode_mini-ide/ndside/msys64/opt/devkitpro/devkitarm/bin/../lib/gcc/arm-none-eabi/8.3.0/../../../../arm-none-eabi/lib/thumb\libg.a(lib_a-memmove.o)
 .comment       0x0000000000000044       0x23 c:/users/ignasi/desktop/sdk_nintendods_vscode_mini-ide/ndside/msys64/opt/devkitpro/devkitarm/bin/../lib/gcc/arm-none-eabi/8.3.0/../../../../arm-none-eabi/lib/thumb\libg.a(lib_a-stdio.o)
 .comment       0x0000000000000044       0x23 c:/users/ignasi/desktop/sdk_nintendods_vscode_mini-ide/ndside/msys64/opt/devkitpro/devkitarm/bin/../lib/gcc/arm-none-eabi/8.3.0/../../../../arm-none-eabi/lib/thumb\libg.a(lib_a-strlen-stub.o)
 .comment       0x0000000000000044       0x23 c:/users/ignasi/desktop/sdk_nintendods_vscode_mini-ide/ndside/msys64/opt/devkitpro/devkitarm/bin/../lib/gcc/arm-none-eabi/8.3.0/../../../../arm-none-eabi/lib/thumb\libg.a(lib_a-strncpy.o)
 .comment       0x0000000000000044       0x23 c:/users/ignasi/desktop/sdk_nintendods_vscode_mini-ide/ndside/msys64/opt/devkitpro/devkitarm/bin/../lib/gcc/arm-none-eabi/8.3.0/../../../../arm-none-eabi/lib/thumb\libg.a(lib_a-svfiprintf.o)
 .comment       0x0000000000000044       0x23 c:/users/ignasi/desktop/sdk_nintendods_vscode_mini-ide/ndside/msys64/opt/devkitpro/devkitarm/bin/../lib/gcc/arm-none-eabi/8.3.0/../../../../arm-none-eabi/lib/thumb\libg.a(lib_a-wcsnrtombs.o)
 .comment       0x0000000000000044       0x23 c:/users/ignasi/desktop/sdk_nintendods_vscode_mini-ide/ndside/msys64/opt/devkitpro/devkitarm/bin/../lib/gcc/arm-none-eabi/8.3.0/../../../../arm-none-eabi/lib/thumb\libg.a(lib_a-wctomb_r.o)
 .comment       0x0000000000000044       0x23 c:/users/ignasi/desktop/sdk_nintendods_vscode_mini-ide/ndside/msys64/opt/devkitpro/devkitarm/bin/../lib/gcc/arm-none-eabi/8.3.0/../../../../arm-none-eabi/lib/thumb\libg.a(lib_a-ctype_.o)
 .comment       0x0000000000000044       0x23 c:/users/ignasi/desktop/sdk_nintendods_vscode_mini-ide/ndside/msys64/opt/devkitpro/devkitarm/bin/../lib/gcc/arm-none-eabi/8.3.0/../../../../arm-none-eabi/lib/thumb\libg.a(lib_a-fclose.o)
 .comment       0x0000000000000044       0x23 c:/users/ignasi/desktop/sdk_nintendods_vscode_mini-ide/ndside/msys64/opt/devkitpro/devkitarm/bin/../lib/gcc/arm-none-eabi/8.3.0/../../../../arm-none-eabi/lib/thumb\libsysbase.a(close.o)
 .comment       0x0000000000000044       0x23 c:/users/ignasi/desktop/sdk_nintendods_vscode_mini-ide/ndside/msys64/opt/devkitpro/devkitarm/bin/../lib/gcc/arm-none-eabi/8.3.0/../../../../arm-none-eabi/lib/thumb\libsysbase.a(fstat.o)
 .comment       0x0000000000000044       0x23 c:/users/ignasi/desktop/sdk_nintendods_vscode_mini-ide/ndside/msys64/opt/devkitpro/devkitarm/bin/../lib/gcc/arm-none-eabi/8.3.0/../../../../arm-none-eabi/lib/thumb\libsysbase.a(isatty.o)
 .comment       0x0000000000000044       0x23 c:/users/ignasi/desktop/sdk_nintendods_vscode_mini-ide/ndside/msys64/opt/devkitpro/devkitarm/bin/../lib/gcc/arm-none-eabi/8.3.0/../../../../arm-none-eabi/lib/thumb\libsysbase.a(lseek.o)
 .comment       0x0000000000000044       0x23 c:/users/ignasi/desktop/sdk_nintendods_vscode_mini-ide/ndside/msys64/opt/devkitpro/devkitarm/bin/../lib/gcc/arm-none-eabi/8.3.0/../../../../arm-none-eabi/lib/thumb\libsysbase.a(read.o)
 .comment       0x0000000000000044       0x23 c:/users/ignasi/desktop/sdk_nintendods_vscode_mini-ide/ndside/msys64/opt/devkitpro/devkitarm/bin/../lib/gcc/arm-none-eabi/8.3.0/../../../../arm-none-eabi/lib/thumb\libsysbase.a(sbrk.o)
 .comment       0x0000000000000044       0x23 c:/users/ignasi/desktop/sdk_nintendods_vscode_mini-ide/ndside/msys64/opt/devkitpro/devkitarm/bin/../lib/gcc/arm-none-eabi/8.3.0/../../../../arm-none-eabi/lib/thumb\libsysbase.a(write.o)
 .comment       0x0000000000000044       0x23 c:/users/ignasi/desktop/sdk_nintendods_vscode_mini-ide/ndside/msys64/opt/devkitpro/devkitarm/bin/../lib/gcc/arm-none-eabi/8.3.0/../../../../arm-none-eabi/lib/thumb\libsysbase.a(malloc_vars.o)
 .comment       0x0000000000000044       0x23 c:/users/ignasi/desktop/sdk_nintendods_vscode_mini-ide/ndside/msys64/opt/devkitpro/devkitarm/bin/../lib/gcc/arm-none-eabi/8.3.0/../../../../arm-none-eabi/lib/thumb\libsysbase.a(build_argv.o)
 .comment       0x0000000000000044       0x23 c:/users/ignasi/desktop/sdk_nintendods_vscode_mini-ide/ndside/msys64/opt/devkitpro/devkitarm/bin/../lib/gcc/arm-none-eabi/8.3.0/../../../../arm-none-eabi/lib/thumb\libsysbase.a(flock.o)
 .comment       0x0000000000000044       0x23 c:/users/ignasi/desktop/sdk_nintendods_vscode_mini-ide/ndside/msys64/opt/devkitpro/devkitarm/bin/../lib/gcc/arm-none-eabi/8.3.0/../../../../arm-none-eabi/lib/thumb\libsysbase.a(syscall_support.o)
 .comment       0x0000000000000044       0x23 c:/users/ignasi/desktop/sdk_nintendods_vscode_mini-ide/ndside/msys64/opt/devkitpro/devkitarm/bin/../lib/gcc/arm-none-eabi/8.3.0/../../../../arm-none-eabi/lib/thumb\libsysbase.a(handle_manager.o)
 .comment       0x0000000000000044       0x23 c:/users/ignasi/desktop/sdk_nintendods_vscode_mini-ide/ndside/msys64/opt/devkitpro/devkitarm/bin/../lib/gcc/arm-none-eabi/8.3.0/../../../../arm-none-eabi/lib/thumb\libsysbase.a(getreent.o)
 .comment       0x0000000000000044       0x23 c:/users/ignasi/desktop/sdk_nintendods_vscode_mini-ide/ndside/msys64/opt/devkitpro/devkitarm/bin/../lib/gcc/arm-none-eabi/8.3.0/../../../../arm-none-eabi/lib/thumb\libsysbase.a(iosupport.o)
 .comment       0x0000000000000044       0x23 c:/users/ignasi/desktop/sdk_nintendods_vscode_mini-ide/ndside/msys64/opt/devkitpro/devkitarm/bin/../lib/gcc/arm-none-eabi/8.3.0/thumb\libgcc.a(_muldi3.o)
 .comment       0x0000000000000044       0x23 c:/users/ignasi/desktop/sdk_nintendods_vscode_mini-ide/ndside/msys64/opt/devkitpro/devkitarm/bin/../lib/gcc/arm-none-eabi/8.3.0/thumb\libgcc.a(_udivmoddi4.o)
 .comment       0x0000000000000044       0x23 c:/users/ignasi/desktop/sdk_nintendods_vscode_mini-ide/ndside/msys64/opt/devkitpro/devkitarm/bin/../lib/gcc/arm-none-eabi/8.3.0/thumb/crtend.o

.ARM.attributes
                0x0000000000000000       0x2d
 .ARM.attributes
                0x0000000000000000       0x21 c:/users/ignasi/desktop/sdk_nintendods_vscode_mini-ide/ndside/msys64/opt/devkitpro/devkitarm/bin/../lib/gcc/arm-none-eabi/8.3.0/../../../../arm-none-eabi/lib/thumb/ds_arm9_crt0.o
 .ARM.attributes
                0x0000000000000021       0x1c c:/users/ignasi/desktop/sdk_nintendods_vscode_mini-ide/ndside/msys64/opt/devkitpro/devkitarm/bin/../lib/gcc/arm-none-eabi/8.3.0/thumb/crti.o
 .ARM.attributes
                0x000000000000003d       0x2a c:/users/ignasi/desktop/sdk_nintendods_vscode_mini-ide/ndside/msys64/opt/devkitpro/devkitarm/bin/../lib/gcc/arm-none-eabi/8.3.0/thumb/crtbegin.o
 .ARM.attributes
                0x0000000000000067       0x1a mole.o
 .ARM.attributes
                0x0000000000000081       0x1a score.o
 .ARM.attributes
                0x000000000000009b       0x1a background.o
 .ARM.attributes
                0x00000000000000b5       0x1a scoreScreen.o
 .ARM.attributes
                0x00000000000000cf       0x27 main.o
 .ARM.attributes
                0x00000000000000f6       0x2b C:/Users/Ignasi/Desktop/SDK_NintendoDS_VSCode_Mini-IDE/ndside/msys64/opt/devkitpro/libnds/lib\libnds9.a(background.o)
 .ARM.attributes
                0x0000000000000121       0x2b C:/Users/Ignasi/Desktop/SDK_NintendoDS_VSCode_Mini-IDE/ndside/msys64/opt/devkitpro/libnds/lib\libnds9.a(touch.o)
 .ARM.attributes
                0x000000000000014c       0x2b C:/Users/Ignasi/Desktop/SDK_NintendoDS_VSCode_Mini-IDE/ndside/msys64/opt/devkitpro/libnds/lib\libnds9.a(sprite_alloc.o)
 .ARM.attributes
                0x0000000000000177       0x2b C:/Users/Ignasi/Desktop/SDK_NintendoDS_VSCode_Mini-IDE/ndside/msys64/opt/devkitpro/libnds/lib\libnds9.a(trig.o)
 .ARM.attributes
                0x00000000000001a2       0x2b C:/Users/Ignasi/Desktop/SDK_NintendoDS_VSCode_Mini-IDE/ndside/msys64/opt/devkitpro/libnds/lib\libnds9.a(sprite.o)
 .ARM.attributes
                0x00000000000001cd       0x2b C:/Users/Ignasi/Desktop/SDK_NintendoDS_VSCode_Mini-IDE/ndside/msys64/opt/devkitpro/libnds/lib\libnds9.a(keys.o)
 .ARM.attributes
                0x00000000000001f8       0x2b C:/Users/Ignasi/Desktop/SDK_NintendoDS_VSCode_Mini-IDE/ndside/msys64/opt/devkitpro/libnds/lib\libnds9.a(initSystem.o)
 .ARM.attributes
                0x0000000000000223       0x2b C:/Users/Ignasi/Desktop/SDK_NintendoDS_VSCode_Mini-IDE/ndside/msys64/opt/devkitpro/libnds/lib\libnds9.a(timeSupport.o)
 .ARM.attributes
                0x000000000000024e       0x2b C:/Users/Ignasi/Desktop/SDK_NintendoDS_VSCode_Mini-IDE/ndside/msys64/opt/devkitpro/libnds/lib\libnds9.a(securearea.o)
 .ARM.attributes
                0x0000000000000279       0x2b C:/Users/Ignasi/Desktop/SDK_NintendoDS_VSCode_Mini-IDE/ndside/msys64/opt/devkitpro/libnds/lib\libnds9.a(interrupts.o)
 .ARM.attributes
                0x00000000000002a4       0x2b C:/Users/Ignasi/Desktop/SDK_NintendoDS_VSCode_Mini-IDE/ndside/msys64/opt/devkitpro/libnds/lib\libnds9.a(libnds_exit.arm.o)
 .ARM.attributes
                0x00000000000002cf       0x2b C:/Users/Ignasi/Desktop/SDK_NintendoDS_VSCode_Mini-IDE/ndside/msys64/opt/devkitpro/libnds/lib\libnds9.a(fifosystem.o)
 .ARM.attributes
                0x00000000000002fa       0x1b C:/Users/Ignasi/Desktop/SDK_NintendoDS_VSCode_Mini-IDE/ndside/msys64/opt/devkitpro/libnds/lib\libnds9.a(dcache.o)
 .ARM.attributes
                0x0000000000000315       0x21 C:/Users/Ignasi/Desktop/SDK_NintendoDS_VSCode_Mini-IDE/ndside/msys64/opt/devkitpro/libnds/lib\libnds9.a(mpu_setup.o)
 .ARM.attributes
                0x0000000000000336       0x21 C:/Users/Ignasi/Desktop/SDK_NintendoDS_VSCode_Mini-IDE/ndside/msys64/opt/devkitpro/libnds/lib\libnds9.a(IntrWait.o)
 .ARM.attributes
                0x0000000000000357       0x21 C:/Users/Ignasi/Desktop/SDK_NintendoDS_VSCode_Mini-IDE/ndside/msys64/opt/devkitpro/libnds/lib\libnds9.a(cpu_clock.o)
 .ARM.attributes
                0x0000000000000378       0x1b C:/Users/Ignasi/Desktop/SDK_NintendoDS_VSCode_Mini-IDE/ndside/msys64/opt/devkitpro/libnds/lib\libnds9.a(interruptDispatcher.o)
 .ARM.attributes
                0x0000000000000393       0x21 C:/Users/Ignasi/Desktop/SDK_NintendoDS_VSCode_Mini-IDE/ndside/msys64/opt/devkitpro/libnds/lib\libnds9.a(swiSoftReset.o)
 .ARM.attributes
                0x00000000000003b4       0x2b C:/Users/Ignasi/Desktop/SDK_NintendoDS_VSCode_Mini-IDE/ndside/msys64/opt/devkitpro/libnds/lib\libnds9.a(video.o)
 .ARM.attributes
                0x00000000000003df       0x2b C:/Users/Ignasi/Desktop/SDK_NintendoDS_VSCode_Mini-IDE/ndside/msys64/opt/devkitpro/libnds/lib\libnds9.a(system.o)
 .ARM.attributes
                0x000000000000040a       0x1b C:/Users/Ignasi/Desktop/SDK_NintendoDS_VSCode_Mini-IDE/ndside/msys64/opt/devkitpro/libnds/lib\libnds9.a(biosCalls.o)
 .ARM.attributes
                0x0000000000000425       0x1c c:/users/ignasi/desktop/sdk_nintendods_vscode_mini-ide/ndside/msys64/opt/devkitpro/devkitarm/bin/../lib/gcc/arm-none-eabi/8.3.0/thumb\libgcc.a(_divsi3.o)
 .ARM.attributes
                0x0000000000000441       0x1c c:/users/ignasi/desktop/sdk_nintendods_vscode_mini-ide/ndside/msys64/opt/devkitpro/devkitarm/bin/../lib/gcc/arm-none-eabi/8.3.0/thumb\libgcc.a(_dvmd_tls.o)
 .ARM.attributes
                0x000000000000045d       0x1c c:/users/ignasi/desktop/sdk_nintendods_vscode_mini-ide/ndside/msys64/opt/devkitpro/devkitarm/bin/../lib/gcc/arm-none-eabi/8.3.0/thumb\libgcc.a(_arm_addsubsf3.o)
 .ARM.attributes
                0x0000000000000479       0x1c c:/users/ignasi/desktop/sdk_nintendods_vscode_mini-ide/ndside/msys64/opt/devkitpro/devkitarm/bin/../lib/gcc/arm-none-eabi/8.3.0/thumb\libgcc.a(_arm_cmpsf2.o)
 .ARM.attributes
                0x0000000000000495       0x2a c:/users/ignasi/desktop/sdk_nintendods_vscode_mini-ide/ndside/msys64/opt/devkitpro/devkitarm/bin/../lib/gcc/arm-none-eabi/8.3.0/../../../../arm-none-eabi/lib/thumb\libg.a(lib_a-init.o)
 .ARM.attributes
                0x00000000000004bf       0x2a c:/users/ignasi/desktop/sdk_nintendods_vscode_mini-ide/ndside/msys64/opt/devkitpro/devkitarm/bin/../lib/gcc/arm-none-eabi/8.3.0/../../../../arm-none-eabi/lib/thumb\libg.a(lib_a-iprintf.o)
 .ARM.attributes
                0x00000000000004e9       0x2a c:/users/ignasi/desktop/sdk_nintendods_vscode_mini-ide/ndside/msys64/opt/devkitpro/devkitarm/bin/../lib/gcc/arm-none-eabi/8.3.0/../../../../arm-none-eabi/lib/thumb\libg.a(lib_a-malloc.o)
 .ARM.attributes
                0x0000000000000513       0x2a c:/users/ignasi/desktop/sdk_nintendods_vscode_mini-ide/ndside/msys64/opt/devkitpro/devkitarm/bin/../lib/gcc/arm-none-eabi/8.3.0/../../../../arm-none-eabi/lib/thumb\libg.a(lib_a-mallocr.o)
 .ARM.attributes
                0x000000000000053d       0x2a c:/users/ignasi/desktop/sdk_nintendods_vscode_mini-ide/ndside/msys64/opt/devkitpro/devkitarm/bin/../lib/gcc/arm-none-eabi/8.3.0/../../../../arm-none-eabi/lib/thumb\libg.a(lib_a-memcpy-stub.o)
 .ARM.attributes
                0x0000000000000567       0x2a c:/users/ignasi/desktop/sdk_nintendods_vscode_mini-ide/ndside/msys64/opt/devkitpro/devkitarm/bin/../lib/gcc/arm-none-eabi/8.3.0/../../../../arm-none-eabi/lib/thumb\libg.a(lib_a-memset.o)
 .ARM.attributes
                0x0000000000000591       0x2a c:/users/ignasi/desktop/sdk_nintendods_vscode_mini-ide/ndside/msys64/opt/devkitpro/devkitarm/bin/../lib/gcc/arm-none-eabi/8.3.0/../../../../arm-none-eabi/lib/thumb\libg.a(lib_a-mlock.o)
 .ARM.attributes
                0x00000000000005bb       0x2a c:/users/ignasi/desktop/sdk_nintendods_vscode_mini-ide/ndside/msys64/opt/devkitpro/devkitarm/bin/../lib/gcc/arm-none-eabi/8.3.0/../../../../arm-none-eabi/lib/thumb\libg.a(lib_a-rand.o)
 .ARM.attributes
                0x00000000000005e5       0x2a c:/users/ignasi/desktop/sdk_nintendods_vscode_mini-ide/ndside/msys64/opt/devkitpro/devkitarm/bin/../lib/gcc/arm-none-eabi/8.3.0/../../../../arm-none-eabi/lib/thumb\libg.a(lib_a-realloc.o)
 .ARM.attributes
                0x000000000000060f       0x2a c:/users/ignasi/desktop/sdk_nintendods_vscode_mini-ide/ndside/msys64/opt/devkitpro/devkitarm/bin/../lib/gcc/arm-none-eabi/8.3.0/../../../../arm-none-eabi/lib/thumb\libg.a(lib_a-reallocr.o)
 .ARM.attributes
                0x0000000000000639       0x2a c:/users/ignasi/desktop/sdk_nintendods_vscode_mini-ide/ndside/msys64/opt/devkitpro/devkitarm/bin/../lib/gcc/arm-none-eabi/8.3.0/../../../../arm-none-eabi/lib/thumb\libg.a(lib_a-vfiprintf.o)
 .ARM.attributes
                0x0000000000000663       0x2a c:/users/ignasi/desktop/sdk_nintendods_vscode_mini-ide/ndside/msys64/opt/devkitpro/devkitarm/bin/../lib/gcc/arm-none-eabi/8.3.0/../../../../arm-none-eabi/lib/thumb\libg.a(lib_a-wcrtomb.o)
 .ARM.attributes
                0x000000000000068d       0x2a c:/users/ignasi/desktop/sdk_nintendods_vscode_mini-ide/ndside/msys64/opt/devkitpro/devkitarm/bin/../lib/gcc/arm-none-eabi/8.3.0/../../../../arm-none-eabi/lib/thumb\libg.a(lib_a-wcsrtombs.o)
 .ARM.attributes
                0x00000000000006b7       0x2a c:/users/ignasi/desktop/sdk_nintendods_vscode_mini-ide/ndside/msys64/opt/devkitpro/devkitarm/bin/../lib/gcc/arm-none-eabi/8.3.0/../../../../arm-none-eabi/lib/thumb\libg.a(lib_a-wsetup.o)
 .ARM.attributes
                0x00000000000006e1       0x2a c:/users/ignasi/desktop/sdk_nintendods_vscode_mini-ide/ndside/msys64/opt/devkitpro/devkitarm/bin/../lib/gcc/arm-none-eabi/8.3.0/../../../../arm-none-eabi/lib/thumb\libg.a(lib_a-fflush.o)
 .ARM.attributes
                0x000000000000070b       0x2a c:/users/ignasi/desktop/sdk_nintendods_vscode_mini-ide/ndside/msys64/opt/devkitpro/devkitarm/bin/../lib/gcc/arm-none-eabi/8.3.0/../../../../arm-none-eabi/lib/thumb\libg.a(lib_a-findfp.o)
 .ARM.attributes
                0x0000000000000735       0x2a c:/users/ignasi/desktop/sdk_nintendods_vscode_mini-ide/ndside/msys64/opt/devkitpro/devkitarm/bin/../lib/gcc/arm-none-eabi/8.3.0/../../../../arm-none-eabi/lib/thumb\libg.a(lib_a-freer.o)
 .ARM.attributes
                0x000000000000075f       0x2a c:/users/ignasi/desktop/sdk_nintendods_vscode_mini-ide/ndside/msys64/opt/devkitpro/devkitarm/bin/../lib/gcc/arm-none-eabi/8.3.0/../../../../arm-none-eabi/lib/thumb\libg.a(lib_a-fvwrite.o)
 .ARM.attributes
                0x0000000000000789       0x2a c:/users/ignasi/desktop/sdk_nintendods_vscode_mini-ide/ndside/msys64/opt/devkitpro/devkitarm/bin/../lib/gcc/arm-none-eabi/8.3.0/../../../../arm-none-eabi/lib/thumb\libg.a(lib_a-fwalk.o)
 .ARM.attributes
                0x00000000000007b3       0x30 c:/users/ignasi/desktop/sdk_nintendods_vscode_mini-ide/ndside/msys64/opt/devkitpro/devkitarm/bin/../lib/gcc/arm-none-eabi/8.3.0/../../../../arm-none-eabi/lib/thumb\libg.a(lib_a-impure.o)
 .ARM.attributes
                0x00000000000007e3       0x2a c:/users/ignasi/desktop/sdk_nintendods_vscode_mini-ide/ndside/msys64/opt/devkitpro/devkitarm/bin/../lib/gcc/arm-none-eabi/8.3.0/../../../../arm-none-eabi/lib/thumb\libg.a(lib_a-localeconv.o)
 .ARM.attributes
                0x000000000000080d       0x2a c:/users/ignasi/desktop/sdk_nintendods_vscode_mini-ide/ndside/msys64/opt/devkitpro/devkitarm/bin/../lib/gcc/arm-none-eabi/8.3.0/../../../../arm-none-eabi/lib/thumb\libg.a(lib_a-locale.o)
 .ARM.attributes
                0x0000000000000837       0x2a c:/users/ignasi/desktop/sdk_nintendods_vscode_mini-ide/ndside/msys64/opt/devkitpro/devkitarm/bin/../lib/gcc/arm-none-eabi/8.3.0/../../../../arm-none-eabi/lib/thumb\libg.a(lib_a-makebuf.o)
 .ARM.attributes
                0x0000000000000861       0x2a c:/users/ignasi/desktop/sdk_nintendods_vscode_mini-ide/ndside/msys64/opt/devkitpro/devkitarm/bin/../lib/gcc/arm-none-eabi/8.3.0/../../../../arm-none-eabi/lib/thumb\libg.a(lib_a-mbtowc_r.o)
 .ARM.attributes
                0x000000000000088b       0x2a c:/users/ignasi/desktop/sdk_nintendods_vscode_mini-ide/ndside/msys64/opt/devkitpro/devkitarm/bin/../lib/gcc/arm-none-eabi/8.3.0/../../../../arm-none-eabi/lib/thumb\libg.a(lib_a-memchr-stub.o)
 .ARM.attributes